RandMax 2147483647
reading box length: 1.000000e-06 (m)
reading number of particle types: 2
reading number of particles of type 0: 30000
reading number of particles of type 1: 3000
reading temperature of particle type 0: 0.000000 (eV)
reading temperature of particle type 1: 0.025900 (eV)
reading flow velocity of particle type 0: 0.000000 (eV)
reading flow velocity of particle type 1: 0.000000 (eV)
reading charge of particle type 0: -1.000000 (elementary charge)
reading charge of particle type 1: 0.000000 (elementary charge)
reading mass of particle type 0: 0.000549 (amu)
reading mass of particle type 1: 28.000000 (amu)
reading number of time steps: 80000
reading vsigma max samples: 1000
reading time step dt: 4.000000e-11
reading electric field: -1.800000e+03 (V/m)
reading electric frequency: 0.000000e+00 (Hz)
reading magnetic field: 0.000000e+00 0.000000e+00 0.000000e+00 (Tesla)
reading vdf dump spec: 1000 1000000 0
reading extrapolation option: 0
reading memory allocation: 0.000000e+00 (GB)
reading auto dump spec: 0
reading output stride spec: 100
reading carry remainder spec: 0
found cross_sections/Ar.dat file for particle 0 with 1 in indeck, differential model found: Aubin
found cross_sections/Ar->Ar(3d'[3/2]1).dat file for particle 0 with 1 in indeck
found cross_sections/Ar->Ar(3d'[3/2]2).dat file for particle 0 with 1 in indeck
found cross_sections/Ar->Ar(3d'[5/2]2).dat file for particle 0 with 1 in indeck
found cross_sections/Ar->Ar(3d'[5/2]3).dat file for particle 0 with 1 in indeck
found cross_sections/Ar->Ar(3d[1/2]0).dat file for particle 0 with 1 in indeck
found cross_sections/Ar->Ar(3d[1/2]1).dat file for particle 0 with 1 in indeck
found cross_sections/Ar->Ar(3d[3/2]1).dat file for particle 0 with 1 in indeck
found cross_sections/Ar->Ar(3d[3/2]2).dat file for particle 0 with 1 in indeck
found cross_sections/Ar->Ar(3d[5/2]2).dat file for particle 0 with 1 in indeck
found cross_sections/Ar->Ar(3d[5/2]3).dat file for particle 0 with 1 in indeck
found cross_sections/Ar->Ar(3d[7/2]3).dat file for particle 0 with 1 in indeck
found cross_sections/Ar->Ar(3d[7/2]4).dat file for particle 0 with 1 in indeck
found cross_sections/Ar->Ar(4p'[1/2]0).dat file for particle 0 with 1 in indeck
found cross_sections/Ar->Ar(4p'[1/2]1).dat file for particle 0 with 1 in indeck
found cross_sections/Ar->Ar(4p'[3/2]1).dat file for particle 0 with 1 in indeck
found cross_sections/Ar->Ar(4p'[3/2]2).dat file for particle 0 with 1 in indeck
found cross_sections/Ar->Ar(4p[1/2]0).dat file for particle 0 with 1 in indeck
found cross_sections/Ar->Ar(4p[1/2]1).dat file for particle 0 with 1 in indeck
found cross_sections/Ar->Ar(4p[3/2]1).dat file for particle 0 with 1 in indeck
found cross_sections/Ar->Ar(4p[3/2]2).dat file for particle 0 with 1 in indeck
found cross_sections/Ar->Ar(4p[5/2]2).dat file for particle 0 with 1 in indeck
found cross_sections/Ar->Ar(4p[5/2]3).dat file for particle 0 with 1 in indeck
found cross_sections/Ar->Ar(4s'[1/2]0).dat file for particle 0 with 1 in indeck
found cross_sections/Ar->Ar(4s'[1/2]1).dat file for particle 0 with 1 in indeck
found cross_sections/Ar->Ar(4s[3/2]1).dat file for particle 0 with 1 in indeck
found cross_sections/Ar->Ar(4s[3/2]2).dat file for particle 0 with 1 in indeck
found cross_sections/Ar->Ar(5s'[1/2]0).dat file for particle 0 with 1 in indeck
found cross_sections/Ar->Ar(5s'[1/2]1).dat file for particle 0 with 1 in indeck
found cross_sections/Ar->Ar(5s[3/2]1).dat file for particle 0 with 1 in indeck
found cross_sections/Ar->Ar(5s[3/2]2).dat file for particle 0 with 1 in indeck
found cross_sections/Ar->Ar(Rydberg).dat file for particle 0 with 1 in indeck
found cross_sections/Ar->Ar^+.dat file for particle 0 with 1 in indeck, differential model found: Uniform
reading cross_sections/Ar.dat
reading cross_sections/Ar->Ar(3d'[3/2]1).dat
reading cross_sections/Ar->Ar(3d'[3/2]2).dat
reading cross_sections/Ar->Ar(3d'[5/2]2).dat
reading cross_sections/Ar->Ar(3d'[5/2]3).dat
reading cross_sections/Ar->Ar(3d[1/2]0).dat
reading cross_sections/Ar->Ar(3d[1/2]1).dat
reading cross_sections/Ar->Ar(3d[3/2]1).dat
reading cross_sections/Ar->Ar(3d[3/2]2).dat
reading cross_sections/Ar->Ar(3d[5/2]2).dat
reading cross_sections/Ar->Ar(3d[5/2]3).dat
reading cross_sections/Ar->Ar(3d[7/2]3).dat
reading cross_sections/Ar->Ar(3d[7/2]4).dat
reading cross_sections/Ar->Ar(4p'[1/2]0).dat
reading cross_sections/Ar->Ar(4p'[1/2]1).dat
reading cross_sections/Ar->Ar(4p'[3/2]1).dat
reading cross_sections/Ar->Ar(4p'[3/2]2).dat
reading cross_sections/Ar->Ar(4p[1/2]0).dat
reading cross_sections/Ar->Ar(4p[1/2]1).dat
reading cross_sections/Ar->Ar(4p[3/2]1).dat
reading cross_sections/Ar->Ar(4p[3/2]2).dat
reading cross_sections/Ar->Ar(4p[5/2]2).dat
reading cross_sections/Ar->Ar(4p[5/2]3).dat
reading cross_sections/Ar->Ar(4s'[1/2]0).dat
reading cross_sections/Ar->Ar(4s'[1/2]1).dat
reading cross_sections/Ar->Ar(4s[3/2]1).dat
reading cross_sections/Ar->Ar(4s[3/2]2).dat
reading cross_sections/Ar->Ar(5s'[1/2]0).dat
reading cross_sections/Ar->Ar(5s'[1/2]1).dat
reading cross_sections/Ar->Ar(5s[3/2]1).dat
reading cross_sections/Ar->Ar(5s[3/2]2).dat
reading cross_sections/Ar->Ar(Rydberg).dat
reading cross_sections/Ar->Ar^+.dat
Memory per particle: 72 bytes
Memory for all initial particles: 2.213e-03 GB
Allocating space for 132000 particles
------------------------------------
0, t, 0.000000e+00, KEe, 0.000000, MEe, 0.000000000e+00, E, -1800.000000, NP, 30000 3000
100, t, 4.000000e-09, KEe, 128080.310249, MEe, 4.269343675e+00, E, -1800.000000, NP, 30000 3000
200, t, 8.000000e-09, KEe, 288745.347810, MEe, 9.624844927e+00, E, -1800.000000, NP, 30000 3000
300, t, 1.200000e-08, KEe, 347891.945205, MEe, 1.159639817e+01, E, -1800.000000, NP, 30000 3000
400, t, 1.600000e-08, KEe, 385171.841524, MEe, 1.283906138e+01, E, -1800.000000, NP, 30000 3000
500, t, 2.000000e-08, KEe, 408952.507864, MEe, 1.363175026e+01, E, -1800.000000, NP, 30000 3000
600, t, 2.400000e-08, KEe, 420906.976035, MEe, 1.403023253e+01, E, -1800.000000, NP, 30000 3000
700, t, 2.800000e-08, KEe, 425572.630031, MEe, 1.418575433e+01, E, -1800.000000, NP, 30000 3000
800, t, 3.200000e-08, KEe, 432234.577826, MEe, 1.440781926e+01, E, -1800.000000, NP, 30000 3000
900, t, 3.600000e-08, KEe, 433862.103114, MEe, 1.446207010e+01, E, -1800.000000, NP, 30000 3000
1000, t, 4.000000e-08, KEe, 436002.627375, MEe, 1.453342091e+01, E, -1800.000000, NP, 30000 3000
1100, t, 4.400000e-08, KEe, 436714.560737, MEe, 1.455715202e+01, E, -1800.000000, NP, 30000 3000
1200, t, 4.800000e-08, KEe, 435870.142824, MEe, 1.452900476e+01, E, -1800.000000, NP, 30000 3000
1300, t, 5.200000e-08, KEe, 436720.680846, MEe, 1.455735603e+01, E, -1800.000000, NP, 30000 3000
1400, t, 5.600000e-08, KEe, 437092.502884, MEe, 1.456975010e+01, E, -1800.000000, NP, 30000 3000
1500, t, 6.000000e-08, KEe, 438100.971593, MEe, 1.460336572e+01, E, -1800.000000, NP, 30000 3000
1600, t, 6.400000e-08, KEe, 440164.827477, MEe, 1.467216092e+01, E, -1800.000000, NP, 30000 3000
1700, t, 6.800000e-08, KEe, 440248.312505, MEe, 1.467494375e+01, E, -1800.000000, NP, 30000 3000
1800, t, 7.200000e-08, KEe, 437198.157022, MEe, 1.457327190e+01, E, -1800.000000, NP, 30000 3000
1900, t, 7.600000e-08, KEe, 436992.791025, MEe, 1.456642637e+01, E, -1800.000000, NP, 30000 3000
2000, t, 8.000000e-08, KEe, 438640.561486, MEe, 1.462135205e+01, E, -1800.000000, NP, 30000 3000
2100, t, 8.400000e-08, KEe, 437539.654850, MEe, 1.458465516e+01, E, -1800.000000, NP, 30000 3000
2200, t, 8.800000e-08, KEe, 437757.924589, MEe, 1.459193082e+01, E, -1800.000000, NP, 30000 3000
2300, t, 9.200000e-08, KEe, 437941.450105, MEe, 1.459804834e+01, E, -1800.000000, NP, 30000 3000
2400, t, 9.600000e-08, KEe, 436130.952856, MEe, 1.453769843e+01, E, -1800.000000, NP, 30000 3000
2500, t, 1.000000e-07, KEe, 438425.125870, MEe, 1.461417086e+01, E, -1800.000000, NP, 30000 3000
2600, t, 1.040000e-07, KEe, 438936.602312, MEe, 1.463122008e+01, E, -1800.000000, NP, 30000 3000
2700, t, 1.080000e-07, KEe, 438866.645309, MEe, 1.462888818e+01, E, -1800.000000, NP, 30000 3000
2800, t, 1.120000e-07, KEe, 438281.259946, MEe, 1.460937533e+01, E, -1800.000000, NP, 30000 3000
2900, t, 1.160000e-07, KEe, 436484.034563, MEe, 1.454946782e+01, E, -1800.000000, NP, 30000 3000
3000, t, 1.200000e-07, KEe, 438956.407485, MEe, 1.463188025e+01, E, -1800.000000, NP, 30000 3000
3100, t, 1.240000e-07, KEe, 439384.485594, MEe, 1.464614952e+01, E, -1800.000000, NP, 30000 3000
3200, t, 1.280000e-07, KEe, 438431.100538, MEe, 1.461437002e+01, E, -1800.000000, NP, 30000 3000
3300, t, 1.320000e-07, KEe, 437367.134823, MEe, 1.457890449e+01, E, -1800.000000, NP, 30000 3000
3400, t, 1.360000e-07, KEe, 437359.269260, MEe, 1.457864231e+01, E, -1800.000000, NP, 30000 3000
3500, t, 1.400000e-07, KEe, 437918.681278, MEe, 1.459728938e+01, E, -1800.000000, NP, 30000 3000
3600, t, 1.440000e-07, KEe, 437340.800380, MEe, 1.457802668e+01, E, -1800.000000, NP, 30000 3000
3700, t, 1.480000e-07, KEe, 435270.587971, MEe, 1.450901960e+01, E, -1800.000000, NP, 30000 3000
3800, t, 1.520000e-07, KEe, 434160.282853, MEe, 1.447200943e+01, E, -1800.000000, NP, 30000 3000
3900, t, 1.560000e-07, KEe, 433727.780600, MEe, 1.445759269e+01, E, -1800.000000, NP, 30000 3000
4000, t, 1.600000e-07, KEe, 434429.860753, MEe, 1.448099536e+01, E, -1800.000000, NP, 30000 3000
4100, t, 1.640000e-07, KEe, 436060.642419, MEe, 1.453535475e+01, E, -1800.000000, NP, 30000 3000
4200, t, 1.680000e-07, KEe, 436435.558205, MEe, 1.454785194e+01, E, -1800.000000, NP, 30000 3000
4300, t, 1.720000e-07, KEe, 435056.998825, MEe, 1.450189996e+01, E, -1800.000000, NP, 30000 3000
4400, t, 1.760000e-07, KEe, 436083.825132, MEe, 1.453612750e+01, E, -1800.000000, NP, 30000 3000
4500, t, 1.800000e-07, KEe, 435148.210166, MEe, 1.450494034e+01, E, -1800.000000, NP, 30000 3000
4600, t, 1.840000e-07, KEe, 436908.347881, MEe, 1.456361160e+01, E, -1800.000000, NP, 30000 3000
4700, t, 1.880000e-07, KEe, 435432.486539, MEe, 1.451441622e+01, E, -1800.000000, NP, 30000 3000
4800, t, 1.920000e-07, KEe, 436467.520031, MEe, 1.454891733e+01, E, -1800.000000, NP, 30000 3000
4900, t, 1.960000e-07, KEe, 437312.476767, MEe, 1.457708256e+01, E, -1800.000000, NP, 30000 3000
5000, t, 2.000000e-07, KEe, 438278.179372, MEe, 1.460927265e+01, E, -1800.000000, NP, 30000 3000
5100, t, 2.040000e-07, KEe, 438996.292195, MEe, 1.463320974e+01, E, -1800.000000, NP, 30000 3000
5200, t, 2.080000e-07, KEe, 439597.106950, MEe, 1.465323690e+01, E, -1800.000000, NP, 30000 3000
5300, t, 2.120000e-07, KEe, 439775.956322, MEe, 1.465919854e+01, E, -1800.000000, NP, 30000 3000
5400, t, 2.160000e-07, KEe, 437358.991978, MEe, 1.457863307e+01, E, -1800.000000, NP, 30000 3000
5500, t, 2.200000e-07, KEe, 435042.702045, MEe, 1.450142340e+01, E, -1800.000000, NP, 30000 3000
5600, t, 2.240000e-07, KEe, 437430.868774, MEe, 1.458102896e+01, E, -1800.000000, NP, 30000 3000
5700, t, 2.280000e-07, KEe, 436813.032751, MEe, 1.456043443e+01, E, -1800.000000, NP, 30000 3000
5800, t, 2.320000e-07, KEe, 437163.058527, MEe, 1.457210195e+01, E, -1800.000000, NP, 30000 3000
5900, t, 2.360000e-07, KEe, 434794.178612, MEe, 1.449313929e+01, E, -1800.000000, NP, 30000 3000
6000, t, 2.400000e-07, KEe, 434766.940960, MEe, 1.449223137e+01, E, -1800.000000, NP, 30000 3000
6100, t, 2.440000e-07, KEe, 433834.170357, MEe, 1.446113901e+01, E, -1800.000000, NP, 30000 3000
6200, t, 2.480000e-07, KEe, 433772.013329, MEe, 1.445906711e+01, E, -1800.000000, NP, 30000 3000
6300, t, 2.520000e-07, KEe, 434642.172303, MEe, 1.448807241e+01, E, -1800.000000, NP, 30000 3000
6400, t, 2.560000e-07, KEe, 436874.002370, MEe, 1.456246675e+01, E, -1800.000000, NP, 30000 3000
6500, t, 2.600000e-07, KEe, 438157.702714, MEe, 1.460525676e+01, E, -1800.000000, NP, 30000 3000
6600, t, 2.640000e-07, KEe, 437919.181155, MEe, 1.459730604e+01, E, -1800.000000, NP, 30000 3000
6700, t, 2.680000e-07, KEe, 439653.840044, MEe, 1.465512800e+01, E, -1800.000000, NP, 30000 3000
6800, t, 2.720000e-07, KEe, 437900.933462, MEe, 1.459669778e+01, E, -1800.000000, NP, 30000 3000
6900, t, 2.760000e-07, KEe, 441193.456984, MEe, 1.470644857e+01, E, -1800.000000, NP, 30000 3000
7000, t, 2.800000e-07, KEe, 439612.075387, MEe, 1.465373585e+01, E, -1800.000000, NP, 30000 3000
7100, t, 2.840000e-07, KEe, 436428.087084, MEe, 1.454760290e+01, E, -1800.000000, NP, 30000 3000
7200, t, 2.880000e-07, KEe, 434560.345387, MEe, 1.448534485e+01, E, -1800.000000, NP, 30000 3000
7300, t, 2.920000e-07, KEe, 436600.259565, MEe, 1.455334199e+01, E, -1800.000000, NP, 30000 3000
7400, t, 2.960000e-07, KEe, 437516.277522, MEe, 1.458387592e+01, E, -1800.000000, NP, 30000 3000
7500, t, 3.000000e-07, KEe, 438091.940063, MEe, 1.460306467e+01, E, -1800.000000, NP, 30000 3000
7600, t, 3.040000e-07, KEe, 438694.729983, MEe, 1.462315767e+01, E, -1800.000000, NP, 30000 3000
7700, t, 3.080000e-07, KEe, 437880.873814, MEe, 1.459602913e+01, E, -1800.000000, NP, 30000 3000
7800, t, 3.120000e-07, KEe, 441086.722044, MEe, 1.470289073e+01, E, -1800.000000, NP, 30000 3000
7900, t, 3.160000e-07, KEe, 438734.736701, MEe, 1.462449122e+01, E, -1800.000000, NP, 30000 3000
8000, t, 3.200000e-07, KEe, 435249.413787, MEe, 1.450831379e+01, E, -1800.000000, NP, 30000 3000
8100, t, 3.240000e-07, KEe, 434087.538044, MEe, 1.446958460e+01, E, -1800.000000, NP, 30000 3000
8200, t, 3.280000e-07, KEe, 434301.774410, MEe, 1.447672581e+01, E, -1800.000000, NP, 30000 3000
8300, t, 3.320000e-07, KEe, 435068.372835, MEe, 1.450227909e+01, E, -1800.000000, NP, 30000 3000
8400, t, 3.360000e-07, KEe, 436269.354138, MEe, 1.454231180e+01, E, -1800.000000, NP, 30000 3000
8500, t, 3.400000e-07, KEe, 438803.913583, MEe, 1.462679712e+01, E, -1800.000000, NP, 30000 3000
8600, t, 3.440000e-07, KEe, 436202.701015, MEe, 1.454009003e+01, E, -1800.000000, NP, 30000 3000
8700, t, 3.480000e-07, KEe, 436978.687358, MEe, 1.456595625e+01, E, -1800.000000, NP, 30000 3000
8800, t, 3.520000e-07, KEe, 438795.928056, MEe, 1.462653094e+01, E, -1800.000000, NP, 30000 3000
8900, t, 3.560000e-07, KEe, 438263.367367, MEe, 1.460877891e+01, E, -1800.000000, NP, 30000 3000
9000, t, 3.600000e-07, KEe, 439452.012085, MEe, 1.464840040e+01, E, -1800.000000, NP, 30000 3000
9100, t, 3.640000e-07, KEe, 440086.037907, MEe, 1.466953460e+01, E, -1800.000000, NP, 30000 3000
9200, t, 3.680000e-07, KEe, 438726.864268, MEe, 1.462422881e+01, E, -1800.000000, NP, 30000 3000
9300, t, 3.720000e-07, KEe, 438616.744869, MEe, 1.462055816e+01, E, -1800.000000, NP, 30000 3000
9400, t, 3.760000e-07, KEe, 440160.209698, MEe, 1.467200699e+01, E, -1800.000000, NP, 30000 3000
9500, t, 3.800000e-07, KEe, 439018.884268, MEe, 1.463396281e+01, E, -1800.000000, NP, 30000 3000
9600, t, 3.840000e-07, KEe, 439332.413636, MEe, 1.464441379e+01, E, -1800.000000, NP, 30000 3000
9700, t, 3.880000e-07, KEe, 436711.698507, MEe, 1.455705662e+01, E, -1800.000000, NP, 30000 3000
9800, t, 3.920000e-07, KEe, 436300.629428, MEe, 1.454335431e+01, E, -1800.000000, NP, 30000 3000
9900, t, 3.960000e-07, KEe, 437152.167673, MEe, 1.457173892e+01, E, -1800.000000, NP, 30000 3000
10000, t, 4.000000e-07, KEe, 437611.582440, MEe, 1.458705275e+01, E, -1800.000000, NP, 30000 3000
10100, t, 4.040000e-07, KEe, 435955.063273, MEe, 1.453183544e+01, E, -1800.000000, NP, 30000 3000
10200, t, 4.080000e-07, KEe, 436166.100601, MEe, 1.453887002e+01, E, -1800.000000, NP, 30000 3000
10300, t, 4.120000e-07, KEe, 437844.917020, MEe, 1.459483057e+01, E, -1800.000000, NP, 30000 3000
10400, t, 4.160000e-07, KEe, 438340.623195, MEe, 1.461135411e+01, E, -1800.000000, NP, 30000 3000
10500, t, 4.200000e-07, KEe, 436711.386208, MEe, 1.455704621e+01, E, -1800.000000, NP, 30000 3000
10600, t, 4.240000e-07, KEe, 436118.252068, MEe, 1.453727507e+01, E, -1800.000000, NP, 30000 3000
10700, t, 4.280000e-07, KEe, 433423.078062, MEe, 1.444743594e+01, E, -1800.000000, NP, 30000 3000
10800, t, 4.320000e-07, KEe, 433780.598430, MEe, 1.445935328e+01, E, -1800.000000, NP, 30000 3000
10900, t, 4.360000e-07, KEe, 433419.400332, MEe, 1.444731334e+01, E, -1800.000000, NP, 30000 3000
11000, t, 4.400000e-07, KEe, 436225.102034, MEe, 1.454083673e+01, E, -1800.000000, NP, 30000 3000
11100, t, 4.440000e-07, KEe, 436631.241771, MEe, 1.455437473e+01, E, -1800.000000, NP, 30000 3000
11200, t, 4.480000e-07, KEe, 437836.976062, MEe, 1.459456587e+01, E, -1800.000000, NP, 30000 3000
11300, t, 4.520000e-07, KEe, 437244.701355, MEe, 1.457482338e+01, E, -1800.000000, NP, 30000 3000
11400, t, 4.560000e-07, KEe, 437420.917214, MEe, 1.458069724e+01, E, -1800.000000, NP, 30000 3000
11500, t, 4.600000e-07, KEe, 436941.975925, MEe, 1.456473253e+01, E, -1800.000000, NP, 30000 3000
11600, t, 4.640000e-07, KEe, 438544.157165, MEe, 1.461813857e+01, E, -1800.000000, NP, 30000 3000
11700, t, 4.680000e-07, KEe, 437353.208742, MEe, 1.457844029e+01, E, -1800.000000, NP, 30000 3000
11800, t, 4.720000e-07, KEe, 438644.936028, MEe, 1.462149787e+01, E, -1800.000000, NP, 30000 3000
11900, t, 4.760000e-07, KEe, 436225.057881, MEe, 1.454083526e+01, E, -1800.000000, NP, 30000 3000
12000, t, 4.800000e-07, KEe, 434898.372588, MEe, 1.449661242e+01, E, -1800.000000, NP, 30000 3000
12100, t, 4.840000e-07, KEe, 435638.632157, MEe, 1.452128774e+01, E, -1800.000000, NP, 30000 3000
12200, t, 4.880000e-07, KEe, 437719.268950, MEe, 1.459064230e+01, E, -1800.000000, NP, 30000 3000
12300, t, 4.920000e-07, KEe, 437322.357681, MEe, 1.457741192e+01, E, -1800.000000, NP, 30000 3000
12400, t, 4.960000e-07, KEe, 435603.033220, MEe, 1.452010111e+01, E, -1800.000000, NP, 30000 3000
12500, t, 5.000000e-07, KEe, 434810.698543, MEe, 1.449368995e+01, E, -1800.000000, NP, 30000 3000
12600, t, 5.040000e-07, KEe, 435439.487999, MEe, 1.451464960e+01, E, -1800.000000, NP, 30000 3000
12700, t, 5.080000e-07, KEe, 437270.912794, MEe, 1.457569709e+01, E, -1800.000000, NP, 30000 3000
12800, t, 5.120000e-07, KEe, 437648.850665, MEe, 1.458829502e+01, E, -1800.000000, NP, 30000 3000
12900, t, 5.160000e-07, KEe, 437819.781749, MEe, 1.459399272e+01, E, -1800.000000, NP, 30000 3000
13000, t, 5.200000e-07, KEe, 438170.472656, MEe, 1.460568242e+01, E, -1800.000000, NP, 30000 3000
13100, t, 5.240000e-07, KEe, 438054.042326, MEe, 1.460180141e+01, E, -1800.000000, NP, 30000 3000
13200, t, 5.280000e-07, KEe, 434412.160806, MEe, 1.448040536e+01, E, -1800.000000, NP, 30000 3000
13300, t, 5.320000e-07, KEe, 435128.131744, MEe, 1.450427106e+01, E, -1800.000000, NP, 30000 3000
13400, t, 5.360000e-07, KEe, 435168.402577, MEe, 1.450561342e+01, E, -1800.000000, NP, 30000 3000
13500, t, 5.400000e-07, KEe, 438991.387471, MEe, 1.463304625e+01, E, -1800.000000, NP, 30000 3000
13600, t, 5.440000e-07, KEe, 436955.435830, MEe, 1.456518119e+01, E, -1800.000000, NP, 30000 3000
13700, t, 5.480000e-07, KEe, 437231.680225, MEe, 1.457438934e+01, E, -1800.000000, NP, 30000 3000
13800, t, 5.520000e-07, KEe, 437797.983317, MEe, 1.459326611e+01, E, -1800.000000, NP, 30000 3000
13900, t, 5.560000e-07, KEe, 438265.531462, MEe, 1.460885105e+01, E, -1800.000000, NP, 30000 3000
14000, t, 5.600000e-07, KEe, 441064.550045, MEe, 1.470215167e+01, E, -1800.000000, NP, 30000 3000
14100, t, 5.640000e-07, KEe, 438080.003047, MEe, 1.460266677e+01, E, -1800.000000, NP, 30000 3000
14200, t, 5.680000e-07, KEe, 438980.527040, MEe, 1.463268423e+01, E, -1800.000000, NP, 30000 3000
14300, t, 5.720000e-07, KEe, 437313.470149, MEe, 1.457711567e+01, E, -1800.000000, NP, 30000 3000
14400, t, 5.760000e-07, KEe, 436788.468571, MEe, 1.455961562e+01, E, -1800.000000, NP, 30000 3000
14500, t, 5.800000e-07, KEe, 441061.798913, MEe, 1.470205996e+01, E, -1800.000000, NP, 30000 3000
14600, t, 5.840000e-07, KEe, 440462.824924, MEe, 1.468209416e+01, E, -1800.000000, NP, 30000 3000
14700, t, 5.880000e-07, KEe, 437449.051428, MEe, 1.458163505e+01, E, -1800.000000, NP, 30000 3000
14800, t, 5.920000e-07, KEe, 437626.923083, MEe, 1.458756410e+01, E, -1800.000000, NP, 30000 3000
14900, t, 5.960000e-07, KEe, 437600.635546, MEe, 1.458668785e+01, E, -1800.000000, NP, 30000 3000
15000, t, 6.000000e-07, KEe, 437698.579625, MEe, 1.458995265e+01, E, -1800.000000, NP, 30000 3000
15100, t, 6.040000e-07, KEe, 438251.051570, MEe, 1.460836839e+01, E, -1800.000000, NP, 30000 3000
15200, t, 6.080000e-07, KEe, 437723.524458, MEe, 1.459078415e+01, E, -1800.000000, NP, 30000 3000
15300, t, 6.120000e-07, KEe, 437590.994237, MEe, 1.458636647e+01, E, -1800.000000, NP, 30000 3000
15400, t, 6.160000e-07, KEe, 438336.888273, MEe, 1.461122961e+01, E, -1800.000000, NP, 30000 3000
15500, t, 6.200000e-07, KEe, 439785.413420, MEe, 1.465951378e+01, E, -1800.000000, NP, 30000 3000
15600, t, 6.240000e-07, KEe, 436541.323736, MEe, 1.455137746e+01, E, -1800.000000, NP, 30000 3000
15700, t, 6.280000e-07, KEe, 436978.770729, MEe, 1.456595902e+01, E, -1800.000000, NP, 30000 3000
15800, t, 6.320000e-07, KEe, 437131.013467, MEe, 1.457103378e+01, E, -1800.000000, NP, 30000 3000
15900, t, 6.360000e-07, KEe, 439650.228778, MEe, 1.465500763e+01, E, -1800.000000, NP, 30000 3000
16000, t, 6.400000e-07, KEe, 439040.816318, MEe, 1.463469388e+01, E, -1800.000000, NP, 30000 3000
16100, t, 6.440000e-07, KEe, 439698.017527, MEe, 1.465660058e+01, E, -1800.000000, NP, 30000 3000
16200, t, 6.480000e-07, KEe, 439383.109885, MEe, 1.464610366e+01, E, -1800.000000, NP, 30000 3000
16300, t, 6.520000e-07, KEe, 437019.196614, MEe, 1.456730655e+01, E, -1800.000000, NP, 30000 3000
16400, t, 6.560000e-07, KEe, 437226.933899, MEe, 1.457423113e+01, E, -1800.000000, NP, 30000 3000
16500, t, 6.600000e-07, KEe, 436579.370694, MEe, 1.455264569e+01, E, -1800.000000, NP, 30000 3000
16600, t, 6.640000e-07, KEe, 435868.321481, MEe, 1.452894405e+01, E, -1800.000000, NP, 30000 3000
16700, t, 6.680000e-07, KEe, 436496.772945, MEe, 1.454989243e+01, E, -1800.000000, NP, 30000 3000
16800, t, 6.720000e-07, KEe, 438540.678354, MEe, 1.461802261e+01, E, -1800.000000, NP, 30000 3000
16900, t, 6.760000e-07, KEe, 437713.792850, MEe, 1.459045976e+01, E, -1800.000000, NP, 30000 3000
17000, t, 6.800000e-07, KEe, 437665.692084, MEe, 1.458885640e+01, E, -1800.000000, NP, 30000 3000
17100, t, 6.840000e-07, KEe, 439818.622145, MEe, 1.466062074e+01, E, -1800.000000, NP, 30000 3000
17200, t, 6.880000e-07, KEe, 439797.553136, MEe, 1.465991844e+01, E, -1800.000000, NP, 30000 3000
17300, t, 6.920000e-07, KEe, 440297.771047, MEe, 1.467659237e+01, E, -1800.000000, NP, 30000 3000
17400, t, 6.960000e-07, KEe, 439847.483792, MEe, 1.466158279e+01, E, -1800.000000, NP, 30000 3000
17500, t, 7.000000e-07, KEe, 436427.944899, MEe, 1.454759816e+01, E, -1800.000000, NP, 30000 3000
17600, t, 7.040000e-07, KEe, 435774.535514, MEe, 1.452581785e+01, E, -1800.000000, NP, 30000 3000
17700, t, 7.080000e-07, KEe, 436207.220537, MEe, 1.454024068e+01, E, -1800.000000, NP, 30000 3000
17800, t, 7.120000e-07, KEe, 437071.275184, MEe, 1.456904251e+01, E, -1800.000000, NP, 30000 3000
17900, t, 7.160000e-07, KEe, 437110.221814, MEe, 1.457034073e+01, E, -1800.000000, NP, 30000 3000
18000, t, 7.200000e-07, KEe, 438566.085593, MEe, 1.461886952e+01, E, -1800.000000, NP, 30000 3000
18100, t, 7.240000e-07, KEe, 439484.881244, MEe, 1.464949604e+01, E, -1800.000000, NP, 30000 3000
18200, t, 7.280000e-07, KEe, 440347.415590, MEe, 1.467824719e+01, E, -1800.000000, NP, 30000 3000
18300, t, 7.320000e-07, KEe, 439066.029411, MEe, 1.463553431e+01, E, -1800.000000, NP, 30000 3000
18400, t, 7.360000e-07, KEe, 438445.948032, MEe, 1.461486493e+01, E, -1800.000000, NP, 30000 3000
18500, t, 7.400000e-07, KEe, 439125.382759, MEe, 1.463751276e+01, E, -1800.000000, NP, 30000 3000
18600, t, 7.440000e-07, KEe, 439829.706281, MEe, 1.466099021e+01, E, -1800.000000, NP, 30000 3000
18700, t, 7.480000e-07, KEe, 438748.489040, MEe, 1.462494963e+01, E, -1800.000000, NP, 30000 3000
18800, t, 7.520000e-07, KEe, 435973.292217, MEe, 1.453244307e+01, E, -1800.000000, NP, 30000 3000
18900, t, 7.560000e-07, KEe, 436848.733039, MEe, 1.456162443e+01, E, -1800.000000, NP, 30000 3000
19000, t, 7.600000e-07, KEe, 436567.439581, MEe, 1.455224799e+01, E, -1800.000000, NP, 30000 3000
19100, t, 7.640000e-07, KEe, 438561.707588, MEe, 1.461872359e+01, E, -1800.000000, NP, 30000 3000
19200, t, 7.680000e-07, KEe, 439739.575718, MEe, 1.465798586e+01, E, -1800.000000, NP, 30000 3000
19300, t, 7.720000e-07, KEe, 441359.568160, MEe, 1.471198561e+01, E, -1800.000000, NP, 30000 3000
19400, t, 7.760000e-07, KEe, 440413.698810, MEe, 1.468045663e+01, E, -1800.000000, NP, 30000 3000
19500, t, 7.800000e-07, KEe, 439898.782209, MEe, 1.466329274e+01, E, -1800.000000, NP, 30000 3000
19600, t, 7.840000e-07, KEe, 440142.489570, MEe, 1.467141632e+01, E, -1800.000000, NP, 30000 3000
19700, t, 7.880000e-07, KEe, 441272.683436, MEe, 1.470908945e+01, E, -1800.000000, NP, 30000 3000
19800, t, 7.920000e-07, KEe, 437114.635570, MEe, 1.457048785e+01, E, -1800.000000, NP, 30000 3000
19900, t, 7.960000e-07, KEe, 437258.863205, MEe, 1.457529544e+01, E, -1800.000000, NP, 30000 3000
20000, t, 8.000000e-07, KEe, 434392.923156, MEe, 1.447976411e+01, E, -1800.000000, NP, 30000 3000
20100, t, 8.040000e-07, KEe, 433235.295728, MEe, 1.444117652e+01, E, -1800.000000, NP, 30000 3000
20200, t, 8.080000e-07, KEe, 437223.326489, MEe, 1.457411088e+01, E, -1800.000000, NP, 30000 3000
20300, t, 8.120000e-07, KEe, 437863.461831, MEe, 1.459544873e+01, E, -1800.000000, NP, 30000 3000
20400, t, 8.160000e-07, KEe, 437790.514280, MEe, 1.459301714e+01, E, -1800.000000, NP, 30000 3000
20500, t, 8.200000e-07, KEe, 438418.109819, MEe, 1.461393699e+01, E, -1800.000000, NP, 30000 3000
20600, t, 8.240000e-07, KEe, 438171.486174, MEe, 1.460571621e+01, E, -1800.000000, NP, 30000 3000
20700, t, 8.280000e-07, KEe, 437584.846777, MEe, 1.458616156e+01, E, -1800.000000, NP, 30000 3000
20800, t, 8.320000e-07, KEe, 436799.524593, MEe, 1.455998415e+01, E, -1800.000000, NP, 30000 3000
20900, t, 8.360000e-07, KEe, 436201.223953, MEe, 1.454004080e+01, E, -1800.000000, NP, 30000 3000
21000, t, 8.400000e-07, KEe, 433457.841260, MEe, 1.444859471e+01, E, -1800.000000, NP, 30000 3000
21100, t, 8.440000e-07, KEe, 434997.986496, MEe, 1.449993288e+01, E, -1800.000000, NP, 30000 3000
21200, t, 8.480000e-07, KEe, 437218.254347, MEe, 1.457394181e+01, E, -1800.000000, NP, 30000 3000
21300, t, 8.520000e-07, KEe, 436775.072624, MEe, 1.455916909e+01, E, -1800.000000, NP, 30000 3000
21400, t, 8.560000e-07, KEe, 436247.919412, MEe, 1.454159731e+01, E, -1800.000000, NP, 30000 3000
21500, t, 8.600000e-07, KEe, 439060.608462, MEe, 1.463535362e+01, E, -1800.000000, NP, 30000 3000
21600, t, 8.640000e-07, KEe, 437706.036073, MEe, 1.459020120e+01, E, -1800.000000, NP, 30000 3000
21700, t, 8.680000e-07, KEe, 435339.222091, MEe, 1.451130740e+01, E, -1800.000000, NP, 30000 3000
21800, t, 8.720000e-07, KEe, 435100.950876, MEe, 1.450336503e+01, E, -1800.000000, NP, 30000 3000
21900, t, 8.760000e-07, KEe, 437241.354484, MEe, 1.457471182e+01, E, -1800.000000, NP, 30000 3000
22000, t, 8.800000e-07, KEe, 438533.989015, MEe, 1.461779963e+01, E, -1800.000000, NP, 30000 3000
22100, t, 8.840000e-07, KEe, 438464.912736, MEe, 1.461549709e+01, E, -1800.000000, NP, 30000 3000
22200, t, 8.880000e-07, KEe, 436591.194956, MEe, 1.455303983e+01, E, -1800.000000, NP, 30000 3000
22300, t, 8.920000e-07, KEe, 435500.946856, MEe, 1.451669823e+01, E, -1800.000000, NP, 30000 3000
22400, t, 8.960000e-07, KEe, 436209.940759, MEe, 1.454033136e+01, E, -1800.000000, NP, 30000 3000
22500, t, 9.000000e-07, KEe, 435510.245721, MEe, 1.451700819e+01, E, -1800.000000, NP, 30000 3000
22600, t, 9.040000e-07, KEe, 438529.175873, MEe, 1.461763920e+01, E, -1800.000000, NP, 30000 3000
22700, t, 9.080000e-07, KEe, 437164.597148, MEe, 1.457215324e+01, E, -1800.000000, NP, 30000 3000
22800, t, 9.120000e-07, KEe, 435869.979148, MEe, 1.452899930e+01, E, -1800.000000, NP, 30000 3000
22900, t, 9.160000e-07, KEe, 437653.704544, MEe, 1.458845682e+01, E, -1800.000000, NP, 30000 3000
23000, t, 9.200000e-07, KEe, 434014.470627, MEe, 1.446714902e+01, E, -1800.000000, NP, 30000 3000
23100, t, 9.240000e-07, KEe, 435486.166472, MEe, 1.451620555e+01, E, -1800.000000, NP, 30000 3000
23200, t, 9.280000e-07, KEe, 436055.564048, MEe, 1.453518547e+01, E, -1800.000000, NP, 30000 3000
23300, t, 9.320000e-07, KEe, 434969.975167, MEe, 1.449899917e+01, E, -1800.000000, NP, 30000 3000
23400, t, 9.360000e-07, KEe, 436917.137338, MEe, 1.456390458e+01, E, -1800.000000, NP, 30000 3000
23500, t, 9.400000e-07, KEe, 437671.188951, MEe, 1.458903963e+01, E, -1800.000000, NP, 30000 3000
23600, t, 9.440000e-07, KEe, 436483.344910, MEe, 1.454944483e+01, E, -1800.000000, NP, 30000 3000
23700, t, 9.480000e-07, KEe, 438595.118011, MEe, 1.461983727e+01, E, -1800.000000, NP, 30000 3000
23800, t, 9.520000e-07, KEe, 438986.502224, MEe, 1.463288341e+01, E, -1800.000000, NP, 30000 3000
23900, t, 9.560000e-07, KEe, 438061.903627, MEe, 1.460206345e+01, E, -1800.000000, NP, 30000 3000
24000, t, 9.600000e-07, KEe, 438471.093343, MEe, 1.461570311e+01, E, -1800.000000, NP, 30000 3000
24100, t, 9.640000e-07, KEe, 436204.407456, MEe, 1.454014692e+01, E, -1800.000000, NP, 30000 3000
24200, t, 9.680000e-07, KEe, 436746.515013, MEe, 1.455821717e+01, E, -1800.000000, NP, 30000 3000
24300, t, 9.720000e-07, KEe, 437089.173384, MEe, 1.456963911e+01, E, -1800.000000, NP, 30000 3000
24400, t, 9.760000e-07, KEe, 437196.881545, MEe, 1.457322938e+01, E, -1800.000000, NP, 30000 3000
24500, t, 9.800000e-07, KEe, 437676.976050, MEe, 1.458923254e+01, E, -1800.000000, NP, 30000 3000
24600, t, 9.840000e-07, KEe, 438720.727022, MEe, 1.462402423e+01, E, -1800.000000, NP, 30000 3000
24700, t, 9.880000e-07, KEe, 438380.777064, MEe, 1.461269257e+01, E, -1800.000000, NP, 30000 3000
24800, t, 9.920000e-07, KEe, 437351.683945, MEe, 1.457838946e+01, E, -1800.000000, NP, 30000 3000
24900, t, 9.960000e-07, KEe, 437938.117088, MEe, 1.459793724e+01, E, -1800.000000, NP, 30000 3000
25000, t, 1.000000e-06, KEe, 436593.845557, MEe, 1.455312819e+01, E, -1800.000000, NP, 30000 3000
25100, t, 1.004000e-06, KEe, 438226.730526, MEe, 1.460755768e+01, E, -1800.000000, NP, 30000 3000
25200, t, 1.008000e-06, KEe, 437047.054611, MEe, 1.456823515e+01, E, -1800.000000, NP, 30000 3000
25300, t, 1.012000e-06, KEe, 435591.342841, MEe, 1.451971143e+01, E, -1800.000000, NP, 30000 3000
25400, t, 1.016000e-06, KEe, 436586.919266, MEe, 1.455289731e+01, E, -1800.000000, NP, 30000 3000
25500, t, 1.020000e-06, KEe, 439368.242584, MEe, 1.464560809e+01, E, -1800.000000, NP, 30000 3000
25600, t, 1.024000e-06, KEe, 436766.247384, MEe, 1.455887491e+01, E, -1800.000000, NP, 30000 3000
25700, t, 1.028000e-06, KEe, 434427.974915, MEe, 1.448093250e+01, E, -1800.000000, NP, 30000 3000
25800, t, 1.032000e-06, KEe, 436136.929035, MEe, 1.453789763e+01, E, -1800.000000, NP, 30000 3000
25900, t, 1.036000e-06, KEe, 436293.482521, MEe, 1.454311608e+01, E, -1800.000000, NP, 30000 3000
26000, t, 1.040000e-06, KEe, 436016.907881, MEe, 1.453389693e+01, E, -1800.000000, NP, 30000 3000
26100, t, 1.044000e-06, KEe, 437181.952111, MEe, 1.457273174e+01, E, -1800.000000, NP, 30000 3000
26200, t, 1.048000e-06, KEe, 438055.731999, MEe, 1.460185773e+01, E, -1800.000000, NP, 30000 3000
26300, t, 1.052000e-06, KEe, 438560.815710, MEe, 1.461869386e+01, E, -1800.000000, NP, 30000 3000
26400, t, 1.056000e-06, KEe, 439740.098381, MEe, 1.465800328e+01, E, -1800.000000, NP, 30000 3000
26500, t, 1.060000e-06, KEe, 439391.236161, MEe, 1.464637454e+01, E, -1800.000000, NP, 30000 3000
26600, t, 1.064000e-06, KEe, 437445.503309, MEe, 1.458151678e+01, E, -1800.000000, NP, 30000 3000
26700, t, 1.068000e-06, KEe, 438318.315047, MEe, 1.461061050e+01, E, -1800.000000, NP, 30000 3000
26800, t, 1.072000e-06, KEe, 438567.088058, MEe, 1.461890294e+01, E, -1800.000000, NP, 30000 3000
26900, t, 1.076000e-06, KEe, 439840.489069, MEe, 1.466134964e+01, E, -1800.000000, NP, 30000 3000
27000, t, 1.080000e-06, KEe, 442096.228745, MEe, 1.473654096e+01, E, -1800.000000, NP, 30000 3000
27100, t, 1.084000e-06, KEe, 442893.084883, MEe, 1.476310283e+01, E, -1800.000000, NP, 30000 3000
27200, t, 1.088000e-06, KEe, 441224.503339, MEe, 1.470748344e+01, E, -1800.000000, NP, 30000 3000
27300, t, 1.092000e-06, KEe, 437290.745884, MEe, 1.457635820e+01, E, -1800.000000, NP, 30000 3000
27400, t, 1.096000e-06, KEe, 436409.841763, MEe, 1.454699473e+01, E, -1800.000000, NP, 30000 3000
27500, t, 1.100000e-06, KEe, 437594.789719, MEe, 1.458649299e+01, E, -1800.000000, NP, 30000 3000
27600, t, 1.104000e-06, KEe, 435058.814421, MEe, 1.450196048e+01, E, -1800.000000, NP, 30000 3000
27700, t, 1.108000e-06, KEe, 434657.586567, MEe, 1.448858622e+01, E, -1800.000000, NP, 30000 3000
27800, t, 1.112000e-06, KEe, 434918.792611, MEe, 1.449729309e+01, E, -1800.000000, NP, 30000 3000
27900, t, 1.116000e-06, KEe, 437024.387344, MEe, 1.456747958e+01, E, -1800.000000, NP, 30000 3000
28000, t, 1.120000e-06, KEe, 437164.938600, MEe, 1.457216462e+01, E, -1800.000000, NP, 30000 3000
28100, t, 1.124000e-06, KEe, 438232.333459, MEe, 1.460774445e+01, E, -1800.000000, NP, 30000 3000
28200, t, 1.128000e-06, KEe, 439055.955369, MEe, 1.463519851e+01, E, -1800.000000, NP, 30000 3000
28300, t, 1.132000e-06, KEe, 437201.625577, MEe, 1.457338752e+01, E, -1800.000000, NP, 30000 3000
28400, t, 1.136000e-06, KEe, 436538.441478, MEe, 1.455128138e+01, E, -1800.000000, NP, 30000 3000
28500, t, 1.140000e-06, KEe, 436505.126465, MEe, 1.455017088e+01, E, -1800.000000, NP, 30000 3000
28600, t, 1.144000e-06, KEe, 437489.613743, MEe, 1.458298712e+01, E, -1800.000000, NP, 30000 3000
28700, t, 1.148000e-06, KEe, 439434.356931, MEe, 1.464781190e+01, E, -1800.000000, NP, 30000 3000
28800, t, 1.152000e-06, KEe, 438968.783656, MEe, 1.463229279e+01, E, -1800.000000, NP, 30000 3000
28900, t, 1.156000e-06, KEe, 438735.589620, MEe, 1.462451965e+01, E, -1800.000000, NP, 30000 3000
29000, t, 1.160000e-06, KEe, 437023.291497, MEe, 1.456744305e+01, E, -1800.000000, NP, 30000 3000
29100, t, 1.164000e-06, KEe, 438022.922075, MEe, 1.460076407e+01, E, -1800.000000, NP, 30000 3000
29200, t, 1.168000e-06, KEe, 436730.844948, MEe, 1.455769483e+01, E, -1800.000000, NP, 30000 3000
29300, t, 1.172000e-06, KEe, 438925.779437, MEe, 1.463085931e+01, E, -1800.000000, NP, 30000 3000
29400, t, 1.176000e-06, KEe, 439224.842618, MEe, 1.464082809e+01, E, -1800.000000, NP, 30000 3000
29500, t, 1.180000e-06, KEe, 438909.015240, MEe, 1.463030051e+01, E, -1800.000000, NP, 30000 3000
29600, t, 1.184000e-06, KEe, 438364.228581, MEe, 1.461214095e+01, E, -1800.000000, NP, 30000 3000
29700, t, 1.188000e-06, KEe, 438979.679059, MEe, 1.463265597e+01, E, -1800.000000, NP, 30000 3000
29800, t, 1.192000e-06, KEe, 436906.153327, MEe, 1.456353844e+01, E, -1800.000000, NP, 30000 3000
29900, t, 1.196000e-06, KEe, 435345.847520, MEe, 1.451152825e+01, E, -1800.000000, NP, 30000 3000
30000, t, 1.200000e-06, KEe, 435553.712763, MEe, 1.451845709e+01, E, -1800.000000, NP, 30000 3000
30100, t, 1.204000e-06, KEe, 436017.486390, MEe, 1.453391621e+01, E, -1800.000000, NP, 30000 3000
30200, t, 1.208000e-06, KEe, 437237.430351, MEe, 1.457458101e+01, E, -1800.000000, NP, 30000 3000
30300, t, 1.212000e-06, KEe, 437243.963834, MEe, 1.457479879e+01, E, -1800.000000, NP, 30000 3000
30400, t, 1.216000e-06, KEe, 438517.295796, MEe, 1.461724319e+01, E, -1800.000000, NP, 30000 3000
30500, t, 1.220000e-06, KEe, 438853.740297, MEe, 1.462845801e+01, E, -1800.000000, NP, 30000 3000
30600, t, 1.224000e-06, KEe, 438591.096848, MEe, 1.461970323e+01, E, -1800.000000, NP, 30000 3000
30700, t, 1.228000e-06, KEe, 437009.262178, MEe, 1.456697541e+01, E, -1800.000000, NP, 30000 3000
30800, t, 1.232000e-06, KEe, 436554.519393, MEe, 1.455181731e+01, E, -1800.000000, NP, 30000 3000
30900, t, 1.236000e-06, KEe, 437614.838467, MEe, 1.458716128e+01, E, -1800.000000, NP, 30000 3000
31000, t, 1.240000e-06, KEe, 435920.572019, MEe, 1.453068573e+01, E, -1800.000000, NP, 30000 3000
31100, t, 1.244000e-06, KEe, 438038.061941, MEe, 1.460126873e+01, E, -1800.000000, NP, 30000 3000
31200, t, 1.248000e-06, KEe, 437460.349656, MEe, 1.458201166e+01, E, -1800.000000, NP, 30000 3000
31300, t, 1.252000e-06, KEe, 439493.934644, MEe, 1.464979782e+01, E, -1800.000000, NP, 30000 3000
31400, t, 1.256000e-06, KEe, 439461.687660, MEe, 1.464872292e+01, E, -1800.000000, NP, 30000 3000
31500, t, 1.260000e-06, KEe, 437662.680018, MEe, 1.458875600e+01, E, -1800.000000, NP, 30000 3000
31600, t, 1.264000e-06, KEe, 437845.768330, MEe, 1.459485894e+01, E, -1800.000000, NP, 30000 3000
31700, t, 1.268000e-06, KEe, 436357.237443, MEe, 1.454524125e+01, E, -1800.000000, NP, 30000 3000
31800, t, 1.272000e-06, KEe, 436491.240003, MEe, 1.454970800e+01, E, -1800.000000, NP, 30000 3000
31900, t, 1.276000e-06, KEe, 437089.627430, MEe, 1.456965425e+01, E, -1800.000000, NP, 30000 3000
32000, t, 1.280000e-06, KEe, 436129.248570, MEe, 1.453764162e+01, E, -1800.000000, NP, 30000 3000
32100, t, 1.284000e-06, KEe, 437858.637845, MEe, 1.459528793e+01, E, -1800.000000, NP, 30000 3000
32200, t, 1.288000e-06, KEe, 438504.228788, MEe, 1.461680763e+01, E, -1800.000000, NP, 30000 3000
32300, t, 1.292000e-06, KEe, 440417.127695, MEe, 1.468057092e+01, E, -1800.000000, NP, 30000 3000
32400, t, 1.296000e-06, KEe, 437913.179799, MEe, 1.459710599e+01, E, -1800.000000, NP, 30000 3000
32500, t, 1.300000e-06, KEe, 435306.153449, MEe, 1.451020511e+01, E, -1800.000000, NP, 30000 3000
32600, t, 1.304000e-06, KEe, 435013.603516, MEe, 1.450045345e+01, E, -1800.000000, NP, 30000 3000
32700, t, 1.308000e-06, KEe, 436366.883916, MEe, 1.454556280e+01, E, -1800.000000, NP, 30000 3000
32800, t, 1.312000e-06, KEe, 437247.595811, MEe, 1.457491986e+01, E, -1800.000000, NP, 30000 3000
32900, t, 1.316000e-06, KEe, 438041.902607, MEe, 1.460139675e+01, E, -1800.000000, NP, 30000 3000
33000, t, 1.320000e-06, KEe, 438013.974021, MEe, 1.460046580e+01, E, -1800.000000, NP, 30000 3000
33100, t, 1.324000e-06, KEe, 436476.799903, MEe, 1.454922666e+01, E, -1800.000000, NP, 30000 3000
33200, t, 1.328000e-06, KEe, 435748.010273, MEe, 1.452493368e+01, E, -1800.000000, NP, 30000 3000
33300, t, 1.332000e-06, KEe, 436880.780584, MEe, 1.456269269e+01, E, -1800.000000, NP, 30000 3000
33400, t, 1.336000e-06, KEe, 434135.942091, MEe, 1.447119807e+01, E, -1800.000000, NP, 30000 3000
33500, t, 1.340000e-06, KEe, 434562.038967, MEe, 1.448540130e+01, E, -1800.000000, NP, 30000 3000
33600, t, 1.344000e-06, KEe, 434507.317053, MEe, 1.448357724e+01, E, -1800.000000, NP, 30000 3000
33700, t, 1.348000e-06, KEe, 435171.069262, MEe, 1.450570231e+01, E, -1800.000000, NP, 30000 3000
33800, t, 1.352000e-06, KEe, 436211.096648, MEe, 1.454036989e+01, E, -1800.000000, NP, 30000 3000
33900, t, 1.356000e-06, KEe, 440079.687384, MEe, 1.466932291e+01, E, -1800.000000, NP, 30000 3000
34000, t, 1.360000e-06, KEe, 439620.560619, MEe, 1.465401869e+01, E, -1800.000000, NP, 30000 3000
34100, t, 1.364000e-06, KEe, 438014.498730, MEe, 1.460048329e+01, E, -1800.000000, NP, 30000 3000
34200, t, 1.368000e-06, KEe, 437814.302123, MEe, 1.459381007e+01, E, -1800.000000, NP, 30000 3000
34300, t, 1.372000e-06, KEe, 435966.089766, MEe, 1.453220299e+01, E, -1800.000000, NP, 30000 3000
34400, t, 1.376000e-06, KEe, 436448.492769, MEe, 1.454828309e+01, E, -1800.000000, NP, 30000 3000
34500, t, 1.380000e-06, KEe, 436943.263781, MEe, 1.456477546e+01, E, -1800.000000, NP, 30000 3000
34600, t, 1.384000e-06, KEe, 435524.770155, MEe, 1.451749234e+01, E, -1800.000000, NP, 30000 3000
34700, t, 1.388000e-06, KEe, 435828.773858, MEe, 1.452762580e+01, E, -1800.000000, NP, 30000 3000
34800, t, 1.392000e-06, KEe, 436795.132788, MEe, 1.455983776e+01, E, -1800.000000, NP, 30000 3000
34900, t, 1.396000e-06, KEe, 436614.396523, MEe, 1.455381322e+01, E, -1800.000000, NP, 30000 3000
35000, t, 1.400000e-06, KEe, 437306.700983, MEe, 1.457689003e+01, E, -1800.000000, NP, 30000 3000
35100, t, 1.404000e-06, KEe, 436307.624694, MEe, 1.454358749e+01, E, -1800.000000, NP, 30000 3000
35200, t, 1.408000e-06, KEe, 436164.456017, MEe, 1.453881520e+01, E, -1800.000000, NP, 30000 3000
35300, t, 1.412000e-06, KEe, 436213.880188, MEe, 1.454046267e+01, E, -1800.000000, NP, 30000 3000
35400, t, 1.416000e-06, KEe, 437150.130930, MEe, 1.457167103e+01, E, -1800.000000, NP, 30000 3000
35500, t, 1.420000e-06, KEe, 438356.952509, MEe, 1.461189842e+01, E, -1800.000000, NP, 30000 3000
35600, t, 1.424000e-06, KEe, 437836.848171, MEe, 1.459456161e+01, E, -1800.000000, NP, 30000 3000
35700, t, 1.428000e-06, KEe, 434803.793991, MEe, 1.449345980e+01, E, -1800.000000, NP, 30000 3000
35800, t, 1.432000e-06, KEe, 435712.754062, MEe, 1.452375847e+01, E, -1800.000000, NP, 30000 3000
35900, t, 1.436000e-06, KEe, 436249.391402, MEe, 1.454164638e+01, E, -1800.000000, NP, 30000 3000
36000, t, 1.440000e-06, KEe, 436751.001372, MEe, 1.455836671e+01, E, -1800.000000, NP, 30000 3000
36100, t, 1.444000e-06, KEe, 437242.858307, MEe, 1.457476194e+01, E, -1800.000000, NP, 30000 3000
36200, t, 1.448000e-06, KEe, 438057.380176, MEe, 1.460191267e+01, E, -1800.000000, NP, 30000 3000
36300, t, 1.452000e-06, KEe, 435674.569687, MEe, 1.452248566e+01, E, -1800.000000, NP, 30000 3000
36400, t, 1.456000e-06, KEe, 436132.978786, MEe, 1.453776596e+01, E, -1800.000000, NP, 30000 3000
36500, t, 1.460000e-06, KEe, 438165.408007, MEe, 1.460551360e+01, E, -1800.000000, NP, 30000 3000
36600, t, 1.464000e-06, KEe, 438567.713770, MEe, 1.461892379e+01, E, -1800.000000, NP, 30000 3000
36700, t, 1.468000e-06, KEe, 437445.764923, MEe, 1.458152550e+01, E, -1800.000000, NP, 30000 3000
36800, t, 1.472000e-06, KEe, 436609.243603, MEe, 1.455364145e+01, E, -1800.000000, NP, 30000 3000
36900, t, 1.476000e-06, KEe, 436007.540094, MEe, 1.453358467e+01, E, -1800.000000, NP, 30000 3000
37000, t, 1.480000e-06, KEe, 435342.667313, MEe, 1.451142224e+01, E, -1800.000000, NP, 30000 3000
37100, t, 1.484000e-06, KEe, 437759.823206, MEe, 1.459199411e+01, E, -1800.000000, NP, 30000 3000
37200, t, 1.488000e-06, KEe, 438010.735759, MEe, 1.460035786e+01, E, -1800.000000, NP, 30000 3000
37300, t, 1.492000e-06, KEe, 438656.684324, MEe, 1.462188948e+01, E, -1800.000000, NP, 30000 3000
37400, t, 1.496000e-06, KEe, 437865.106607, MEe, 1.459550355e+01, E, -1800.000000, NP, 30000 3000
37500, t, 1.500000e-06, KEe, 436264.994628, MEe, 1.454216649e+01, E, -1800.000000, NP, 30000 3000
37600, t, 1.504000e-06, KEe, 438259.836995, MEe, 1.460866123e+01, E, -1800.000000, NP, 30000 3000
37700, t, 1.508000e-06, KEe, 437183.415326, MEe, 1.457278051e+01, E, -1800.000000, NP, 30000 3000
37800, t, 1.512000e-06, KEe, 436703.161925, MEe, 1.455677206e+01, E, -1800.000000, NP, 30000 3000
37900, t, 1.516000e-06, KEe, 437673.007909, MEe, 1.458910026e+01, E, -1800.000000, NP, 30000 3000
38000, t, 1.520000e-06, KEe, 437261.541940, MEe, 1.457538473e+01, E, -1800.000000, NP, 30000 3000
38100, t, 1.524000e-06, KEe, 434841.165247, MEe, 1.449470551e+01, E, -1800.000000, NP, 30000 3000
38200, t, 1.528000e-06, KEe, 435649.739431, MEe, 1.452165798e+01, E, -1800.000000, NP, 30000 3000
38300, t, 1.532000e-06, KEe, 434808.005445, MEe, 1.449360018e+01, E, -1800.000000, NP, 30000 3000
38400, t, 1.536000e-06, KEe, 435531.466553, MEe, 1.451771555e+01, E, -1800.000000, NP, 30000 3000
38500, t, 1.540000e-06, KEe, 436061.890248, MEe, 1.453539634e+01, E, -1800.000000, NP, 30000 3000
38600, t, 1.544000e-06, KEe, 436145.885663, MEe, 1.453819619e+01, E, -1800.000000, NP, 30000 3000
38700, t, 1.548000e-06, KEe, 436419.782344, MEe, 1.454732608e+01, E, -1800.000000, NP, 30000 3000
38800, t, 1.552000e-06, KEe, 438397.855638, MEe, 1.461326185e+01, E, -1800.000000, NP, 30000 3000
38900, t, 1.556000e-06, KEe, 437948.160580, MEe, 1.459827202e+01, E, -1800.000000, NP, 30000 3000
39000, t, 1.560000e-06, KEe, 435913.236191, MEe, 1.453044121e+01, E, -1800.000000, NP, 30000 3000
39100, t, 1.564000e-06, KEe, 435106.531064, MEe, 1.450355104e+01, E, -1800.000000, NP, 30000 3000
39200, t, 1.568000e-06, KEe, 435969.381650, MEe, 1.453231272e+01, E, -1800.000000, NP, 30000 3000
39300, t, 1.572000e-06, KEe, 437415.428779, MEe, 1.458051429e+01, E, -1800.000000, NP, 30000 3000
39400, t, 1.576000e-06, KEe, 439013.852373, MEe, 1.463379508e+01, E, -1800.000000, NP, 30000 3000
39500, t, 1.580000e-06, KEe, 440574.035531, MEe, 1.468580118e+01, E, -1800.000000, NP, 30000 3000
39600, t, 1.584000e-06, KEe, 438340.108399, MEe, 1.461133695e+01, E, -1800.000000, NP, 30000 3000
39700, t, 1.588000e-06, KEe, 437930.441889, MEe, 1.459768140e+01, E, -1800.000000, NP, 30000 3000
39800, t, 1.592000e-06, KEe, 438728.020833, MEe, 1.462426736e+01, E, -1800.000000, NP, 30000 3000
39900, t, 1.596000e-06, KEe, 437927.129115, MEe, 1.459757097e+01, E, -1800.000000, NP, 30000 3000
40000, t, 1.600000e-06, KEe, 438483.585227, MEe, 1.461611951e+01, E, -1800.000000, NP, 30000 3000
40100, t, 1.604000e-06, KEe, 436906.236367, MEe, 1.456354121e+01, E, -1800.000000, NP, 30000 3000
40200, t, 1.608000e-06, KEe, 436848.030549, MEe, 1.456160102e+01, E, -1800.000000, NP, 30000 3000
40300, t, 1.612000e-06, KEe, 439216.981748, MEe, 1.464056606e+01, E, -1800.000000, NP, 30000 3000
40400, t, 1.616000e-06, KEe, 437329.650457, MEe, 1.457765502e+01, E, -1800.000000, NP, 30000 3000
40500, t, 1.620000e-06, KEe, 437874.125073, MEe, 1.459580417e+01, E, -1800.000000, NP, 30000 3000
40600, t, 1.624000e-06, KEe, 439486.877957, MEe, 1.464956260e+01, E, -1800.000000, NP, 30000 3000
40700, t, 1.628000e-06, KEe, 436191.827384, MEe, 1.453972758e+01, E, -1800.000000, NP, 30000 3000
40800, t, 1.632000e-06, KEe, 436404.131725, MEe, 1.454680439e+01, E, -1800.000000, NP, 30000 3000
40900, t, 1.636000e-06, KEe, 435617.148164, MEe, 1.452057161e+01, E, -1800.000000, NP, 30000 3000
41000, t, 1.640000e-06, KEe, 434060.457935, MEe, 1.446868193e+01, E, -1800.000000, NP, 30000 3000
41100, t, 1.644000e-06, KEe, 433843.345578, MEe, 1.446144485e+01, E, -1800.000000, NP, 30000 3000
41200, t, 1.648000e-06, KEe, 436447.844820, MEe, 1.454826149e+01, E, -1800.000000, NP, 30000 3000
41300, t, 1.652000e-06, KEe, 436531.789555, MEe, 1.455105965e+01, E, -1800.000000, NP, 30000 3000
41400, t, 1.656000e-06, KEe, 437102.519727, MEe, 1.457008399e+01, E, -1800.000000, NP, 30000 3000
41500, t, 1.660000e-06, KEe, 435575.094025, MEe, 1.451916980e+01, E, -1800.000000, NP, 30000 3000
41600, t, 1.664000e-06, KEe, 435551.437229, MEe, 1.451838124e+01, E, -1800.000000, NP, 30000 3000
41700, t, 1.668000e-06, KEe, 434792.770610, MEe, 1.449309235e+01, E, -1800.000000, NP, 30000 3000
41800, t, 1.672000e-06, KEe, 435815.610864, MEe, 1.452718703e+01, E, -1800.000000, NP, 30000 3000
41900, t, 1.676000e-06, KEe, 438390.189264, MEe, 1.461300631e+01, E, -1800.000000, NP, 30000 3000
42000, t, 1.680000e-06, KEe, 439925.896980, MEe, 1.466419657e+01, E, -1800.000000, NP, 30000 3000
42100, t, 1.684000e-06, KEe, 438383.450463, MEe, 1.461278168e+01, E, -1800.000000, NP, 30000 3000
42200, t, 1.688000e-06, KEe, 437900.713217, MEe, 1.459669044e+01, E, -1800.000000, NP, 30000 3000
42300, t, 1.692000e-06, KEe, 437835.733052, MEe, 1.459452444e+01, E, -1800.000000, NP, 30000 3000
42400, t, 1.696000e-06, KEe, 437484.541381, MEe, 1.458281805e+01, E, -1800.000000, NP, 30000 3000
42500, t, 1.700000e-06, KEe, 437583.135454, MEe, 1.458610452e+01, E, -1800.000000, NP, 30000 3000
42600, t, 1.704000e-06, KEe, 435282.338731, MEe, 1.450941129e+01, E, -1800.000000, NP, 30000 3000
42700, t, 1.708000e-06, KEe, 435410.872786, MEe, 1.451369576e+01, E, -1800.000000, NP, 30000 3000
42800, t, 1.712000e-06, KEe, 436356.246196, MEe, 1.454520821e+01, E, -1800.000000, NP, 30000 3000
42900, t, 1.716000e-06, KEe, 436831.581786, MEe, 1.456105273e+01, E, -1800.000000, NP, 30000 3000
43000, t, 1.720000e-06, KEe, 436716.990099, MEe, 1.455723300e+01, E, -1800.000000, NP, 30000 3000
43100, t, 1.724000e-06, KEe, 437320.098786, MEe, 1.457733663e+01, E, -1800.000000, NP, 30000 3000
43200, t, 1.728000e-06, KEe, 438450.013151, MEe, 1.461500044e+01, E, -1800.000000, NP, 30000 3000
43300, t, 1.732000e-06, KEe, 439691.149208, MEe, 1.465637164e+01, E, -1800.000000, NP, 30000 3000
43400, t, 1.736000e-06, KEe, 439548.713475, MEe, 1.465162378e+01, E, -1800.000000, NP, 30000 3000
43500, t, 1.740000e-06, KEe, 440854.573031, MEe, 1.469515243e+01, E, -1800.000000, NP, 30000 3000
43600, t, 1.744000e-06, KEe, 438807.470094, MEe, 1.462691567e+01, E, -1800.000000, NP, 30000 3000
43700, t, 1.748000e-06, KEe, 437439.832994, MEe, 1.458132777e+01, E, -1800.000000, NP, 30000 3000
43800, t, 1.752000e-06, KEe, 438114.535974, MEe, 1.460381787e+01, E, -1800.000000, NP, 30000 3000
43900, t, 1.756000e-06, KEe, 439058.142651, MEe, 1.463527142e+01, E, -1800.000000, NP, 30000 3000
44000, t, 1.760000e-06, KEe, 438364.317625, MEe, 1.461214392e+01, E, -1800.000000, NP, 30000 3000
44100, t, 1.764000e-06, KEe, 437603.128902, MEe, 1.458677096e+01, E, -1800.000000, NP, 30000 3000
44200, t, 1.768000e-06, KEe, 437988.405448, MEe, 1.459961351e+01, E, -1800.000000, NP, 30000 3000
44300, t, 1.772000e-06, KEe, 439577.488190, MEe, 1.465258294e+01, E, -1800.000000, NP, 30000 3000
44400, t, 1.776000e-06, KEe, 437818.513684, MEe, 1.459395046e+01, E, -1800.000000, NP, 30000 3000
44500, t, 1.780000e-06, KEe, 436733.936692, MEe, 1.455779789e+01, E, -1800.000000, NP, 30000 3000
44600, t, 1.784000e-06, KEe, 437468.921187, MEe, 1.458229737e+01, E, -1800.000000, NP, 30000 3000
44700, t, 1.788000e-06, KEe, 437288.955251, MEe, 1.457629851e+01, E, -1800.000000, NP, 30000 3000
44800, t, 1.792000e-06, KEe, 436833.725754, MEe, 1.456112419e+01, E, -1800.000000, NP, 30000 3000
44900, t, 1.796000e-06, KEe, 436152.098184, MEe, 1.453840327e+01, E, -1800.000000, NP, 30000 3000
45000, t, 1.800000e-06, KEe, 435963.674728, MEe, 1.453212249e+01, E, -1800.000000, NP, 30000 3000
45100, t, 1.804000e-06, KEe, 437065.178905, MEe, 1.456883930e+01, E, -1800.000000, NP, 30000 3000
45200, t, 1.808000e-06, KEe, 436123.841172, MEe, 1.453746137e+01, E, -1800.000000, NP, 30000 3000
45300, t, 1.812000e-06, KEe, 435858.847684, MEe, 1.452862826e+01, E, -1800.000000, NP, 30000 3000
45400, t, 1.816000e-06, KEe, 432556.722187, MEe, 1.441855741e+01, E, -1800.000000, NP, 30000 3000
45500, t, 1.820000e-06, KEe, 434053.090732, MEe, 1.446843636e+01, E, -1800.000000, NP, 30000 3000
45600, t, 1.824000e-06, KEe, 435834.058838, MEe, 1.452780196e+01, E, -1800.000000, NP, 30000 3000
45700, t, 1.828000e-06, KEe, 436786.301492, MEe, 1.455954338e+01, E, -1800.000000, NP, 30000 3000
45800, t, 1.832000e-06, KEe, 437713.174231, MEe, 1.459043914e+01, E, -1800.000000, NP, 30000 3000
45900, t, 1.836000e-06, KEe, 434974.630592, MEe, 1.449915435e+01, E, -1800.000000, NP, 30000 3000
46000, t, 1.840000e-06, KEe, 434780.356106, MEe, 1.449267854e+01, E, -1800.000000, NP, 30000 3000
46100, t, 1.844000e-06, KEe, 434459.239725, MEe, 1.448197466e+01, E, -1800.000000, NP, 30000 3000
46200, t, 1.848000e-06, KEe, 434611.316678, MEe, 1.448704389e+01, E, -1800.000000, NP, 30000 3000
46300, t, 1.852000e-06, KEe, 436622.462338, MEe, 1.455408208e+01, E, -1800.000000, NP, 30000 3000
46400, t, 1.856000e-06, KEe, 437641.085413, MEe, 1.458803618e+01, E, -1800.000000, NP, 30000 3000
46500, t, 1.860000e-06, KEe, 439466.105042, MEe, 1.464887017e+01, E, -1800.000000, NP, 30000 3000
46600, t, 1.864000e-06, KEe, 438747.979844, MEe, 1.462493266e+01, E, -1800.000000, NP, 30000 3000
46700, t, 1.868000e-06, KEe, 437902.894995, MEe, 1.459676317e+01, E, -1800.000000, NP, 30000 3000
46800, t, 1.872000e-06, KEe, 436348.004181, MEe, 1.454493347e+01, E, -1800.000000, NP, 30000 3000
46900, t, 1.876000e-06, KEe, 437945.474401, MEe, 1.459818248e+01, E, -1800.000000, NP, 30000 3000
47000, t, 1.880000e-06, KEe, 437693.538550, MEe, 1.458978462e+01, E, -1800.000000, NP, 30000 3000
47100, t, 1.884000e-06, KEe, 436659.991790, MEe, 1.455533306e+01, E, -1800.000000, NP, 30000 3000
47200, t, 1.888000e-06, KEe, 436264.203424, MEe, 1.454214011e+01, E, -1800.000000, NP, 30000 3000
47300, t, 1.892000e-06, KEe, 438207.345012, MEe, 1.460691150e+01, E, -1800.000000, NP, 30000 3000
47400, t, 1.896000e-06, KEe, 438471.555605, MEe, 1.461571852e+01, E, -1800.000000, NP, 30000 3000
47500, t, 1.900000e-06, KEe, 437975.246228, MEe, 1.459917487e+01, E, -1800.000000, NP, 30000 3000
47600, t, 1.904000e-06, KEe, 438969.988297, MEe, 1.463233294e+01, E, -1800.000000, NP, 30000 3000
47700, t, 1.908000e-06, KEe, 436655.609271, MEe, 1.455518698e+01, E, -1800.000000, NP, 30000 3000
47800, t, 1.912000e-06, KEe, 437235.920775, MEe, 1.457453069e+01, E, -1800.000000, NP, 30000 3000
47900, t, 1.916000e-06, KEe, 437435.387529, MEe, 1.458117958e+01, E, -1800.000000, NP, 30000 3000
48000, t, 1.920000e-06, KEe, 435355.308718, MEe, 1.451184362e+01, E, -1800.000000, NP, 30000 3000
48100, t, 1.924000e-06, KEe, 435992.684655, MEe, 1.453308949e+01, E, -1800.000000, NP, 30000 3000
48200, t, 1.928000e-06, KEe, 436236.661181, MEe, 1.454122204e+01, E, -1800.000000, NP, 30000 3000
48300, t, 1.932000e-06, KEe, 437893.369921, MEe, 1.459644566e+01, E, -1800.000000, NP, 30000 3000
48400, t, 1.936000e-06, KEe, 438721.193392, MEe, 1.462403978e+01, E, -1800.000000, NP, 30000 3000
48500, t, 1.940000e-06, KEe, 437081.608719, MEe, 1.456938696e+01, E, -1800.000000, NP, 30000 3000
48600, t, 1.944000e-06, KEe, 440192.700951, MEe, 1.467309003e+01, E, -1800.000000, NP, 30000 3000
48700, t, 1.948000e-06, KEe, 439765.428453, MEe, 1.465884762e+01, E, -1800.000000, NP, 30000 3000
48800, t, 1.952000e-06, KEe, 437893.126880, MEe, 1.459643756e+01, E, -1800.000000, NP, 30000 3000
48900, t, 1.956000e-06, KEe, 435451.293539, MEe, 1.451504312e+01, E, -1800.000000, NP, 30000 3000
49000, t, 1.960000e-06, KEe, 435668.619281, MEe, 1.452228731e+01, E, -1800.000000, NP, 30000 3000
49100, t, 1.964000e-06, KEe, 437639.304038, MEe, 1.458797680e+01, E, -1800.000000, NP, 30000 3000
49200, t, 1.968000e-06, KEe, 437465.747581, MEe, 1.458219159e+01, E, -1800.000000, NP, 30000 3000
49300, t, 1.972000e-06, KEe, 435882.597017, MEe, 1.452941990e+01, E, -1800.000000, NP, 30000 3000
49400, t, 1.976000e-06, KEe, 434734.548225, MEe, 1.449115161e+01, E, -1800.000000, NP, 30000 3000
49500, t, 1.980000e-06, KEe, 432852.124290, MEe, 1.442840414e+01, E, -1800.000000, NP, 30000 3000
49600, t, 1.984000e-06, KEe, 434354.848661, MEe, 1.447849496e+01, E, -1800.000000, NP, 30000 3000
49700, t, 1.988000e-06, KEe, 435981.629047, MEe, 1.453272097e+01, E, -1800.000000, NP, 30000 3000
49800, t, 1.992000e-06, KEe, 437142.322791, MEe, 1.457141076e+01, E, -1800.000000, NP, 30000 3000
49900, t, 1.996000e-06, KEe, 438751.041775, MEe, 1.462503473e+01, E, -1800.000000, NP, 30000 3000
50000, t, 2.000000e-06, KEe, 436918.464877, MEe, 1.456394883e+01, E, -1800.000000, NP, 30000 3000
50100, t, 2.004000e-06, KEe, 435986.054467, MEe, 1.453286848e+01, E, -1800.000000, NP, 30000 3000
50200, t, 2.008000e-06, KEe, 437016.158879, MEe, 1.456720530e+01, E, -1800.000000, NP, 30000 3000
50300, t, 2.012000e-06, KEe, 436740.390284, MEe, 1.455801301e+01, E, -1800.000000, NP, 30000 3000
50400, t, 2.016000e-06, KEe, 438052.429659, MEe, 1.460174766e+01, E, -1800.000000, NP, 30000 3000
50500, t, 2.020000e-06, KEe, 438938.631736, MEe, 1.463128772e+01, E, -1800.000000, NP, 30000 3000
50600, t, 2.024000e-06, KEe, 436888.622019, MEe, 1.456295407e+01, E, -1800.000000, NP, 30000 3000
50700, t, 2.028000e-06, KEe, 439453.873772, MEe, 1.464846246e+01, E, -1800.000000, NP, 30000 3000
50800, t, 2.032000e-06, KEe, 437865.084659, MEe, 1.459550282e+01, E, -1800.000000, NP, 30000 3000
50900, t, 2.036000e-06, KEe, 438574.521160, MEe, 1.461915071e+01, E, -1800.000000, NP, 30000 3000
51000, t, 2.040000e-06, KEe, 438900.557408, MEe, 1.463001858e+01, E, -1800.000000, NP, 30000 3000
51100, t, 2.044000e-06, KEe, 436883.315086, MEe, 1.456277717e+01, E, -1800.000000, NP, 30000 3000
51200, t, 2.048000e-06, KEe, 436080.749431, MEe, 1.453602498e+01, E, -1800.000000, NP, 30000 3000
51300, t, 2.052000e-06, KEe, 436222.457740, MEe, 1.454074859e+01, E, -1800.000000, NP, 30000 3000
51400, t, 2.056000e-06, KEe, 437379.914470, MEe, 1.457933048e+01, E, -1800.000000, NP, 30000 3000
51500, t, 2.060000e-06, KEe, 436003.134978, MEe, 1.453343783e+01, E, -1800.000000, NP, 30000 3000
51600, t, 2.064000e-06, KEe, 436635.223502, MEe, 1.455450745e+01, E, -1800.000000, NP, 30000 3000
51700, t, 2.068000e-06, KEe, 434559.514899, MEe, 1.448531716e+01, E, -1800.000000, NP, 30000 3000
51800, t, 2.072000e-06, KEe, 435707.297290, MEe, 1.452357658e+01, E, -1800.000000, NP, 30000 3000
51900, t, 2.076000e-06, KEe, 436663.330024, MEe, 1.455544433e+01, E, -1800.000000, NP, 30000 3000
52000, t, 2.080000e-06, KEe, 436277.843273, MEe, 1.454259478e+01, E, -1800.000000, NP, 30000 3000
52100, t, 2.084000e-06, KEe, 438122.390856, MEe, 1.460407970e+01, E, -1800.000000, NP, 30000 3000
52200, t, 2.088000e-06, KEe, 436593.688649, MEe, 1.455312295e+01, E, -1800.000000, NP, 30000 3000
52300, t, 2.092000e-06, KEe, 436044.894682, MEe, 1.453482982e+01, E, -1800.000000, NP, 30000 3000
52400, t, 2.096000e-06, KEe, 437612.312950, MEe, 1.458707710e+01, E, -1800.000000, NP, 30000 3000
52500, t, 2.100000e-06, KEe, 437968.957370, MEe, 1.459896525e+01, E, -1800.000000, NP, 30000 3000
52600, t, 2.104000e-06, KEe, 434624.597303, MEe, 1.448748658e+01, E, -1800.000000, NP, 30000 3000
52700, t, 2.108000e-06, KEe, 433640.368241, MEe, 1.445467894e+01, E, -1800.000000, NP, 30000 3000
52800, t, 2.112000e-06, KEe, 433976.618759, MEe, 1.446588729e+01, E, -1800.000000, NP, 30000 3000
52900, t, 2.116000e-06, KEe, 434756.582521, MEe, 1.449188608e+01, E, -1800.000000, NP, 30000 3000
53000, t, 2.120000e-06, KEe, 437172.640807, MEe, 1.457242136e+01, E, -1800.000000, NP, 30000 3000
53100, t, 2.124000e-06, KEe, 441499.385539, MEe, 1.471664618e+01, E, -1800.000000, NP, 30000 3000
53200, t, 2.128000e-06, KEe, 441412.812345, MEe, 1.471376041e+01, E, -1800.000000, NP, 30000 3000
53300, t, 2.132000e-06, KEe, 439943.964441, MEe, 1.466479881e+01, E, -1800.000000, NP, 30000 3000
53400, t, 2.136000e-06, KEe, 440105.413115, MEe, 1.467018044e+01, E, -1800.000000, NP, 30000 3000
53500, t, 2.140000e-06, KEe, 438951.785495, MEe, 1.463172618e+01, E, -1800.000000, NP, 30000 3000
53600, t, 2.144000e-06, KEe, 439816.841013, MEe, 1.466056137e+01, E, -1800.000000, NP, 30000 3000
53700, t, 2.148000e-06, KEe, 439302.985014, MEe, 1.464343283e+01, E, -1800.000000, NP, 30000 3000
53800, t, 2.152000e-06, KEe, 438206.095282, MEe, 1.460686984e+01, E, -1800.000000, NP, 30000 3000
53900, t, 2.156000e-06, KEe, 436637.595769, MEe, 1.455458653e+01, E, -1800.000000, NP, 30000 3000
54000, t, 2.160000e-06, KEe, 434590.603306, MEe, 1.448635344e+01, E, -1800.000000, NP, 30000 3000
54100, t, 2.164000e-06, KEe, 439012.959404, MEe, 1.463376531e+01, E, -1800.000000, NP, 30000 3000
54200, t, 2.168000e-06, KEe, 438690.602990, MEe, 1.462302010e+01, E, -1800.000000, NP, 30000 3000
54300, t, 2.172000e-06, KEe, 437007.701968, MEe, 1.456692340e+01, E, -1800.000000, NP, 30000 3000
54400, t, 2.176000e-06, KEe, 438926.436905, MEe, 1.463088123e+01, E, -1800.000000, NP, 30000 3000
54500, t, 2.180000e-06, KEe, 438659.753871, MEe, 1.462199180e+01, E, -1800.000000, NP, 30000 3000
54600, t, 2.184000e-06, KEe, 440146.586310, MEe, 1.467155288e+01, E, -1800.000000, NP, 30000 3000
54700, t, 2.188000e-06, KEe, 440134.465066, MEe, 1.467114884e+01, E, -1800.000000, NP, 30000 3000
54800, t, 2.192000e-06, KEe, 438683.450814, MEe, 1.462278169e+01, E, -1800.000000, NP, 30000 3000
54900, t, 2.196000e-06, KEe, 438610.081358, MEe, 1.462033605e+01, E, -1800.000000, NP, 30000 3000
55000, t, 2.200000e-06, KEe, 438128.184305, MEe, 1.460427281e+01, E, -1800.000000, NP, 30000 3000
55100, t, 2.204000e-06, KEe, 433814.129061, MEe, 1.446047097e+01, E, -1800.000000, NP, 30000 3000
55200, t, 2.208000e-06, KEe, 435605.279071, MEe, 1.452017597e+01, E, -1800.000000, NP, 30000 3000
55300, t, 2.212000e-06, KEe, 436968.438823, MEe, 1.456561463e+01, E, -1800.000000, NP, 30000 3000
55400, t, 2.216000e-06, KEe, 435521.005292, MEe, 1.451736684e+01, E, -1800.000000, NP, 30000 3000
55500, t, 2.220000e-06, KEe, 434461.586829, MEe, 1.448205289e+01, E, -1800.000000, NP, 30000 3000
55600, t, 2.224000e-06, KEe, 436791.597869, MEe, 1.455971993e+01, E, -1800.000000, NP, 30000 3000
55700, t, 2.228000e-06, KEe, 439172.348094, MEe, 1.463907827e+01, E, -1800.000000, NP, 30000 3000
55800, t, 2.232000e-06, KEe, 438793.819585, MEe, 1.462646065e+01, E, -1800.000000, NP, 30000 3000
55900, t, 2.236000e-06, KEe, 438007.518091, MEe, 1.460025060e+01, E, -1800.000000, NP, 30000 3000
56000, t, 2.240000e-06, KEe, 438995.111451, MEe, 1.463317038e+01, E, -1800.000000, NP, 30000 3000
56100, t, 2.244000e-06, KEe, 437725.349088, MEe, 1.459084497e+01, E, -1800.000000, NP, 30000 3000
56200, t, 2.248000e-06, KEe, 437533.858904, MEe, 1.458446196e+01, E, -1800.000000, NP, 30000 3000
56300, t, 2.252000e-06, KEe, 436445.388000, MEe, 1.454817960e+01, E, -1800.000000, NP, 30000 3000
56400, t, 2.256000e-06, KEe, 440423.797381, MEe, 1.468079325e+01, E, -1800.000000, NP, 30000 3000
56500, t, 2.260000e-06, KEe, 438373.385044, MEe, 1.461244617e+01, E, -1800.000000, NP, 30000 3000
56600, t, 2.264000e-06, KEe, 437578.380745, MEe, 1.458594602e+01, E, -1800.000000, NP, 30000 3000
56700, t, 2.268000e-06, KEe, 438953.754684, MEe, 1.463179182e+01, E, -1800.000000, NP, 30000 3000
56800, t, 2.272000e-06, KEe, 439964.808827, MEe, 1.466549363e+01, E, -1800.000000, NP, 30000 3000
56900, t, 2.276000e-06, KEe, 440369.850164, MEe, 1.467899501e+01, E, -1800.000000, NP, 30000 3000
57000, t, 2.280000e-06, KEe, 439722.947467, MEe, 1.465743158e+01, E, -1800.000000, NP, 30000 3000
57100, t, 2.284000e-06, KEe, 439609.850526, MEe, 1.465366168e+01, E, -1800.000000, NP, 30000 3000
57200, t, 2.288000e-06, KEe, 436886.922591, MEe, 1.456289742e+01, E, -1800.000000, NP, 30000 3000
57300, t, 2.292000e-06, KEe, 437545.757330, MEe, 1.458485858e+01, E, -1800.000000, NP, 30000 3000
57400, t, 2.296000e-06, KEe, 434662.140329, MEe, 1.448873801e+01, E, -1800.000000, NP, 30000 3000
57500, t, 2.300000e-06, KEe, 436013.652871, MEe, 1.453378843e+01, E, -1800.000000, NP, 30000 3000
57600, t, 2.304000e-06, KEe, 436840.419828, MEe, 1.456134733e+01, E, -1800.000000, NP, 30000 3000
57700, t, 2.308000e-06, KEe, 436955.960091, MEe, 1.456519867e+01, E, -1800.000000, NP, 30000 3000
57800, t, 2.312000e-06, KEe, 433671.522756, MEe, 1.445571743e+01, E, -1800.000000, NP, 30000 3000
57900, t, 2.316000e-06, KEe, 436828.420106, MEe, 1.456094734e+01, E, -1800.000000, NP, 30000 3000
58000, t, 2.320000e-06, KEe, 440192.013738, MEe, 1.467306712e+01, E, -1800.000000, NP, 30000 3000
58100, t, 2.324000e-06, KEe, 438932.038874, MEe, 1.463106796e+01, E, -1800.000000, NP, 30000 3000
58200, t, 2.328000e-06, KEe, 436258.693037, MEe, 1.454195643e+01, E, -1800.000000, NP, 30000 3000
58300, t, 2.332000e-06, KEe, 441381.239781, MEe, 1.471270799e+01, E, -1800.000000, NP, 30000 3000
58400, t, 2.336000e-06, KEe, 438355.660707, MEe, 1.461185536e+01, E, -1800.000000, NP, 30000 3000
58500, t, 2.340000e-06, KEe, 439142.201778, MEe, 1.463807339e+01, E, -1800.000000, NP, 30000 3000
58600, t, 2.344000e-06, KEe, 436207.051198, MEe, 1.454023504e+01, E, -1800.000000, NP, 30000 3000
58700, t, 2.348000e-06, KEe, 435915.245179, MEe, 1.453050817e+01, E, -1800.000000, NP, 30000 3000
58800, t, 2.352000e-06, KEe, 437196.527817, MEe, 1.457321759e+01, E, -1800.000000, NP, 30000 3000
58900, t, 2.356000e-06, KEe, 436657.490179, MEe, 1.455524967e+01, E, -1800.000000, NP, 30000 3000
59000, t, 2.360000e-06, KEe, 436638.276337, MEe, 1.455460921e+01, E, -1800.000000, NP, 30000 3000
59100, t, 2.364000e-06, KEe, 438756.035720, MEe, 1.462520119e+01, E, -1800.000000, NP, 30000 3000
59200, t, 2.368000e-06, KEe, 440003.499980, MEe, 1.466678333e+01, E, -1800.000000, NP, 30000 3000
59300, t, 2.372000e-06, KEe, 438340.009772, MEe, 1.461133366e+01, E, -1800.000000, NP, 30000 3000
59400, t, 2.376000e-06, KEe, 435221.253450, MEe, 1.450737512e+01, E, -1800.000000, NP, 30000 3000
59500, t, 2.380000e-06, KEe, 434277.101857, MEe, 1.447590340e+01, E, -1800.000000, NP, 30000 3000
59600, t, 2.384000e-06, KEe, 435940.867003, MEe, 1.453136223e+01, E, -1800.000000, NP, 30000 3000
59700, t, 2.388000e-06, KEe, 437365.196510, MEe, 1.457883988e+01, E, -1800.000000, NP, 30000 3000
59800, t, 2.392000e-06, KEe, 437238.993898, MEe, 1.457463313e+01, E, -1800.000000, NP, 30000 3000
59900, t, 2.396000e-06, KEe, 437362.800553, MEe, 1.457876002e+01, E, -1800.000000, NP, 30000 3000
60000, t, 2.400000e-06, KEe, 438363.937028, MEe, 1.461213123e+01, E, -1800.000000, NP, 30000 3000
60100, t, 2.404000e-06, KEe, 440245.708613, MEe, 1.467485695e+01, E, -1800.000000, NP, 30000 3000
60200, t, 2.408000e-06, KEe, 440875.481389, MEe, 1.469584938e+01, E, -1800.000000, NP, 30000 3000
60300, t, 2.412000e-06, KEe, 435842.464368, MEe, 1.452808215e+01, E, -1800.000000, NP, 30000 3000
60400, t, 2.416000e-06, KEe, 433838.855876, MEe, 1.446129520e+01, E, -1800.000000, NP, 30000 3000
60500, t, 2.420000e-06, KEe, 435610.372322, MEe, 1.452034574e+01, E, -1800.000000, NP, 30000 3000
60600, t, 2.424000e-06, KEe, 433861.652711, MEe, 1.446205509e+01, E, -1800.000000, NP, 30000 3000
60700, t, 2.428000e-06, KEe, 434187.041345, MEe, 1.447290138e+01, E, -1800.000000, NP, 30000 3000
60800, t, 2.432000e-06, KEe, 435303.823573, MEe, 1.451012745e+01, E, -1800.000000, NP, 30000 3000
60900, t, 2.436000e-06, KEe, 435017.787279, MEe, 1.450059291e+01, E, -1800.000000, NP, 30000 3000
61000, t, 2.440000e-06, KEe, 435850.675828, MEe, 1.452835586e+01, E, -1800.000000, NP, 30000 3000
61100, t, 2.444000e-06, KEe, 434269.113450, MEe, 1.447563712e+01, E, -1800.000000, NP, 30000 3000
61200, t, 2.448000e-06, KEe, 433142.451378, MEe, 1.443808171e+01, E, -1800.000000, NP, 30000 3000
61300, t, 2.452000e-06, KEe, 434389.678714, MEe, 1.447965596e+01, E, -1800.000000, NP, 30000 3000
61400, t, 2.456000e-06, KEe, 435462.602793, MEe, 1.451542009e+01, E, -1800.000000, NP, 30000 3000
61500, t, 2.460000e-06, KEe, 434995.174247, MEe, 1.449983914e+01, E, -1800.000000, NP, 30000 3000
61600, t, 2.464000e-06, KEe, 436355.238568, MEe, 1.454517462e+01, E, -1800.000000, NP, 30000 3000
61700, t, 2.468000e-06, KEe, 436220.007349, MEe, 1.454066691e+01, E, -1800.000000, NP, 30000 3000
61800, t, 2.472000e-06, KEe, 435882.398622, MEe, 1.452941329e+01, E, -1800.000000, NP, 30000 3000
61900, t, 2.476000e-06, KEe, 436437.247116, MEe, 1.454790824e+01, E, -1800.000000, NP, 30000 3000
62000, t, 2.480000e-06, KEe, 438084.895142, MEe, 1.460282984e+01, E, -1800.000000, NP, 30000 3000
62100, t, 2.484000e-06, KEe, 436506.847256, MEe, 1.455022824e+01, E, -1800.000000, NP, 30000 3000
62200, t, 2.488000e-06, KEe, 436160.367257, MEe, 1.453867891e+01, E, -1800.000000, NP, 30000 3000
62300, t, 2.492000e-06, KEe, 436756.512387, MEe, 1.455855041e+01, E, -1800.000000, NP, 30000 3000
62400, t, 2.496000e-06, KEe, 436462.009108, MEe, 1.454873364e+01, E, -1800.000000, NP, 30000 3000
62500, t, 2.500000e-06, KEe, 435958.869868, MEe, 1.453196233e+01, E, -1800.000000, NP, 30000 3000
62600, t, 2.504000e-06, KEe, 434645.531729, MEe, 1.448818439e+01, E, -1800.000000, NP, 30000 3000
62700, t, 2.508000e-06, KEe, 434698.061484, MEe, 1.448993538e+01, E, -1800.000000, NP, 30000 3000
62800, t, 2.512000e-06, KEe, 435882.009322, MEe, 1.452940031e+01, E, -1800.000000, NP, 30000 3000
62900, t, 2.516000e-06, KEe, 436995.364368, MEe, 1.456651215e+01, E, -1800.000000, NP, 30000 3000
63000, t, 2.520000e-06, KEe, 438460.821834, MEe, 1.461536073e+01, E, -1800.000000, NP, 30000 3000
63100, t, 2.524000e-06, KEe, 440415.127956, MEe, 1.468050427e+01, E, -1800.000000, NP, 30000 3000
63200, t, 2.528000e-06, KEe, 439666.810687, MEe, 1.465556036e+01, E, -1800.000000, NP, 30000 3000
63300, t, 2.532000e-06, KEe, 439196.240634, MEe, 1.463987469e+01, E, -1800.000000, NP, 30000 3000
63400, t, 2.536000e-06, KEe, 439786.276575, MEe, 1.465954255e+01, E, -1800.000000, NP, 30000 3000
63500, t, 2.540000e-06, KEe, 437784.012615, MEe, 1.459280042e+01, E, -1800.000000, NP, 30000 3000
63600, t, 2.544000e-06, KEe, 438871.798549, MEe, 1.462905995e+01, E, -1800.000000, NP, 30000 3000
63700, t, 2.548000e-06, KEe, 438428.017763, MEe, 1.461426726e+01, E, -1800.000000, NP, 30000 3000
63800, t, 2.552000e-06, KEe, 439722.599485, MEe, 1.465741998e+01, E, -1800.000000, NP, 30000 3000
63900, t, 2.556000e-06, KEe, 438864.171373, MEe, 1.462880571e+01, E, -1800.000000, NP, 30000 3000
64000, t, 2.560000e-06, KEe, 436608.936501, MEe, 1.455363122e+01, E, -1800.000000, NP, 30000 3000
64100, t, 2.564000e-06, KEe, 437724.812089, MEe, 1.459082707e+01, E, -1800.000000, NP, 30000 3000
64200, t, 2.568000e-06, KEe, 437900.237201, MEe, 1.459667457e+01, E, -1800.000000, NP, 30000 3000
64300, t, 2.572000e-06, KEe, 436660.199848, MEe, 1.455533999e+01, E, -1800.000000, NP, 30000 3000
64400, t, 2.576000e-06, KEe, 440194.481634, MEe, 1.467314939e+01, E, -1800.000000, NP, 30000 3000
64500, t, 2.580000e-06, KEe, 437234.840510, MEe, 1.457449468e+01, E, -1800.000000, NP, 30000 3000
64600, t, 2.584000e-06, KEe, 436738.227293, MEe, 1.455794091e+01, E, -1800.000000, NP, 30000 3000
64700, t, 2.588000e-06, KEe, 438327.465511, MEe, 1.461091552e+01, E, -1800.000000, NP, 30000 3000
64800, t, 2.592000e-06, KEe, 437534.047223, MEe, 1.458446824e+01, E, -1800.000000, NP, 30000 3000
64900, t, 2.596000e-06, KEe, 435913.668640, MEe, 1.453045562e+01, E, -1800.000000, NP, 30000 3000
65000, t, 2.600000e-06, KEe, 433961.061591, MEe, 1.446536872e+01, E, -1800.000000, NP, 30000 3000
65100, t, 2.604000e-06, KEe, 433404.296888, MEe, 1.444680990e+01, E, -1800.000000, NP, 30000 3000
65200, t, 2.608000e-06, KEe, 434579.681826, MEe, 1.448598939e+01, E, -1800.000000, NP, 30000 3000
65300, t, 2.612000e-06, KEe, 435447.375133, MEe, 1.451491250e+01, E, -1800.000000, NP, 30000 3000
65400, t, 2.616000e-06, KEe, 437030.589609, MEe, 1.456768632e+01, E, -1800.000000, NP, 30000 3000
65500, t, 2.620000e-06, KEe, 434954.333455, MEe, 1.449847778e+01, E, -1800.000000, NP, 30000 3000
65600, t, 2.624000e-06, KEe, 434197.420540, MEe, 1.447324735e+01, E, -1800.000000, NP, 30000 3000
65700, t, 2.628000e-06, KEe, 438855.456410, MEe, 1.462851521e+01, E, -1800.000000, NP, 30000 3000
65800, t, 2.632000e-06, KEe, 437252.764301, MEe, 1.457509214e+01, E, -1800.000000, NP, 30000 3000
65900, t, 2.636000e-06, KEe, 436879.439224, MEe, 1.456264797e+01, E, -1800.000000, NP, 30000 3000
66000, t, 2.640000e-06, KEe, 438779.203671, MEe, 1.462597346e+01, E, -1800.000000, NP, 30000 3000
66100, t, 2.644000e-06, KEe, 439185.087468, MEe, 1.463950292e+01, E, -1800.000000, NP, 30000 3000
66200, t, 2.648000e-06, KEe, 437967.676114, MEe, 1.459892254e+01, E, -1800.000000, NP, 30000 3000
66300, t, 2.652000e-06, KEe, 436774.786437, MEe, 1.455915955e+01, E, -1800.000000, NP, 30000 3000
66400, t, 2.656000e-06, KEe, 436025.156827, MEe, 1.453417189e+01, E, -1800.000000, NP, 30000 3000
66500, t, 2.660000e-06, KEe, 435276.162396, MEe, 1.450920541e+01, E, -1800.000000, NP, 30000 3000
66600, t, 2.664000e-06, KEe, 436059.237872, MEe, 1.453530793e+01, E, -1800.000000, NP, 30000 3000
66700, t, 2.668000e-06, KEe, 437527.384075, MEe, 1.458424614e+01, E, -1800.000000, NP, 30000 3000
66800, t, 2.672000e-06, KEe, 435944.028061, MEe, 1.453146760e+01, E, -1800.000000, NP, 30000 3000
66900, t, 2.676000e-06, KEe, 436183.424456, MEe, 1.453944748e+01, E, -1800.000000, NP, 30000 3000
67000, t, 2.680000e-06, KEe, 435999.706861, MEe, 1.453332356e+01, E, -1800.000000, NP, 30000 3000
67100, t, 2.684000e-06, KEe, 435757.585784, MEe, 1.452525286e+01, E, -1800.000000, NP, 30000 3000
67200, t, 2.688000e-06, KEe, 438252.917817, MEe, 1.460843059e+01, E, -1800.000000, NP, 30000 3000
67300, t, 2.692000e-06, KEe, 438780.497805, MEe, 1.462601659e+01, E, -1800.000000, NP, 30000 3000
67400, t, 2.696000e-06, KEe, 437644.111728, MEe, 1.458813706e+01, E, -1800.000000, NP, 30000 3000
67500, t, 2.700000e-06, KEe, 438297.309835, MEe, 1.460991033e+01, E, -1800.000000, NP, 30000 3000
67600, t, 2.704000e-06, KEe, 437667.730371, MEe, 1.458892435e+01, E, -1800.000000, NP, 30000 3000
67700, t, 2.708000e-06, KEe, 437587.470465, MEe, 1.458624902e+01, E, -1800.000000, NP, 30000 3000
67800, t, 2.712000e-06, KEe, 438842.538426, MEe, 1.462808461e+01, E, -1800.000000, NP, 30000 3000
67900, t, 2.716000e-06, KEe, 437578.078179, MEe, 1.458593594e+01, E, -1800.000000, NP, 30000 3000
68000, t, 2.720000e-06, KEe, 439242.677259, MEe, 1.464142258e+01, E, -1800.000000, NP, 30000 3000
68100, t, 2.724000e-06, KEe, 436351.435327, MEe, 1.454504784e+01, E, -1800.000000, NP, 30000 3000
68200, t, 2.728000e-06, KEe, 435804.792899, MEe, 1.452682643e+01, E, -1800.000000, NP, 30000 3000
68300, t, 2.732000e-06, KEe, 437244.828041, MEe, 1.457482760e+01, E, -1800.000000, NP, 30000 3000
68400, t, 2.736000e-06, KEe, 436965.662108, MEe, 1.456552207e+01, E, -1800.000000, NP, 30000 3000
68500, t, 2.740000e-06, KEe, 436160.058563, MEe, 1.453866862e+01, E, -1800.000000, NP, 30000 3000
68600, t, 2.744000e-06, KEe, 436561.505298, MEe, 1.455205018e+01, E, -1800.000000, NP, 30000 3000
68700, t, 2.748000e-06, KEe, 436418.296451, MEe, 1.454727655e+01, E, -1800.000000, NP, 30000 3000
68800, t, 2.752000e-06, KEe, 437592.708989, MEe, 1.458642363e+01, E, -1800.000000, NP, 30000 3000
68900, t, 2.756000e-06, KEe, 437721.739740, MEe, 1.459072466e+01, E, -1800.000000, NP, 30000 3000
69000, t, 2.760000e-06, KEe, 437452.928375, MEe, 1.458176428e+01, E, -1800.000000, NP, 30000 3000
69100, t, 2.764000e-06, KEe, 437754.140275, MEe, 1.459180468e+01, E, -1800.000000, NP, 30000 3000
69200, t, 2.768000e-06, KEe, 438047.673169, MEe, 1.460158911e+01, E, -1800.000000, NP, 30000 3000
69300, t, 2.772000e-06, KEe, 441950.290978, MEe, 1.473167637e+01, E, -1800.000000, NP, 30000 3000
69400, t, 2.776000e-06, KEe, 440086.179345, MEe, 1.466953931e+01, E, -1800.000000, NP, 30000 3000
69500, t, 2.780000e-06, KEe, 438097.736555, MEe, 1.460325789e+01, E, -1800.000000, NP, 30000 3000
69600, t, 2.784000e-06, KEe, 435528.634335, MEe, 1.451762114e+01, E, -1800.000000, NP, 30000 3000
69700, t, 2.788000e-06, KEe, 436341.984985, MEe, 1.454473283e+01, E, -1800.000000, NP, 30000 3000
69800, t, 2.792000e-06, KEe, 438621.600937, MEe, 1.462072003e+01, E, -1800.000000, NP, 30000 3000
69900, t, 2.796000e-06, KEe, 440048.366201, MEe, 1.466827887e+01, E, -1800.000000, NP, 30000 3000
70000, t, 2.800000e-06, KEe, 438268.147735, MEe, 1.460893826e+01, E, -1800.000000, NP, 30000 3000
70100, t, 2.804000e-06, KEe, 438901.680831, MEe, 1.463005603e+01, E, -1800.000000, NP, 30000 3000
70200, t, 2.808000e-06, KEe, 439480.828847, MEe, 1.464936096e+01, E, -1800.000000, NP, 30000 3000
70300, t, 2.812000e-06, KEe, 436576.144862, MEe, 1.455253816e+01, E, -1800.000000, NP, 30000 3000
70400, t, 2.816000e-06, KEe, 437704.866671, MEe, 1.459016222e+01, E, -1800.000000, NP, 30000 3000
70500, t, 2.820000e-06, KEe, 437967.322545, MEe, 1.459891075e+01, E, -1800.000000, NP, 30000 3000
70600, t, 2.824000e-06, KEe, 435276.052598, MEe, 1.450920175e+01, E, -1800.000000, NP, 30000 3000
70700, t, 2.828000e-06, KEe, 436869.535731, MEe, 1.456231786e+01, E, -1800.000000, NP, 30000 3000
70800, t, 2.832000e-06, KEe, 440366.093531, MEe, 1.467886978e+01, E, -1800.000000, NP, 30000 3000
70900, t, 2.836000e-06, KEe, 436243.777362, MEe, 1.454145925e+01, E, -1800.000000, NP, 30000 3000
71000, t, 2.840000e-06, KEe, 437444.876350, MEe, 1.458149588e+01, E, -1800.000000, NP, 30000 3000
71100, t, 2.844000e-06, KEe, 434543.855711, MEe, 1.448479519e+01, E, -1800.000000, NP, 30000 3000
71200, t, 2.848000e-06, KEe, 436821.339099, MEe, 1.456071130e+01, E, -1800.000000, NP, 30000 3000
71300, t, 2.852000e-06, KEe, 437849.615522, MEe, 1.459498718e+01, E, -1800.000000, NP, 30000 3000
71400, t, 2.856000e-06, KEe, 437262.329243, MEe, 1.457541097e+01, E, -1800.000000, NP, 30000 3000
71500, t, 2.860000e-06, KEe, 437138.135784, MEe, 1.457127119e+01, E, -1800.000000, NP, 30000 3000
71600, t, 2.864000e-06, KEe, 439309.100003, MEe, 1.464363667e+01, E, -1800.000000, NP, 30000 3000
71700, t, 2.868000e-06, KEe, 439245.213901, MEe, 1.464150713e+01, E, -1800.000000, NP, 30000 3000
71800, t, 2.872000e-06, KEe, 439498.209818, MEe, 1.464994033e+01, E, -1800.000000, NP, 30000 3000
71900, t, 2.876000e-06, KEe, 437709.162891, MEe, 1.459030543e+01, E, -1800.000000, NP, 30000 3000
72000, t, 2.880000e-06, KEe, 437793.501035, MEe, 1.459311670e+01, E, -1800.000000, NP, 30000 3000
72100, t, 2.884000e-06, KEe, 435352.943345, MEe, 1.451176478e+01, E, -1800.000000, NP, 30000 3000
72200, t, 2.888000e-06, KEe, 438668.376604, MEe, 1.462227922e+01, E, -1800.000000, NP, 30000 3000
72300, t, 2.892000e-06, KEe, 436968.140125, MEe, 1.456560467e+01, E, -1800.000000, NP, 30000 3000
72400, t, 2.896000e-06, KEe, 436913.390502, MEe, 1.456377968e+01, E, -1800.000000, NP, 30000 3000
72500, t, 2.900000e-06, KEe, 437544.407896, MEe, 1.458481360e+01, E, -1800.000000, NP, 30000 3000
72600, t, 2.904000e-06, KEe, 437182.397810, MEe, 1.457274659e+01, E, -1800.000000, NP, 30000 3000
72700, t, 2.908000e-06, KEe, 437742.816254, MEe, 1.459142721e+01, E, -1800.000000, NP, 30000 3000
72800, t, 2.912000e-06, KEe, 436520.648729, MEe, 1.455068829e+01, E, -1800.000000, NP, 30000 3000
72900, t, 2.916000e-06, KEe, 437275.920240, MEe, 1.457586401e+01, E, -1800.000000, NP, 30000 3000
73000, t, 2.920000e-06, KEe, 436770.592408, MEe, 1.455901975e+01, E, -1800.000000, NP, 30000 3000
73100, t, 2.924000e-06, KEe, 435868.105750, MEe, 1.452893686e+01, E, -1800.000000, NP, 30000 3000
73200, t, 2.928000e-06, KEe, 437373.961425, MEe, 1.457913205e+01, E, -1800.000000, NP, 30000 3000
73300, t, 2.932000e-06, KEe, 434626.397825, MEe, 1.448754659e+01, E, -1800.000000, NP, 30000 3000
73400, t, 2.936000e-06, KEe, 436004.572018, MEe, 1.453348573e+01, E, -1800.000000, NP, 30000 3000
73500, t, 2.940000e-06, KEe, 435048.603896, MEe, 1.450162013e+01, E, -1800.000000, NP, 30000 3000
73600, t, 2.944000e-06, KEe, 436113.047932, MEe, 1.453710160e+01, E, -1800.000000, NP, 30000 3000
73700, t, 2.948000e-06, KEe, 437175.032014, MEe, 1.457250107e+01, E, -1800.000000, NP, 30000 3000
73800, t, 2.952000e-06, KEe, 437739.274377, MEe, 1.459130915e+01, E, -1800.000000, NP, 30000 3000
73900, t, 2.956000e-06, KEe, 437854.477654, MEe, 1.459514926e+01, E, -1800.000000, NP, 30000 3000
74000, t, 2.960000e-06, KEe, 439924.996226, MEe, 1.466416654e+01, E, -1800.000000, NP, 30000 3000
74100, t, 2.964000e-06, KEe, 438554.603789, MEe, 1.461848679e+01, E, -1800.000000, NP, 30000 3000
74200, t, 2.968000e-06, KEe, 438690.996335, MEe, 1.462303321e+01, E, -1800.000000, NP, 30000 3000
74300, t, 2.972000e-06, KEe, 438297.279633, MEe, 1.460990932e+01, E, -1800.000000, NP, 30000 3000
74400, t, 2.976000e-06, KEe, 436340.838627, MEe, 1.454469462e+01, E, -1800.000000, NP, 30000 3000
74500, t, 2.980000e-06, KEe, 433393.182004, MEe, 1.444643940e+01, E, -1800.000000, NP, 30000 3000
74600, t, 2.984000e-06, KEe, 435057.511235, MEe, 1.450191704e+01, E, -1800.000000, NP, 30000 3000
74700, t, 2.988000e-06, KEe, 438292.583233, MEe, 1.460975277e+01, E, -1800.000000, NP, 30000 3000
74800, t, 2.992000e-06, KEe, 437654.918098, MEe, 1.458849727e+01, E, -1800.000000, NP, 30000 3000
74900, t, 2.996000e-06, KEe, 437684.847213, MEe, 1.458949491e+01, E, -1800.000000, NP, 30000 3000
75000, t, 3.000000e-06, KEe, 438778.115868, MEe, 1.462593720e+01, E, -1800.000000, NP, 30000 3000
75100, t, 3.004000e-06, KEe, 439526.495471, MEe, 1.465088318e+01, E, -1800.000000, NP, 30000 3000
75200, t, 3.008000e-06, KEe, 439087.098799, MEe, 1.463623663e+01, E, -1800.000000, NP, 30000 3000
75300, t, 3.012000e-06, KEe, 439125.151057, MEe, 1.463750504e+01, E, -1800.000000, NP, 30000 3000
75400, t, 3.016000e-06, KEe, 436940.838341, MEe, 1.456469461e+01, E, -1800.000000, NP, 30000 3000
75500, t, 3.020000e-06, KEe, 437124.127453, MEe, 1.457080425e+01, E, -1800.000000, NP, 30000 3000
75600, t, 3.024000e-06, KEe, 438811.829650, MEe, 1.462706099e+01, E, -1800.000000, NP, 30000 3000
75700, t, 3.028000e-06, KEe, 438257.934982, MEe, 1.460859783e+01, E, -1800.000000, NP, 30000 3000
75800, t, 3.032000e-06, KEe, 438439.190570, MEe, 1.461463969e+01, E, -1800.000000, NP, 30000 3000
75900, t, 3.036000e-06, KEe, 438640.778526, MEe, 1.462135928e+01, E, -1800.000000, NP, 30000 3000
76000, t, 3.040000e-06, KEe, 436361.930516, MEe, 1.454539768e+01, E, -1800.000000, NP, 30000 3000
76100, t, 3.044000e-06, KEe, 436751.399438, MEe, 1.455837998e+01, E, -1800.000000, NP, 30000 3000
76200, t, 3.048000e-06, KEe, 436038.483760, MEe, 1.453461613e+01, E, -1800.000000, NP, 30000 3000
76300, t, 3.052000e-06, KEe, 435277.919053, MEe, 1.450926397e+01, E, -1800.000000, NP, 30000 3000
76400, t, 3.056000e-06, KEe, 437889.652256, MEe, 1.459632174e+01, E, -1800.000000, NP, 30000 3000
76500, t, 3.060000e-06, KEe, 435877.661613, MEe, 1.452925539e+01, E, -1800.000000, NP, 30000 3000
76600, t, 3.064000e-06, KEe, 437221.788659, MEe, 1.457405962e+01, E, -1800.000000, NP, 30000 3000
76700, t, 3.068000e-06, KEe, 438176.515376, MEe, 1.460588385e+01, E, -1800.000000, NP, 30000 3000
76800, t, 3.072000e-06, KEe, 439135.063134, MEe, 1.463783544e+01, E, -1800.000000, NP, 30000 3000
76900, t, 3.076000e-06, KEe, 435976.321186, MEe, 1.453254404e+01, E, -1800.000000, NP, 30000 3000
77000, t, 3.080000e-06, KEe, 434310.462325, MEe, 1.447701541e+01, E, -1800.000000, NP, 30000 3000
77100, t, 3.084000e-06, KEe, 437051.870265, MEe, 1.456839568e+01, E, -1800.000000, NP, 30000 3000
77200, t, 3.088000e-06, KEe, 435732.009051, MEe, 1.452440030e+01, E, -1800.000000, NP, 30000 3000
77300, t, 3.092000e-06, KEe, 435402.988900, MEe, 1.451343296e+01, E, -1800.000000, NP, 30000 3000
77400, t, 3.096000e-06, KEe, 435514.151872, MEe, 1.451713840e+01, E, -1800.000000, NP, 30000 3000
77500, t, 3.100000e-06, KEe, 437730.514334, MEe, 1.459101714e+01, E, -1800.000000, NP, 30000 3000
77600, t, 3.104000e-06, KEe, 436756.816194, MEe, 1.455856054e+01, E, -1800.000000, NP, 30000 3000
77700, t, 3.108000e-06, KEe, 436132.378237, MEe, 1.453774594e+01, E, -1800.000000, NP, 30000 3000
77800, t, 3.112000e-06, KEe, 437476.262101, MEe, 1.458254207e+01, E, -1800.000000, NP, 30000 3000
77900, t, 3.116000e-06, KEe, 436393.494053, MEe, 1.454644980e+01, E, -1800.000000, NP, 30000 3000
78000, t, 3.120000e-06, KEe, 436425.753479, MEe, 1.454752512e+01, E, -1800.000000, NP, 30000 3000
78100, t, 3.124000e-06, KEe, 435844.291638, MEe, 1.452814305e+01, E, -1800.000000, NP, 30000 3000
78200, t, 3.128000e-06, KEe, 436554.827703, MEe, 1.455182759e+01, E, -1800.000000, NP, 30000 3000
78300, t, 3.132000e-06, KEe, 438708.041144, MEe, 1.462360137e+01, E, -1800.000000, NP, 30000 3000
78400, t, 3.136000e-06, KEe, 439615.986715, MEe, 1.465386622e+01, E, -1800.000000, NP, 30000 3000
78500, t, 3.140000e-06, KEe, 437528.972767, MEe, 1.458429909e+01, E, -1800.000000, NP, 30000 3000
78600, t, 3.144000e-06, KEe, 438909.621155, MEe, 1.463032071e+01, E, -1800.000000, NP, 30000 3000
78700, t, 3.148000e-06, KEe, 441078.548929, MEe, 1.470261830e+01, E, -1800.000000, NP, 30000 3000
78800, t, 3.152000e-06, KEe, 440559.582273, MEe, 1.468531941e+01, E, -1800.000000, NP, 30000 3000
78900, t, 3.156000e-06, KEe, 442305.209741, MEe, 1.474350699e+01, E, -1800.000000, NP, 30000 3000
79000, t, 3.160000e-06, KEe, 440464.204684, MEe, 1.468214016e+01, E, -1800.000000, NP, 30000 3000
79100, t, 3.164000e-06, KEe, 438266.169948, MEe, 1.460887233e+01, E, -1800.000000, NP, 30000 3000
79200, t, 3.168000e-06, KEe, 439401.126303, MEe, 1.464670421e+01, E, -1800.000000, NP, 30000 3000
79300, t, 3.172000e-06, KEe, 438313.894954, MEe, 1.461046317e+01, E, -1800.000000, NP, 30000 3000
79400, t, 3.176000e-06, KEe, 437623.151372, MEe, 1.458743838e+01, E, -1800.000000, NP, 30000 3000
79500, t, 3.180000e-06, KEe, 436351.586277, MEe, 1.454505288e+01, E, -1800.000000, NP, 30000 3000
79600, t, 3.184000e-06, KEe, 437505.850969, MEe, 1.458352837e+01, E, -1800.000000, NP, 30000 3000
79700, t, 3.188000e-06, KEe, 435372.134199, MEe, 1.451240447e+01, E, -1800.000000, NP, 30000 3000
79800, t, 3.192000e-06, KEe, 433995.765562, MEe, 1.446652552e+01, E, -1800.000000, NP, 30000 3000
79900, t, 3.196000e-06, KEe, 434985.606241, MEe, 1.449952021e+01, E, -1800.000000, NP, 30000 3000
80000, t, 3.200000e-06, KEe, 435388.173838, MEe, 1.451293913e+01, E, -1800.000000, NP, 30000 3000
