RandMax 2147483647
reading box length: 1.000000e-06 (m)
reading number of particle types: 2
reading number of particles of type 0: 30000
reading number of particles of type 1: 3000
reading temperature of particle type 0: 0.000000 (eV)
reading temperature of particle type 1: 0.025900 (eV)
reading flow velocity of particle type 0: 0.000000 (eV)
reading flow velocity of particle type 1: 0.000000 (eV)
reading charge of particle type 0: -1.000000 (elementary charge)
reading charge of particle type 1: 0.000000 (elementary charge)
reading mass of particle type 0: 0.000549 (amu)
reading mass of particle type 1: 28.000000 (amu)
reading number of time steps: 80000
reading vsigma max samples: 1000
reading time step dt: 4.000000e-11
reading electric field: -1.200000e+03 (V/m)
reading electric frequency: 0.000000e+00 (Hz)
reading magnetic field: 0.000000e+00 0.000000e+00 0.000000e+00 (Tesla)
reading vdf dump spec: 1000 1000000 0
reading extrapolation option: 0
reading memory allocation: 0.000000e+00 (GB)
reading auto dump spec: 0
reading output stride spec: 100
reading carry remainder spec: 0
found cross_sections/Ar.dat file for particle 0 with 1 in indeck, differential model found: Aubin
found cross_sections/Ar->Ar(3d'[3/2]1).dat file for particle 0 with 1 in indeck
found cross_sections/Ar->Ar(3d'[3/2]2).dat file for particle 0 with 1 in indeck
found cross_sections/Ar->Ar(3d'[5/2]2).dat file for particle 0 with 1 in indeck
found cross_sections/Ar->Ar(3d'[5/2]3).dat file for particle 0 with 1 in indeck
found cross_sections/Ar->Ar(3d[1/2]0).dat file for particle 0 with 1 in indeck
found cross_sections/Ar->Ar(3d[1/2]1).dat file for particle 0 with 1 in indeck
found cross_sections/Ar->Ar(3d[3/2]1).dat file for particle 0 with 1 in indeck
found cross_sections/Ar->Ar(3d[3/2]2).dat file for particle 0 with 1 in indeck
found cross_sections/Ar->Ar(3d[5/2]2).dat file for particle 0 with 1 in indeck
found cross_sections/Ar->Ar(3d[5/2]3).dat file for particle 0 with 1 in indeck
found cross_sections/Ar->Ar(3d[7/2]3).dat file for particle 0 with 1 in indeck
found cross_sections/Ar->Ar(3d[7/2]4).dat file for particle 0 with 1 in indeck
found cross_sections/Ar->Ar(4p'[1/2]0).dat file for particle 0 with 1 in indeck
found cross_sections/Ar->Ar(4p'[1/2]1).dat file for particle 0 with 1 in indeck
found cross_sections/Ar->Ar(4p'[3/2]1).dat file for particle 0 with 1 in indeck
found cross_sections/Ar->Ar(4p'[3/2]2).dat file for particle 0 with 1 in indeck
found cross_sections/Ar->Ar(4p[1/2]0).dat file for particle 0 with 1 in indeck
found cross_sections/Ar->Ar(4p[1/2]1).dat file for particle 0 with 1 in indeck
found cross_sections/Ar->Ar(4p[3/2]1).dat file for particle 0 with 1 in indeck
found cross_sections/Ar->Ar(4p[3/2]2).dat file for particle 0 with 1 in indeck
found cross_sections/Ar->Ar(4p[5/2]2).dat file for particle 0 with 1 in indeck
found cross_sections/Ar->Ar(4p[5/2]3).dat file for particle 0 with 1 in indeck
found cross_sections/Ar->Ar(4s'[1/2]0).dat file for particle 0 with 1 in indeck
found cross_sections/Ar->Ar(4s'[1/2]1).dat file for particle 0 with 1 in indeck
found cross_sections/Ar->Ar(4s[3/2]1).dat file for particle 0 with 1 in indeck
found cross_sections/Ar->Ar(4s[3/2]2).dat file for particle 0 with 1 in indeck
found cross_sections/Ar->Ar(5s'[1/2]0).dat file for particle 0 with 1 in indeck
found cross_sections/Ar->Ar(5s'[1/2]1).dat file for particle 0 with 1 in indeck
found cross_sections/Ar->Ar(5s[3/2]1).dat file for particle 0 with 1 in indeck
found cross_sections/Ar->Ar(5s[3/2]2).dat file for particle 0 with 1 in indeck
found cross_sections/Ar->Ar(Rydberg).dat file for particle 0 with 1 in indeck
found cross_sections/Ar->Ar^+.dat file for particle 0 with 1 in indeck, differential model found: Uniform
reading cross_sections/Ar.dat
reading cross_sections/Ar->Ar(3d'[3/2]1).dat
reading cross_sections/Ar->Ar(3d'[3/2]2).dat
reading cross_sections/Ar->Ar(3d'[5/2]2).dat
reading cross_sections/Ar->Ar(3d'[5/2]3).dat
reading cross_sections/Ar->Ar(3d[1/2]0).dat
reading cross_sections/Ar->Ar(3d[1/2]1).dat
reading cross_sections/Ar->Ar(3d[3/2]1).dat
reading cross_sections/Ar->Ar(3d[3/2]2).dat
reading cross_sections/Ar->Ar(3d[5/2]2).dat
reading cross_sections/Ar->Ar(3d[5/2]3).dat
reading cross_sections/Ar->Ar(3d[7/2]3).dat
reading cross_sections/Ar->Ar(3d[7/2]4).dat
reading cross_sections/Ar->Ar(4p'[1/2]0).dat
reading cross_sections/Ar->Ar(4p'[1/2]1).dat
reading cross_sections/Ar->Ar(4p'[3/2]1).dat
reading cross_sections/Ar->Ar(4p'[3/2]2).dat
reading cross_sections/Ar->Ar(4p[1/2]0).dat
reading cross_sections/Ar->Ar(4p[1/2]1).dat
reading cross_sections/Ar->Ar(4p[3/2]1).dat
reading cross_sections/Ar->Ar(4p[3/2]2).dat
reading cross_sections/Ar->Ar(4p[5/2]2).dat
reading cross_sections/Ar->Ar(4p[5/2]3).dat
reading cross_sections/Ar->Ar(4s'[1/2]0).dat
reading cross_sections/Ar->Ar(4s'[1/2]1).dat
reading cross_sections/Ar->Ar(4s[3/2]1).dat
reading cross_sections/Ar->Ar(4s[3/2]2).dat
reading cross_sections/Ar->Ar(5s'[1/2]0).dat
reading cross_sections/Ar->Ar(5s'[1/2]1).dat
reading cross_sections/Ar->Ar(5s[3/2]1).dat
reading cross_sections/Ar->Ar(5s[3/2]2).dat
reading cross_sections/Ar->Ar(Rydberg).dat
reading cross_sections/Ar->Ar^+.dat
Memory per particle: 72 bytes
Memory for all initial particles: 2.213e-03 GB
Allocating space for 132000 particles
------------------------------------
0, t, 0.000000e+00, KEe, 0.000000, MEe, 0.000000000e+00, E, -1200.000000, NP, 30000 3000
100, t, 4.000000e-09, KEe, 59533.666464, MEe, 1.984455549e+00, E, -1200.000000, NP, 30000 3000
200, t, 8.000000e-09, KEe, 185806.461462, MEe, 6.193548715e+00, E, -1200.000000, NP, 30000 3000
300, t, 1.200000e-08, KEe, 243704.235348, MEe, 8.123474512e+00, E, -1200.000000, NP, 30000 3000
400, t, 1.600000e-08, KEe, 272497.601298, MEe, 9.083253377e+00, E, -1200.000000, NP, 30000 3000
500, t, 2.000000e-08, KEe, 294814.316094, MEe, 9.827143870e+00, E, -1200.000000, NP, 30000 3000
600, t, 2.400000e-08, KEe, 309844.950472, MEe, 1.032816502e+01, E, -1200.000000, NP, 30000 3000
700, t, 2.800000e-08, KEe, 319514.734117, MEe, 1.065049114e+01, E, -1200.000000, NP, 30000 3000
800, t, 3.200000e-08, KEe, 326422.502526, MEe, 1.088075008e+01, E, -1200.000000, NP, 30000 3000
900, t, 3.600000e-08, KEe, 331759.348555, MEe, 1.105864495e+01, E, -1200.000000, NP, 30000 3000
1000, t, 4.000000e-08, KEe, 332423.466553, MEe, 1.108078222e+01, E, -1200.000000, NP, 30000 3000
1100, t, 4.400000e-08, KEe, 335833.916346, MEe, 1.119446388e+01, E, -1200.000000, NP, 30000 3000
1200, t, 4.800000e-08, KEe, 338013.124667, MEe, 1.126710416e+01, E, -1200.000000, NP, 30000 3000
1300, t, 5.200000e-08, KEe, 339098.469201, MEe, 1.130328231e+01, E, -1200.000000, NP, 30000 3000
1400, t, 5.600000e-08, KEe, 339842.230833, MEe, 1.132807436e+01, E, -1200.000000, NP, 30000 3000
1500, t, 6.000000e-08, KEe, 337979.538418, MEe, 1.126598461e+01, E, -1200.000000, NP, 30000 3000
1600, t, 6.400000e-08, KEe, 338378.040509, MEe, 1.127926802e+01, E, -1200.000000, NP, 30000 3000
1700, t, 6.800000e-08, KEe, 338522.138769, MEe, 1.128407129e+01, E, -1200.000000, NP, 30000 3000
1800, t, 7.200000e-08, KEe, 337576.549007, MEe, 1.125255163e+01, E, -1200.000000, NP, 30000 3000
1900, t, 7.600000e-08, KEe, 337118.280626, MEe, 1.123727602e+01, E, -1200.000000, NP, 30000 3000
2000, t, 8.000000e-08, KEe, 338399.744252, MEe, 1.127999148e+01, E, -1200.000000, NP, 30000 3000
2100, t, 8.400000e-08, KEe, 340420.360833, MEe, 1.134734536e+01, E, -1200.000000, NP, 30000 3000
2200, t, 8.800000e-08, KEe, 340423.152228, MEe, 1.134743841e+01, E, -1200.000000, NP, 30000 3000
2300, t, 9.200000e-08, KEe, 337675.771043, MEe, 1.125585903e+01, E, -1200.000000, NP, 30000 3000
2400, t, 9.600000e-08, KEe, 335762.221313, MEe, 1.119207404e+01, E, -1200.000000, NP, 30000 3000
2500, t, 1.000000e-07, KEe, 337168.782057, MEe, 1.123895940e+01, E, -1200.000000, NP, 30000 3000
2600, t, 1.040000e-07, KEe, 338168.228118, MEe, 1.127227427e+01, E, -1200.000000, NP, 30000 3000
2700, t, 1.080000e-07, KEe, 337817.389990, MEe, 1.126057967e+01, E, -1200.000000, NP, 30000 3000
2800, t, 1.120000e-07, KEe, 338186.105888, MEe, 1.127287020e+01, E, -1200.000000, NP, 30000 3000
2900, t, 1.160000e-07, KEe, 339012.535613, MEe, 1.130041785e+01, E, -1200.000000, NP, 30000 3000
3000, t, 1.200000e-07, KEe, 339684.636685, MEe, 1.132282122e+01, E, -1200.000000, NP, 30000 3000
3100, t, 1.240000e-07, KEe, 338930.906398, MEe, 1.129769688e+01, E, -1200.000000, NP, 30000 3000
3200, t, 1.280000e-07, KEe, 338085.776155, MEe, 1.126952587e+01, E, -1200.000000, NP, 30000 3000
3300, t, 1.320000e-07, KEe, 337835.220623, MEe, 1.126117402e+01, E, -1200.000000, NP, 30000 3000
3400, t, 1.360000e-07, KEe, 338550.720846, MEe, 1.128502403e+01, E, -1200.000000, NP, 30000 3000
3500, t, 1.400000e-07, KEe, 338531.096178, MEe, 1.128436987e+01, E, -1200.000000, NP, 30000 3000
3600, t, 1.440000e-07, KEe, 338077.993583, MEe, 1.126926645e+01, E, -1200.000000, NP, 30000 3000
3700, t, 1.480000e-07, KEe, 337487.762219, MEe, 1.124959207e+01, E, -1200.000000, NP, 30000 3000
3800, t, 1.520000e-07, KEe, 336861.249539, MEe, 1.122870832e+01, E, -1200.000000, NP, 30000 3000
3900, t, 1.560000e-07, KEe, 337377.135541, MEe, 1.124590452e+01, E, -1200.000000, NP, 30000 3000
4000, t, 1.600000e-07, KEe, 338602.637716, MEe, 1.128675459e+01, E, -1200.000000, NP, 30000 3000
4100, t, 1.640000e-07, KEe, 339141.033679, MEe, 1.130470112e+01, E, -1200.000000, NP, 30000 3000
4200, t, 1.680000e-07, KEe, 339841.743327, MEe, 1.132805811e+01, E, -1200.000000, NP, 30000 3000
4300, t, 1.720000e-07, KEe, 337080.363493, MEe, 1.123601212e+01, E, -1200.000000, NP, 30000 3000
4400, t, 1.760000e-07, KEe, 336646.422788, MEe, 1.122154743e+01, E, -1200.000000, NP, 30000 3000
4500, t, 1.800000e-07, KEe, 336503.794846, MEe, 1.121679316e+01, E, -1200.000000, NP, 30000 3000
4600, t, 1.840000e-07, KEe, 338009.348594, MEe, 1.126697829e+01, E, -1200.000000, NP, 30000 3000
4700, t, 1.880000e-07, KEe, 338685.402016, MEe, 1.128951340e+01, E, -1200.000000, NP, 30000 3000
4800, t, 1.920000e-07, KEe, 338616.447940, MEe, 1.128721493e+01, E, -1200.000000, NP, 30000 3000
4900, t, 1.960000e-07, KEe, 337381.040592, MEe, 1.124603469e+01, E, -1200.000000, NP, 30000 3000
5000, t, 2.000000e-07, KEe, 337915.815440, MEe, 1.126386051e+01, E, -1200.000000, NP, 30000 3000
5100, t, 2.040000e-07, KEe, 339172.749750, MEe, 1.130575833e+01, E, -1200.000000, NP, 30000 3000
5200, t, 2.080000e-07, KEe, 339413.094600, MEe, 1.131376982e+01, E, -1200.000000, NP, 30000 3000
5300, t, 2.120000e-07, KEe, 339189.848615, MEe, 1.130632829e+01, E, -1200.000000, NP, 30000 3000
5400, t, 2.160000e-07, KEe, 337616.537341, MEe, 1.125388458e+01, E, -1200.000000, NP, 30000 3000
5500, t, 2.200000e-07, KEe, 338011.446276, MEe, 1.126704821e+01, E, -1200.000000, NP, 30000 3000
5600, t, 2.240000e-07, KEe, 337597.097264, MEe, 1.125323658e+01, E, -1200.000000, NP, 30000 3000
5700, t, 2.280000e-07, KEe, 337678.209894, MEe, 1.125594033e+01, E, -1200.000000, NP, 30000 3000
5800, t, 2.320000e-07, KEe, 337558.163978, MEe, 1.125193880e+01, E, -1200.000000, NP, 30000 3000
5900, t, 2.360000e-07, KEe, 337996.557559, MEe, 1.126655192e+01, E, -1200.000000, NP, 30000 3000
6000, t, 2.400000e-07, KEe, 338331.359254, MEe, 1.127771198e+01, E, -1200.000000, NP, 30000 3000
6100, t, 2.440000e-07, KEe, 337815.652694, MEe, 1.126052176e+01, E, -1200.000000, NP, 30000 3000
6200, t, 2.480000e-07, KEe, 340386.970950, MEe, 1.134623236e+01, E, -1200.000000, NP, 30000 3000
6300, t, 2.520000e-07, KEe, 341123.217416, MEe, 1.137077391e+01, E, -1200.000000, NP, 30000 3000
6400, t, 2.560000e-07, KEe, 339876.762592, MEe, 1.132922542e+01, E, -1200.000000, NP, 30000 3000
6500, t, 2.600000e-07, KEe, 340513.848326, MEe, 1.135046161e+01, E, -1200.000000, NP, 30000 3000
6600, t, 2.640000e-07, KEe, 339777.179664, MEe, 1.132590599e+01, E, -1200.000000, NP, 30000 3000
6700, t, 2.680000e-07, KEe, 339892.602081, MEe, 1.132975340e+01, E, -1200.000000, NP, 30000 3000
6800, t, 2.720000e-07, KEe, 340019.398182, MEe, 1.133397994e+01, E, -1200.000000, NP, 30000 3000
6900, t, 2.760000e-07, KEe, 338113.558344, MEe, 1.127045194e+01, E, -1200.000000, NP, 30000 3000
7000, t, 2.800000e-07, KEe, 338339.385764, MEe, 1.127797953e+01, E, -1200.000000, NP, 30000 3000
7100, t, 2.840000e-07, KEe, 338390.393352, MEe, 1.127967978e+01, E, -1200.000000, NP, 30000 3000
7200, t, 2.880000e-07, KEe, 337988.066786, MEe, 1.126626889e+01, E, -1200.000000, NP, 30000 3000
7300, t, 2.920000e-07, KEe, 338465.766393, MEe, 1.128219221e+01, E, -1200.000000, NP, 30000 3000
7400, t, 2.960000e-07, KEe, 337966.333589, MEe, 1.126554445e+01, E, -1200.000000, NP, 30000 3000
7500, t, 3.000000e-07, KEe, 338133.172255, MEe, 1.127110574e+01, E, -1200.000000, NP, 30000 3000
7600, t, 3.040000e-07, KEe, 338734.576639, MEe, 1.129115255e+01, E, -1200.000000, NP, 30000 3000
7700, t, 3.080000e-07, KEe, 337707.792991, MEe, 1.125692643e+01, E, -1200.000000, NP, 30000 3000
7800, t, 3.120000e-07, KEe, 336699.422084, MEe, 1.122331407e+01, E, -1200.000000, NP, 30000 3000
7900, t, 3.160000e-07, KEe, 336398.512250, MEe, 1.121328374e+01, E, -1200.000000, NP, 30000 3000
8000, t, 3.200000e-07, KEe, 337010.056147, MEe, 1.123366854e+01, E, -1200.000000, NP, 30000 3000
8100, t, 3.240000e-07, KEe, 336536.737166, MEe, 1.121789124e+01, E, -1200.000000, NP, 30000 3000
8200, t, 3.280000e-07, KEe, 337474.592570, MEe, 1.124915309e+01, E, -1200.000000, NP, 30000 3000
8300, t, 3.320000e-07, KEe, 338083.184215, MEe, 1.126943947e+01, E, -1200.000000, NP, 30000 3000
8400, t, 3.360000e-07, KEe, 338487.586080, MEe, 1.128291954e+01, E, -1200.000000, NP, 30000 3000
8500, t, 3.400000e-07, KEe, 336403.067335, MEe, 1.121343558e+01, E, -1200.000000, NP, 30000 3000
8600, t, 3.440000e-07, KEe, 336194.164253, MEe, 1.120647214e+01, E, -1200.000000, NP, 30000 3000
8700, t, 3.480000e-07, KEe, 336755.076645, MEe, 1.122516922e+01, E, -1200.000000, NP, 30000 3000
8800, t, 3.520000e-07, KEe, 338373.649102, MEe, 1.127912164e+01, E, -1200.000000, NP, 30000 3000
8900, t, 3.560000e-07, KEe, 339890.185603, MEe, 1.132967285e+01, E, -1200.000000, NP, 30000 3000
9000, t, 3.600000e-07, KEe, 338668.930114, MEe, 1.128896434e+01, E, -1200.000000, NP, 30000 3000
9100, t, 3.640000e-07, KEe, 338697.952808, MEe, 1.128993176e+01, E, -1200.000000, NP, 30000 3000
9200, t, 3.680000e-07, KEe, 338351.484909, MEe, 1.127838283e+01, E, -1200.000000, NP, 30000 3000
9300, t, 3.720000e-07, KEe, 340890.172888, MEe, 1.136300576e+01, E, -1200.000000, NP, 30000 3000
9400, t, 3.760000e-07, KEe, 340401.100591, MEe, 1.134670335e+01, E, -1200.000000, NP, 30000 3000
9500, t, 3.800000e-07, KEe, 339972.963620, MEe, 1.133243212e+01, E, -1200.000000, NP, 30000 3000
9600, t, 3.840000e-07, KEe, 339339.871186, MEe, 1.131132904e+01, E, -1200.000000, NP, 30000 3000
9700, t, 3.880000e-07, KEe, 340081.612199, MEe, 1.133605374e+01, E, -1200.000000, NP, 30000 3000
9800, t, 3.920000e-07, KEe, 339099.494487, MEe, 1.130331648e+01, E, -1200.000000, NP, 30000 3000
9900, t, 3.960000e-07, KEe, 338089.810464, MEe, 1.126966035e+01, E, -1200.000000, NP, 30000 3000
10000, t, 4.000000e-07, KEe, 338324.724906, MEe, 1.127749083e+01, E, -1200.000000, NP, 30000 3000
10100, t, 4.040000e-07, KEe, 337729.857357, MEe, 1.125766191e+01, E, -1200.000000, NP, 30000 3000
10200, t, 4.080000e-07, KEe, 337901.701352, MEe, 1.126339005e+01, E, -1200.000000, NP, 30000 3000
10300, t, 4.120000e-07, KEe, 338023.460233, MEe, 1.126744867e+01, E, -1200.000000, NP, 30000 3000
10400, t, 4.160000e-07, KEe, 338757.065785, MEe, 1.129190219e+01, E, -1200.000000, NP, 30000 3000
10500, t, 4.200000e-07, KEe, 338753.352200, MEe, 1.129177841e+01, E, -1200.000000, NP, 30000 3000
10600, t, 4.240000e-07, KEe, 339479.870846, MEe, 1.131599569e+01, E, -1200.000000, NP, 30000 3000
10700, t, 4.280000e-07, KEe, 339178.514392, MEe, 1.130595048e+01, E, -1200.000000, NP, 30000 3000
10800, t, 4.320000e-07, KEe, 337519.373083, MEe, 1.125064577e+01, E, -1200.000000, NP, 30000 3000
10900, t, 4.360000e-07, KEe, 336547.323990, MEe, 1.121824413e+01, E, -1200.000000, NP, 30000 3000
11000, t, 4.400000e-07, KEe, 337182.987302, MEe, 1.123943291e+01, E, -1200.000000, NP, 30000 3000
11100, t, 4.440000e-07, KEe, 338040.685223, MEe, 1.126802284e+01, E, -1200.000000, NP, 30000 3000
11200, t, 4.480000e-07, KEe, 338994.988424, MEe, 1.129983295e+01, E, -1200.000000, NP, 30000 3000
11300, t, 4.520000e-07, KEe, 337103.334325, MEe, 1.123677781e+01, E, -1200.000000, NP, 30000 3000
11400, t, 4.560000e-07, KEe, 337670.811094, MEe, 1.125569370e+01, E, -1200.000000, NP, 30000 3000
11500, t, 4.600000e-07, KEe, 338038.995025, MEe, 1.126796650e+01, E, -1200.000000, NP, 30000 3000
11600, t, 4.640000e-07, KEe, 337892.438861, MEe, 1.126308130e+01, E, -1200.000000, NP, 30000 3000
11700, t, 4.680000e-07, KEe, 337819.631754, MEe, 1.126065439e+01, E, -1200.000000, NP, 30000 3000
11800, t, 4.720000e-07, KEe, 339388.805098, MEe, 1.131296017e+01, E, -1200.000000, NP, 30000 3000
11900, t, 4.760000e-07, KEe, 340242.717962, MEe, 1.134142393e+01, E, -1200.000000, NP, 30000 3000
12000, t, 4.800000e-07, KEe, 339002.181715, MEe, 1.130007272e+01, E, -1200.000000, NP, 30000 3000
12100, t, 4.840000e-07, KEe, 338821.527459, MEe, 1.129405092e+01, E, -1200.000000, NP, 30000 3000
12200, t, 4.880000e-07, KEe, 338661.977378, MEe, 1.128873258e+01, E, -1200.000000, NP, 30000 3000
12300, t, 4.920000e-07, KEe, 339457.919269, MEe, 1.131526398e+01, E, -1200.000000, NP, 30000 3000
12400, t, 4.960000e-07, KEe, 340981.873206, MEe, 1.136606244e+01, E, -1200.000000, NP, 30000 3000
12500, t, 5.000000e-07, KEe, 338591.322932, MEe, 1.128637743e+01, E, -1200.000000, NP, 30000 3000
12600, t, 5.040000e-07, KEe, 338188.616924, MEe, 1.127295390e+01, E, -1200.000000, NP, 30000 3000
12700, t, 5.080000e-07, KEe, 338798.600449, MEe, 1.129328668e+01, E, -1200.000000, NP, 30000 3000
12800, t, 5.120000e-07, KEe, 338660.431521, MEe, 1.128868105e+01, E, -1200.000000, NP, 30000 3000
12900, t, 5.160000e-07, KEe, 338626.012264, MEe, 1.128753374e+01, E, -1200.000000, NP, 30000 3000
13000, t, 5.200000e-07, KEe, 338983.427559, MEe, 1.129944759e+01, E, -1200.000000, NP, 30000 3000
13100, t, 5.240000e-07, KEe, 338739.060102, MEe, 1.129130200e+01, E, -1200.000000, NP, 30000 3000
13200, t, 5.280000e-07, KEe, 339674.744379, MEe, 1.132249148e+01, E, -1200.000000, NP, 30000 3000
13300, t, 5.320000e-07, KEe, 338719.867254, MEe, 1.129066224e+01, E, -1200.000000, NP, 30000 3000
13400, t, 5.360000e-07, KEe, 338207.995563, MEe, 1.127359985e+01, E, -1200.000000, NP, 30000 3000
13500, t, 5.400000e-07, KEe, 337867.270868, MEe, 1.126224236e+01, E, -1200.000000, NP, 30000 3000
13600, t, 5.440000e-07, KEe, 338613.161608, MEe, 1.128710539e+01, E, -1200.000000, NP, 30000 3000
13700, t, 5.480000e-07, KEe, 339972.154302, MEe, 1.133240514e+01, E, -1200.000000, NP, 30000 3000
13800, t, 5.520000e-07, KEe, 339940.312831, MEe, 1.133134376e+01, E, -1200.000000, NP, 30000 3000
13900, t, 5.560000e-07, KEe, 339847.732837, MEe, 1.132825776e+01, E, -1200.000000, NP, 30000 3000
14000, t, 5.600000e-07, KEe, 340408.636568, MEe, 1.134695455e+01, E, -1200.000000, NP, 30000 3000
14100, t, 5.640000e-07, KEe, 339444.658278, MEe, 1.131482194e+01, E, -1200.000000, NP, 30000 3000
14200, t, 5.680000e-07, KEe, 339458.628392, MEe, 1.131528761e+01, E, -1200.000000, NP, 30000 3000
14300, t, 5.720000e-07, KEe, 341044.454210, MEe, 1.136814847e+01, E, -1200.000000, NP, 30000 3000
14400, t, 5.760000e-07, KEe, 338867.471376, MEe, 1.129558238e+01, E, -1200.000000, NP, 30000 3000
14500, t, 5.800000e-07, KEe, 338698.975484, MEe, 1.128996585e+01, E, -1200.000000, NP, 30000 3000
14600, t, 5.840000e-07, KEe, 338570.999753, MEe, 1.128569999e+01, E, -1200.000000, NP, 30000 3000
14700, t, 5.880000e-07, KEe, 337604.142725, MEe, 1.125347142e+01, E, -1200.000000, NP, 30000 3000
14800, t, 5.920000e-07, KEe, 336917.753816, MEe, 1.123059179e+01, E, -1200.000000, NP, 30000 3000
14900, t, 5.960000e-07, KEe, 336895.632655, MEe, 1.122985442e+01, E, -1200.000000, NP, 30000 3000
15000, t, 6.000000e-07, KEe, 338637.011920, MEe, 1.128790040e+01, E, -1200.000000, NP, 30000 3000
15100, t, 6.040000e-07, KEe, 337388.081860, MEe, 1.124626940e+01, E, -1200.000000, NP, 30000 3000
15200, t, 6.080000e-07, KEe, 338551.338814, MEe, 1.128504463e+01, E, -1200.000000, NP, 30000 3000
15300, t, 6.120000e-07, KEe, 338214.775733, MEe, 1.127382586e+01, E, -1200.000000, NP, 30000 3000
15400, t, 6.160000e-07, KEe, 338194.462534, MEe, 1.127314875e+01, E, -1200.000000, NP, 30000 3000
15500, t, 6.200000e-07, KEe, 338285.707941, MEe, 1.127619026e+01, E, -1200.000000, NP, 30000 3000
15600, t, 6.240000e-07, KEe, 338596.109477, MEe, 1.128653698e+01, E, -1200.000000, NP, 30000 3000
15700, t, 6.280000e-07, KEe, 339384.553522, MEe, 1.131281845e+01, E, -1200.000000, NP, 30000 3000
15800, t, 6.320000e-07, KEe, 339183.240233, MEe, 1.130610801e+01, E, -1200.000000, NP, 30000 3000
15900, t, 6.360000e-07, KEe, 339124.655317, MEe, 1.130415518e+01, E, -1200.000000, NP, 30000 3000
16000, t, 6.400000e-07, KEe, 340033.104692, MEe, 1.133443682e+01, E, -1200.000000, NP, 30000 3000
16100, t, 6.440000e-07, KEe, 340044.223888, MEe, 1.133480746e+01, E, -1200.000000, NP, 30000 3000
16200, t, 6.480000e-07, KEe, 339344.224187, MEe, 1.131147414e+01, E, -1200.000000, NP, 30000 3000
16300, t, 6.520000e-07, KEe, 337253.385363, MEe, 1.124177951e+01, E, -1200.000000, NP, 30000 3000
16400, t, 6.560000e-07, KEe, 336753.233385, MEe, 1.122510778e+01, E, -1200.000000, NP, 30000 3000
16500, t, 6.600000e-07, KEe, 337722.686228, MEe, 1.125742287e+01, E, -1200.000000, NP, 30000 3000
16600, t, 6.640000e-07, KEe, 338998.459485, MEe, 1.129994865e+01, E, -1200.000000, NP, 30000 3000
16700, t, 6.680000e-07, KEe, 341676.127089, MEe, 1.138920424e+01, E, -1200.000000, NP, 30000 3000
16800, t, 6.720000e-07, KEe, 342433.599755, MEe, 1.141445333e+01, E, -1200.000000, NP, 30000 3000
16900, t, 6.760000e-07, KEe, 341343.310535, MEe, 1.137811035e+01, E, -1200.000000, NP, 30000 3000
17000, t, 6.800000e-07, KEe, 341458.687090, MEe, 1.138195624e+01, E, -1200.000000, NP, 30000 3000
17100, t, 6.840000e-07, KEe, 340101.264061, MEe, 1.133670880e+01, E, -1200.000000, NP, 30000 3000
17200, t, 6.880000e-07, KEe, 338787.253052, MEe, 1.129290844e+01, E, -1200.000000, NP, 30000 3000
17300, t, 6.920000e-07, KEe, 339551.789370, MEe, 1.131839298e+01, E, -1200.000000, NP, 30000 3000
17400, t, 6.960000e-07, KEe, 339752.629441, MEe, 1.132508765e+01, E, -1200.000000, NP, 30000 3000
17500, t, 7.000000e-07, KEe, 338822.463555, MEe, 1.129408212e+01, E, -1200.000000, NP, 30000 3000
17600, t, 7.040000e-07, KEe, 337846.886608, MEe, 1.126156289e+01, E, -1200.000000, NP, 30000 3000
17700, t, 7.080000e-07, KEe, 336534.281383, MEe, 1.121780938e+01, E, -1200.000000, NP, 30000 3000
17800, t, 7.120000e-07, KEe, 337307.619558, MEe, 1.124358732e+01, E, -1200.000000, NP, 30000 3000
17900, t, 7.160000e-07, KEe, 337297.051426, MEe, 1.124323505e+01, E, -1200.000000, NP, 30000 3000
18000, t, 7.200000e-07, KEe, 337132.353131, MEe, 1.123774510e+01, E, -1200.000000, NP, 30000 3000
18100, t, 7.240000e-07, KEe, 337875.962972, MEe, 1.126253210e+01, E, -1200.000000, NP, 30000 3000
18200, t, 7.280000e-07, KEe, 337201.113521, MEe, 1.124003712e+01, E, -1200.000000, NP, 30000 3000
18300, t, 7.320000e-07, KEe, 338431.770714, MEe, 1.128105902e+01, E, -1200.000000, NP, 30000 3000
18400, t, 7.360000e-07, KEe, 338425.331445, MEe, 1.128084438e+01, E, -1200.000000, NP, 30000 3000
18500, t, 7.400000e-07, KEe, 337926.483110, MEe, 1.126421610e+01, E, -1200.000000, NP, 30000 3000
18600, t, 7.440000e-07, KEe, 336118.017962, MEe, 1.120393393e+01, E, -1200.000000, NP, 30000 3000
18700, t, 7.480000e-07, KEe, 335465.978864, MEe, 1.118219930e+01, E, -1200.000000, NP, 30000 3000
18800, t, 7.520000e-07, KEe, 336444.359606, MEe, 1.121481199e+01, E, -1200.000000, NP, 30000 3000
18900, t, 7.560000e-07, KEe, 336744.270682, MEe, 1.122480902e+01, E, -1200.000000, NP, 30000 3000
19000, t, 7.600000e-07, KEe, 337296.061535, MEe, 1.124320205e+01, E, -1200.000000, NP, 30000 3000
19100, t, 7.640000e-07, KEe, 337039.549929, MEe, 1.123465166e+01, E, -1200.000000, NP, 30000 3000
19200, t, 7.680000e-07, KEe, 337219.045685, MEe, 1.124063486e+01, E, -1200.000000, NP, 30000 3000
19300, t, 7.720000e-07, KEe, 337989.449905, MEe, 1.126631500e+01, E, -1200.000000, NP, 30000 3000
19400, t, 7.760000e-07, KEe, 338317.573876, MEe, 1.127725246e+01, E, -1200.000000, NP, 30000 3000
19500, t, 7.800000e-07, KEe, 337969.033158, MEe, 1.126563444e+01, E, -1200.000000, NP, 30000 3000
19600, t, 7.840000e-07, KEe, 338484.755616, MEe, 1.128282519e+01, E, -1200.000000, NP, 30000 3000
19700, t, 7.880000e-07, KEe, 338007.456323, MEe, 1.126691521e+01, E, -1200.000000, NP, 30000 3000
19800, t, 7.920000e-07, KEe, 337915.209328, MEe, 1.126384031e+01, E, -1200.000000, NP, 30000 3000
19900, t, 7.960000e-07, KEe, 336568.929160, MEe, 1.121896431e+01, E, -1200.000000, NP, 30000 3000
20000, t, 8.000000e-07, KEe, 337795.979372, MEe, 1.125986598e+01, E, -1200.000000, NP, 30000 3000
20100, t, 8.040000e-07, KEe, 336900.052061, MEe, 1.123000174e+01, E, -1200.000000, NP, 30000 3000
20200, t, 8.080000e-07, KEe, 335751.420408, MEe, 1.119171401e+01, E, -1200.000000, NP, 30000 3000
20300, t, 8.120000e-07, KEe, 337517.874419, MEe, 1.125059581e+01, E, -1200.000000, NP, 30000 3000
20400, t, 8.160000e-07, KEe, 337269.862945, MEe, 1.124232876e+01, E, -1200.000000, NP, 30000 3000
20500, t, 8.200000e-07, KEe, 337100.977063, MEe, 1.123669924e+01, E, -1200.000000, NP, 30000 3000
20600, t, 8.240000e-07, KEe, 338325.963079, MEe, 1.127753210e+01, E, -1200.000000, NP, 30000 3000
20700, t, 8.280000e-07, KEe, 339021.703730, MEe, 1.130072346e+01, E, -1200.000000, NP, 30000 3000
20800, t, 8.320000e-07, KEe, 339977.420695, MEe, 1.133258069e+01, E, -1200.000000, NP, 30000 3000
20900, t, 8.360000e-07, KEe, 338583.831886, MEe, 1.128612773e+01, E, -1200.000000, NP, 30000 3000
21000, t, 8.400000e-07, KEe, 339255.150683, MEe, 1.130850502e+01, E, -1200.000000, NP, 30000 3000
21100, t, 8.440000e-07, KEe, 338719.500003, MEe, 1.129065000e+01, E, -1200.000000, NP, 30000 3000
21200, t, 8.480000e-07, KEe, 338955.625376, MEe, 1.129852085e+01, E, -1200.000000, NP, 30000 3000
21300, t, 8.520000e-07, KEe, 336962.247333, MEe, 1.123207491e+01, E, -1200.000000, NP, 30000 3000
21400, t, 8.560000e-07, KEe, 336697.055184, MEe, 1.122323517e+01, E, -1200.000000, NP, 30000 3000
21500, t, 8.600000e-07, KEe, 337978.423377, MEe, 1.126594745e+01, E, -1200.000000, NP, 30000 3000
21600, t, 8.640000e-07, KEe, 339887.357648, MEe, 1.132957859e+01, E, -1200.000000, NP, 30000 3000
21700, t, 8.680000e-07, KEe, 340267.040642, MEe, 1.134223469e+01, E, -1200.000000, NP, 30000 3000
21800, t, 8.720000e-07, KEe, 339168.065686, MEe, 1.130560219e+01, E, -1200.000000, NP, 30000 3000
21900, t, 8.760000e-07, KEe, 337573.939642, MEe, 1.125246465e+01, E, -1200.000000, NP, 30000 3000
22000, t, 8.800000e-07, KEe, 336762.885090, MEe, 1.122542950e+01, E, -1200.000000, NP, 30000 3000
22100, t, 8.840000e-07, KEe, 338100.908924, MEe, 1.127003030e+01, E, -1200.000000, NP, 30000 3000
22200, t, 8.880000e-07, KEe, 340376.044428, MEe, 1.134586815e+01, E, -1200.000000, NP, 30000 3000
22300, t, 8.920000e-07, KEe, 340316.163186, MEe, 1.134387211e+01, E, -1200.000000, NP, 30000 3000
22400, t, 8.960000e-07, KEe, 338641.014946, MEe, 1.128803383e+01, E, -1200.000000, NP, 30000 3000
22500, t, 9.000000e-07, KEe, 339630.597260, MEe, 1.132101991e+01, E, -1200.000000, NP, 30000 3000
22600, t, 9.040000e-07, KEe, 340689.097489, MEe, 1.135630325e+01, E, -1200.000000, NP, 30000 3000
22700, t, 9.080000e-07, KEe, 340209.896888, MEe, 1.134032990e+01, E, -1200.000000, NP, 30000 3000
22800, t, 9.120000e-07, KEe, 340160.659044, MEe, 1.133868863e+01, E, -1200.000000, NP, 30000 3000
22900, t, 9.160000e-07, KEe, 340218.308826, MEe, 1.134061029e+01, E, -1200.000000, NP, 30000 3000
23000, t, 9.200000e-07, KEe, 339494.209130, MEe, 1.131647364e+01, E, -1200.000000, NP, 30000 3000
23100, t, 9.240000e-07, KEe, 339041.295374, MEe, 1.130137651e+01, E, -1200.000000, NP, 30000 3000
23200, t, 9.280000e-07, KEe, 340239.148107, MEe, 1.134130494e+01, E, -1200.000000, NP, 30000 3000
23300, t, 9.320000e-07, KEe, 339073.195925, MEe, 1.130243986e+01, E, -1200.000000, NP, 30000 3000
23400, t, 9.360000e-07, KEe, 339319.439830, MEe, 1.131064799e+01, E, -1200.000000, NP, 30000 3000
23500, t, 9.400000e-07, KEe, 340841.915392, MEe, 1.136139718e+01, E, -1200.000000, NP, 30000 3000
23600, t, 9.440000e-07, KEe, 340695.757154, MEe, 1.135652524e+01, E, -1200.000000, NP, 30000 3000
23700, t, 9.480000e-07, KEe, 337917.441662, MEe, 1.126391472e+01, E, -1200.000000, NP, 30000 3000
23800, t, 9.520000e-07, KEe, 337404.673708, MEe, 1.124682246e+01, E, -1200.000000, NP, 30000 3000
23900, t, 9.560000e-07, KEe, 337674.015881, MEe, 1.125580053e+01, E, -1200.000000, NP, 30000 3000
24000, t, 9.600000e-07, KEe, 337330.862383, MEe, 1.124436208e+01, E, -1200.000000, NP, 30000 3000
24100, t, 9.640000e-07, KEe, 337754.235045, MEe, 1.125847450e+01, E, -1200.000000, NP, 30000 3000
24200, t, 9.680000e-07, KEe, 339295.999511, MEe, 1.130986665e+01, E, -1200.000000, NP, 30000 3000
24300, t, 9.720000e-07, KEe, 339119.761767, MEe, 1.130399206e+01, E, -1200.000000, NP, 30000 3000
24400, t, 9.760000e-07, KEe, 338846.366484, MEe, 1.129487888e+01, E, -1200.000000, NP, 30000 3000
24500, t, 9.800000e-07, KEe, 338627.564329, MEe, 1.128758548e+01, E, -1200.000000, NP, 30000 3000
24600, t, 9.840000e-07, KEe, 337540.797922, MEe, 1.125135993e+01, E, -1200.000000, NP, 30000 3000
24700, t, 9.880000e-07, KEe, 338106.550183, MEe, 1.127021834e+01, E, -1200.000000, NP, 30000 3000
24800, t, 9.920000e-07, KEe, 339293.166744, MEe, 1.130977222e+01, E, -1200.000000, NP, 30000 3000
24900, t, 9.960000e-07, KEe, 341227.063263, MEe, 1.137423544e+01, E, -1200.000000, NP, 30000 3000
25000, t, 1.000000e-06, KEe, 340194.842002, MEe, 1.133982807e+01, E, -1200.000000, NP, 30000 3000
25100, t, 1.004000e-06, KEe, 341141.790392, MEe, 1.137139301e+01, E, -1200.000000, NP, 30000 3000
25200, t, 1.008000e-06, KEe, 340828.204508, MEe, 1.136094015e+01, E, -1200.000000, NP, 30000 3000
25300, t, 1.012000e-06, KEe, 340174.384551, MEe, 1.133914615e+01, E, -1200.000000, NP, 30000 3000
25400, t, 1.016000e-06, KEe, 339018.742129, MEe, 1.130062474e+01, E, -1200.000000, NP, 30000 3000
25500, t, 1.020000e-06, KEe, 337916.682374, MEe, 1.126388941e+01, E, -1200.000000, NP, 30000 3000
25600, t, 1.024000e-06, KEe, 339576.643769, MEe, 1.131922146e+01, E, -1200.000000, NP, 30000 3000
25700, t, 1.028000e-06, KEe, 340012.263021, MEe, 1.133374210e+01, E, -1200.000000, NP, 30000 3000
25800, t, 1.032000e-06, KEe, 340430.313285, MEe, 1.134767711e+01, E, -1200.000000, NP, 30000 3000
25900, t, 1.036000e-06, KEe, 340180.654230, MEe, 1.133935514e+01, E, -1200.000000, NP, 30000 3000
26000, t, 1.040000e-06, KEe, 340181.732517, MEe, 1.133939108e+01, E, -1200.000000, NP, 30000 3000
26100, t, 1.044000e-06, KEe, 340915.838691, MEe, 1.136386129e+01, E, -1200.000000, NP, 30000 3000
26200, t, 1.048000e-06, KEe, 340624.546219, MEe, 1.135415154e+01, E, -1200.000000, NP, 30000 3000
26300, t, 1.052000e-06, KEe, 340630.345228, MEe, 1.135434484e+01, E, -1200.000000, NP, 30000 3000
26400, t, 1.056000e-06, KEe, 341562.199818, MEe, 1.138540666e+01, E, -1200.000000, NP, 30000 3000
26500, t, 1.060000e-06, KEe, 340327.441130, MEe, 1.134424804e+01, E, -1200.000000, NP, 30000 3000
26600, t, 1.064000e-06, KEe, 338815.203032, MEe, 1.129384010e+01, E, -1200.000000, NP, 30000 3000
26700, t, 1.068000e-06, KEe, 338769.616076, MEe, 1.129232054e+01, E, -1200.000000, NP, 30000 3000
26800, t, 1.072000e-06, KEe, 338361.010362, MEe, 1.127870035e+01, E, -1200.000000, NP, 30000 3000
26900, t, 1.076000e-06, KEe, 339475.343123, MEe, 1.131584477e+01, E, -1200.000000, NP, 30000 3000
27000, t, 1.080000e-06, KEe, 341098.528049, MEe, 1.136995093e+01, E, -1200.000000, NP, 30000 3000
27100, t, 1.084000e-06, KEe, 338382.578177, MEe, 1.127941927e+01, E, -1200.000000, NP, 30000 3000
27200, t, 1.088000e-06, KEe, 339265.189815, MEe, 1.130883966e+01, E, -1200.000000, NP, 30000 3000
27300, t, 1.092000e-06, KEe, 339696.144543, MEe, 1.132320482e+01, E, -1200.000000, NP, 30000 3000
27400, t, 1.096000e-06, KEe, 339950.989266, MEe, 1.133169964e+01, E, -1200.000000, NP, 30000 3000
27500, t, 1.100000e-06, KEe, 340269.944969, MEe, 1.134233150e+01, E, -1200.000000, NP, 30000 3000
27600, t, 1.104000e-06, KEe, 338730.132305, MEe, 1.129100441e+01, E, -1200.000000, NP, 30000 3000
27700, t, 1.108000e-06, KEe, 337933.754669, MEe, 1.126445849e+01, E, -1200.000000, NP, 30000 3000
27800, t, 1.112000e-06, KEe, 340079.607560, MEe, 1.133598692e+01, E, -1200.000000, NP, 30000 3000
27900, t, 1.116000e-06, KEe, 340055.384171, MEe, 1.133517947e+01, E, -1200.000000, NP, 30000 3000
28000, t, 1.120000e-06, KEe, 339299.814944, MEe, 1.130999383e+01, E, -1200.000000, NP, 30000 3000
28100, t, 1.124000e-06, KEe, 338403.612543, MEe, 1.128012042e+01, E, -1200.000000, NP, 30000 3000
28200, t, 1.128000e-06, KEe, 338096.043851, MEe, 1.126986813e+01, E, -1200.000000, NP, 30000 3000
28300, t, 1.132000e-06, KEe, 337001.629641, MEe, 1.123338765e+01, E, -1200.000000, NP, 30000 3000
28400, t, 1.136000e-06, KEe, 337561.635260, MEe, 1.125205451e+01, E, -1200.000000, NP, 30000 3000
28500, t, 1.140000e-06, KEe, 337866.421250, MEe, 1.126221404e+01, E, -1200.000000, NP, 30000 3000
28600, t, 1.144000e-06, KEe, 337513.128701, MEe, 1.125043762e+01, E, -1200.000000, NP, 30000 3000
28700, t, 1.148000e-06, KEe, 337779.882039, MEe, 1.125932940e+01, E, -1200.000000, NP, 30000 3000
28800, t, 1.152000e-06, KEe, 337940.090769, MEe, 1.126466969e+01, E, -1200.000000, NP, 30000 3000
28900, t, 1.156000e-06, KEe, 337206.471021, MEe, 1.124021570e+01, E, -1200.000000, NP, 30000 3000
29000, t, 1.160000e-06, KEe, 338062.134634, MEe, 1.126873782e+01, E, -1200.000000, NP, 30000 3000
29100, t, 1.164000e-06, KEe, 338744.376544, MEe, 1.129147922e+01, E, -1200.000000, NP, 30000 3000
29200, t, 1.168000e-06, KEe, 339102.033750, MEe, 1.130340113e+01, E, -1200.000000, NP, 30000 3000
29300, t, 1.172000e-06, KEe, 337740.086831, MEe, 1.125800289e+01, E, -1200.000000, NP, 30000 3000
29400, t, 1.176000e-06, KEe, 338020.085693, MEe, 1.126733619e+01, E, -1200.000000, NP, 30000 3000
29500, t, 1.180000e-06, KEe, 338914.694135, MEe, 1.129715647e+01, E, -1200.000000, NP, 30000 3000
29600, t, 1.184000e-06, KEe, 339638.039674, MEe, 1.132126799e+01, E, -1200.000000, NP, 30000 3000
29700, t, 1.188000e-06, KEe, 338582.715129, MEe, 1.128609050e+01, E, -1200.000000, NP, 30000 3000
29800, t, 1.192000e-06, KEe, 338609.439164, MEe, 1.128698131e+01, E, -1200.000000, NP, 30000 3000
29900, t, 1.196000e-06, KEe, 338451.491564, MEe, 1.128171639e+01, E, -1200.000000, NP, 30000 3000
30000, t, 1.200000e-06, KEe, 337060.822548, MEe, 1.123536075e+01, E, -1200.000000, NP, 30000 3000
30100, t, 1.204000e-06, KEe, 337120.942700, MEe, 1.123736476e+01, E, -1200.000000, NP, 30000 3000
30200, t, 1.208000e-06, KEe, 339420.640706, MEe, 1.131402136e+01, E, -1200.000000, NP, 30000 3000
30300, t, 1.212000e-06, KEe, 338182.563691, MEe, 1.127275212e+01, E, -1200.000000, NP, 30000 3000
30400, t, 1.216000e-06, KEe, 340259.059254, MEe, 1.134196864e+01, E, -1200.000000, NP, 30000 3000
30500, t, 1.220000e-06, KEe, 341555.083214, MEe, 1.138516944e+01, E, -1200.000000, NP, 30000 3000
30600, t, 1.224000e-06, KEe, 341253.974912, MEe, 1.137513250e+01, E, -1200.000000, NP, 30000 3000
30700, t, 1.228000e-06, KEe, 340747.563452, MEe, 1.135825212e+01, E, -1200.000000, NP, 30000 3000
30800, t, 1.232000e-06, KEe, 340675.011816, MEe, 1.135583373e+01, E, -1200.000000, NP, 30000 3000
30900, t, 1.236000e-06, KEe, 340112.605548, MEe, 1.133708685e+01, E, -1200.000000, NP, 30000 3000
31000, t, 1.240000e-06, KEe, 341532.027186, MEe, 1.138440091e+01, E, -1200.000000, NP, 30000 3000
31100, t, 1.244000e-06, KEe, 341878.680185, MEe, 1.139595601e+01, E, -1200.000000, NP, 30000 3000
31200, t, 1.248000e-06, KEe, 341328.265607, MEe, 1.137760885e+01, E, -1200.000000, NP, 30000 3000
31300, t, 1.252000e-06, KEe, 338988.365414, MEe, 1.129961218e+01, E, -1200.000000, NP, 30000 3000
31400, t, 1.256000e-06, KEe, 339752.494073, MEe, 1.132508314e+01, E, -1200.000000, NP, 30000 3000
31500, t, 1.260000e-06, KEe, 340720.063912, MEe, 1.135733546e+01, E, -1200.000000, NP, 30000 3000
31600, t, 1.264000e-06, KEe, 339766.762210, MEe, 1.132555874e+01, E, -1200.000000, NP, 30000 3000
31700, t, 1.268000e-06, KEe, 338490.049033, MEe, 1.128300163e+01, E, -1200.000000, NP, 30000 3000
31800, t, 1.272000e-06, KEe, 338399.768450, MEe, 1.127999228e+01, E, -1200.000000, NP, 30000 3000
31900, t, 1.276000e-06, KEe, 337024.090462, MEe, 1.123413635e+01, E, -1200.000000, NP, 30000 3000
32000, t, 1.280000e-06, KEe, 336096.836227, MEe, 1.120322787e+01, E, -1200.000000, NP, 30000 3000
32100, t, 1.284000e-06, KEe, 337816.696831, MEe, 1.126055656e+01, E, -1200.000000, NP, 30000 3000
32200, t, 1.288000e-06, KEe, 340316.540706, MEe, 1.134388469e+01, E, -1200.000000, NP, 30000 3000
32300, t, 1.292000e-06, KEe, 341352.252327, MEe, 1.137840841e+01, E, -1200.000000, NP, 30000 3000
32400, t, 1.296000e-06, KEe, 339875.279974, MEe, 1.132917600e+01, E, -1200.000000, NP, 30000 3000
32500, t, 1.300000e-06, KEe, 339844.284822, MEe, 1.132814283e+01, E, -1200.000000, NP, 30000 3000
32600, t, 1.304000e-06, KEe, 339167.036379, MEe, 1.130556788e+01, E, -1200.000000, NP, 30000 3000
32700, t, 1.308000e-06, KEe, 338365.200773, MEe, 1.127884003e+01, E, -1200.000000, NP, 30000 3000
32800, t, 1.312000e-06, KEe, 337653.923877, MEe, 1.125513080e+01, E, -1200.000000, NP, 30000 3000
32900, t, 1.316000e-06, KEe, 337828.332525, MEe, 1.126094442e+01, E, -1200.000000, NP, 30000 3000
33000, t, 1.320000e-06, KEe, 339195.839524, MEe, 1.130652798e+01, E, -1200.000000, NP, 30000 3000
33100, t, 1.324000e-06, KEe, 341682.637343, MEe, 1.138942124e+01, E, -1200.000000, NP, 30000 3000
33200, t, 1.328000e-06, KEe, 341453.574076, MEe, 1.138178580e+01, E, -1200.000000, NP, 30000 3000
33300, t, 1.332000e-06, KEe, 341653.334725, MEe, 1.138844449e+01, E, -1200.000000, NP, 30000 3000
33400, t, 1.336000e-06, KEe, 341531.803543, MEe, 1.138439345e+01, E, -1200.000000, NP, 30000 3000
33500, t, 1.340000e-06, KEe, 340345.090245, MEe, 1.134483634e+01, E, -1200.000000, NP, 30000 3000
33600, t, 1.344000e-06, KEe, 337920.316007, MEe, 1.126401053e+01, E, -1200.000000, NP, 30000 3000
33700, t, 1.348000e-06, KEe, 337829.629364, MEe, 1.126098765e+01, E, -1200.000000, NP, 30000 3000
33800, t, 1.352000e-06, KEe, 336969.643798, MEe, 1.123232146e+01, E, -1200.000000, NP, 30000 3000
33900, t, 1.356000e-06, KEe, 336402.033558, MEe, 1.121340112e+01, E, -1200.000000, NP, 30000 3000
34000, t, 1.360000e-06, KEe, 336927.672452, MEe, 1.123092242e+01, E, -1200.000000, NP, 30000 3000
34100, t, 1.364000e-06, KEe, 336828.370975, MEe, 1.122761237e+01, E, -1200.000000, NP, 30000 3000
34200, t, 1.368000e-06, KEe, 337507.599718, MEe, 1.125025332e+01, E, -1200.000000, NP, 30000 3000
34300, t, 1.372000e-06, KEe, 336910.072110, MEe, 1.123033574e+01, E, -1200.000000, NP, 30000 3000
34400, t, 1.376000e-06, KEe, 336392.003176, MEe, 1.121306677e+01, E, -1200.000000, NP, 30000 3000
34500, t, 1.380000e-06, KEe, 336377.686819, MEe, 1.121258956e+01, E, -1200.000000, NP, 30000 3000
34600, t, 1.384000e-06, KEe, 338191.056406, MEe, 1.127303521e+01, E, -1200.000000, NP, 30000 3000
34700, t, 1.388000e-06, KEe, 339272.193995, MEe, 1.130907313e+01, E, -1200.000000, NP, 30000 3000
34800, t, 1.392000e-06, KEe, 338254.520493, MEe, 1.127515068e+01, E, -1200.000000, NP, 30000 3000
34900, t, 1.396000e-06, KEe, 338764.292462, MEe, 1.129214308e+01, E, -1200.000000, NP, 30000 3000
35000, t, 1.400000e-06, KEe, 338751.286360, MEe, 1.129170955e+01, E, -1200.000000, NP, 30000 3000
35100, t, 1.404000e-06, KEe, 338980.859238, MEe, 1.129936197e+01, E, -1200.000000, NP, 30000 3000
35200, t, 1.408000e-06, KEe, 338574.342133, MEe, 1.128581140e+01, E, -1200.000000, NP, 30000 3000
35300, t, 1.412000e-06, KEe, 339520.611513, MEe, 1.131735372e+01, E, -1200.000000, NP, 30000 3000
35400, t, 1.416000e-06, KEe, 339835.355856, MEe, 1.132784520e+01, E, -1200.000000, NP, 30000 3000
35500, t, 1.420000e-06, KEe, 340611.558941, MEe, 1.135371863e+01, E, -1200.000000, NP, 30000 3000
35600, t, 1.424000e-06, KEe, 340171.036319, MEe, 1.133903454e+01, E, -1200.000000, NP, 30000 3000
35700, t, 1.428000e-06, KEe, 340208.947597, MEe, 1.134029825e+01, E, -1200.000000, NP, 30000 3000
35800, t, 1.432000e-06, KEe, 339055.420185, MEe, 1.130184734e+01, E, -1200.000000, NP, 30000 3000
35900, t, 1.436000e-06, KEe, 339771.440385, MEe, 1.132571468e+01, E, -1200.000000, NP, 30000 3000
36000, t, 1.440000e-06, KEe, 339202.984637, MEe, 1.130676615e+01, E, -1200.000000, NP, 30000 3000
36100, t, 1.444000e-06, KEe, 339807.366240, MEe, 1.132691221e+01, E, -1200.000000, NP, 30000 3000
36200, t, 1.448000e-06, KEe, 340028.402610, MEe, 1.133428009e+01, E, -1200.000000, NP, 30000 3000
36300, t, 1.452000e-06, KEe, 337987.367169, MEe, 1.126624557e+01, E, -1200.000000, NP, 30000 3000
36400, t, 1.456000e-06, KEe, 337896.876602, MEe, 1.126322922e+01, E, -1200.000000, NP, 30000 3000
36500, t, 1.460000e-06, KEe, 337902.933831, MEe, 1.126343113e+01, E, -1200.000000, NP, 30000 3000
36600, t, 1.464000e-06, KEe, 336822.519580, MEe, 1.122741732e+01, E, -1200.000000, NP, 30000 3000
36700, t, 1.468000e-06, KEe, 337268.269184, MEe, 1.124227564e+01, E, -1200.000000, NP, 30000 3000
36800, t, 1.472000e-06, KEe, 336117.233615, MEe, 1.120390779e+01, E, -1200.000000, NP, 30000 3000
36900, t, 1.476000e-06, KEe, 336153.695423, MEe, 1.120512318e+01, E, -1200.000000, NP, 30000 3000
37000, t, 1.480000e-06, KEe, 337014.644423, MEe, 1.123382148e+01, E, -1200.000000, NP, 30000 3000
37100, t, 1.484000e-06, KEe, 337862.309231, MEe, 1.126207697e+01, E, -1200.000000, NP, 30000 3000
37200, t, 1.488000e-06, KEe, 340234.294165, MEe, 1.134114314e+01, E, -1200.000000, NP, 30000 3000
37300, t, 1.492000e-06, KEe, 338038.244188, MEe, 1.126794147e+01, E, -1200.000000, NP, 30000 3000
37400, t, 1.496000e-06, KEe, 338539.175280, MEe, 1.128463918e+01, E, -1200.000000, NP, 30000 3000
37500, t, 1.500000e-06, KEe, 338820.046839, MEe, 1.129400156e+01, E, -1200.000000, NP, 30000 3000
37600, t, 1.504000e-06, KEe, 339533.011027, MEe, 1.131776703e+01, E, -1200.000000, NP, 30000 3000
37700, t, 1.508000e-06, KEe, 338609.227267, MEe, 1.128697424e+01, E, -1200.000000, NP, 30000 3000
37800, t, 1.512000e-06, KEe, 338365.053840, MEe, 1.127883513e+01, E, -1200.000000, NP, 30000 3000
37900, t, 1.516000e-06, KEe, 337625.711664, MEe, 1.125419039e+01, E, -1200.000000, NP, 30000 3000
38000, t, 1.520000e-06, KEe, 337455.363753, MEe, 1.124851213e+01, E, -1200.000000, NP, 30000 3000
38100, t, 1.524000e-06, KEe, 339527.450582, MEe, 1.131758169e+01, E, -1200.000000, NP, 30000 3000
38200, t, 1.528000e-06, KEe, 338822.962130, MEe, 1.129409874e+01, E, -1200.000000, NP, 30000 3000
38300, t, 1.532000e-06, KEe, 340604.381382, MEe, 1.135347938e+01, E, -1200.000000, NP, 30000 3000
38400, t, 1.536000e-06, KEe, 340852.157587, MEe, 1.136173859e+01, E, -1200.000000, NP, 30000 3000
38500, t, 1.540000e-06, KEe, 339037.083162, MEe, 1.130123611e+01, E, -1200.000000, NP, 30000 3000
38600, t, 1.544000e-06, KEe, 338536.529330, MEe, 1.128455098e+01, E, -1200.000000, NP, 30000 3000
38700, t, 1.548000e-06, KEe, 338640.183542, MEe, 1.128800612e+01, E, -1200.000000, NP, 30000 3000
38800, t, 1.552000e-06, KEe, 339120.175265, MEe, 1.130400584e+01, E, -1200.000000, NP, 30000 3000
38900, t, 1.556000e-06, KEe, 338988.796293, MEe, 1.129962654e+01, E, -1200.000000, NP, 30000 3000
39000, t, 1.560000e-06, KEe, 338902.835840, MEe, 1.129676119e+01, E, -1200.000000, NP, 30000 3000
39100, t, 1.564000e-06, KEe, 339326.319106, MEe, 1.131087730e+01, E, -1200.000000, NP, 30000 3000
39200, t, 1.568000e-06, KEe, 339131.212211, MEe, 1.130437374e+01, E, -1200.000000, NP, 30000 3000
39300, t, 1.572000e-06, KEe, 339538.569887, MEe, 1.131795233e+01, E, -1200.000000, NP, 30000 3000
39400, t, 1.576000e-06, KEe, 338355.073842, MEe, 1.127850246e+01, E, -1200.000000, NP, 30000 3000
39500, t, 1.580000e-06, KEe, 337060.064793, MEe, 1.123533549e+01, E, -1200.000000, NP, 30000 3000
39600, t, 1.584000e-06, KEe, 338291.425603, MEe, 1.127638085e+01, E, -1200.000000, NP, 30000 3000
39700, t, 1.588000e-06, KEe, 338941.062889, MEe, 1.129803543e+01, E, -1200.000000, NP, 30000 3000
39800, t, 1.592000e-06, KEe, 339480.866524, MEe, 1.131602888e+01, E, -1200.000000, NP, 30000 3000
39900, t, 1.596000e-06, KEe, 340305.816181, MEe, 1.134352721e+01, E, -1200.000000, NP, 30000 3000
40000, t, 1.600000e-06, KEe, 339333.098542, MEe, 1.131110328e+01, E, -1200.000000, NP, 30000 3000
40100, t, 1.604000e-06, KEe, 339049.752237, MEe, 1.130165841e+01, E, -1200.000000, NP, 30000 3000
40200, t, 1.608000e-06, KEe, 338910.635501, MEe, 1.129702118e+01, E, -1200.000000, NP, 30000 3000
40300, t, 1.612000e-06, KEe, 339733.801357, MEe, 1.132446005e+01, E, -1200.000000, NP, 30000 3000
40400, t, 1.616000e-06, KEe, 339823.722339, MEe, 1.132745741e+01, E, -1200.000000, NP, 30000 3000
40500, t, 1.620000e-06, KEe, 338321.379089, MEe, 1.127737930e+01, E, -1200.000000, NP, 30000 3000
40600, t, 1.624000e-06, KEe, 338219.232898, MEe, 1.127397443e+01, E, -1200.000000, NP, 30000 3000
40700, t, 1.628000e-06, KEe, 338607.241140, MEe, 1.128690804e+01, E, -1200.000000, NP, 30000 3000
40800, t, 1.632000e-06, KEe, 337434.653431, MEe, 1.124782178e+01, E, -1200.000000, NP, 30000 3000
40900, t, 1.636000e-06, KEe, 337468.133332, MEe, 1.124893778e+01, E, -1200.000000, NP, 30000 3000
41000, t, 1.640000e-06, KEe, 339470.956090, MEe, 1.131569854e+01, E, -1200.000000, NP, 30000 3000
41100, t, 1.644000e-06, KEe, 339260.612675, MEe, 1.130868709e+01, E, -1200.000000, NP, 30000 3000
41200, t, 1.648000e-06, KEe, 338938.964319, MEe, 1.129796548e+01, E, -1200.000000, NP, 30000 3000
41300, t, 1.652000e-06, KEe, 339308.997907, MEe, 1.131029993e+01, E, -1200.000000, NP, 30000 3000
41400, t, 1.656000e-06, KEe, 340745.130642, MEe, 1.135817102e+01, E, -1200.000000, NP, 30000 3000
41500, t, 1.660000e-06, KEe, 341123.118884, MEe, 1.137077063e+01, E, -1200.000000, NP, 30000 3000
41600, t, 1.664000e-06, KEe, 339744.674323, MEe, 1.132482248e+01, E, -1200.000000, NP, 30000 3000
41700, t, 1.668000e-06, KEe, 338181.856776, MEe, 1.127272856e+01, E, -1200.000000, NP, 30000 3000
41800, t, 1.672000e-06, KEe, 339178.720827, MEe, 1.130595736e+01, E, -1200.000000, NP, 30000 3000
41900, t, 1.676000e-06, KEe, 338657.471121, MEe, 1.128858237e+01, E, -1200.000000, NP, 30000 3000
42000, t, 1.680000e-06, KEe, 338517.602946, MEe, 1.128392010e+01, E, -1200.000000, NP, 30000 3000
42100, t, 1.684000e-06, KEe, 339156.155062, MEe, 1.130520517e+01, E, -1200.000000, NP, 30000 3000
42200, t, 1.688000e-06, KEe, 339373.333499, MEe, 1.131244445e+01, E, -1200.000000, NP, 30000 3000
42300, t, 1.692000e-06, KEe, 338481.167635, MEe, 1.128270559e+01, E, -1200.000000, NP, 30000 3000
42400, t, 1.696000e-06, KEe, 338833.363081, MEe, 1.129444544e+01, E, -1200.000000, NP, 30000 3000
42500, t, 1.700000e-06, KEe, 339410.363006, MEe, 1.131367877e+01, E, -1200.000000, NP, 30000 3000
42600, t, 1.704000e-06, KEe, 340212.764618, MEe, 1.134042549e+01, E, -1200.000000, NP, 30000 3000
42700, t, 1.708000e-06, KEe, 340615.994175, MEe, 1.135386647e+01, E, -1200.000000, NP, 30000 3000
42800, t, 1.712000e-06, KEe, 341195.156781, MEe, 1.137317189e+01, E, -1200.000000, NP, 30000 3000
42900, t, 1.716000e-06, KEe, 340134.541055, MEe, 1.133781804e+01, E, -1200.000000, NP, 30000 3000
43000, t, 1.720000e-06, KEe, 337993.279109, MEe, 1.126644264e+01, E, -1200.000000, NP, 30000 3000
43100, t, 1.724000e-06, KEe, 338047.698404, MEe, 1.126825661e+01, E, -1200.000000, NP, 30000 3000
43200, t, 1.728000e-06, KEe, 338589.662588, MEe, 1.128632209e+01, E, -1200.000000, NP, 30000 3000
43300, t, 1.732000e-06, KEe, 339099.328496, MEe, 1.130331095e+01, E, -1200.000000, NP, 30000 3000
43400, t, 1.736000e-06, KEe, 340418.286827, MEe, 1.134727623e+01, E, -1200.000000, NP, 30000 3000
43500, t, 1.740000e-06, KEe, 339540.663653, MEe, 1.131802212e+01, E, -1200.000000, NP, 30000 3000
43600, t, 1.744000e-06, KEe, 339856.800363, MEe, 1.132856001e+01, E, -1200.000000, NP, 30000 3000
43700, t, 1.748000e-06, KEe, 338826.446728, MEe, 1.129421489e+01, E, -1200.000000, NP, 30000 3000
43800, t, 1.752000e-06, KEe, 338647.283834, MEe, 1.128824279e+01, E, -1200.000000, NP, 30000 3000
43900, t, 1.756000e-06, KEe, 339158.775444, MEe, 1.130529251e+01, E, -1200.000000, NP, 30000 3000
44000, t, 1.760000e-06, KEe, 338528.691809, MEe, 1.128428973e+01, E, -1200.000000, NP, 30000 3000
44100, t, 1.764000e-06, KEe, 339839.546638, MEe, 1.132798489e+01, E, -1200.000000, NP, 30000 3000
44200, t, 1.768000e-06, KEe, 339922.184532, MEe, 1.133073948e+01, E, -1200.000000, NP, 30000 3000
44300, t, 1.772000e-06, KEe, 339340.988180, MEe, 1.131136627e+01, E, -1200.000000, NP, 30000 3000
44400, t, 1.776000e-06, KEe, 338989.128339, MEe, 1.129963761e+01, E, -1200.000000, NP, 30000 3000
44500, t, 1.780000e-06, KEe, 339961.087681, MEe, 1.133203626e+01, E, -1200.000000, NP, 30000 3000
44600, t, 1.784000e-06, KEe, 338627.262375, MEe, 1.128757541e+01, E, -1200.000000, NP, 30000 3000
44700, t, 1.788000e-06, KEe, 337893.784743, MEe, 1.126312616e+01, E, -1200.000000, NP, 30000 3000
44800, t, 1.792000e-06, KEe, 338213.673538, MEe, 1.127378912e+01, E, -1200.000000, NP, 30000 3000
44900, t, 1.796000e-06, KEe, 337346.930374, MEe, 1.124489768e+01, E, -1200.000000, NP, 30000 3000
45000, t, 1.800000e-06, KEe, 338937.874804, MEe, 1.129792916e+01, E, -1200.000000, NP, 30000 3000
45100, t, 1.804000e-06, KEe, 338551.348583, MEe, 1.128504495e+01, E, -1200.000000, NP, 30000 3000
45200, t, 1.808000e-06, KEe, 339575.756500, MEe, 1.131919188e+01, E, -1200.000000, NP, 30000 3000
45300, t, 1.812000e-06, KEe, 337265.532071, MEe, 1.124218440e+01, E, -1200.000000, NP, 30000 3000
45400, t, 1.816000e-06, KEe, 337988.765159, MEe, 1.126629217e+01, E, -1200.000000, NP, 30000 3000
45500, t, 1.820000e-06, KEe, 338250.040471, MEe, 1.127500135e+01, E, -1200.000000, NP, 30000 3000
45600, t, 1.824000e-06, KEe, 338640.225735, MEe, 1.128800752e+01, E, -1200.000000, NP, 30000 3000
45700, t, 1.828000e-06, KEe, 338602.432258, MEe, 1.128674774e+01, E, -1200.000000, NP, 30000 3000
45800, t, 1.832000e-06, KEe, 338902.821291, MEe, 1.129676071e+01, E, -1200.000000, NP, 30000 3000
45900, t, 1.836000e-06, KEe, 337570.743025, MEe, 1.125235810e+01, E, -1200.000000, NP, 30000 3000
46000, t, 1.840000e-06, KEe, 337282.157356, MEe, 1.124273858e+01, E, -1200.000000, NP, 30000 3000
46100, t, 1.844000e-06, KEe, 338564.067914, MEe, 1.128546893e+01, E, -1200.000000, NP, 30000 3000
46200, t, 1.848000e-06, KEe, 339297.851046, MEe, 1.130992837e+01, E, -1200.000000, NP, 30000 3000
46300, t, 1.852000e-06, KEe, 338463.346009, MEe, 1.128211153e+01, E, -1200.000000, NP, 30000 3000
46400, t, 1.856000e-06, KEe, 340191.074461, MEe, 1.133970248e+01, E, -1200.000000, NP, 30000 3000
46500, t, 1.860000e-06, KEe, 341356.251037, MEe, 1.137854170e+01, E, -1200.000000, NP, 30000 3000
46600, t, 1.864000e-06, KEe, 341578.787902, MEe, 1.138595960e+01, E, -1200.000000, NP, 30000 3000
46700, t, 1.868000e-06, KEe, 342124.199836, MEe, 1.140413999e+01, E, -1200.000000, NP, 30000 3000
46800, t, 1.872000e-06, KEe, 341591.895305, MEe, 1.138639651e+01, E, -1200.000000, NP, 30000 3000
46900, t, 1.876000e-06, KEe, 341940.234850, MEe, 1.139800783e+01, E, -1200.000000, NP, 30000 3000
47000, t, 1.880000e-06, KEe, 339419.948514, MEe, 1.131399828e+01, E, -1200.000000, NP, 30000 3000
47100, t, 1.884000e-06, KEe, 338098.205993, MEe, 1.126994020e+01, E, -1200.000000, NP, 30000 3000
47200, t, 1.888000e-06, KEe, 336671.868563, MEe, 1.122239562e+01, E, -1200.000000, NP, 30000 3000
47300, t, 1.892000e-06, KEe, 337696.409164, MEe, 1.125654697e+01, E, -1200.000000, NP, 30000 3000
47400, t, 1.896000e-06, KEe, 338278.043674, MEe, 1.127593479e+01, E, -1200.000000, NP, 30000 3000
47500, t, 1.900000e-06, KEe, 338081.172839, MEe, 1.126937243e+01, E, -1200.000000, NP, 30000 3000
47600, t, 1.904000e-06, KEe, 338656.357976, MEe, 1.128854527e+01, E, -1200.000000, NP, 30000 3000
47700, t, 1.908000e-06, KEe, 339827.266530, MEe, 1.132757555e+01, E, -1200.000000, NP, 30000 3000
47800, t, 1.912000e-06, KEe, 339580.509191, MEe, 1.131935031e+01, E, -1200.000000, NP, 30000 3000
47900, t, 1.916000e-06, KEe, 339851.395303, MEe, 1.132837984e+01, E, -1200.000000, NP, 30000 3000
48000, t, 1.920000e-06, KEe, 339100.410753, MEe, 1.130334703e+01, E, -1200.000000, NP, 30000 3000
48100, t, 1.924000e-06, KEe, 340114.500658, MEe, 1.133715002e+01, E, -1200.000000, NP, 30000 3000
48200, t, 1.928000e-06, KEe, 340129.673050, MEe, 1.133765577e+01, E, -1200.000000, NP, 30000 3000
48300, t, 1.932000e-06, KEe, 338339.668011, MEe, 1.127798893e+01, E, -1200.000000, NP, 30000 3000
48400, t, 1.936000e-06, KEe, 339737.156729, MEe, 1.132457189e+01, E, -1200.000000, NP, 30000 3000
48500, t, 1.940000e-06, KEe, 338680.314750, MEe, 1.128934382e+01, E, -1200.000000, NP, 30000 3000
48600, t, 1.944000e-06, KEe, 339090.921849, MEe, 1.130303073e+01, E, -1200.000000, NP, 30000 3000
48700, t, 1.948000e-06, KEe, 338990.116408, MEe, 1.129967055e+01, E, -1200.000000, NP, 30000 3000
48800, t, 1.952000e-06, KEe, 338645.669655, MEe, 1.128818899e+01, E, -1200.000000, NP, 30000 3000
48900, t, 1.956000e-06, KEe, 337730.912629, MEe, 1.125769709e+01, E, -1200.000000, NP, 30000 3000
49000, t, 1.960000e-06, KEe, 338312.878649, MEe, 1.127709595e+01, E, -1200.000000, NP, 30000 3000
49100, t, 1.964000e-06, KEe, 338500.349283, MEe, 1.128334498e+01, E, -1200.000000, NP, 30000 3000
49200, t, 1.968000e-06, KEe, 337817.078497, MEe, 1.126056928e+01, E, -1200.000000, NP, 30000 3000
49300, t, 1.972000e-06, KEe, 340041.050635, MEe, 1.133470169e+01, E, -1200.000000, NP, 30000 3000
49400, t, 1.976000e-06, KEe, 339217.777896, MEe, 1.130725926e+01, E, -1200.000000, NP, 30000 3000
49500, t, 1.980000e-06, KEe, 338749.477764, MEe, 1.129164926e+01, E, -1200.000000, NP, 30000 3000
49600, t, 1.984000e-06, KEe, 338815.062648, MEe, 1.129383542e+01, E, -1200.000000, NP, 30000 3000
49700, t, 1.988000e-06, KEe, 337632.827316, MEe, 1.125442758e+01, E, -1200.000000, NP, 30000 3000
49800, t, 1.992000e-06, KEe, 338523.441268, MEe, 1.128411471e+01, E, -1200.000000, NP, 30000 3000
49900, t, 1.996000e-06, KEe, 340247.680539, MEe, 1.134158935e+01, E, -1200.000000, NP, 30000 3000
50000, t, 2.000000e-06, KEe, 340559.083806, MEe, 1.135196946e+01, E, -1200.000000, NP, 30000 3000
50100, t, 2.004000e-06, KEe, 339406.835150, MEe, 1.131356117e+01, E, -1200.000000, NP, 30000 3000
50200, t, 2.008000e-06, KEe, 339117.559970, MEe, 1.130391867e+01, E, -1200.000000, NP, 30000 3000
50300, t, 2.012000e-06, KEe, 338126.690065, MEe, 1.127088967e+01, E, -1200.000000, NP, 30000 3000
50400, t, 2.016000e-06, KEe, 336690.479971, MEe, 1.122301600e+01, E, -1200.000000, NP, 30000 3000
50500, t, 2.020000e-06, KEe, 338060.875740, MEe, 1.126869586e+01, E, -1200.000000, NP, 30000 3000
50600, t, 2.024000e-06, KEe, 339696.569376, MEe, 1.132321898e+01, E, -1200.000000, NP, 30000 3000
50700, t, 2.028000e-06, KEe, 340040.885277, MEe, 1.133469618e+01, E, -1200.000000, NP, 30000 3000
50800, t, 2.032000e-06, KEe, 340455.487808, MEe, 1.134851626e+01, E, -1200.000000, NP, 30000 3000
50900, t, 2.036000e-06, KEe, 340167.933499, MEe, 1.133893112e+01, E, -1200.000000, NP, 30000 3000
51000, t, 2.040000e-06, KEe, 337801.306352, MEe, 1.126004355e+01, E, -1200.000000, NP, 30000 3000
51100, t, 2.044000e-06, KEe, 337982.977520, MEe, 1.126609925e+01, E, -1200.000000, NP, 30000 3000
51200, t, 2.048000e-06, KEe, 336483.596960, MEe, 1.121611990e+01, E, -1200.000000, NP, 30000 3000
51300, t, 2.052000e-06, KEe, 336541.456198, MEe, 1.121804854e+01, E, -1200.000000, NP, 30000 3000
51400, t, 2.056000e-06, KEe, 336707.833658, MEe, 1.122359446e+01, E, -1200.000000, NP, 30000 3000
51500, t, 2.060000e-06, KEe, 337055.815409, MEe, 1.123519385e+01, E, -1200.000000, NP, 30000 3000
51600, t, 2.064000e-06, KEe, 338323.894471, MEe, 1.127746315e+01, E, -1200.000000, NP, 30000 3000
51700, t, 2.068000e-06, KEe, 339343.777338, MEe, 1.131145924e+01, E, -1200.000000, NP, 30000 3000
51800, t, 2.072000e-06, KEe, 340598.779259, MEe, 1.135329264e+01, E, -1200.000000, NP, 30000 3000
51900, t, 2.076000e-06, KEe, 339600.543884, MEe, 1.132001813e+01, E, -1200.000000, NP, 30000 3000
52000, t, 2.080000e-06, KEe, 338928.791291, MEe, 1.129762638e+01, E, -1200.000000, NP, 30000 3000
52100, t, 2.084000e-06, KEe, 339340.456969, MEe, 1.131134857e+01, E, -1200.000000, NP, 30000 3000
52200, t, 2.088000e-06, KEe, 339164.087994, MEe, 1.130546960e+01, E, -1200.000000, NP, 30000 3000
52300, t, 2.092000e-06, KEe, 338347.696848, MEe, 1.127825656e+01, E, -1200.000000, NP, 30000 3000
52400, t, 2.096000e-06, KEe, 339316.593476, MEe, 1.131055312e+01, E, -1200.000000, NP, 30000 3000
52500, t, 2.100000e-06, KEe, 338118.939234, MEe, 1.127063131e+01, E, -1200.000000, NP, 30000 3000
52600, t, 2.104000e-06, KEe, 338633.263886, MEe, 1.128777546e+01, E, -1200.000000, NP, 30000 3000
52700, t, 2.108000e-06, KEe, 338994.967673, MEe, 1.129983226e+01, E, -1200.000000, NP, 30000 3000
52800, t, 2.112000e-06, KEe, 339174.371826, MEe, 1.130581239e+01, E, -1200.000000, NP, 30000 3000
52900, t, 2.116000e-06, KEe, 339053.845176, MEe, 1.130179484e+01, E, -1200.000000, NP, 30000 3000
53000, t, 2.120000e-06, KEe, 338621.937307, MEe, 1.128739791e+01, E, -1200.000000, NP, 30000 3000
53100, t, 2.124000e-06, KEe, 338596.562500, MEe, 1.128655208e+01, E, -1200.000000, NP, 30000 3000
53200, t, 2.128000e-06, KEe, 339609.489904, MEe, 1.132031633e+01, E, -1200.000000, NP, 30000 3000
53300, t, 2.132000e-06, KEe, 339898.598703, MEe, 1.132995329e+01, E, -1200.000000, NP, 30000 3000
53400, t, 2.136000e-06, KEe, 341201.319144, MEe, 1.137337730e+01, E, -1200.000000, NP, 30000 3000
53500, t, 2.140000e-06, KEe, 339549.713598, MEe, 1.131832379e+01, E, -1200.000000, NP, 30000 3000
53600, t, 2.144000e-06, KEe, 337559.559459, MEe, 1.125198532e+01, E, -1200.000000, NP, 30000 3000
53700, t, 2.148000e-06, KEe, 338066.524280, MEe, 1.126888414e+01, E, -1200.000000, NP, 30000 3000
53800, t, 2.152000e-06, KEe, 339370.505468, MEe, 1.131235018e+01, E, -1200.000000, NP, 30000 3000
53900, t, 2.156000e-06, KEe, 339771.155712, MEe, 1.132570519e+01, E, -1200.000000, NP, 30000 3000
54000, t, 2.160000e-06, KEe, 340016.519979, MEe, 1.133388400e+01, E, -1200.000000, NP, 30000 3000
54100, t, 2.164000e-06, KEe, 338207.399293, MEe, 1.127357998e+01, E, -1200.000000, NP, 30000 3000
54200, t, 2.168000e-06, KEe, 337979.094809, MEe, 1.126596983e+01, E, -1200.000000, NP, 30000 3000
54300, t, 2.172000e-06, KEe, 338766.894792, MEe, 1.129222983e+01, E, -1200.000000, NP, 30000 3000
54400, t, 2.176000e-06, KEe, 338046.698671, MEe, 1.126822329e+01, E, -1200.000000, NP, 30000 3000
54500, t, 2.180000e-06, KEe, 336798.418458, MEe, 1.122661395e+01, E, -1200.000000, NP, 30000 3000
54600, t, 2.184000e-06, KEe, 337697.883463, MEe, 1.125659612e+01, E, -1200.000000, NP, 30000 3000
54700, t, 2.188000e-06, KEe, 337963.645387, MEe, 1.126545485e+01, E, -1200.000000, NP, 30000 3000
54800, t, 2.192000e-06, KEe, 338525.161541, MEe, 1.128417205e+01, E, -1200.000000, NP, 30000 3000
54900, t, 2.196000e-06, KEe, 339231.276283, MEe, 1.130770921e+01, E, -1200.000000, NP, 30000 3000
55000, t, 2.200000e-06, KEe, 338587.804723, MEe, 1.128626016e+01, E, -1200.000000, NP, 30000 3000
55100, t, 2.204000e-06, KEe, 338787.182576, MEe, 1.129290609e+01, E, -1200.000000, NP, 30000 3000
55200, t, 2.208000e-06, KEe, 340413.043473, MEe, 1.134710145e+01, E, -1200.000000, NP, 30000 3000
55300, t, 2.212000e-06, KEe, 339339.551620, MEe, 1.131131839e+01, E, -1200.000000, NP, 30000 3000
55400, t, 2.216000e-06, KEe, 338914.220898, MEe, 1.129714070e+01, E, -1200.000000, NP, 30000 3000
55500, t, 2.220000e-06, KEe, 338075.011797, MEe, 1.126916706e+01, E, -1200.000000, NP, 30000 3000
55600, t, 2.224000e-06, KEe, 338767.804039, MEe, 1.129226013e+01, E, -1200.000000, NP, 30000 3000
55700, t, 2.228000e-06, KEe, 339160.260360, MEe, 1.130534201e+01, E, -1200.000000, NP, 30000 3000
55800, t, 2.232000e-06, KEe, 339744.355820, MEe, 1.132481186e+01, E, -1200.000000, NP, 30000 3000
55900, t, 2.236000e-06, KEe, 339982.278845, MEe, 1.133274263e+01, E, -1200.000000, NP, 30000 3000
56000, t, 2.240000e-06, KEe, 339522.152520, MEe, 1.131740508e+01, E, -1200.000000, NP, 30000 3000
56100, t, 2.244000e-06, KEe, 339595.160735, MEe, 1.131983869e+01, E, -1200.000000, NP, 30000 3000
56200, t, 2.248000e-06, KEe, 340338.747426, MEe, 1.134462491e+01, E, -1200.000000, NP, 30000 3000
56300, t, 2.252000e-06, KEe, 340875.363074, MEe, 1.136251210e+01, E, -1200.000000, NP, 30000 3000
56400, t, 2.256000e-06, KEe, 340150.887053, MEe, 1.133836290e+01, E, -1200.000000, NP, 30000 3000
56500, t, 2.260000e-06, KEe, 340301.955797, MEe, 1.134339853e+01, E, -1200.000000, NP, 30000 3000
56600, t, 2.264000e-06, KEe, 341144.351672, MEe, 1.137147839e+01, E, -1200.000000, NP, 30000 3000
56700, t, 2.268000e-06, KEe, 340951.468840, MEe, 1.136504896e+01, E, -1200.000000, NP, 30000 3000
56800, t, 2.272000e-06, KEe, 341290.098081, MEe, 1.137633660e+01, E, -1200.000000, NP, 30000 3000
56900, t, 2.276000e-06, KEe, 340931.440860, MEe, 1.136438136e+01, E, -1200.000000, NP, 30000 3000
57000, t, 2.280000e-06, KEe, 339930.332206, MEe, 1.133101107e+01, E, -1200.000000, NP, 30000 3000
57100, t, 2.284000e-06, KEe, 338717.780423, MEe, 1.129059268e+01, E, -1200.000000, NP, 30000 3000
57200, t, 2.288000e-06, KEe, 339850.431594, MEe, 1.132834772e+01, E, -1200.000000, NP, 30000 3000
57300, t, 2.292000e-06, KEe, 339158.073561, MEe, 1.130526912e+01, E, -1200.000000, NP, 30000 3000
57400, t, 2.296000e-06, KEe, 339810.714014, MEe, 1.132702380e+01, E, -1200.000000, NP, 30000 3000
57500, t, 2.300000e-06, KEe, 340586.734385, MEe, 1.135289115e+01, E, -1200.000000, NP, 30000 3000
57600, t, 2.304000e-06, KEe, 340240.354629, MEe, 1.134134515e+01, E, -1200.000000, NP, 30000 3000
57700, t, 2.308000e-06, KEe, 340081.388761, MEe, 1.133604629e+01, E, -1200.000000, NP, 30000 3000
57800, t, 2.312000e-06, KEe, 340865.066230, MEe, 1.136216887e+01, E, -1200.000000, NP, 30000 3000
57900, t, 2.316000e-06, KEe, 339483.004670, MEe, 1.131610016e+01, E, -1200.000000, NP, 30000 3000
58000, t, 2.320000e-06, KEe, 339548.806451, MEe, 1.131829355e+01, E, -1200.000000, NP, 30000 3000
58100, t, 2.324000e-06, KEe, 339078.966686, MEe, 1.130263222e+01, E, -1200.000000, NP, 30000 3000
58200, t, 2.328000e-06, KEe, 339829.369604, MEe, 1.132764565e+01, E, -1200.000000, NP, 30000 3000
58300, t, 2.332000e-06, KEe, 338546.257052, MEe, 1.128487524e+01, E, -1200.000000, NP, 30000 3000
58400, t, 2.336000e-06, KEe, 338340.371012, MEe, 1.127801237e+01, E, -1200.000000, NP, 30000 3000
58500, t, 2.340000e-06, KEe, 338256.942346, MEe, 1.127523141e+01, E, -1200.000000, NP, 30000 3000
58600, t, 2.344000e-06, KEe, 338404.057168, MEe, 1.128013524e+01, E, -1200.000000, NP, 30000 3000
58700, t, 2.348000e-06, KEe, 337516.160830, MEe, 1.125053869e+01, E, -1200.000000, NP, 30000 3000
58800, t, 2.352000e-06, KEe, 337811.534901, MEe, 1.126038450e+01, E, -1200.000000, NP, 30000 3000
58900, t, 2.356000e-06, KEe, 337793.841043, MEe, 1.125979470e+01, E, -1200.000000, NP, 30000 3000
59000, t, 2.360000e-06, KEe, 337894.412656, MEe, 1.126314709e+01, E, -1200.000000, NP, 30000 3000
59100, t, 2.364000e-06, KEe, 337855.175066, MEe, 1.126183917e+01, E, -1200.000000, NP, 30000 3000
59200, t, 2.368000e-06, KEe, 338796.178603, MEe, 1.129320595e+01, E, -1200.000000, NP, 30000 3000
59300, t, 2.372000e-06, KEe, 338540.558776, MEe, 1.128468529e+01, E, -1200.000000, NP, 30000 3000
59400, t, 2.376000e-06, KEe, 339063.218057, MEe, 1.130210727e+01, E, -1200.000000, NP, 30000 3000
59500, t, 2.380000e-06, KEe, 339167.755382, MEe, 1.130559185e+01, E, -1200.000000, NP, 30000 3000
59600, t, 2.384000e-06, KEe, 337980.686365, MEe, 1.126602288e+01, E, -1200.000000, NP, 30000 3000
59700, t, 2.388000e-06, KEe, 337524.903756, MEe, 1.125083013e+01, E, -1200.000000, NP, 30000 3000
59800, t, 2.392000e-06, KEe, 337148.183926, MEe, 1.123827280e+01, E, -1200.000000, NP, 30000 3000
59900, t, 2.396000e-06, KEe, 338448.196217, MEe, 1.128160654e+01, E, -1200.000000, NP, 30000 3000
60000, t, 2.400000e-06, KEe, 339714.614332, MEe, 1.132382048e+01, E, -1200.000000, NP, 30000 3000
60100, t, 2.404000e-06, KEe, 340812.291403, MEe, 1.136040971e+01, E, -1200.000000, NP, 30000 3000
60200, t, 2.408000e-06, KEe, 338426.042708, MEe, 1.128086809e+01, E, -1200.000000, NP, 30000 3000
60300, t, 2.412000e-06, KEe, 337710.819972, MEe, 1.125702733e+01, E, -1200.000000, NP, 30000 3000
60400, t, 2.416000e-06, KEe, 338189.535026, MEe, 1.127298450e+01, E, -1200.000000, NP, 30000 3000
60500, t, 2.420000e-06, KEe, 340018.983359, MEe, 1.133396611e+01, E, -1200.000000, NP, 30000 3000
60600, t, 2.424000e-06, KEe, 339039.448917, MEe, 1.130131496e+01, E, -1200.000000, NP, 30000 3000
60700, t, 2.428000e-06, KEe, 338600.908608, MEe, 1.128669695e+01, E, -1200.000000, NP, 30000 3000
60800, t, 2.432000e-06, KEe, 339854.963206, MEe, 1.132849877e+01, E, -1200.000000, NP, 30000 3000
60900, t, 2.436000e-06, KEe, 339050.596084, MEe, 1.130168654e+01, E, -1200.000000, NP, 30000 3000
61000, t, 2.440000e-06, KEe, 338646.850210, MEe, 1.128822834e+01, E, -1200.000000, NP, 30000 3000
61100, t, 2.444000e-06, KEe, 337543.919100, MEe, 1.125146397e+01, E, -1200.000000, NP, 30000 3000
61200, t, 2.448000e-06, KEe, 338399.382941, MEe, 1.127997943e+01, E, -1200.000000, NP, 30000 3000
61300, t, 2.452000e-06, KEe, 336848.982836, MEe, 1.122829943e+01, E, -1200.000000, NP, 30000 3000
61400, t, 2.456000e-06, KEe, 337778.165216, MEe, 1.125927217e+01, E, -1200.000000, NP, 30000 3000
61500, t, 2.460000e-06, KEe, 338001.328164, MEe, 1.126671094e+01, E, -1200.000000, NP, 30000 3000
61600, t, 2.464000e-06, KEe, 338721.213125, MEe, 1.129070710e+01, E, -1200.000000, NP, 30000 3000
61700, t, 2.468000e-06, KEe, 338110.195423, MEe, 1.127033985e+01, E, -1200.000000, NP, 30000 3000
61800, t, 2.472000e-06, KEe, 337929.795844, MEe, 1.126432653e+01, E, -1200.000000, NP, 30000 3000
61900, t, 2.476000e-06, KEe, 338595.867231, MEe, 1.128652891e+01, E, -1200.000000, NP, 30000 3000
62000, t, 2.480000e-06, KEe, 338928.352274, MEe, 1.129761174e+01, E, -1200.000000, NP, 30000 3000
62100, t, 2.484000e-06, KEe, 339076.522883, MEe, 1.130255076e+01, E, -1200.000000, NP, 30000 3000
62200, t, 2.488000e-06, KEe, 339182.929082, MEe, 1.130609764e+01, E, -1200.000000, NP, 30000 3000
62300, t, 2.492000e-06, KEe, 340817.820188, MEe, 1.136059401e+01, E, -1200.000000, NP, 30000 3000
62400, t, 2.496000e-06, KEe, 340246.761307, MEe, 1.134155871e+01, E, -1200.000000, NP, 30000 3000
62500, t, 2.500000e-06, KEe, 340631.149623, MEe, 1.135437165e+01, E, -1200.000000, NP, 30000 3000
62600, t, 2.504000e-06, KEe, 338880.871791, MEe, 1.129602906e+01, E, -1200.000000, NP, 30000 3000
62700, t, 2.508000e-06, KEe, 339939.288917, MEe, 1.133130963e+01, E, -1200.000000, NP, 30000 3000
62800, t, 2.512000e-06, KEe, 339990.776645, MEe, 1.133302589e+01, E, -1200.000000, NP, 30000 3000
62900, t, 2.516000e-06, KEe, 340521.990337, MEe, 1.135073301e+01, E, -1200.000000, NP, 30000 3000
63000, t, 2.520000e-06, KEe, 339611.775473, MEe, 1.132039252e+01, E, -1200.000000, NP, 30000 3000
63100, t, 2.524000e-06, KEe, 339141.795914, MEe, 1.130472653e+01, E, -1200.000000, NP, 30000 3000
63200, t, 2.528000e-06, KEe, 338315.139712, MEe, 1.127717132e+01, E, -1200.000000, NP, 30000 3000
63300, t, 2.532000e-06, KEe, 340270.837409, MEe, 1.134236125e+01, E, -1200.000000, NP, 30000 3000
63400, t, 2.536000e-06, KEe, 339641.280464, MEe, 1.132137602e+01, E, -1200.000000, NP, 30000 3000
63500, t, 2.540000e-06, KEe, 337845.448260, MEe, 1.126151494e+01, E, -1200.000000, NP, 30000 3000
63600, t, 2.544000e-06, KEe, 337827.675542, MEe, 1.126092252e+01, E, -1200.000000, NP, 30000 3000
63700, t, 2.548000e-06, KEe, 337754.705470, MEe, 1.125849018e+01, E, -1200.000000, NP, 30000 3000
63800, t, 2.552000e-06, KEe, 336045.468467, MEe, 1.120151562e+01, E, -1200.000000, NP, 30000 3000
63900, t, 2.556000e-06, KEe, 336730.448816, MEe, 1.122434829e+01, E, -1200.000000, NP, 30000 3000
64000, t, 2.560000e-06, KEe, 338123.086017, MEe, 1.127076953e+01, E, -1200.000000, NP, 30000 3000
64100, t, 2.564000e-06, KEe, 337730.733416, MEe, 1.125769111e+01, E, -1200.000000, NP, 30000 3000
64200, t, 2.568000e-06, KEe, 337329.718791, MEe, 1.124432396e+01, E, -1200.000000, NP, 30000 3000
64300, t, 2.572000e-06, KEe, 338286.302356, MEe, 1.127621008e+01, E, -1200.000000, NP, 30000 3000
64400, t, 2.576000e-06, KEe, 338408.947022, MEe, 1.128029823e+01, E, -1200.000000, NP, 30000 3000
64500, t, 2.580000e-06, KEe, 340300.464363, MEe, 1.134334881e+01, E, -1200.000000, NP, 30000 3000
64600, t, 2.584000e-06, KEe, 340199.536080, MEe, 1.133998454e+01, E, -1200.000000, NP, 30000 3000
64700, t, 2.588000e-06, KEe, 339617.642369, MEe, 1.132058808e+01, E, -1200.000000, NP, 30000 3000
64800, t, 2.592000e-06, KEe, 339472.071094, MEe, 1.131573570e+01, E, -1200.000000, NP, 30000 3000
64900, t, 2.596000e-06, KEe, 338531.744269, MEe, 1.128439148e+01, E, -1200.000000, NP, 30000 3000
65000, t, 2.600000e-06, KEe, 338568.471864, MEe, 1.128561573e+01, E, -1200.000000, NP, 30000 3000
65100, t, 2.604000e-06, KEe, 338954.799524, MEe, 1.129849332e+01, E, -1200.000000, NP, 30000 3000
65200, t, 2.608000e-06, KEe, 339059.808519, MEe, 1.130199362e+01, E, -1200.000000, NP, 30000 3000
65300, t, 2.612000e-06, KEe, 341578.078133, MEe, 1.138593594e+01, E, -1200.000000, NP, 30000 3000
65400, t, 2.616000e-06, KEe, 341714.483309, MEe, 1.139048278e+01, E, -1200.000000, NP, 30000 3000
65500, t, 2.620000e-06, KEe, 340808.762852, MEe, 1.136029210e+01, E, -1200.000000, NP, 30000 3000
65600, t, 2.624000e-06, KEe, 340286.218726, MEe, 1.134287396e+01, E, -1200.000000, NP, 30000 3000
65700, t, 2.628000e-06, KEe, 341835.456857, MEe, 1.139451523e+01, E, -1200.000000, NP, 30000 3000
65800, t, 2.632000e-06, KEe, 339948.856636, MEe, 1.133162855e+01, E, -1200.000000, NP, 30000 3000
65900, t, 2.636000e-06, KEe, 340741.601278, MEe, 1.135805338e+01, E, -1200.000000, NP, 30000 3000
66000, t, 2.640000e-06, KEe, 342011.553368, MEe, 1.140038511e+01, E, -1200.000000, NP, 30000 3000
66100, t, 2.644000e-06, KEe, 340810.428985, MEe, 1.136034763e+01, E, -1200.000000, NP, 30000 3000
66200, t, 2.648000e-06, KEe, 339850.736530, MEe, 1.132835788e+01, E, -1200.000000, NP, 30000 3000
66300, t, 2.652000e-06, KEe, 339084.058026, MEe, 1.130280193e+01, E, -1200.000000, NP, 30000 3000
66400, t, 2.656000e-06, KEe, 340654.651339, MEe, 1.135515504e+01, E, -1200.000000, NP, 30000 3000
66500, t, 2.660000e-06, KEe, 340402.283749, MEe, 1.134674279e+01, E, -1200.000000, NP, 30000 3000
66600, t, 2.664000e-06, KEe, 340990.107031, MEe, 1.136633690e+01, E, -1200.000000, NP, 30000 3000
66700, t, 2.668000e-06, KEe, 340660.181041, MEe, 1.135533937e+01, E, -1200.000000, NP, 30000 3000
66800, t, 2.672000e-06, KEe, 339295.611222, MEe, 1.130985371e+01, E, -1200.000000, NP, 30000 3000
66900, t, 2.676000e-06, KEe, 338341.294513, MEe, 1.127804315e+01, E, -1200.000000, NP, 30000 3000
67000, t, 2.680000e-06, KEe, 337577.990803, MEe, 1.125259969e+01, E, -1200.000000, NP, 30000 3000
67100, t, 2.684000e-06, KEe, 336932.539909, MEe, 1.123108466e+01, E, -1200.000000, NP, 30000 3000
67200, t, 2.688000e-06, KEe, 337494.799905, MEe, 1.124982666e+01, E, -1200.000000, NP, 30000 3000
67300, t, 2.692000e-06, KEe, 337932.587917, MEe, 1.126441960e+01, E, -1200.000000, NP, 30000 3000
67400, t, 2.696000e-06, KEe, 337426.367140, MEe, 1.124754557e+01, E, -1200.000000, NP, 30000 3000
67500, t, 2.700000e-06, KEe, 338764.355021, MEe, 1.129214517e+01, E, -1200.000000, NP, 30000 3000
67600, t, 2.704000e-06, KEe, 339247.868098, MEe, 1.130826227e+01, E, -1200.000000, NP, 30000 3000
67700, t, 2.708000e-06, KEe, 338764.049577, MEe, 1.129213499e+01, E, -1200.000000, NP, 30000 3000
67800, t, 2.712000e-06, KEe, 338540.187632, MEe, 1.128467292e+01, E, -1200.000000, NP, 30000 3000
67900, t, 2.716000e-06, KEe, 338053.130580, MEe, 1.126843769e+01, E, -1200.000000, NP, 30000 3000
68000, t, 2.720000e-06, KEe, 337590.747963, MEe, 1.125302493e+01, E, -1200.000000, NP, 30000 3000
68100, t, 2.724000e-06, KEe, 337713.630147, MEe, 1.125712100e+01, E, -1200.000000, NP, 30000 3000
68200, t, 2.728000e-06, KEe, 337377.136991, MEe, 1.124590457e+01, E, -1200.000000, NP, 30000 3000
68300, t, 2.732000e-06, KEe, 338032.755058, MEe, 1.126775850e+01, E, -1200.000000, NP, 30000 3000
68400, t, 2.736000e-06, KEe, 338015.998716, MEe, 1.126719996e+01, E, -1200.000000, NP, 30000 3000
68500, t, 2.740000e-06, KEe, 338433.230968, MEe, 1.128110770e+01, E, -1200.000000, NP, 30000 3000
68600, t, 2.744000e-06, KEe, 337258.334505, MEe, 1.124194448e+01, E, -1200.000000, NP, 30000 3000
68700, t, 2.748000e-06, KEe, 335989.560665, MEe, 1.119965202e+01, E, -1200.000000, NP, 30000 3000
68800, t, 2.752000e-06, KEe, 338550.440096, MEe, 1.128501467e+01, E, -1200.000000, NP, 30000 3000
68900, t, 2.756000e-06, KEe, 338278.278622, MEe, 1.127594262e+01, E, -1200.000000, NP, 30000 3000
69000, t, 2.760000e-06, KEe, 339581.402146, MEe, 1.131938007e+01, E, -1200.000000, NP, 30000 3000
69100, t, 2.764000e-06, KEe, 338935.288500, MEe, 1.129784295e+01, E, -1200.000000, NP, 30000 3000
69200, t, 2.768000e-06, KEe, 338637.654859, MEe, 1.128792183e+01, E, -1200.000000, NP, 30000 3000
69300, t, 2.772000e-06, KEe, 338620.980927, MEe, 1.128736603e+01, E, -1200.000000, NP, 30000 3000
69400, t, 2.776000e-06, KEe, 339392.204253, MEe, 1.131307348e+01, E, -1200.000000, NP, 30000 3000
69500, t, 2.780000e-06, KEe, 339173.474489, MEe, 1.130578248e+01, E, -1200.000000, NP, 30000 3000
69600, t, 2.784000e-06, KEe, 338385.426446, MEe, 1.127951421e+01, E, -1200.000000, NP, 30000 3000
69700, t, 2.788000e-06, KEe, 338029.924704, MEe, 1.126766416e+01, E, -1200.000000, NP, 30000 3000
69800, t, 2.792000e-06, KEe, 337680.255846, MEe, 1.125600853e+01, E, -1200.000000, NP, 30000 3000
69900, t, 2.796000e-06, KEe, 337525.612851, MEe, 1.125085376e+01, E, -1200.000000, NP, 30000 3000
70000, t, 2.800000e-06, KEe, 338494.040560, MEe, 1.128313469e+01, E, -1200.000000, NP, 30000 3000
70100, t, 2.804000e-06, KEe, 339042.415480, MEe, 1.130141385e+01, E, -1200.000000, NP, 30000 3000
70200, t, 2.808000e-06, KEe, 338210.553877, MEe, 1.127368513e+01, E, -1200.000000, NP, 30000 3000
70300, t, 2.812000e-06, KEe, 338750.570717, MEe, 1.129168569e+01, E, -1200.000000, NP, 30000 3000
70400, t, 2.816000e-06, KEe, 337675.543008, MEe, 1.125585143e+01, E, -1200.000000, NP, 30000 3000
70500, t, 2.820000e-06, KEe, 337196.228939, MEe, 1.123987430e+01, E, -1200.000000, NP, 30000 3000
70600, t, 2.824000e-06, KEe, 339474.663320, MEe, 1.131582211e+01, E, -1200.000000, NP, 30000 3000
70700, t, 2.828000e-06, KEe, 339413.914899, MEe, 1.131379716e+01, E, -1200.000000, NP, 30000 3000
70800, t, 2.832000e-06, KEe, 339823.070940, MEe, 1.132743570e+01, E, -1200.000000, NP, 30000 3000
70900, t, 2.836000e-06, KEe, 340853.377705, MEe, 1.136177926e+01, E, -1200.000000, NP, 30000 3000
71000, t, 2.840000e-06, KEe, 340535.422202, MEe, 1.135118074e+01, E, -1200.000000, NP, 30000 3000
71100, t, 2.844000e-06, KEe, 338267.865903, MEe, 1.127559553e+01, E, -1200.000000, NP, 30000 3000
71200, t, 2.848000e-06, KEe, 337832.607095, MEe, 1.126108690e+01, E, -1200.000000, NP, 30000 3000
71300, t, 2.852000e-06, KEe, 337088.628837, MEe, 1.123628763e+01, E, -1200.000000, NP, 30000 3000
71400, t, 2.856000e-06, KEe, 336514.647740, MEe, 1.121715492e+01, E, -1200.000000, NP, 30000 3000
71500, t, 2.860000e-06, KEe, 337550.113674, MEe, 1.125167046e+01, E, -1200.000000, NP, 30000 3000
71600, t, 2.864000e-06, KEe, 338502.591221, MEe, 1.128341971e+01, E, -1200.000000, NP, 30000 3000
71700, t, 2.868000e-06, KEe, 338763.647752, MEe, 1.129212159e+01, E, -1200.000000, NP, 30000 3000
71800, t, 2.872000e-06, KEe, 338511.317320, MEe, 1.128371058e+01, E, -1200.000000, NP, 30000 3000
71900, t, 2.876000e-06, KEe, 337019.034459, MEe, 1.123396782e+01, E, -1200.000000, NP, 30000 3000
72000, t, 2.880000e-06, KEe, 339004.672054, MEe, 1.130015574e+01, E, -1200.000000, NP, 30000 3000
72100, t, 2.884000e-06, KEe, 339019.466387, MEe, 1.130064888e+01, E, -1200.000000, NP, 30000 3000
72200, t, 2.888000e-06, KEe, 337610.750678, MEe, 1.125369169e+01, E, -1200.000000, NP, 30000 3000
72300, t, 2.892000e-06, KEe, 337691.825022, MEe, 1.125639417e+01, E, -1200.000000, NP, 30000 3000
72400, t, 2.896000e-06, KEe, 337289.674251, MEe, 1.124298914e+01, E, -1200.000000, NP, 30000 3000
72500, t, 2.900000e-06, KEe, 338246.755501, MEe, 1.127489185e+01, E, -1200.000000, NP, 30000 3000
72600, t, 2.904000e-06, KEe, 339444.321891, MEe, 1.131481073e+01, E, -1200.000000, NP, 30000 3000
72700, t, 2.908000e-06, KEe, 339373.951324, MEe, 1.131246504e+01, E, -1200.000000, NP, 30000 3000
72800, t, 2.912000e-06, KEe, 339079.886903, MEe, 1.130266290e+01, E, -1200.000000, NP, 30000 3000
72900, t, 2.916000e-06, KEe, 338471.955395, MEe, 1.128239851e+01, E, -1200.000000, NP, 30000 3000
73000, t, 2.920000e-06, KEe, 340438.448303, MEe, 1.134794828e+01, E, -1200.000000, NP, 30000 3000
73100, t, 2.924000e-06, KEe, 340398.372165, MEe, 1.134661241e+01, E, -1200.000000, NP, 30000 3000
73200, t, 2.928000e-06, KEe, 339798.729990, MEe, 1.132662433e+01, E, -1200.000000, NP, 30000 3000
73300, t, 2.932000e-06, KEe, 339044.193721, MEe, 1.130147312e+01, E, -1200.000000, NP, 30000 3000
73400, t, 2.936000e-06, KEe, 339371.806834, MEe, 1.131239356e+01, E, -1200.000000, NP, 30000 3000
73500, t, 2.940000e-06, KEe, 339548.672378, MEe, 1.131828908e+01, E, -1200.000000, NP, 30000 3000
73600, t, 2.944000e-06, KEe, 338529.566819, MEe, 1.128431889e+01, E, -1200.000000, NP, 30000 3000
73700, t, 2.948000e-06, KEe, 338110.040084, MEe, 1.127033467e+01, E, -1200.000000, NP, 30000 3000
73800, t, 2.952000e-06, KEe, 337931.603213, MEe, 1.126438677e+01, E, -1200.000000, NP, 30000 3000
73900, t, 2.956000e-06, KEe, 337198.956888, MEe, 1.123996523e+01, E, -1200.000000, NP, 30000 3000
74000, t, 2.960000e-06, KEe, 337120.568021, MEe, 1.123735227e+01, E, -1200.000000, NP, 30000 3000
74100, t, 2.964000e-06, KEe, 337922.200370, MEe, 1.126407335e+01, E, -1200.000000, NP, 30000 3000
74200, t, 2.968000e-06, KEe, 338648.901591, MEe, 1.128829672e+01, E, -1200.000000, NP, 30000 3000
74300, t, 2.972000e-06, KEe, 338991.517117, MEe, 1.129971724e+01, E, -1200.000000, NP, 30000 3000
74400, t, 2.976000e-06, KEe, 338929.210833, MEe, 1.129764036e+01, E, -1200.000000, NP, 30000 3000
74500, t, 2.980000e-06, KEe, 338238.978208, MEe, 1.127463261e+01, E, -1200.000000, NP, 30000 3000
74600, t, 2.984000e-06, KEe, 338085.483630, MEe, 1.126951612e+01, E, -1200.000000, NP, 30000 3000
74700, t, 2.988000e-06, KEe, 338091.335394, MEe, 1.126971118e+01, E, -1200.000000, NP, 30000 3000
74800, t, 2.992000e-06, KEe, 338075.737736, MEe, 1.126919126e+01, E, -1200.000000, NP, 30000 3000
74900, t, 2.996000e-06, KEe, 339459.728041, MEe, 1.131532427e+01, E, -1200.000000, NP, 30000 3000
75000, t, 3.000000e-06, KEe, 338788.913839, MEe, 1.129296379e+01, E, -1200.000000, NP, 30000 3000
75100, t, 3.004000e-06, KEe, 339087.219973, MEe, 1.130290733e+01, E, -1200.000000, NP, 30000 3000
75200, t, 3.008000e-06, KEe, 339509.546048, MEe, 1.131698487e+01, E, -1200.000000, NP, 30000 3000
75300, t, 3.012000e-06, KEe, 339123.540122, MEe, 1.130411800e+01, E, -1200.000000, NP, 30000 3000
75400, t, 3.016000e-06, KEe, 339679.489797, MEe, 1.132264966e+01, E, -1200.000000, NP, 30000 3000
75500, t, 3.020000e-06, KEe, 338447.950324, MEe, 1.128159834e+01, E, -1200.000000, NP, 30000 3000
75600, t, 3.024000e-06, KEe, 340524.217193, MEe, 1.135080724e+01, E, -1200.000000, NP, 30000 3000
75700, t, 3.028000e-06, KEe, 339981.654912, MEe, 1.133272183e+01, E, -1200.000000, NP, 30000 3000
75800, t, 3.032000e-06, KEe, 339227.032836, MEe, 1.130756776e+01, E, -1200.000000, NP, 30000 3000
75900, t, 3.036000e-06, KEe, 339397.169072, MEe, 1.131323897e+01, E, -1200.000000, NP, 30000 3000
76000, t, 3.040000e-06, KEe, 339274.507656, MEe, 1.130915026e+01, E, -1200.000000, NP, 30000 3000
76100, t, 3.044000e-06, KEe, 338567.414603, MEe, 1.128558049e+01, E, -1200.000000, NP, 30000 3000
76200, t, 3.048000e-06, KEe, 338783.680254, MEe, 1.129278934e+01, E, -1200.000000, NP, 30000 3000
76300, t, 3.052000e-06, KEe, 339779.281170, MEe, 1.132597604e+01, E, -1200.000000, NP, 30000 3000
76400, t, 3.056000e-06, KEe, 338490.788993, MEe, 1.128302630e+01, E, -1200.000000, NP, 30000 3000
76500, t, 3.060000e-06, KEe, 339231.722187, MEe, 1.130772407e+01, E, -1200.000000, NP, 30000 3000
76600, t, 3.064000e-06, KEe, 337656.262668, MEe, 1.125520876e+01, E, -1200.000000, NP, 30000 3000
76700, t, 3.068000e-06, KEe, 339356.966537, MEe, 1.131189888e+01, E, -1200.000000, NP, 30000 3000
76800, t, 3.072000e-06, KEe, 340199.240853, MEe, 1.133997470e+01, E, -1200.000000, NP, 30000 3000
76900, t, 3.076000e-06, KEe, 339178.854542, MEe, 1.130596182e+01, E, -1200.000000, NP, 30000 3000
77000, t, 3.080000e-06, KEe, 339220.508941, MEe, 1.130735030e+01, E, -1200.000000, NP, 30000 3000
77100, t, 3.084000e-06, KEe, 337582.440931, MEe, 1.125274803e+01, E, -1200.000000, NP, 30000 3000
77200, t, 3.088000e-06, KEe, 339041.464612, MEe, 1.130138215e+01, E, -1200.000000, NP, 30000 3000
77300, t, 3.092000e-06, KEe, 339504.304963, MEe, 1.131681017e+01, E, -1200.000000, NP, 30000 3000
77400, t, 3.096000e-06, KEe, 336496.184182, MEe, 1.121653947e+01, E, -1200.000000, NP, 30000 3000
77500, t, 3.100000e-06, KEe, 337996.988762, MEe, 1.126656629e+01, E, -1200.000000, NP, 30000 3000
77600, t, 3.104000e-06, KEe, 339028.877506, MEe, 1.130096258e+01, E, -1200.000000, NP, 30000 3000
77700, t, 3.108000e-06, KEe, 338675.732666, MEe, 1.128919109e+01, E, -1200.000000, NP, 30000 3000
77800, t, 3.112000e-06, KEe, 338817.944174, MEe, 1.129393147e+01, E, -1200.000000, NP, 30000 3000
77900, t, 3.116000e-06, KEe, 337658.592082, MEe, 1.125528640e+01, E, -1200.000000, NP, 30000 3000
78000, t, 3.120000e-06, KEe, 336828.592089, MEe, 1.122761974e+01, E, -1200.000000, NP, 30000 3000
78100, t, 3.124000e-06, KEe, 337615.353648, MEe, 1.125384512e+01, E, -1200.000000, NP, 30000 3000
78200, t, 3.128000e-06, KEe, 335803.934176, MEe, 1.119346447e+01, E, -1200.000000, NP, 30000 3000
78300, t, 3.132000e-06, KEe, 335977.066335, MEe, 1.119923554e+01, E, -1200.000000, NP, 30000 3000
78400, t, 3.136000e-06, KEe, 337442.490335, MEe, 1.124808301e+01, E, -1200.000000, NP, 30000 3000
78500, t, 3.140000e-06, KEe, 337827.343834, MEe, 1.126091146e+01, E, -1200.000000, NP, 30000 3000
78600, t, 3.144000e-06, KEe, 337294.761292, MEe, 1.124315871e+01, E, -1200.000000, NP, 30000 3000
78700, t, 3.148000e-06, KEe, 336749.155409, MEe, 1.122497185e+01, E, -1200.000000, NP, 30000 3000
78800, t, 3.152000e-06, KEe, 338721.657946, MEe, 1.129072193e+01, E, -1200.000000, NP, 30000 3000
78900, t, 3.156000e-06, KEe, 337466.605679, MEe, 1.124888686e+01, E, -1200.000000, NP, 30000 3000
79000, t, 3.160000e-06, KEe, 338268.492745, MEe, 1.127561642e+01, E, -1200.000000, NP, 30000 3000
79100, t, 3.164000e-06, KEe, 338606.808886, MEe, 1.128689363e+01, E, -1200.000000, NP, 30000 3000
79200, t, 3.168000e-06, KEe, 338380.471153, MEe, 1.127934904e+01, E, -1200.000000, NP, 30000 3000
79300, t, 3.172000e-06, KEe, 339829.082764, MEe, 1.132763609e+01, E, -1200.000000, NP, 30000 3000
79400, t, 3.176000e-06, KEe, 340397.981421, MEe, 1.134659938e+01, E, -1200.000000, NP, 30000 3000
79500, t, 3.180000e-06, KEe, 338754.489747, MEe, 1.129181632e+01, E, -1200.000000, NP, 30000 3000
79600, t, 3.184000e-06, KEe, 339864.269007, MEe, 1.132880897e+01, E, -1200.000000, NP, 30000 3000
79700, t, 3.188000e-06, KEe, 339269.746645, MEe, 1.130899155e+01, E, -1200.000000, NP, 30000 3000
79800, t, 3.192000e-06, KEe, 339226.454107, MEe, 1.130754847e+01, E, -1200.000000, NP, 30000 3000
79900, t, 3.196000e-06, KEe, 337820.822873, MEe, 1.126069410e+01, E, -1200.000000, NP, 30000 3000
80000, t, 3.200000e-06, KEe, 337900.562355, MEe, 1.126335208e+01, E, -1200.000000, NP, 30000 3000
