RandMax 2147483647
reading box length: 1.000000e-06 (m)
reading number of particle types: 2
reading number of particles of type 0: 30000
reading number of particles of type 1: 3000
reading temperature of particle type 0: 0.000000 (eV)
reading temperature of particle type 1: 0.025900 (eV)
reading flow velocity of particle type 0: 0.000000 (eV)
reading flow velocity of particle type 1: 0.000000 (eV)
reading charge of particle type 0: -1.000000 (elementary charge)
reading charge of particle type 1: 0.000000 (elementary charge)
reading mass of particle type 0: 0.000549 (amu)
reading mass of particle type 1: 28.000000 (amu)
reading number of time steps: 80000
reading vsigma max samples: 1000
reading time step dt: 5.000000e-10
reading electric field: -1.200000e+02 (V/m)
reading electric frequency: 0.000000e+00 (Hz)
reading magnetic field: 0.000000e+00 0.000000e+00 0.000000e+00 (Tesla)
reading vdf dump spec: 1000 1000000 0
reading extrapolation option: 0
reading memory allocation: 0.000000e+00 (GB)
reading auto dump spec: 0
reading output stride spec: 100
reading carry remainder spec: 0
found cross_sections/Ar.dat file for particle 0 with 1 in indeck, differential model found: Aubin
found cross_sections/Ar->Ar(3d'[3/2]1).dat file for particle 0 with 1 in indeck
found cross_sections/Ar->Ar(3d'[3/2]2).dat file for particle 0 with 1 in indeck
found cross_sections/Ar->Ar(3d'[5/2]2).dat file for particle 0 with 1 in indeck
found cross_sections/Ar->Ar(3d'[5/2]3).dat file for particle 0 with 1 in indeck
found cross_sections/Ar->Ar(3d[1/2]0).dat file for particle 0 with 1 in indeck
found cross_sections/Ar->Ar(3d[1/2]1).dat file for particle 0 with 1 in indeck
found cross_sections/Ar->Ar(3d[3/2]1).dat file for particle 0 with 1 in indeck
found cross_sections/Ar->Ar(3d[3/2]2).dat file for particle 0 with 1 in indeck
found cross_sections/Ar->Ar(3d[5/2]2).dat file for particle 0 with 1 in indeck
found cross_sections/Ar->Ar(3d[5/2]3).dat file for particle 0 with 1 in indeck
found cross_sections/Ar->Ar(3d[7/2]3).dat file for particle 0 with 1 in indeck
found cross_sections/Ar->Ar(3d[7/2]4).dat file for particle 0 with 1 in indeck
found cross_sections/Ar->Ar(4p'[1/2]0).dat file for particle 0 with 1 in indeck
found cross_sections/Ar->Ar(4p'[1/2]1).dat file for particle 0 with 1 in indeck
found cross_sections/Ar->Ar(4p'[3/2]1).dat file for particle 0 with 1 in indeck
found cross_sections/Ar->Ar(4p'[3/2]2).dat file for particle 0 with 1 in indeck
found cross_sections/Ar->Ar(4p[1/2]0).dat file for particle 0 with 1 in indeck
found cross_sections/Ar->Ar(4p[1/2]1).dat file for particle 0 with 1 in indeck
found cross_sections/Ar->Ar(4p[3/2]1).dat file for particle 0 with 1 in indeck
found cross_sections/Ar->Ar(4p[3/2]2).dat file for particle 0 with 1 in indeck
found cross_sections/Ar->Ar(4p[5/2]2).dat file for particle 0 with 1 in indeck
found cross_sections/Ar->Ar(4p[5/2]3).dat file for particle 0 with 1 in indeck
found cross_sections/Ar->Ar(4s'[1/2]0).dat file for particle 0 with 1 in indeck
found cross_sections/Ar->Ar(4s'[1/2]1).dat file for particle 0 with 1 in indeck
found cross_sections/Ar->Ar(4s[3/2]1).dat file for particle 0 with 1 in indeck
found cross_sections/Ar->Ar(4s[3/2]2).dat file for particle 0 with 1 in indeck
found cross_sections/Ar->Ar(5s'[1/2]0).dat file for particle 0 with 1 in indeck
found cross_sections/Ar->Ar(5s'[1/2]1).dat file for particle 0 with 1 in indeck
found cross_sections/Ar->Ar(5s[3/2]1).dat file for particle 0 with 1 in indeck
found cross_sections/Ar->Ar(5s[3/2]2).dat file for particle 0 with 1 in indeck
found cross_sections/Ar->Ar(Rydberg).dat file for particle 0 with 1 in indeck
found cross_sections/Ar->Ar^+.dat file for particle 0 with 1 in indeck, differential model found: Uniform
reading cross_sections/Ar.dat
reading cross_sections/Ar->Ar(3d'[3/2]1).dat
reading cross_sections/Ar->Ar(3d'[3/2]2).dat
reading cross_sections/Ar->Ar(3d'[5/2]2).dat
reading cross_sections/Ar->Ar(3d'[5/2]3).dat
reading cross_sections/Ar->Ar(3d[1/2]0).dat
reading cross_sections/Ar->Ar(3d[1/2]1).dat
reading cross_sections/Ar->Ar(3d[3/2]1).dat
reading cross_sections/Ar->Ar(3d[3/2]2).dat
reading cross_sections/Ar->Ar(3d[5/2]2).dat
reading cross_sections/Ar->Ar(3d[5/2]3).dat
reading cross_sections/Ar->Ar(3d[7/2]3).dat
reading cross_sections/Ar->Ar(3d[7/2]4).dat
reading cross_sections/Ar->Ar(4p'[1/2]0).dat
reading cross_sections/Ar->Ar(4p'[1/2]1).dat
reading cross_sections/Ar->Ar(4p'[3/2]1).dat
reading cross_sections/Ar->Ar(4p'[3/2]2).dat
reading cross_sections/Ar->Ar(4p[1/2]0).dat
reading cross_sections/Ar->Ar(4p[1/2]1).dat
reading cross_sections/Ar->Ar(4p[3/2]1).dat
reading cross_sections/Ar->Ar(4p[3/2]2).dat
reading cross_sections/Ar->Ar(4p[5/2]2).dat
reading cross_sections/Ar->Ar(4p[5/2]3).dat
reading cross_sections/Ar->Ar(4s'[1/2]0).dat
reading cross_sections/Ar->Ar(4s'[1/2]1).dat
reading cross_sections/Ar->Ar(4s[3/2]1).dat
reading cross_sections/Ar->Ar(4s[3/2]2).dat
reading cross_sections/Ar->Ar(5s'[1/2]0).dat
reading cross_sections/Ar->Ar(5s'[1/2]1).dat
reading cross_sections/Ar->Ar(5s[3/2]1).dat
reading cross_sections/Ar->Ar(5s[3/2]2).dat
reading cross_sections/Ar->Ar(Rydberg).dat
reading cross_sections/Ar->Ar^+.dat
Memory per particle: 72 bytes
Memory for all initial particles: 2.213e-03 GB
Allocating space for 132000 particles
------------------------------------
0, t, 0.000000e+00, KEe, 0.000000, MEe, 0.000000000e+00, E, -120.000000, NP, 30000 3000
100, t, 5.000000e-08, KEe, 64144.979946, MEe, 2.138165998e+00, E, -120.000000, NP, 30000 3000
200, t, 1.000000e-07, KEe, 88478.691947, MEe, 2.949289732e+00, E, -120.000000, NP, 30000 3000
300, t, 1.500000e-07, KEe, 103329.623841, MEe, 3.444320795e+00, E, -120.000000, NP, 30000 3000
400, t, 2.000000e-07, KEe, 115745.532440, MEe, 3.858184415e+00, E, -120.000000, NP, 30000 3000
500, t, 2.500000e-07, KEe, 126393.178140, MEe, 4.213105938e+00, E, -120.000000, NP, 30000 3000
600, t, 3.000000e-07, KEe, 135432.683516, MEe, 4.514422784e+00, E, -120.000000, NP, 30000 3000
700, t, 3.500000e-07, KEe, 143033.551902, MEe, 4.767785063e+00, E, -120.000000, NP, 30000 3000
800, t, 4.000000e-07, KEe, 149203.225126, MEe, 4.973440838e+00, E, -120.000000, NP, 30000 3000
900, t, 4.500000e-07, KEe, 154933.111363, MEe, 5.164437045e+00, E, -120.000000, NP, 30000 3000
1000, t, 5.000000e-07, KEe, 159148.950427, MEe, 5.304965014e+00, E, -120.000000, NP, 30000 3000
1100, t, 5.500000e-07, KEe, 162771.186934, MEe, 5.425706231e+00, E, -120.000000, NP, 30000 3000
1200, t, 6.000000e-07, KEe, 165487.804764, MEe, 5.516260159e+00, E, -120.000000, NP, 30000 3000
1300, t, 6.500000e-07, KEe, 168175.133727, MEe, 5.605837791e+00, E, -120.000000, NP, 30000 3000
1400, t, 7.000000e-07, KEe, 170560.642526, MEe, 5.685354751e+00, E, -120.000000, NP, 30000 3000
1500, t, 7.500000e-07, KEe, 171755.291173, MEe, 5.725176372e+00, E, -120.000000, NP, 30000 3000
1600, t, 8.000000e-07, KEe, 173145.144494, MEe, 5.771504816e+00, E, -120.000000, NP, 30000 3000
1700, t, 8.500000e-07, KEe, 173934.885347, MEe, 5.797829512e+00, E, -120.000000, NP, 30000 3000
1800, t, 9.000000e-07, KEe, 174807.157252, MEe, 5.826905242e+00, E, -120.000000, NP, 30000 3000
1900, t, 9.500000e-07, KEe, 175687.583339, MEe, 5.856252778e+00, E, -120.000000, NP, 30000 3000
2000, t, 1.000000e-06, KEe, 175630.444410, MEe, 5.854348147e+00, E, -120.000000, NP, 30000 3000
2100, t, 1.050000e-06, KEe, 176239.534934, MEe, 5.874651164e+00, E, -120.000000, NP, 30000 3000
2200, t, 1.100000e-06, KEe, 176533.362405, MEe, 5.884445414e+00, E, -120.000000, NP, 30000 3000
2300, t, 1.150000e-06, KEe, 176488.848945, MEe, 5.882961631e+00, E, -120.000000, NP, 30000 3000
2400, t, 1.200000e-06, KEe, 176222.678552, MEe, 5.874089285e+00, E, -120.000000, NP, 30000 3000
2500, t, 1.250000e-06, KEe, 176785.265346, MEe, 5.892842178e+00, E, -120.000000, NP, 30000 3000
2600, t, 1.300000e-06, KEe, 176610.329885, MEe, 5.887010996e+00, E, -120.000000, NP, 30000 3000
2700, t, 1.350000e-06, KEe, 176535.588470, MEe, 5.884519616e+00, E, -120.000000, NP, 30000 3000
2800, t, 1.400000e-06, KEe, 176645.131079, MEe, 5.888171036e+00, E, -120.000000, NP, 30000 3000
2900, t, 1.450000e-06, KEe, 177144.644675, MEe, 5.904821489e+00, E, -120.000000, NP, 30000 3000
3000, t, 1.500000e-06, KEe, 177404.484059, MEe, 5.913482802e+00, E, -120.000000, NP, 30000 3000
3100, t, 1.550000e-06, KEe, 177632.246788, MEe, 5.921074893e+00, E, -120.000000, NP, 30000 3000
3200, t, 1.600000e-06, KEe, 177707.040956, MEe, 5.923568032e+00, E, -120.000000, NP, 30000 3000
3300, t, 1.650000e-06, KEe, 177390.386670, MEe, 5.913012889e+00, E, -120.000000, NP, 30000 3000
3400, t, 1.700000e-06, KEe, 177599.784948, MEe, 5.919992832e+00, E, -120.000000, NP, 30000 3000
3500, t, 1.750000e-06, KEe, 177674.236197, MEe, 5.922474540e+00, E, -120.000000, NP, 30000 3000
3600, t, 1.800000e-06, KEe, 176965.721346, MEe, 5.898857378e+00, E, -120.000000, NP, 30000 3000
3700, t, 1.850000e-06, KEe, 177249.519333, MEe, 5.908317311e+00, E, -120.000000, NP, 30000 3000
3800, t, 1.900000e-06, KEe, 177293.612643, MEe, 5.909787088e+00, E, -120.000000, NP, 30000 3000
3900, t, 1.950000e-06, KEe, 176714.636169, MEe, 5.890487872e+00, E, -120.000000, NP, 30000 3000
4000, t, 2.000000e-06, KEe, 177054.986411, MEe, 5.901832880e+00, E, -120.000000, NP, 30000 3000
4100, t, 2.050000e-06, KEe, 176307.190610, MEe, 5.876906354e+00, E, -120.000000, NP, 30000 3000
4200, t, 2.100000e-06, KEe, 176107.025045, MEe, 5.870234168e+00, E, -120.000000, NP, 30000 3000
4300, t, 2.150000e-06, KEe, 176542.027360, MEe, 5.884734245e+00, E, -120.000000, NP, 30000 3000
4400, t, 2.200000e-06, KEe, 176517.555887, MEe, 5.883918530e+00, E, -120.000000, NP, 30000 3000
4500, t, 2.250000e-06, KEe, 177227.129424, MEe, 5.907570981e+00, E, -120.000000, NP, 30000 3000
4600, t, 2.300000e-06, KEe, 176831.683339, MEe, 5.894389445e+00, E, -120.000000, NP, 30000 3000
4700, t, 2.350000e-06, KEe, 177202.620981, MEe, 5.906754033e+00, E, -120.000000, NP, 30000 3000
4800, t, 2.400000e-06, KEe, 176655.608926, MEe, 5.888520298e+00, E, -120.000000, NP, 30000 3000
4900, t, 2.450000e-06, KEe, 176472.430218, MEe, 5.882414341e+00, E, -120.000000, NP, 30000 3000
5000, t, 2.500000e-06, KEe, 175887.991451, MEe, 5.862933048e+00, E, -120.000000, NP, 30000 3000
5100, t, 2.550000e-06, KEe, 176148.230637, MEe, 5.871607688e+00, E, -120.000000, NP, 30000 3000
5200, t, 2.600000e-06, KEe, 176220.797206, MEe, 5.874026574e+00, E, -120.000000, NP, 30000 3000
5300, t, 2.650000e-06, KEe, 176374.767493, MEe, 5.879158916e+00, E, -120.000000, NP, 30000 3000
5400, t, 2.700000e-06, KEe, 176688.937794, MEe, 5.889631260e+00, E, -120.000000, NP, 30000 3000
5500, t, 2.750000e-06, KEe, 177215.278018, MEe, 5.907175934e+00, E, -120.000000, NP, 30000 3000
5600, t, 2.800000e-06, KEe, 176903.017151, MEe, 5.896767238e+00, E, -120.000000, NP, 30000 3000
5700, t, 2.850000e-06, KEe, 176779.272620, MEe, 5.892642421e+00, E, -120.000000, NP, 30000 3000
5800, t, 2.900000e-06, KEe, 176784.936506, MEe, 5.892831217e+00, E, -120.000000, NP, 30000 3000
5900, t, 2.950000e-06, KEe, 177053.284898, MEe, 5.901776163e+00, E, -120.000000, NP, 30000 3000
6000, t, 3.000000e-06, KEe, 176861.316162, MEe, 5.895377205e+00, E, -120.000000, NP, 30000 3000
6100, t, 3.050000e-06, KEe, 177153.169335, MEe, 5.905105644e+00, E, -120.000000, NP, 30000 3000
6200, t, 3.100000e-06, KEe, 177129.027815, MEe, 5.904300927e+00, E, -120.000000, NP, 30000 3000
6300, t, 3.150000e-06, KEe, 176855.932451, MEe, 5.895197748e+00, E, -120.000000, NP, 30000 3000
6400, t, 3.200000e-06, KEe, 176928.508395, MEe, 5.897616946e+00, E, -120.000000, NP, 30000 3000
6500, t, 3.250000e-06, KEe, 176479.838063, MEe, 5.882661269e+00, E, -120.000000, NP, 30000 3000
6600, t, 3.300000e-06, KEe, 176208.751488, MEe, 5.873625050e+00, E, -120.000000, NP, 30000 3000
6700, t, 3.350000e-06, KEe, 176306.569402, MEe, 5.876885647e+00, E, -120.000000, NP, 30000 3000
6800, t, 3.400000e-06, KEe, 176678.750377, MEe, 5.889291679e+00, E, -120.000000, NP, 30000 3000
6900, t, 3.450000e-06, KEe, 176572.246462, MEe, 5.885741549e+00, E, -120.000000, NP, 30000 3000
7000, t, 3.500000e-06, KEe, 176786.582589, MEe, 5.892886086e+00, E, -120.000000, NP, 30000 3000
7100, t, 3.550000e-06, KEe, 176518.833024, MEe, 5.883961101e+00, E, -120.000000, NP, 30000 3000
7200, t, 3.600000e-06, KEe, 176840.700004, MEe, 5.894690000e+00, E, -120.000000, NP, 30000 3000
7300, t, 3.650000e-06, KEe, 176443.126875, MEe, 5.881437562e+00, E, -120.000000, NP, 30000 3000
7400, t, 3.700000e-06, KEe, 177463.152096, MEe, 5.915438403e+00, E, -120.000000, NP, 30000 3000
7500, t, 3.750000e-06, KEe, 177373.111047, MEe, 5.912437035e+00, E, -120.000000, NP, 30000 3000
7600, t, 3.800000e-06, KEe, 177837.974202, MEe, 5.927932473e+00, E, -120.000000, NP, 30000 3000
7700, t, 3.850000e-06, KEe, 177625.624499, MEe, 5.920854150e+00, E, -120.000000, NP, 30000 3000
7800, t, 3.900000e-06, KEe, 176520.145875, MEe, 5.884004862e+00, E, -120.000000, NP, 30000 3000
7900, t, 3.950000e-06, KEe, 176921.883840, MEe, 5.897396128e+00, E, -120.000000, NP, 30000 3000
8000, t, 4.000000e-06, KEe, 176439.954484, MEe, 5.881331816e+00, E, -120.000000, NP, 30000 3000
8100, t, 4.050000e-06, KEe, 176650.541468, MEe, 5.888351382e+00, E, -120.000000, NP, 30000 3000
8200, t, 4.100000e-06, KEe, 176884.064579, MEe, 5.896135486e+00, E, -120.000000, NP, 30000 3000
8300, t, 4.150000e-06, KEe, 176725.293560, MEe, 5.890843119e+00, E, -120.000000, NP, 30000 3000
8400, t, 4.200000e-06, KEe, 176596.791439, MEe, 5.886559715e+00, E, -120.000000, NP, 30000 3000
8500, t, 4.250000e-06, KEe, 176523.614637, MEe, 5.884120488e+00, E, -120.000000, NP, 30000 3000
8600, t, 4.300000e-06, KEe, 176413.726203, MEe, 5.880457540e+00, E, -120.000000, NP, 30000 3000
8700, t, 4.350000e-06, KEe, 176964.837770, MEe, 5.898827926e+00, E, -120.000000, NP, 30000 3000
8800, t, 4.400000e-06, KEe, 176794.925843, MEe, 5.893164195e+00, E, -120.000000, NP, 30000 3000
8900, t, 4.450000e-06, KEe, 177706.438851, MEe, 5.923547962e+00, E, -120.000000, NP, 30000 3000
9000, t, 4.500000e-06, KEe, 178027.587275, MEe, 5.934252909e+00, E, -120.000000, NP, 30000 3000
9100, t, 4.550000e-06, KEe, 177799.753580, MEe, 5.926658453e+00, E, -120.000000, NP, 30000 3000
9200, t, 4.600000e-06, KEe, 177351.052385, MEe, 5.911701746e+00, E, -120.000000, NP, 30000 3000
9300, t, 4.650000e-06, KEe, 176376.787097, MEe, 5.879226237e+00, E, -120.000000, NP, 30000 3000
9400, t, 4.700000e-06, KEe, 176123.272325, MEe, 5.870775744e+00, E, -120.000000, NP, 30000 3000
9500, t, 4.750000e-06, KEe, 175936.079454, MEe, 5.864535982e+00, E, -120.000000, NP, 30000 3000
9600, t, 4.800000e-06, KEe, 175731.078379, MEe, 5.857702613e+00, E, -120.000000, NP, 30000 3000
9700, t, 4.850000e-06, KEe, 175535.107952, MEe, 5.851170265e+00, E, -120.000000, NP, 30000 3000
9800, t, 4.900000e-06, KEe, 175307.222199, MEe, 5.843574073e+00, E, -120.000000, NP, 30000 3000
9900, t, 4.950000e-06, KEe, 176087.027245, MEe, 5.869567575e+00, E, -120.000000, NP, 30000 3000
10000, t, 5.000000e-06, KEe, 176100.509232, MEe, 5.870016974e+00, E, -120.000000, NP, 30000 3000
10100, t, 5.050000e-06, KEe, 176675.805197, MEe, 5.889193507e+00, E, -120.000000, NP, 30000 3000
10200, t, 5.100000e-06, KEe, 176389.349074, MEe, 5.879644969e+00, E, -120.000000, NP, 30000 3000
10300, t, 5.150000e-06, KEe, 176377.054764, MEe, 5.879235159e+00, E, -120.000000, NP, 30000 3000
10400, t, 5.200000e-06, KEe, 176595.369937, MEe, 5.886512331e+00, E, -120.000000, NP, 30000 3000
10500, t, 5.250000e-06, KEe, 177166.096928, MEe, 5.905536564e+00, E, -120.000000, NP, 30000 3000
10600, t, 5.300000e-06, KEe, 176963.266537, MEe, 5.898775551e+00, E, -120.000000, NP, 30000 3000
10700, t, 5.350000e-06, KEe, 177203.707253, MEe, 5.906790242e+00, E, -120.000000, NP, 30000 3000
10800, t, 5.400000e-06, KEe, 177371.877877, MEe, 5.912395929e+00, E, -120.000000, NP, 30000 3000
10900, t, 5.450000e-06, KEe, 177277.501831, MEe, 5.909250061e+00, E, -120.000000, NP, 30000 3000
11000, t, 5.500000e-06, KEe, 177083.425177, MEe, 5.902780839e+00, E, -120.000000, NP, 30000 3000
11100, t, 5.550000e-06, KEe, 177120.353799, MEe, 5.904011793e+00, E, -120.000000, NP, 30000 3000
11200, t, 5.600000e-06, KEe, 176916.620659, MEe, 5.897220689e+00, E, -120.000000, NP, 30000 3000
11300, t, 5.650000e-06, KEe, 177267.878480, MEe, 5.908929283e+00, E, -120.000000, NP, 30000 3000
11400, t, 5.700000e-06, KEe, 177050.567212, MEe, 5.901685574e+00, E, -120.000000, NP, 30000 3000
11500, t, 5.750000e-06, KEe, 177336.329461, MEe, 5.911210982e+00, E, -120.000000, NP, 30000 3000
11600, t, 5.800000e-06, KEe, 177775.103412, MEe, 5.925836780e+00, E, -120.000000, NP, 30000 3000
11700, t, 5.850000e-06, KEe, 177748.641603, MEe, 5.924954720e+00, E, -120.000000, NP, 30000 3000
11800, t, 5.900000e-06, KEe, 177996.491421, MEe, 5.933216381e+00, E, -120.000000, NP, 30000 3000
11900, t, 5.950000e-06, KEe, 177415.630924, MEe, 5.913854364e+00, E, -120.000000, NP, 30000 3000
12000, t, 6.000000e-06, KEe, 176769.498431, MEe, 5.892316614e+00, E, -120.000000, NP, 30000 3000
12100, t, 6.050000e-06, KEe, 177040.264288, MEe, 5.901342143e+00, E, -120.000000, NP, 30000 3000
12200, t, 6.100000e-06, KEe, 176923.775777, MEe, 5.897459193e+00, E, -120.000000, NP, 30000 3000
12300, t, 6.150000e-06, KEe, 176375.146610, MEe, 5.879171554e+00, E, -120.000000, NP, 30000 3000
12400, t, 6.200000e-06, KEe, 176823.931678, MEe, 5.894131056e+00, E, -120.000000, NP, 30000 3000
12500, t, 6.250000e-06, KEe, 176961.847054, MEe, 5.898728235e+00, E, -120.000000, NP, 30000 3000
12600, t, 6.300000e-06, KEe, 176679.245426, MEe, 5.889308181e+00, E, -120.000000, NP, 30000 3000
12700, t, 6.350000e-06, KEe, 176610.683380, MEe, 5.887022779e+00, E, -120.000000, NP, 30000 3000
12800, t, 6.400000e-06, KEe, 177027.387030, MEe, 5.900912901e+00, E, -120.000000, NP, 30000 3000
12900, t, 6.450000e-06, KEe, 176758.717185, MEe, 5.891957240e+00, E, -120.000000, NP, 30000 3000
13000, t, 6.500000e-06, KEe, 176349.014072, MEe, 5.878300469e+00, E, -120.000000, NP, 30000 3000
13100, t, 6.550000e-06, KEe, 176527.365322, MEe, 5.884245511e+00, E, -120.000000, NP, 30000 3000
13200, t, 6.600000e-06, KEe, 176825.561454, MEe, 5.894185382e+00, E, -120.000000, NP, 30000 3000
13300, t, 6.650000e-06, KEe, 176794.980944, MEe, 5.893166031e+00, E, -120.000000, NP, 30000 3000
13400, t, 6.700000e-06, KEe, 177425.712474, MEe, 5.914190416e+00, E, -120.000000, NP, 30000 3000
13500, t, 6.750000e-06, KEe, 177396.036604, MEe, 5.913201220e+00, E, -120.000000, NP, 30000 3000
13600, t, 6.800000e-06, KEe, 177052.968748, MEe, 5.901765625e+00, E, -120.000000, NP, 30000 3000
13700, t, 6.850000e-06, KEe, 176927.160709, MEe, 5.897572024e+00, E, -120.000000, NP, 30000 3000
13800, t, 6.900000e-06, KEe, 176961.750411, MEe, 5.898725014e+00, E, -120.000000, NP, 30000 3000
13900, t, 6.950000e-06, KEe, 177258.566217, MEe, 5.908618874e+00, E, -120.000000, NP, 30000 3000
14000, t, 7.000000e-06, KEe, 177077.622898, MEe, 5.902587430e+00, E, -120.000000, NP, 30000 3000
14100, t, 7.050000e-06, KEe, 176661.709627, MEe, 5.888723654e+00, E, -120.000000, NP, 30000 3000
14200, t, 7.100000e-06, KEe, 176859.732496, MEe, 5.895324417e+00, E, -120.000000, NP, 30000 3000
14300, t, 7.150000e-06, KEe, 177261.131789, MEe, 5.908704393e+00, E, -120.000000, NP, 30000 3000
14400, t, 7.200000e-06, KEe, 177634.658835, MEe, 5.921155295e+00, E, -120.000000, NP, 30000 3000
14500, t, 7.250000e-06, KEe, 177475.281161, MEe, 5.915842705e+00, E, -120.000000, NP, 30000 3000
14600, t, 7.300000e-06, KEe, 177614.049883, MEe, 5.920468329e+00, E, -120.000000, NP, 30000 3000
14700, t, 7.350000e-06, KEe, 177017.360452, MEe, 5.900578682e+00, E, -120.000000, NP, 30000 3000
14800, t, 7.400000e-06, KEe, 176289.583720, MEe, 5.876319457e+00, E, -120.000000, NP, 30000 3000
14900, t, 7.450000e-06, KEe, 175757.984526, MEe, 5.858599484e+00, E, -120.000000, NP, 30000 3000
15000, t, 7.500000e-06, KEe, 175837.883977, MEe, 5.861262799e+00, E, -120.000000, NP, 30000 3000
15100, t, 7.550000e-06, KEe, 176307.685277, MEe, 5.876922843e+00, E, -120.000000, NP, 30000 3000
15200, t, 7.600000e-06, KEe, 176894.200722, MEe, 5.896473357e+00, E, -120.000000, NP, 30000 3000
15300, t, 7.650000e-06, KEe, 177250.350436, MEe, 5.908345015e+00, E, -120.000000, NP, 30000 3000
15400, t, 7.700000e-06, KEe, 176970.790675, MEe, 5.899026356e+00, E, -120.000000, NP, 30000 3000
15500, t, 7.750000e-06, KEe, 176937.703225, MEe, 5.897923441e+00, E, -120.000000, NP, 30000 3000
15600, t, 7.800000e-06, KEe, 177132.655217, MEe, 5.904421841e+00, E, -120.000000, NP, 30000 3000
15700, t, 7.850000e-06, KEe, 177219.582537, MEe, 5.907319418e+00, E, -120.000000, NP, 30000 3000
15800, t, 7.900000e-06, KEe, 177196.403887, MEe, 5.906546796e+00, E, -120.000000, NP, 30000 3000
15900, t, 7.950000e-06, KEe, 176936.612611, MEe, 5.897887087e+00, E, -120.000000, NP, 30000 3000
16000, t, 8.000000e-06, KEe, 177026.961813, MEe, 5.900898727e+00, E, -120.000000, NP, 30000 3000
16100, t, 8.050000e-06, KEe, 176676.888964, MEe, 5.889229632e+00, E, -120.000000, NP, 30000 3000
16200, t, 8.100000e-06, KEe, 176144.002546, MEe, 5.871466752e+00, E, -120.000000, NP, 30000 3000
16300, t, 8.150000e-06, KEe, 176029.056974, MEe, 5.867635232e+00, E, -120.000000, NP, 30000 3000
16400, t, 8.200000e-06, KEe, 176412.716893, MEe, 5.880423896e+00, E, -120.000000, NP, 30000 3000
16500, t, 8.250000e-06, KEe, 176207.296877, MEe, 5.873576563e+00, E, -120.000000, NP, 30000 3000
16600, t, 8.300000e-06, KEe, 176803.830105, MEe, 5.893461004e+00, E, -120.000000, NP, 30000 3000
16700, t, 8.350000e-06, KEe, 176686.575503, MEe, 5.889552517e+00, E, -120.000000, NP, 30000 3000
16800, t, 8.400000e-06, KEe, 176550.788534, MEe, 5.885026284e+00, E, -120.000000, NP, 30000 3000
16900, t, 8.450000e-06, KEe, 176322.774515, MEe, 5.877425817e+00, E, -120.000000, NP, 30000 3000
17000, t, 8.500000e-06, KEe, 176500.417789, MEe, 5.883347260e+00, E, -120.000000, NP, 30000 3000
17100, t, 8.550000e-06, KEe, 176702.830369, MEe, 5.890094346e+00, E, -120.000000, NP, 30000 3000
17200, t, 8.600000e-06, KEe, 176598.028153, MEe, 5.886600938e+00, E, -120.000000, NP, 30000 3000
17300, t, 8.650000e-06, KEe, 175979.778142, MEe, 5.865992605e+00, E, -120.000000, NP, 30000 3000
17400, t, 8.700000e-06, KEe, 175698.024547, MEe, 5.856600818e+00, E, -120.000000, NP, 30000 3000
17500, t, 8.750000e-06, KEe, 176007.440912, MEe, 5.866914697e+00, E, -120.000000, NP, 30000 3000
17600, t, 8.800000e-06, KEe, 175883.219435, MEe, 5.862773981e+00, E, -120.000000, NP, 30000 3000
17700, t, 8.850000e-06, KEe, 175976.791866, MEe, 5.865893062e+00, E, -120.000000, NP, 30000 3000
17800, t, 8.900000e-06, KEe, 176142.980711, MEe, 5.871432690e+00, E, -120.000000, NP, 30000 3000
17900, t, 8.950000e-06, KEe, 175853.708833, MEe, 5.861790294e+00, E, -120.000000, NP, 30000 3000
18000, t, 9.000000e-06, KEe, 176021.342224, MEe, 5.867378074e+00, E, -120.000000, NP, 30000 3000
18100, t, 9.050000e-06, KEe, 175553.338320, MEe, 5.851777944e+00, E, -120.000000, NP, 30000 3000
18200, t, 9.100000e-06, KEe, 175257.292589, MEe, 5.841909753e+00, E, -120.000000, NP, 30000 3000
18300, t, 9.150000e-06, KEe, 175376.768329, MEe, 5.845892278e+00, E, -120.000000, NP, 30000 3000
18400, t, 9.200000e-06, KEe, 175625.018387, MEe, 5.854167280e+00, E, -120.000000, NP, 30000 3000
18500, t, 9.250000e-06, KEe, 176336.893355, MEe, 5.877896445e+00, E, -120.000000, NP, 30000 3000
18600, t, 9.300000e-06, KEe, 176142.240594, MEe, 5.871408020e+00, E, -120.000000, NP, 30000 3000
18700, t, 9.350000e-06, KEe, 176436.941175, MEe, 5.881231373e+00, E, -120.000000, NP, 30000 3000
18800, t, 9.400000e-06, KEe, 176378.709857, MEe, 5.879290329e+00, E, -120.000000, NP, 30000 3000
18900, t, 9.450000e-06, KEe, 176264.677268, MEe, 5.875489242e+00, E, -120.000000, NP, 30000 3000
19000, t, 9.500000e-06, KEe, 176001.636693, MEe, 5.866721223e+00, E, -120.000000, NP, 30000 3000
19100, t, 9.550000e-06, KEe, 176439.643309, MEe, 5.881321444e+00, E, -120.000000, NP, 30000 3000
19200, t, 9.600000e-06, KEe, 176771.035324, MEe, 5.892367844e+00, E, -120.000000, NP, 30000 3000
19300, t, 9.650000e-06, KEe, 177097.868430, MEe, 5.903262281e+00, E, -120.000000, NP, 30000 3000
19400, t, 9.700000e-06, KEe, 176854.309390, MEe, 5.895143646e+00, E, -120.000000, NP, 30000 3000
19500, t, 9.750000e-06, KEe, 177102.368931, MEe, 5.903412298e+00, E, -120.000000, NP, 30000 3000
19600, t, 9.800000e-06, KEe, 177465.504229, MEe, 5.915516808e+00, E, -120.000000, NP, 30000 3000
19700, t, 9.850000e-06, KEe, 177087.801674, MEe, 5.902926722e+00, E, -120.000000, NP, 30000 3000
19800, t, 9.900000e-06, KEe, 177761.254635, MEe, 5.925375154e+00, E, -120.000000, NP, 30000 3000
19900, t, 9.950000e-06, KEe, 177764.017213, MEe, 5.925467240e+00, E, -120.000000, NP, 30000 3000
20000, t, 1.000000e-05, KEe, 177569.545868, MEe, 5.918984862e+00, E, -120.000000, NP, 30000 3000
20100, t, 1.005000e-05, KEe, 177651.955481, MEe, 5.921731849e+00, E, -120.000000, NP, 30000 3000
20200, t, 1.010000e-05, KEe, 177036.495652, MEe, 5.901216522e+00, E, -120.000000, NP, 30000 3000
20300, t, 1.015000e-05, KEe, 176771.050474, MEe, 5.892368349e+00, E, -120.000000, NP, 30000 3000
20400, t, 1.020000e-05, KEe, 177231.331678, MEe, 5.907711056e+00, E, -120.000000, NP, 30000 3000
20500, t, 1.025000e-05, KEe, 176860.727643, MEe, 5.895357588e+00, E, -120.000000, NP, 30000 3000
20600, t, 1.030000e-05, KEe, 177103.599245, MEe, 5.903453308e+00, E, -120.000000, NP, 30000 3000
20700, t, 1.035000e-05, KEe, 176757.419348, MEe, 5.891913978e+00, E, -120.000000, NP, 30000 3000
20800, t, 1.040000e-05, KEe, 177382.440343, MEe, 5.912748011e+00, E, -120.000000, NP, 30000 3000
20900, t, 1.045000e-05, KEe, 177461.086184, MEe, 5.915369539e+00, E, -120.000000, NP, 30000 3000
21000, t, 1.050000e-05, KEe, 177537.342457, MEe, 5.917911415e+00, E, -120.000000, NP, 30000 3000
21100, t, 1.055000e-05, KEe, 177147.102254, MEe, 5.904903408e+00, E, -120.000000, NP, 30000 3000
21200, t, 1.060000e-05, KEe, 176989.880622, MEe, 5.899662687e+00, E, -120.000000, NP, 30000 3000
21300, t, 1.065000e-05, KEe, 176866.664318, MEe, 5.895555477e+00, E, -120.000000, NP, 30000 3000
21400, t, 1.070000e-05, KEe, 177515.673258, MEe, 5.917189109e+00, E, -120.000000, NP, 30000 3000
21500, t, 1.075000e-05, KEe, 177117.580006, MEe, 5.903919334e+00, E, -120.000000, NP, 30000 3000
21600, t, 1.080000e-05, KEe, 176638.719575, MEe, 5.887957319e+00, E, -120.000000, NP, 30000 3000
21700, t, 1.085000e-05, KEe, 176535.377095, MEe, 5.884512570e+00, E, -120.000000, NP, 30000 3000
21800, t, 1.090000e-05, KEe, 176219.438000, MEe, 5.873981267e+00, E, -120.000000, NP, 30000 3000
21900, t, 1.095000e-05, KEe, 176238.879703, MEe, 5.874629323e+00, E, -120.000000, NP, 30000 3000
22000, t, 1.100000e-05, KEe, 176413.904276, MEe, 5.880463476e+00, E, -120.000000, NP, 30000 3000
22100, t, 1.105000e-05, KEe, 176914.162376, MEe, 5.897138746e+00, E, -120.000000, NP, 30000 3000
22200, t, 1.110000e-05, KEe, 176321.831586, MEe, 5.877394386e+00, E, -120.000000, NP, 30000 3000
22300, t, 1.115000e-05, KEe, 176614.172972, MEe, 5.887139099e+00, E, -120.000000, NP, 30000 3000
22400, t, 1.120000e-05, KEe, 176228.784036, MEe, 5.874292801e+00, E, -120.000000, NP, 30000 3000
22500, t, 1.125000e-05, KEe, 176023.012135, MEe, 5.867433738e+00, E, -120.000000, NP, 30000 3000
22600, t, 1.130000e-05, KEe, 176539.341891, MEe, 5.884644730e+00, E, -120.000000, NP, 30000 3000
22700, t, 1.135000e-05, KEe, 176168.202454, MEe, 5.872273415e+00, E, -120.000000, NP, 30000 3000
22800, t, 1.140000e-05, KEe, 175692.576149, MEe, 5.856419205e+00, E, -120.000000, NP, 30000 3000
22900, t, 1.145000e-05, KEe, 175989.110695, MEe, 5.866303690e+00, E, -120.000000, NP, 30000 3000
23000, t, 1.150000e-05, KEe, 176016.396926, MEe, 5.867213231e+00, E, -120.000000, NP, 30000 3000
23100, t, 1.155000e-05, KEe, 175739.408911, MEe, 5.857980297e+00, E, -120.000000, NP, 30000 3000
23200, t, 1.160000e-05, KEe, 176160.845442, MEe, 5.872028181e+00, E, -120.000000, NP, 30000 3000
23300, t, 1.165000e-05, KEe, 175679.845749, MEe, 5.855994858e+00, E, -120.000000, NP, 30000 3000
23400, t, 1.170000e-05, KEe, 175760.429411, MEe, 5.858680980e+00, E, -120.000000, NP, 30000 3000
23500, t, 1.175000e-05, KEe, 175708.925261, MEe, 5.856964175e+00, E, -120.000000, NP, 30000 3000
23600, t, 1.180000e-05, KEe, 175956.942759, MEe, 5.865231425e+00, E, -120.000000, NP, 30000 3000
23700, t, 1.185000e-05, KEe, 176181.443718, MEe, 5.872714791e+00, E, -120.000000, NP, 30000 3000
23800, t, 1.190000e-05, KEe, 176219.698375, MEe, 5.873989946e+00, E, -120.000000, NP, 30000 3000
23900, t, 1.195000e-05, KEe, 175824.455259, MEe, 5.860815175e+00, E, -120.000000, NP, 30000 3000
24000, t, 1.200000e-05, KEe, 176526.275468, MEe, 5.884209182e+00, E, -120.000000, NP, 30000 3000
24100, t, 1.205000e-05, KEe, 176306.473209, MEe, 5.876882440e+00, E, -120.000000, NP, 30000 3000
24200, t, 1.210000e-05, KEe, 175664.609581, MEe, 5.855486986e+00, E, -120.000000, NP, 30000 3000
24300, t, 1.215000e-05, KEe, 175609.365940, MEe, 5.853645531e+00, E, -120.000000, NP, 30000 3000
24400, t, 1.220000e-05, KEe, 175868.086126, MEe, 5.862269538e+00, E, -120.000000, NP, 30000 3000
24500, t, 1.225000e-05, KEe, 175919.138408, MEe, 5.863971280e+00, E, -120.000000, NP, 30000 3000
24600, t, 1.230000e-05, KEe, 175608.160979, MEe, 5.853605366e+00, E, -120.000000, NP, 30000 3000
24700, t, 1.235000e-05, KEe, 175827.715021, MEe, 5.860923834e+00, E, -120.000000, NP, 30000 3000
24800, t, 1.240000e-05, KEe, 176082.012192, MEe, 5.869400406e+00, E, -120.000000, NP, 30000 3000
24900, t, 1.245000e-05, KEe, 176189.295517, MEe, 5.872976517e+00, E, -120.000000, NP, 30000 3000
25000, t, 1.250000e-05, KEe, 176158.270060, MEe, 5.871942335e+00, E, -120.000000, NP, 30000 3000
25100, t, 1.255000e-05, KEe, 175517.051904, MEe, 5.850568397e+00, E, -120.000000, NP, 30000 3000
25200, t, 1.260000e-05, KEe, 175504.545643, MEe, 5.850151521e+00, E, -120.000000, NP, 30000 3000
25300, t, 1.265000e-05, KEe, 175933.957936, MEe, 5.864465265e+00, E, -120.000000, NP, 30000 3000
25400, t, 1.270000e-05, KEe, 176105.052499, MEe, 5.870168417e+00, E, -120.000000, NP, 30000 3000
25500, t, 1.275000e-05, KEe, 176415.086564, MEe, 5.880502885e+00, E, -120.000000, NP, 30000 3000
25600, t, 1.280000e-05, KEe, 176150.931998, MEe, 5.871697733e+00, E, -120.000000, NP, 30000 3000
25700, t, 1.285000e-05, KEe, 176446.279898, MEe, 5.881542663e+00, E, -120.000000, NP, 30000 3000
25800, t, 1.290000e-05, KEe, 176953.047408, MEe, 5.898434914e+00, E, -120.000000, NP, 30000 3000
25900, t, 1.295000e-05, KEe, 177387.685990, MEe, 5.912922866e+00, E, -120.000000, NP, 30000 3000
26000, t, 1.300000e-05, KEe, 176427.107947, MEe, 5.880903598e+00, E, -120.000000, NP, 30000 3000
26100, t, 1.305000e-05, KEe, 176562.328805, MEe, 5.885410960e+00, E, -120.000000, NP, 30000 3000
26200, t, 1.310000e-05, KEe, 176083.821526, MEe, 5.869460718e+00, E, -120.000000, NP, 30000 3000
26300, t, 1.315000e-05, KEe, 175834.056897, MEe, 5.861135230e+00, E, -120.000000, NP, 30000 3000
26400, t, 1.320000e-05, KEe, 175911.058108, MEe, 5.863701937e+00, E, -120.000000, NP, 30000 3000
26500, t, 1.325000e-05, KEe, 175894.993004, MEe, 5.863166433e+00, E, -120.000000, NP, 30000 3000
26600, t, 1.330000e-05, KEe, 175748.952800, MEe, 5.858298427e+00, E, -120.000000, NP, 30000 3000
26700, t, 1.335000e-05, KEe, 176443.499206, MEe, 5.881449974e+00, E, -120.000000, NP, 30000 3000
26800, t, 1.340000e-05, KEe, 176519.985914, MEe, 5.883999530e+00, E, -120.000000, NP, 30000 3000
26900, t, 1.345000e-05, KEe, 176135.970819, MEe, 5.871199027e+00, E, -120.000000, NP, 30000 3000
27000, t, 1.350000e-05, KEe, 176553.365746, MEe, 5.885112192e+00, E, -120.000000, NP, 30000 3000
27100, t, 1.355000e-05, KEe, 176755.800225, MEe, 5.891860007e+00, E, -120.000000, NP, 30000 3000
27200, t, 1.360000e-05, KEe, 176716.559931, MEe, 5.890551998e+00, E, -120.000000, NP, 30000 3000
27300, t, 1.365000e-05, KEe, 176854.639221, MEe, 5.895154641e+00, E, -120.000000, NP, 30000 3000
27400, t, 1.370000e-05, KEe, 175921.901867, MEe, 5.864063396e+00, E, -120.000000, NP, 30000 3000
27500, t, 1.375000e-05, KEe, 176134.261099, MEe, 5.871142037e+00, E, -120.000000, NP, 30000 3000
27600, t, 1.380000e-05, KEe, 175953.551079, MEe, 5.865118369e+00, E, -120.000000, NP, 30000 3000
27700, t, 1.385000e-05, KEe, 176254.493011, MEe, 5.875149767e+00, E, -120.000000, NP, 30000 3000
27800, t, 1.390000e-05, KEe, 176295.797011, MEe, 5.876526567e+00, E, -120.000000, NP, 30000 3000
27900, t, 1.395000e-05, KEe, 175412.102249, MEe, 5.847070075e+00, E, -120.000000, NP, 30000 3000
28000, t, 1.400000e-05, KEe, 174755.620946, MEe, 5.825187365e+00, E, -120.000000, NP, 30000 3000
28100, t, 1.405000e-05, KEe, 174831.994336, MEe, 5.827733145e+00, E, -120.000000, NP, 30000 3000
28200, t, 1.410000e-05, KEe, 175458.427446, MEe, 5.848614248e+00, E, -120.000000, NP, 30000 3000
28300, t, 1.415000e-05, KEe, 175413.670819, MEe, 5.847122361e+00, E, -120.000000, NP, 30000 3000
28400, t, 1.420000e-05, KEe, 175157.928574, MEe, 5.838597619e+00, E, -120.000000, NP, 30000 3000
28500, t, 1.425000e-05, KEe, 175396.174083, MEe, 5.846539136e+00, E, -120.000000, NP, 30000 3000
28600, t, 1.430000e-05, KEe, 175988.193774, MEe, 5.866273126e+00, E, -120.000000, NP, 30000 3000
28700, t, 1.435000e-05, KEe, 176445.714295, MEe, 5.881523810e+00, E, -120.000000, NP, 30000 3000
28800, t, 1.440000e-05, KEe, 176310.068043, MEe, 5.877002268e+00, E, -120.000000, NP, 30000 3000
28900, t, 1.445000e-05, KEe, 176121.971334, MEe, 5.870732378e+00, E, -120.000000, NP, 30000 3000
29000, t, 1.450000e-05, KEe, 176417.350637, MEe, 5.880578355e+00, E, -120.000000, NP, 30000 3000
29100, t, 1.455000e-05, KEe, 176409.766180, MEe, 5.880325539e+00, E, -120.000000, NP, 30000 3000
29200, t, 1.460000e-05, KEe, 175621.533665, MEe, 5.854051122e+00, E, -120.000000, NP, 30000 3000
29300, t, 1.465000e-05, KEe, 176280.525350, MEe, 5.876017512e+00, E, -120.000000, NP, 30000 3000
29400, t, 1.470000e-05, KEe, 176160.166863, MEe, 5.872005562e+00, E, -120.000000, NP, 30000 3000
29500, t, 1.475000e-05, KEe, 176780.549539, MEe, 5.892684985e+00, E, -120.000000, NP, 30000 3000
29600, t, 1.480000e-05, KEe, 175615.792841, MEe, 5.853859761e+00, E, -120.000000, NP, 30000 3000
29700, t, 1.485000e-05, KEe, 175943.021552, MEe, 5.864767385e+00, E, -120.000000, NP, 30000 3000
29800, t, 1.490000e-05, KEe, 175887.216534, MEe, 5.862907218e+00, E, -120.000000, NP, 30000 3000
29900, t, 1.495000e-05, KEe, 175979.517289, MEe, 5.865983910e+00, E, -120.000000, NP, 30000 3000
30000, t, 1.500000e-05, KEe, 176369.270266, MEe, 5.878975676e+00, E, -120.000000, NP, 30000 3000
30100, t, 1.505000e-05, KEe, 176482.876363, MEe, 5.882762545e+00, E, -120.000000, NP, 30000 3000
30200, t, 1.510000e-05, KEe, 176563.494866, MEe, 5.885449829e+00, E, -120.000000, NP, 30000 3000
30300, t, 1.515000e-05, KEe, 176686.634059, MEe, 5.889554469e+00, E, -120.000000, NP, 30000 3000
30400, t, 1.520000e-05, KEe, 176309.986852, MEe, 5.876999562e+00, E, -120.000000, NP, 30000 3000
30500, t, 1.525000e-05, KEe, 176614.544354, MEe, 5.887151478e+00, E, -120.000000, NP, 30000 3000
30600, t, 1.530000e-05, KEe, 176900.235265, MEe, 5.896674509e+00, E, -120.000000, NP, 30000 3000
30700, t, 1.535000e-05, KEe, 176789.233705, MEe, 5.892974457e+00, E, -120.000000, NP, 30000 3000
30800, t, 1.540000e-05, KEe, 176481.000275, MEe, 5.882700009e+00, E, -120.000000, NP, 30000 3000
30900, t, 1.545000e-05, KEe, 176260.993744, MEe, 5.875366458e+00, E, -120.000000, NP, 30000 3000
31000, t, 1.550000e-05, KEe, 176185.671786, MEe, 5.872855726e+00, E, -120.000000, NP, 30000 3000
31100, t, 1.555000e-05, KEe, 176042.329329, MEe, 5.868077644e+00, E, -120.000000, NP, 30000 3000
31200, t, 1.560000e-05, KEe, 176386.906477, MEe, 5.879563549e+00, E, -120.000000, NP, 30000 3000
31300, t, 1.565000e-05, KEe, 176292.324619, MEe, 5.876410821e+00, E, -120.000000, NP, 30000 3000
31400, t, 1.570000e-05, KEe, 176553.186877, MEe, 5.885106229e+00, E, -120.000000, NP, 30000 3000
31500, t, 1.575000e-05, KEe, 176727.034707, MEe, 5.890901157e+00, E, -120.000000, NP, 30000 3000
31600, t, 1.580000e-05, KEe, 176849.176721, MEe, 5.894972557e+00, E, -120.000000, NP, 30000 3000
31700, t, 1.585000e-05, KEe, 176793.911722, MEe, 5.893130391e+00, E, -120.000000, NP, 30000 3000
31800, t, 1.590000e-05, KEe, 176525.204585, MEe, 5.884173486e+00, E, -120.000000, NP, 30000 3000
31900, t, 1.595000e-05, KEe, 176332.996186, MEe, 5.877766540e+00, E, -120.000000, NP, 30000 3000
32000, t, 1.600000e-05, KEe, 176294.545076, MEe, 5.876484836e+00, E, -120.000000, NP, 30000 3000
32100, t, 1.605000e-05, KEe, 175740.126107, MEe, 5.858004204e+00, E, -120.000000, NP, 30000 3000
32200, t, 1.610000e-05, KEe, 176115.855031, MEe, 5.870528501e+00, E, -120.000000, NP, 30000 3000
32300, t, 1.615000e-05, KEe, 176489.447568, MEe, 5.882981586e+00, E, -120.000000, NP, 30000 3000
32400, t, 1.620000e-05, KEe, 176434.789656, MEe, 5.881159655e+00, E, -120.000000, NP, 30000 3000
32500, t, 1.625000e-05, KEe, 176353.482074, MEe, 5.878449402e+00, E, -120.000000, NP, 30000 3000
32600, t, 1.630000e-05, KEe, 176005.305754, MEe, 5.866843525e+00, E, -120.000000, NP, 30000 3000
32700, t, 1.635000e-05, KEe, 176158.710227, MEe, 5.871957008e+00, E, -120.000000, NP, 30000 3000
32800, t, 1.640000e-05, KEe, 176334.685405, MEe, 5.877822847e+00, E, -120.000000, NP, 30000 3000
32900, t, 1.645000e-05, KEe, 176700.005419, MEe, 5.890000181e+00, E, -120.000000, NP, 30000 3000
33000, t, 1.650000e-05, KEe, 177403.758560, MEe, 5.913458619e+00, E, -120.000000, NP, 30000 3000
33100, t, 1.655000e-05, KEe, 176704.540750, MEe, 5.890151358e+00, E, -120.000000, NP, 30000 3000
33200, t, 1.660000e-05, KEe, 176906.209128, MEe, 5.896873638e+00, E, -120.000000, NP, 30000 3000
33300, t, 1.665000e-05, KEe, 177068.098605, MEe, 5.902269953e+00, E, -120.000000, NP, 30000 3000
33400, t, 1.670000e-05, KEe, 176692.751703, MEe, 5.889758390e+00, E, -120.000000, NP, 30000 3000
33500, t, 1.675000e-05, KEe, 176495.003673, MEe, 5.883166789e+00, E, -120.000000, NP, 30000 3000
33600, t, 1.680000e-05, KEe, 176318.582498, MEe, 5.877286083e+00, E, -120.000000, NP, 30000 3000
33700, t, 1.685000e-05, KEe, 176598.353732, MEe, 5.886611791e+00, E, -120.000000, NP, 30000 3000
33800, t, 1.690000e-05, KEe, 176995.218693, MEe, 5.899840623e+00, E, -120.000000, NP, 30000 3000
33900, t, 1.695000e-05, KEe, 176772.191665, MEe, 5.892406389e+00, E, -120.000000, NP, 30000 3000
34000, t, 1.700000e-05, KEe, 177379.177976, MEe, 5.912639266e+00, E, -120.000000, NP, 30000 3000
34100, t, 1.705000e-05, KEe, 177298.642049, MEe, 5.909954735e+00, E, -120.000000, NP, 30000 3000
34200, t, 1.710000e-05, KEe, 177106.304847, MEe, 5.903543495e+00, E, -120.000000, NP, 30000 3000
34300, t, 1.715000e-05, KEe, 177804.727950, MEe, 5.926824265e+00, E, -120.000000, NP, 30000 3000
34400, t, 1.720000e-05, KEe, 177277.152531, MEe, 5.909238418e+00, E, -120.000000, NP, 30000 3000
34500, t, 1.725000e-05, KEe, 177034.264156, MEe, 5.901142139e+00, E, -120.000000, NP, 30000 3000
34600, t, 1.730000e-05, KEe, 176855.074272, MEe, 5.895169142e+00, E, -120.000000, NP, 30000 3000
34700, t, 1.735000e-05, KEe, 177395.795997, MEe, 5.913193200e+00, E, -120.000000, NP, 30000 3000
34800, t, 1.740000e-05, KEe, 177080.733084, MEe, 5.902691103e+00, E, -120.000000, NP, 30000 3000
34900, t, 1.745000e-05, KEe, 176797.452459, MEe, 5.893248415e+00, E, -120.000000, NP, 30000 3000
35000, t, 1.750000e-05, KEe, 177482.726477, MEe, 5.916090883e+00, E, -120.000000, NP, 30000 3000
35100, t, 1.755000e-05, KEe, 177406.073860, MEe, 5.913535795e+00, E, -120.000000, NP, 30000 3000
35200, t, 1.760000e-05, KEe, 176617.065920, MEe, 5.887235531e+00, E, -120.000000, NP, 30000 3000
35300, t, 1.765000e-05, KEe, 176934.858634, MEe, 5.897828621e+00, E, -120.000000, NP, 30000 3000
35400, t, 1.770000e-05, KEe, 176489.534656, MEe, 5.882984489e+00, E, -120.000000, NP, 30000 3000
35500, t, 1.775000e-05, KEe, 176638.437370, MEe, 5.887947912e+00, E, -120.000000, NP, 30000 3000
35600, t, 1.780000e-05, KEe, 176881.927813, MEe, 5.896064260e+00, E, -120.000000, NP, 30000 3000
35700, t, 1.785000e-05, KEe, 177202.766502, MEe, 5.906758883e+00, E, -120.000000, NP, 30000 3000
35800, t, 1.790000e-05, KEe, 177622.243070, MEe, 5.920741436e+00, E, -120.000000, NP, 30000 3000
35900, t, 1.795000e-05, KEe, 177713.659627, MEe, 5.923788654e+00, E, -120.000000, NP, 30000 3000
36000, t, 1.800000e-05, KEe, 176733.278933, MEe, 5.891109298e+00, E, -120.000000, NP, 30000 3000
36100, t, 1.805000e-05, KEe, 176413.925426, MEe, 5.880464181e+00, E, -120.000000, NP, 30000 3000
36200, t, 1.810000e-05, KEe, 176104.768553, MEe, 5.870158952e+00, E, -120.000000, NP, 30000 3000
36300, t, 1.815000e-05, KEe, 176087.702498, MEe, 5.869590083e+00, E, -120.000000, NP, 30000 3000
36400, t, 1.820000e-05, KEe, 175949.848267, MEe, 5.864994942e+00, E, -120.000000, NP, 30000 3000
36500, t, 1.825000e-05, KEe, 175997.054402, MEe, 5.866568480e+00, E, -120.000000, NP, 30000 3000
36600, t, 1.830000e-05, KEe, 176717.372486, MEe, 5.890579083e+00, E, -120.000000, NP, 30000 3000
36700, t, 1.835000e-05, KEe, 177255.361329, MEe, 5.908512044e+00, E, -120.000000, NP, 30000 3000
36800, t, 1.840000e-05, KEe, 177068.933228, MEe, 5.902297774e+00, E, -120.000000, NP, 30000 3000
36900, t, 1.845000e-05, KEe, 176548.972224, MEe, 5.884965741e+00, E, -120.000000, NP, 30000 3000
37000, t, 1.850000e-05, KEe, 176556.795649, MEe, 5.885226522e+00, E, -120.000000, NP, 30000 3000
37100, t, 1.855000e-05, KEe, 176274.051122, MEe, 5.875801704e+00, E, -120.000000, NP, 30000 3000
37200, t, 1.860000e-05, KEe, 177080.427660, MEe, 5.902680922e+00, E, -120.000000, NP, 30000 3000
37300, t, 1.865000e-05, KEe, 177030.972434, MEe, 5.901032414e+00, E, -120.000000, NP, 30000 3000
37400, t, 1.870000e-05, KEe, 176968.384547, MEe, 5.898946152e+00, E, -120.000000, NP, 30000 3000
37500, t, 1.875000e-05, KEe, 176942.590760, MEe, 5.898086359e+00, E, -120.000000, NP, 30000 3000
37600, t, 1.880000e-05, KEe, 177458.378798, MEe, 5.915279293e+00, E, -120.000000, NP, 30000 3000
37700, t, 1.885000e-05, KEe, 177293.164140, MEe, 5.909772138e+00, E, -120.000000, NP, 30000 3000
37800, t, 1.890000e-05, KEe, 177128.177065, MEe, 5.904272569e+00, E, -120.000000, NP, 30000 3000
37900, t, 1.895000e-05, KEe, 176885.347605, MEe, 5.896178253e+00, E, -120.000000, NP, 30000 3000
38000, t, 1.900000e-05, KEe, 177110.913371, MEe, 5.903697112e+00, E, -120.000000, NP, 30000 3000
38100, t, 1.905000e-05, KEe, 177041.847451, MEe, 5.901394915e+00, E, -120.000000, NP, 30000 3000
38200, t, 1.910000e-05, KEe, 176397.187410, MEe, 5.879906247e+00, E, -120.000000, NP, 30000 3000
38300, t, 1.915000e-05, KEe, 176354.533875, MEe, 5.878484462e+00, E, -120.000000, NP, 30000 3000
38400, t, 1.920000e-05, KEe, 176683.202654, MEe, 5.889440088e+00, E, -120.000000, NP, 30000 3000
38500, t, 1.925000e-05, KEe, 177005.805322, MEe, 5.900193511e+00, E, -120.000000, NP, 30000 3000
38600, t, 1.930000e-05, KEe, 176433.875652, MEe, 5.881129188e+00, E, -120.000000, NP, 30000 3000
38700, t, 1.935000e-05, KEe, 176819.051095, MEe, 5.893968370e+00, E, -120.000000, NP, 30000 3000
38800, t, 1.940000e-05, KEe, 176327.290034, MEe, 5.877576334e+00, E, -120.000000, NP, 30000 3000
38900, t, 1.945000e-05, KEe, 175771.507360, MEe, 5.859050245e+00, E, -120.000000, NP, 30000 3000
39000, t, 1.950000e-05, KEe, 175925.169622, MEe, 5.864172321e+00, E, -120.000000, NP, 30000 3000
39100, t, 1.955000e-05, KEe, 176155.336189, MEe, 5.871844540e+00, E, -120.000000, NP, 30000 3000
39200, t, 1.960000e-05, KEe, 176330.288871, MEe, 5.877676296e+00, E, -120.000000, NP, 30000 3000
39300, t, 1.965000e-05, KEe, 176359.656107, MEe, 5.878655204e+00, E, -120.000000, NP, 30000 3000
39400, t, 1.970000e-05, KEe, 176208.636018, MEe, 5.873621201e+00, E, -120.000000, NP, 30000 3000
39500, t, 1.975000e-05, KEe, 176758.042925, MEe, 5.891934764e+00, E, -120.000000, NP, 30000 3000
39600, t, 1.980000e-05, KEe, 176824.443262, MEe, 5.894148109e+00, E, -120.000000, NP, 30000 3000
39700, t, 1.985000e-05, KEe, 176673.440588, MEe, 5.889114686e+00, E, -120.000000, NP, 30000 3000
39800, t, 1.990000e-05, KEe, 177419.203952, MEe, 5.913973465e+00, E, -120.000000, NP, 30000 3000
39900, t, 1.995000e-05, KEe, 176918.009432, MEe, 5.897266981e+00, E, -120.000000, NP, 30000 3000
40000, t, 2.000000e-05, KEe, 177196.279809, MEe, 5.906542660e+00, E, -120.000000, NP, 30000 3000
40100, t, 2.005000e-05, KEe, 177078.437562, MEe, 5.902614585e+00, E, -120.000000, NP, 30000 3000
40200, t, 2.010000e-05, KEe, 176927.697422, MEe, 5.897589914e+00, E, -120.000000, NP, 30000 3000
40300, t, 2.015000e-05, KEe, 176687.394277, MEe, 5.889579809e+00, E, -120.000000, NP, 30000 3000
40400, t, 2.020000e-05, KEe, 176965.890657, MEe, 5.898863022e+00, E, -120.000000, NP, 30000 3000
40500, t, 2.025000e-05, KEe, 176848.845004, MEe, 5.894961500e+00, E, -120.000000, NP, 30000 3000
40600, t, 2.030000e-05, KEe, 177091.752768, MEe, 5.903058426e+00, E, -120.000000, NP, 30000 3000
40700, t, 2.035000e-05, KEe, 176763.302396, MEe, 5.892110080e+00, E, -120.000000, NP, 30000 3000
40800, t, 2.040000e-05, KEe, 176637.933772, MEe, 5.887931126e+00, E, -120.000000, NP, 30000 3000
40900, t, 2.045000e-05, KEe, 176874.995126, MEe, 5.895833171e+00, E, -120.000000, NP, 30000 3000
41000, t, 2.050000e-05, KEe, 176824.910790, MEe, 5.894163693e+00, E, -120.000000, NP, 30000 3000
41100, t, 2.055000e-05, KEe, 176719.504499, MEe, 5.890650150e+00, E, -120.000000, NP, 30000 3000
41200, t, 2.060000e-05, KEe, 176747.904010, MEe, 5.891596800e+00, E, -120.000000, NP, 30000 3000
41300, t, 2.065000e-05, KEe, 177103.974342, MEe, 5.903465811e+00, E, -120.000000, NP, 30000 3000
41400, t, 2.070000e-05, KEe, 177022.206057, MEe, 5.900740202e+00, E, -120.000000, NP, 30000 3000
41500, t, 2.075000e-05, KEe, 177215.282940, MEe, 5.907176098e+00, E, -120.000000, NP, 30000 3000
41600, t, 2.080000e-05, KEe, 176884.264332, MEe, 5.896142144e+00, E, -120.000000, NP, 30000 3000
41700, t, 2.085000e-05, KEe, 176707.931989, MEe, 5.890264400e+00, E, -120.000000, NP, 30000 3000
41800, t, 2.090000e-05, KEe, 176835.799589, MEe, 5.894526653e+00, E, -120.000000, NP, 30000 3000
41900, t, 2.095000e-05, KEe, 177112.408540, MEe, 5.903746951e+00, E, -120.000000, NP, 30000 3000
42000, t, 2.100000e-05, KEe, 176517.439010, MEe, 5.883914634e+00, E, -120.000000, NP, 30000 3000
42100, t, 2.105000e-05, KEe, 176373.775987, MEe, 5.879125866e+00, E, -120.000000, NP, 30000 3000
42200, t, 2.110000e-05, KEe, 176002.700040, MEe, 5.866756668e+00, E, -120.000000, NP, 30000 3000
42300, t, 2.115000e-05, KEe, 176146.094611, MEe, 5.871536487e+00, E, -120.000000, NP, 30000 3000
42400, t, 2.120000e-05, KEe, 176028.510514, MEe, 5.867617017e+00, E, -120.000000, NP, 30000 3000
42500, t, 2.125000e-05, KEe, 176072.942103, MEe, 5.869098070e+00, E, -120.000000, NP, 30000 3000
42600, t, 2.130000e-05, KEe, 176162.183344, MEe, 5.872072778e+00, E, -120.000000, NP, 30000 3000
42700, t, 2.135000e-05, KEe, 176580.287833, MEe, 5.886009594e+00, E, -120.000000, NP, 30000 3000
42800, t, 2.140000e-05, KEe, 176566.427082, MEe, 5.885547569e+00, E, -120.000000, NP, 30000 3000
42900, t, 2.145000e-05, KEe, 176691.271507, MEe, 5.889709050e+00, E, -120.000000, NP, 30000 3000
43000, t, 2.150000e-05, KEe, 176729.511253, MEe, 5.890983708e+00, E, -120.000000, NP, 30000 3000
43100, t, 2.155000e-05, KEe, 176781.403631, MEe, 5.892713454e+00, E, -120.000000, NP, 30000 3000
43200, t, 2.160000e-05, KEe, 177109.094944, MEe, 5.903636498e+00, E, -120.000000, NP, 30000 3000
43300, t, 2.165000e-05, KEe, 177042.036737, MEe, 5.901401225e+00, E, -120.000000, NP, 30000 3000
43400, t, 2.170000e-05, KEe, 176270.159613, MEe, 5.875671987e+00, E, -120.000000, NP, 30000 3000
43500, t, 2.175000e-05, KEe, 176457.580891, MEe, 5.881919363e+00, E, -120.000000, NP, 30000 3000
43600, t, 2.180000e-05, KEe, 176642.463905, MEe, 5.888082130e+00, E, -120.000000, NP, 30000 3000
43700, t, 2.185000e-05, KEe, 177491.446326, MEe, 5.916381544e+00, E, -120.000000, NP, 30000 3000
43800, t, 2.190000e-05, KEe, 177127.878846, MEe, 5.904262628e+00, E, -120.000000, NP, 30000 3000
43900, t, 2.195000e-05, KEe, 176898.929965, MEe, 5.896630999e+00, E, -120.000000, NP, 30000 3000
44000, t, 2.200000e-05, KEe, 176822.464337, MEe, 5.894082145e+00, E, -120.000000, NP, 30000 3000
44100, t, 2.205000e-05, KEe, 176906.786174, MEe, 5.896892872e+00, E, -120.000000, NP, 30000 3000
44200, t, 2.210000e-05, KEe, 176814.955336, MEe, 5.893831845e+00, E, -120.000000, NP, 30000 3000
44300, t, 2.215000e-05, KEe, 177033.390235, MEe, 5.901113008e+00, E, -120.000000, NP, 30000 3000
44400, t, 2.220000e-05, KEe, 176825.816030, MEe, 5.894193868e+00, E, -120.000000, NP, 30000 3000
44500, t, 2.225000e-05, KEe, 176893.428714, MEe, 5.896447624e+00, E, -120.000000, NP, 30000 3000
44600, t, 2.230000e-05, KEe, 177081.761599, MEe, 5.902725387e+00, E, -120.000000, NP, 30000 3000
44700, t, 2.235000e-05, KEe, 176271.871396, MEe, 5.875729047e+00, E, -120.000000, NP, 30000 3000
44800, t, 2.240000e-05, KEe, 176394.582887, MEe, 5.879819430e+00, E, -120.000000, NP, 30000 3000
44900, t, 2.245000e-05, KEe, 175922.249235, MEe, 5.864074975e+00, E, -120.000000, NP, 30000 3000
45000, t, 2.250000e-05, KEe, 175590.728367, MEe, 5.853024279e+00, E, -120.000000, NP, 30000 3000
45100, t, 2.255000e-05, KEe, 175238.249044, MEe, 5.841274968e+00, E, -120.000000, NP, 30000 3000
45200, t, 2.260000e-05, KEe, 175594.500426, MEe, 5.853150014e+00, E, -120.000000, NP, 30000 3000
45300, t, 2.265000e-05, KEe, 175998.063930, MEe, 5.866602131e+00, E, -120.000000, NP, 30000 3000
45400, t, 2.270000e-05, KEe, 176099.916508, MEe, 5.869997217e+00, E, -120.000000, NP, 30000 3000
45500, t, 2.275000e-05, KEe, 175836.497931, MEe, 5.861216598e+00, E, -120.000000, NP, 30000 3000
45600, t, 2.280000e-05, KEe, 176282.574060, MEe, 5.876085802e+00, E, -120.000000, NP, 30000 3000
45700, t, 2.285000e-05, KEe, 176912.204262, MEe, 5.897073475e+00, E, -120.000000, NP, 30000 3000
45800, t, 2.290000e-05, KEe, 177305.583037, MEe, 5.910186101e+00, E, -120.000000, NP, 30000 3000
45900, t, 2.295000e-05, KEe, 177619.452866, MEe, 5.920648429e+00, E, -120.000000, NP, 30000 3000
46000, t, 2.300000e-05, KEe, 177599.339973, MEe, 5.919977999e+00, E, -120.000000, NP, 30000 3000
46100, t, 2.305000e-05, KEe, 177439.350015, MEe, 5.914645001e+00, E, -120.000000, NP, 30000 3000
46200, t, 2.310000e-05, KEe, 177665.660664, MEe, 5.922188689e+00, E, -120.000000, NP, 30000 3000
46300, t, 2.315000e-05, KEe, 177872.635305, MEe, 5.929087843e+00, E, -120.000000, NP, 30000 3000
46400, t, 2.320000e-05, KEe, 177541.985219, MEe, 5.918066174e+00, E, -120.000000, NP, 30000 3000
46500, t, 2.325000e-05, KEe, 177073.750801, MEe, 5.902458360e+00, E, -120.000000, NP, 30000 3000
46600, t, 2.330000e-05, KEe, 176984.891177, MEe, 5.899496373e+00, E, -120.000000, NP, 30000 3000
46700, t, 2.335000e-05, KEe, 176844.465012, MEe, 5.894815500e+00, E, -120.000000, NP, 30000 3000
46800, t, 2.340000e-05, KEe, 176906.673854, MEe, 5.896889128e+00, E, -120.000000, NP, 30000 3000
46900, t, 2.345000e-05, KEe, 176966.141725, MEe, 5.898871391e+00, E, -120.000000, NP, 30000 3000
47000, t, 2.350000e-05, KEe, 177376.571450, MEe, 5.912552382e+00, E, -120.000000, NP, 30000 3000
47100, t, 2.355000e-05, KEe, 177130.381926, MEe, 5.904346064e+00, E, -120.000000, NP, 30000 3000
47200, t, 2.360000e-05, KEe, 176611.950608, MEe, 5.887065020e+00, E, -120.000000, NP, 30000 3000
47300, t, 2.365000e-05, KEe, 176545.272764, MEe, 5.884842425e+00, E, -120.000000, NP, 30000 3000
47400, t, 2.370000e-05, KEe, 176070.443112, MEe, 5.869014770e+00, E, -120.000000, NP, 30000 3000
47500, t, 2.375000e-05, KEe, 176261.702185, MEe, 5.875390073e+00, E, -120.000000, NP, 30000 3000
47600, t, 2.380000e-05, KEe, 176819.460838, MEe, 5.893982028e+00, E, -120.000000, NP, 30000 3000
47700, t, 2.385000e-05, KEe, 177274.032469, MEe, 5.909134416e+00, E, -120.000000, NP, 30000 3000
47800, t, 2.390000e-05, KEe, 176697.065710, MEe, 5.889902190e+00, E, -120.000000, NP, 30000 3000
47900, t, 2.395000e-05, KEe, 176940.948136, MEe, 5.898031605e+00, E, -120.000000, NP, 30000 3000
48000, t, 2.400000e-05, KEe, 176914.689330, MEe, 5.897156311e+00, E, -120.000000, NP, 30000 3000
48100, t, 2.405000e-05, KEe, 177482.694418, MEe, 5.916089814e+00, E, -120.000000, NP, 30000 3000
48200, t, 2.410000e-05, KEe, 177341.357995, MEe, 5.911378600e+00, E, -120.000000, NP, 30000 3000
48300, t, 2.415000e-05, KEe, 177000.867908, MEe, 5.900028930e+00, E, -120.000000, NP, 30000 3000
48400, t, 2.420000e-05, KEe, 177044.693422, MEe, 5.901489781e+00, E, -120.000000, NP, 30000 3000
48500, t, 2.425000e-05, KEe, 176684.679898, MEe, 5.889489330e+00, E, -120.000000, NP, 30000 3000
48600, t, 2.430000e-05, KEe, 177036.665020, MEe, 5.901222167e+00, E, -120.000000, NP, 30000 3000
48700, t, 2.435000e-05, KEe, 176928.978581, MEe, 5.897632619e+00, E, -120.000000, NP, 30000 3000
48800, t, 2.440000e-05, KEe, 176085.501428, MEe, 5.869516714e+00, E, -120.000000, NP, 30000 3000
48900, t, 2.445000e-05, KEe, 176334.414084, MEe, 5.877813803e+00, E, -120.000000, NP, 30000 3000
49000, t, 2.450000e-05, KEe, 176952.271581, MEe, 5.898409053e+00, E, -120.000000, NP, 30000 3000
49100, t, 2.455000e-05, KEe, 176676.149159, MEe, 5.889204972e+00, E, -120.000000, NP, 30000 3000
49200, t, 2.460000e-05, KEe, 176597.666218, MEe, 5.886588874e+00, E, -120.000000, NP, 30000 3000
49300, t, 2.465000e-05, KEe, 177043.944623, MEe, 5.901464821e+00, E, -120.000000, NP, 30000 3000
49400, t, 2.470000e-05, KEe, 176704.519043, MEe, 5.890150635e+00, E, -120.000000, NP, 30000 3000
49500, t, 2.475000e-05, KEe, 177438.354385, MEe, 5.914611813e+00, E, -120.000000, NP, 30000 3000
49600, t, 2.480000e-05, KEe, 176869.282384, MEe, 5.895642746e+00, E, -120.000000, NP, 30000 3000
49700, t, 2.485000e-05, KEe, 176998.267555, MEe, 5.899942252e+00, E, -120.000000, NP, 30000 3000
49800, t, 2.490000e-05, KEe, 177596.271627, MEe, 5.919875721e+00, E, -120.000000, NP, 30000 3000
49900, t, 2.495000e-05, KEe, 177327.427158, MEe, 5.910914239e+00, E, -120.000000, NP, 30000 3000
50000, t, 2.500000e-05, KEe, 177290.344568, MEe, 5.909678152e+00, E, -120.000000, NP, 30000 3000
50100, t, 2.505000e-05, KEe, 177021.027101, MEe, 5.900700903e+00, E, -120.000000, NP, 30000 3000
50200, t, 2.510000e-05, KEe, 176580.148148, MEe, 5.886004938e+00, E, -120.000000, NP, 30000 3000
50300, t, 2.515000e-05, KEe, 176116.044007, MEe, 5.870534800e+00, E, -120.000000, NP, 30000 3000
50400, t, 2.520000e-05, KEe, 176058.937540, MEe, 5.868631251e+00, E, -120.000000, NP, 30000 3000
50500, t, 2.525000e-05, KEe, 175764.871048, MEe, 5.858829035e+00, E, -120.000000, NP, 30000 3000
50600, t, 2.530000e-05, KEe, 176038.615484, MEe, 5.867953849e+00, E, -120.000000, NP, 30000 3000
50700, t, 2.535000e-05, KEe, 175828.253173, MEe, 5.860941772e+00, E, -120.000000, NP, 30000 3000
50800, t, 2.540000e-05, KEe, 175934.924308, MEe, 5.864497477e+00, E, -120.000000, NP, 30000 3000
50900, t, 2.545000e-05, KEe, 176201.188602, MEe, 5.873372953e+00, E, -120.000000, NP, 30000 3000
51000, t, 2.550000e-05, KEe, 176394.931102, MEe, 5.879831037e+00, E, -120.000000, NP, 30000 3000
51100, t, 2.555000e-05, KEe, 176705.587894, MEe, 5.890186263e+00, E, -120.000000, NP, 30000 3000
51200, t, 2.560000e-05, KEe, 176904.643984, MEe, 5.896821466e+00, E, -120.000000, NP, 30000 3000
51300, t, 2.565000e-05, KEe, 177222.650586, MEe, 5.907421686e+00, E, -120.000000, NP, 30000 3000
51400, t, 2.570000e-05, KEe, 176544.193928, MEe, 5.884806464e+00, E, -120.000000, NP, 30000 3000
51500, t, 2.575000e-05, KEe, 176011.452749, MEe, 5.867048425e+00, E, -120.000000, NP, 30000 3000
51600, t, 2.580000e-05, KEe, 176097.629110, MEe, 5.869920970e+00, E, -120.000000, NP, 30000 3000
51700, t, 2.585000e-05, KEe, 176241.877940, MEe, 5.874729265e+00, E, -120.000000, NP, 30000 3000
51800, t, 2.590000e-05, KEe, 176714.296505, MEe, 5.890476550e+00, E, -120.000000, NP, 30000 3000
51900, t, 2.595000e-05, KEe, 176455.787897, MEe, 5.881859597e+00, E, -120.000000, NP, 30000 3000
52000, t, 2.600000e-05, KEe, 176317.761710, MEe, 5.877258724e+00, E, -120.000000, NP, 30000 3000
52100, t, 2.605000e-05, KEe, 176175.500997, MEe, 5.872516700e+00, E, -120.000000, NP, 30000 3000
52200, t, 2.610000e-05, KEe, 176171.454270, MEe, 5.872381809e+00, E, -120.000000, NP, 30000 3000
52300, t, 2.615000e-05, KEe, 176597.254689, MEe, 5.886575156e+00, E, -120.000000, NP, 30000 3000
52400, t, 2.620000e-05, KEe, 176598.281148, MEe, 5.886609372e+00, E, -120.000000, NP, 30000 3000
52500, t, 2.625000e-05, KEe, 176389.844521, MEe, 5.879661484e+00, E, -120.000000, NP, 30000 3000
52600, t, 2.630000e-05, KEe, 175884.331177, MEe, 5.862811039e+00, E, -120.000000, NP, 30000 3000
52700, t, 2.635000e-05, KEe, 176391.244995, MEe, 5.879708166e+00, E, -120.000000, NP, 30000 3000
52800, t, 2.640000e-05, KEe, 176094.023537, MEe, 5.869800785e+00, E, -120.000000, NP, 30000 3000
52900, t, 2.645000e-05, KEe, 176283.107583, MEe, 5.876103586e+00, E, -120.000000, NP, 30000 3000
53000, t, 2.650000e-05, KEe, 176613.213472, MEe, 5.887107116e+00, E, -120.000000, NP, 30000 3000
53100, t, 2.655000e-05, KEe, 176758.254635, MEe, 5.891941821e+00, E, -120.000000, NP, 30000 3000
53200, t, 2.660000e-05, KEe, 176587.559709, MEe, 5.886251990e+00, E, -120.000000, NP, 30000 3000
53300, t, 2.665000e-05, KEe, 176458.903220, MEe, 5.881963441e+00, E, -120.000000, NP, 30000 3000
53400, t, 2.670000e-05, KEe, 176897.783421, MEe, 5.896592781e+00, E, -120.000000, NP, 30000 3000
53500, t, 2.675000e-05, KEe, 176461.345899, MEe, 5.882044863e+00, E, -120.000000, NP, 30000 3000
53600, t, 2.680000e-05, KEe, 176485.371599, MEe, 5.882845720e+00, E, -120.000000, NP, 30000 3000
53700, t, 2.685000e-05, KEe, 176753.056080, MEe, 5.891768536e+00, E, -120.000000, NP, 30000 3000
53800, t, 2.690000e-05, KEe, 176607.207852, MEe, 5.886906928e+00, E, -120.000000, NP, 30000 3000
53900, t, 2.695000e-05, KEe, 176900.268121, MEe, 5.896675604e+00, E, -120.000000, NP, 30000 3000
54000, t, 2.700000e-05, KEe, 177235.241673, MEe, 5.907841389e+00, E, -120.000000, NP, 30000 3000
54100, t, 2.705000e-05, KEe, 177854.418529, MEe, 5.928480618e+00, E, -120.000000, NP, 30000 3000
54200, t, 2.710000e-05, KEe, 177088.769956, MEe, 5.902958999e+00, E, -120.000000, NP, 30000 3000
54300, t, 2.715000e-05, KEe, 176900.562432, MEe, 5.896685414e+00, E, -120.000000, NP, 30000 3000
54400, t, 2.720000e-05, KEe, 176941.671512, MEe, 5.898055717e+00, E, -120.000000, NP, 30000 3000
54500, t, 2.725000e-05, KEe, 176935.120757, MEe, 5.897837359e+00, E, -120.000000, NP, 30000 3000
54600, t, 2.730000e-05, KEe, 176951.837040, MEe, 5.898394568e+00, E, -120.000000, NP, 30000 3000
54700, t, 2.735000e-05, KEe, 176755.583895, MEe, 5.891852797e+00, E, -120.000000, NP, 30000 3000
54800, t, 2.740000e-05, KEe, 177089.610006, MEe, 5.902987000e+00, E, -120.000000, NP, 30000 3000
54900, t, 2.745000e-05, KEe, 177071.467466, MEe, 5.902382249e+00, E, -120.000000, NP, 30000 3000
55000, t, 2.750000e-05, KEe, 177230.129751, MEe, 5.907670992e+00, E, -120.000000, NP, 30000 3000
55100, t, 2.755000e-05, KEe, 177404.870482, MEe, 5.913495683e+00, E, -120.000000, NP, 30000 3000
55200, t, 2.760000e-05, KEe, 177668.845163, MEe, 5.922294839e+00, E, -120.000000, NP, 30000 3000
55300, t, 2.765000e-05, KEe, 178097.694826, MEe, 5.936589828e+00, E, -120.000000, NP, 30000 3000
55400, t, 2.770000e-05, KEe, 177186.048240, MEe, 5.906201608e+00, E, -120.000000, NP, 30000 3000
55500, t, 2.775000e-05, KEe, 177006.308753, MEe, 5.900210292e+00, E, -120.000000, NP, 30000 3000
55600, t, 2.780000e-05, KEe, 176867.603025, MEe, 5.895586768e+00, E, -120.000000, NP, 30000 3000
55700, t, 2.785000e-05, KEe, 176134.798707, MEe, 5.871159957e+00, E, -120.000000, NP, 30000 3000
55800, t, 2.790000e-05, KEe, 175878.595902, MEe, 5.862619863e+00, E, -120.000000, NP, 30000 3000
55900, t, 2.795000e-05, KEe, 176027.124052, MEe, 5.867570802e+00, E, -120.000000, NP, 30000 3000
56000, t, 2.800000e-05, KEe, 176118.721349, MEe, 5.870624045e+00, E, -120.000000, NP, 30000 3000
56100, t, 2.805000e-05, KEe, 175771.674373, MEe, 5.859055812e+00, E, -120.000000, NP, 30000 3000
56200, t, 2.810000e-05, KEe, 175953.474853, MEe, 5.865115828e+00, E, -120.000000, NP, 30000 3000
56300, t, 2.815000e-05, KEe, 176160.741876, MEe, 5.872024729e+00, E, -120.000000, NP, 30000 3000
56400, t, 2.820000e-05, KEe, 176156.863602, MEe, 5.871895453e+00, E, -120.000000, NP, 30000 3000
56500, t, 2.825000e-05, KEe, 175807.986608, MEe, 5.860266220e+00, E, -120.000000, NP, 30000 3000
56600, t, 2.830000e-05, KEe, 176258.535680, MEe, 5.875284523e+00, E, -120.000000, NP, 30000 3000
56700, t, 2.835000e-05, KEe, 176203.672059, MEe, 5.873455735e+00, E, -120.000000, NP, 30000 3000
56800, t, 2.840000e-05, KEe, 176339.111106, MEe, 5.877970370e+00, E, -120.000000, NP, 30000 3000
56900, t, 2.845000e-05, KEe, 176090.207174, MEe, 5.869673572e+00, E, -120.000000, NP, 30000 3000
57000, t, 2.850000e-05, KEe, 175543.395948, MEe, 5.851446532e+00, E, -120.000000, NP, 30000 3000
57100, t, 2.855000e-05, KEe, 175064.373768, MEe, 5.835479126e+00, E, -120.000000, NP, 30000 3000
57200, t, 2.860000e-05, KEe, 174713.404777, MEe, 5.823780159e+00, E, -120.000000, NP, 30000 3000
57300, t, 2.865000e-05, KEe, 175354.555285, MEe, 5.845151843e+00, E, -120.000000, NP, 30000 3000
57400, t, 2.870000e-05, KEe, 175497.622494, MEe, 5.849920750e+00, E, -120.000000, NP, 30000 3000
57500, t, 2.875000e-05, KEe, 176057.505254, MEe, 5.868583508e+00, E, -120.000000, NP, 30000 3000
57600, t, 2.880000e-05, KEe, 176038.275375, MEe, 5.867942513e+00, E, -120.000000, NP, 30000 3000
57700, t, 2.885000e-05, KEe, 176407.340824, MEe, 5.880244694e+00, E, -120.000000, NP, 30000 3000
57800, t, 2.890000e-05, KEe, 176592.342148, MEe, 5.886411405e+00, E, -120.000000, NP, 30000 3000
57900, t, 2.895000e-05, KEe, 176360.681310, MEe, 5.878689377e+00, E, -120.000000, NP, 30000 3000
58000, t, 2.900000e-05, KEe, 176259.686760, MEe, 5.875322892e+00, E, -120.000000, NP, 30000 3000
58100, t, 2.905000e-05, KEe, 176663.781346, MEe, 5.888792712e+00, E, -120.000000, NP, 30000 3000
58200, t, 2.910000e-05, KEe, 176701.784612, MEe, 5.890059487e+00, E, -120.000000, NP, 30000 3000
58300, t, 2.915000e-05, KEe, 176411.433740, MEe, 5.880381125e+00, E, -120.000000, NP, 30000 3000
58400, t, 2.920000e-05, KEe, 176149.545690, MEe, 5.871651523e+00, E, -120.000000, NP, 30000 3000
58500, t, 2.925000e-05, KEe, 176173.270373, MEe, 5.872442346e+00, E, -120.000000, NP, 30000 3000
58600, t, 2.930000e-05, KEe, 176534.032068, MEe, 5.884467736e+00, E, -120.000000, NP, 30000 3000
58700, t, 2.935000e-05, KEe, 176491.805586, MEe, 5.883060186e+00, E, -120.000000, NP, 30000 3000
58800, t, 2.940000e-05, KEe, 176323.628416, MEe, 5.877454281e+00, E, -120.000000, NP, 30000 3000
58900, t, 2.945000e-05, KEe, 176424.203230, MEe, 5.880806774e+00, E, -120.000000, NP, 30000 3000
59000, t, 2.950000e-05, KEe, 176726.014505, MEe, 5.890867150e+00, E, -120.000000, NP, 30000 3000
59100, t, 2.955000e-05, KEe, 176608.541520, MEe, 5.886951384e+00, E, -120.000000, NP, 30000 3000
59200, t, 2.960000e-05, KEe, 176809.930857, MEe, 5.893664362e+00, E, -120.000000, NP, 30000 3000
59300, t, 2.965000e-05, KEe, 177039.099248, MEe, 5.901303308e+00, E, -120.000000, NP, 30000 3000
59400, t, 2.970000e-05, KEe, 176952.686012, MEe, 5.898422867e+00, E, -120.000000, NP, 30000 3000
59500, t, 2.975000e-05, KEe, 176989.165530, MEe, 5.899638851e+00, E, -120.000000, NP, 30000 3000
59600, t, 2.980000e-05, KEe, 177105.428157, MEe, 5.903514272e+00, E, -120.000000, NP, 30000 3000
59700, t, 2.985000e-05, KEe, 176831.507992, MEe, 5.894383600e+00, E, -120.000000, NP, 30000 3000
59800, t, 2.990000e-05, KEe, 177443.425485, MEe, 5.914780849e+00, E, -120.000000, NP, 30000 3000
59900, t, 2.995000e-05, KEe, 177474.918798, MEe, 5.915830627e+00, E, -120.000000, NP, 30000 3000
60000, t, 3.000000e-05, KEe, 177269.689067, MEe, 5.908989636e+00, E, -120.000000, NP, 30000 3000
60100, t, 3.005000e-05, KEe, 177422.866585, MEe, 5.914095553e+00, E, -120.000000, NP, 30000 3000
60200, t, 3.010000e-05, KEe, 177455.604335, MEe, 5.915186811e+00, E, -120.000000, NP, 30000 3000
60300, t, 3.015000e-05, KEe, 177016.445468, MEe, 5.900548182e+00, E, -120.000000, NP, 30000 3000
60400, t, 3.020000e-05, KEe, 176651.629413, MEe, 5.888387647e+00, E, -120.000000, NP, 30000 3000
60500, t, 3.025000e-05, KEe, 176769.283949, MEe, 5.892309465e+00, E, -120.000000, NP, 30000 3000
60600, t, 3.030000e-05, KEe, 177574.834757, MEe, 5.919161159e+00, E, -120.000000, NP, 30000 3000
60700, t, 3.035000e-05, KEe, 177240.677673, MEe, 5.908022589e+00, E, -120.000000, NP, 30000 3000
60800, t, 3.040000e-05, KEe, 177103.306104, MEe, 5.903443537e+00, E, -120.000000, NP, 30000 3000
60900, t, 3.045000e-05, KEe, 177385.967963, MEe, 5.912865599e+00, E, -120.000000, NP, 30000 3000
61000, t, 3.050000e-05, KEe, 176992.772249, MEe, 5.899759075e+00, E, -120.000000, NP, 30000 3000
61100, t, 3.055000e-05, KEe, 177159.603963, MEe, 5.905320132e+00, E, -120.000000, NP, 30000 3000
61200, t, 3.060000e-05, KEe, 177770.683596, MEe, 5.925689453e+00, E, -120.000000, NP, 30000 3000
61300, t, 3.065000e-05, KEe, 177976.560165, MEe, 5.932552006e+00, E, -120.000000, NP, 30000 3000
61400, t, 3.070000e-05, KEe, 177326.547747, MEe, 5.910884925e+00, E, -120.000000, NP, 30000 3000
61500, t, 3.075000e-05, KEe, 177401.249921, MEe, 5.913374997e+00, E, -120.000000, NP, 30000 3000
61600, t, 3.080000e-05, KEe, 177334.303702, MEe, 5.911143457e+00, E, -120.000000, NP, 30000 3000
61700, t, 3.085000e-05, KEe, 177175.867003, MEe, 5.905862233e+00, E, -120.000000, NP, 30000 3000
61800, t, 3.090000e-05, KEe, 177419.939582, MEe, 5.913997986e+00, E, -120.000000, NP, 30000 3000
61900, t, 3.095000e-05, KEe, 177541.860287, MEe, 5.918062010e+00, E, -120.000000, NP, 30000 3000
62000, t, 3.100000e-05, KEe, 176973.757014, MEe, 5.899125234e+00, E, -120.000000, NP, 30000 3000
62100, t, 3.105000e-05, KEe, 176558.386677, MEe, 5.885279556e+00, E, -120.000000, NP, 30000 3000
62200, t, 3.110000e-05, KEe, 177147.840975, MEe, 5.904928032e+00, E, -120.000000, NP, 30000 3000
62300, t, 3.115000e-05, KEe, 176681.343678, MEe, 5.889378123e+00, E, -120.000000, NP, 30000 3000
62400, t, 3.120000e-05, KEe, 176983.180015, MEe, 5.899439334e+00, E, -120.000000, NP, 30000 3000
62500, t, 3.125000e-05, KEe, 177580.369717, MEe, 5.919345657e+00, E, -120.000000, NP, 30000 3000
62600, t, 3.130000e-05, KEe, 177871.491403, MEe, 5.929049713e+00, E, -120.000000, NP, 30000 3000
62700, t, 3.135000e-05, KEe, 178021.365356, MEe, 5.934045512e+00, E, -120.000000, NP, 30000 3000
62800, t, 3.140000e-05, KEe, 177544.145278, MEe, 5.918138176e+00, E, -120.000000, NP, 30000 3000
62900, t, 3.145000e-05, KEe, 176786.857577, MEe, 5.892895253e+00, E, -120.000000, NP, 30000 3000
63000, t, 3.150000e-05, KEe, 176916.866460, MEe, 5.897228882e+00, E, -120.000000, NP, 30000 3000
63100, t, 3.155000e-05, KEe, 176731.387289, MEe, 5.891046243e+00, E, -120.000000, NP, 30000 3000
63200, t, 3.160000e-05, KEe, 176984.496559, MEe, 5.899483219e+00, E, -120.000000, NP, 30000 3000
63300, t, 3.165000e-05, KEe, 177645.114210, MEe, 5.921503807e+00, E, -120.000000, NP, 30000 3000
63400, t, 3.170000e-05, KEe, 177346.907914, MEe, 5.911563597e+00, E, -120.000000, NP, 30000 3000
63500, t, 3.175000e-05, KEe, 177460.841769, MEe, 5.915361392e+00, E, -120.000000, NP, 30000 3000
63600, t, 3.180000e-05, KEe, 176976.591410, MEe, 5.899219714e+00, E, -120.000000, NP, 30000 3000
63700, t, 3.185000e-05, KEe, 176360.667044, MEe, 5.878688901e+00, E, -120.000000, NP, 30000 3000
63800, t, 3.190000e-05, KEe, 176310.456765, MEe, 5.877015225e+00, E, -120.000000, NP, 30000 3000
63900, t, 3.195000e-05, KEe, 176172.242163, MEe, 5.872408072e+00, E, -120.000000, NP, 30000 3000
64000, t, 3.200000e-05, KEe, 176385.710435, MEe, 5.879523681e+00, E, -120.000000, NP, 30000 3000
64100, t, 3.205000e-05, KEe, 176117.481473, MEe, 5.870582716e+00, E, -120.000000, NP, 30000 3000
64200, t, 3.210000e-05, KEe, 176406.837411, MEe, 5.880227914e+00, E, -120.000000, NP, 30000 3000
64300, t, 3.215000e-05, KEe, 175949.024211, MEe, 5.864967474e+00, E, -120.000000, NP, 30000 3000
64400, t, 3.220000e-05, KEe, 176644.201272, MEe, 5.888140042e+00, E, -120.000000, NP, 30000 3000
64500, t, 3.225000e-05, KEe, 176436.299798, MEe, 5.881209993e+00, E, -120.000000, NP, 30000 3000
64600, t, 3.230000e-05, KEe, 176506.916193, MEe, 5.883563873e+00, E, -120.000000, NP, 30000 3000
64700, t, 3.235000e-05, KEe, 176345.683706, MEe, 5.878189457e+00, E, -120.000000, NP, 30000 3000
64800, t, 3.240000e-05, KEe, 176448.579804, MEe, 5.881619327e+00, E, -120.000000, NP, 30000 3000
64900, t, 3.245000e-05, KEe, 176624.125766, MEe, 5.887470859e+00, E, -120.000000, NP, 30000 3000
65000, t, 3.250000e-05, KEe, 176212.931583, MEe, 5.873764386e+00, E, -120.000000, NP, 30000 3000
65100, t, 3.255000e-05, KEe, 176766.619684, MEe, 5.892220656e+00, E, -120.000000, NP, 30000 3000
65200, t, 3.260000e-05, KEe, 177227.439928, MEe, 5.907581331e+00, E, -120.000000, NP, 30000 3000
65300, t, 3.265000e-05, KEe, 176630.183649, MEe, 5.887672788e+00, E, -120.000000, NP, 30000 3000
65400, t, 3.270000e-05, KEe, 176412.387950, MEe, 5.880412932e+00, E, -120.000000, NP, 30000 3000
65500, t, 3.275000e-05, KEe, 175988.485039, MEe, 5.866282835e+00, E, -120.000000, NP, 30000 3000
65600, t, 3.280000e-05, KEe, 176060.224471, MEe, 5.868674149e+00, E, -120.000000, NP, 30000 3000
65700, t, 3.285000e-05, KEe, 176654.209479, MEe, 5.888473649e+00, E, -120.000000, NP, 30000 3000
65800, t, 3.290000e-05, KEe, 176627.477240, MEe, 5.887582575e+00, E, -120.000000, NP, 30000 3000
65900, t, 3.295000e-05, KEe, 176683.405085, MEe, 5.889446836e+00, E, -120.000000, NP, 30000 3000
66000, t, 3.300000e-05, KEe, 176295.814549, MEe, 5.876527152e+00, E, -120.000000, NP, 30000 3000
66100, t, 3.305000e-05, KEe, 176681.397793, MEe, 5.889379926e+00, E, -120.000000, NP, 30000 3000
66200, t, 3.310000e-05, KEe, 176358.154053, MEe, 5.878605135e+00, E, -120.000000, NP, 30000 3000
66300, t, 3.315000e-05, KEe, 176241.234125, MEe, 5.874707804e+00, E, -120.000000, NP, 30000 3000
66400, t, 3.320000e-05, KEe, 175916.770350, MEe, 5.863892345e+00, E, -120.000000, NP, 30000 3000
66500, t, 3.325000e-05, KEe, 176461.275142, MEe, 5.882042505e+00, E, -120.000000, NP, 30000 3000
66600, t, 3.330000e-05, KEe, 176476.801205, MEe, 5.882560040e+00, E, -120.000000, NP, 30000 3000
66700, t, 3.335000e-05, KEe, 176169.652064, MEe, 5.872321735e+00, E, -120.000000, NP, 30000 3000
66800, t, 3.340000e-05, KEe, 175339.253414, MEe, 5.844641780e+00, E, -120.000000, NP, 30000 3000
66900, t, 3.345000e-05, KEe, 175544.380774, MEe, 5.851479359e+00, E, -120.000000, NP, 30000 3000
67000, t, 3.350000e-05, KEe, 175566.250103, MEe, 5.852208337e+00, E, -120.000000, NP, 30000 3000
67100, t, 3.355000e-05, KEe, 175521.771383, MEe, 5.850725713e+00, E, -120.000000, NP, 30000 3000
67200, t, 3.360000e-05, KEe, 175245.703607, MEe, 5.841523454e+00, E, -120.000000, NP, 30000 3000
67300, t, 3.365000e-05, KEe, 175306.735983, MEe, 5.843557866e+00, E, -120.000000, NP, 30000 3000
67400, t, 3.370000e-05, KEe, 175613.351366, MEe, 5.853778379e+00, E, -120.000000, NP, 30000 3000
67500, t, 3.375000e-05, KEe, 175943.795565, MEe, 5.864793186e+00, E, -120.000000, NP, 30000 3000
67600, t, 3.380000e-05, KEe, 176138.419491, MEe, 5.871280650e+00, E, -120.000000, NP, 30000 3000
67700, t, 3.385000e-05, KEe, 176316.951694, MEe, 5.877231723e+00, E, -120.000000, NP, 30000 3000
67800, t, 3.390000e-05, KEe, 176429.118506, MEe, 5.880970617e+00, E, -120.000000, NP, 30000 3000
67900, t, 3.395000e-05, KEe, 175581.939601, MEe, 5.852731320e+00, E, -120.000000, NP, 30000 3000
68000, t, 3.400000e-05, KEe, 176280.023448, MEe, 5.876000782e+00, E, -120.000000, NP, 30000 3000
68100, t, 3.405000e-05, KEe, 176073.698059, MEe, 5.869123269e+00, E, -120.000000, NP, 30000 3000
68200, t, 3.410000e-05, KEe, 175970.324298, MEe, 5.865677477e+00, E, -120.000000, NP, 30000 3000
68300, t, 3.415000e-05, KEe, 176175.711719, MEe, 5.872523724e+00, E, -120.000000, NP, 30000 3000
68400, t, 3.420000e-05, KEe, 176852.594180, MEe, 5.895086473e+00, E, -120.000000, NP, 30000 3000
68500, t, 3.425000e-05, KEe, 177035.318296, MEe, 5.901177277e+00, E, -120.000000, NP, 30000 3000
68600, t, 3.430000e-05, KEe, 176736.192623, MEe, 5.891206421e+00, E, -120.000000, NP, 30000 3000
68700, t, 3.435000e-05, KEe, 176528.172021, MEe, 5.884272401e+00, E, -120.000000, NP, 30000 3000
68800, t, 3.440000e-05, KEe, 177185.586266, MEe, 5.906186209e+00, E, -120.000000, NP, 30000 3000
68900, t, 3.445000e-05, KEe, 177042.358612, MEe, 5.901411954e+00, E, -120.000000, NP, 30000 3000
69000, t, 3.450000e-05, KEe, 177579.751182, MEe, 5.919325039e+00, E, -120.000000, NP, 30000 3000
69100, t, 3.455000e-05, KEe, 176918.417683, MEe, 5.897280589e+00, E, -120.000000, NP, 30000 3000
69200, t, 3.460000e-05, KEe, 176933.780254, MEe, 5.897792675e+00, E, -120.000000, NP, 30000 3000
69300, t, 3.465000e-05, KEe, 177220.567768, MEe, 5.907352259e+00, E, -120.000000, NP, 30000 3000
69400, t, 3.470000e-05, KEe, 176535.229711, MEe, 5.884507657e+00, E, -120.000000, NP, 30000 3000
69500, t, 3.475000e-05, KEe, 176709.195007, MEe, 5.890306500e+00, E, -120.000000, NP, 30000 3000
69600, t, 3.480000e-05, KEe, 176148.426147, MEe, 5.871614205e+00, E, -120.000000, NP, 30000 3000
69700, t, 3.485000e-05, KEe, 176792.944632, MEe, 5.893098154e+00, E, -120.000000, NP, 30000 3000
69800, t, 3.490000e-05, KEe, 176539.187728, MEe, 5.884639591e+00, E, -120.000000, NP, 30000 3000
69900, t, 3.495000e-05, KEe, 177222.479458, MEe, 5.907415982e+00, E, -120.000000, NP, 30000 3000
70000, t, 3.500000e-05, KEe, 177084.322445, MEe, 5.902810748e+00, E, -120.000000, NP, 30000 3000
70100, t, 3.505000e-05, KEe, 177077.257021, MEe, 5.902575234e+00, E, -120.000000, NP, 30000 3000
70200, t, 3.510000e-05, KEe, 177210.880036, MEe, 5.907029335e+00, E, -120.000000, NP, 30000 3000
70300, t, 3.515000e-05, KEe, 177132.126140, MEe, 5.904404205e+00, E, -120.000000, NP, 30000 3000
70400, t, 3.520000e-05, KEe, 176661.832772, MEe, 5.888727759e+00, E, -120.000000, NP, 30000 3000
70500, t, 3.525000e-05, KEe, 176997.098000, MEe, 5.899903267e+00, E, -120.000000, NP, 30000 3000
70600, t, 3.530000e-05, KEe, 176136.791052, MEe, 5.871226368e+00, E, -120.000000, NP, 30000 3000
70700, t, 3.535000e-05, KEe, 176348.774971, MEe, 5.878292499e+00, E, -120.000000, NP, 30000 3000
70800, t, 3.540000e-05, KEe, 176341.564068, MEe, 5.878052136e+00, E, -120.000000, NP, 30000 3000
70900, t, 3.545000e-05, KEe, 175970.297102, MEe, 5.865676570e+00, E, -120.000000, NP, 30000 3000
71000, t, 3.550000e-05, KEe, 176300.311784, MEe, 5.876677059e+00, E, -120.000000, NP, 30000 3000
71100, t, 3.555000e-05, KEe, 176750.490930, MEe, 5.891683031e+00, E, -120.000000, NP, 30000 3000
71200, t, 3.560000e-05, KEe, 176876.485065, MEe, 5.895882835e+00, E, -120.000000, NP, 30000 3000
71300, t, 3.565000e-05, KEe, 177485.984957, MEe, 5.916199499e+00, E, -120.000000, NP, 30000 3000
71400, t, 3.570000e-05, KEe, 177065.110803, MEe, 5.902170360e+00, E, -120.000000, NP, 30000 3000
71500, t, 3.575000e-05, KEe, 177149.037077, MEe, 5.904967903e+00, E, -120.000000, NP, 30000 3000
71600, t, 3.580000e-05, KEe, 177007.971124, MEe, 5.900265704e+00, E, -120.000000, NP, 30000 3000
71700, t, 3.585000e-05, KEe, 177009.788610, MEe, 5.900326287e+00, E, -120.000000, NP, 30000 3000
71800, t, 3.590000e-05, KEe, 176757.928201, MEe, 5.891930940e+00, E, -120.000000, NP, 30000 3000
71900, t, 3.595000e-05, KEe, 176105.086066, MEe, 5.870169536e+00, E, -120.000000, NP, 30000 3000
72000, t, 3.600000e-05, KEe, 176523.796328, MEe, 5.884126544e+00, E, -120.000000, NP, 30000 3000
72100, t, 3.605000e-05, KEe, 176831.570669, MEe, 5.894385689e+00, E, -120.000000, NP, 30000 3000
72200, t, 3.610000e-05, KEe, 176891.322212, MEe, 5.896377407e+00, E, -120.000000, NP, 30000 3000
72300, t, 3.615000e-05, KEe, 176806.056499, MEe, 5.893535217e+00, E, -120.000000, NP, 30000 3000
72400, t, 3.620000e-05, KEe, 176582.537107, MEe, 5.886084570e+00, E, -120.000000, NP, 30000 3000
72500, t, 3.625000e-05, KEe, 176299.546512, MEe, 5.876651550e+00, E, -120.000000, NP, 30000 3000
72600, t, 3.630000e-05, KEe, 176223.627632, MEe, 5.874120921e+00, E, -120.000000, NP, 30000 3000
72700, t, 3.635000e-05, KEe, 176694.671434, MEe, 5.889822381e+00, E, -120.000000, NP, 30000 3000
72800, t, 3.640000e-05, KEe, 176282.442970, MEe, 5.876081432e+00, E, -120.000000, NP, 30000 3000
72900, t, 3.645000e-05, KEe, 176639.513818, MEe, 5.887983794e+00, E, -120.000000, NP, 30000 3000
73000, t, 3.650000e-05, KEe, 176540.620467, MEe, 5.884687349e+00, E, -120.000000, NP, 30000 3000
73100, t, 3.655000e-05, KEe, 176967.574030, MEe, 5.898919134e+00, E, -120.000000, NP, 30000 3000
73200, t, 3.660000e-05, KEe, 176480.990290, MEe, 5.882699676e+00, E, -120.000000, NP, 30000 3000
73300, t, 3.665000e-05, KEe, 176515.017863, MEe, 5.883833929e+00, E, -120.000000, NP, 30000 3000
73400, t, 3.670000e-05, KEe, 176876.046670, MEe, 5.895868222e+00, E, -120.000000, NP, 30000 3000
73500, t, 3.675000e-05, KEe, 176795.215127, MEe, 5.893173838e+00, E, -120.000000, NP, 30000 3000
73600, t, 3.680000e-05, KEe, 177271.213228, MEe, 5.909040441e+00, E, -120.000000, NP, 30000 3000
73700, t, 3.685000e-05, KEe, 177212.665898, MEe, 5.907088863e+00, E, -120.000000, NP, 30000 3000
73800, t, 3.690000e-05, KEe, 176965.053460, MEe, 5.898835115e+00, E, -120.000000, NP, 30000 3000
73900, t, 3.695000e-05, KEe, 176277.560452, MEe, 5.875918682e+00, E, -120.000000, NP, 30000 3000
74000, t, 3.700000e-05, KEe, 176114.556494, MEe, 5.870485216e+00, E, -120.000000, NP, 30000 3000
74100, t, 3.705000e-05, KEe, 176526.327425, MEe, 5.884210914e+00, E, -120.000000, NP, 30000 3000
74200, t, 3.710000e-05, KEe, 176908.968945, MEe, 5.896965632e+00, E, -120.000000, NP, 30000 3000
74300, t, 3.715000e-05, KEe, 176978.411768, MEe, 5.899280392e+00, E, -120.000000, NP, 30000 3000
74400, t, 3.720000e-05, KEe, 176712.041809, MEe, 5.890401394e+00, E, -120.000000, NP, 30000 3000
74500, t, 3.725000e-05, KEe, 176545.742553, MEe, 5.884858085e+00, E, -120.000000, NP, 30000 3000
74600, t, 3.730000e-05, KEe, 176742.105913, MEe, 5.891403530e+00, E, -120.000000, NP, 30000 3000
74700, t, 3.735000e-05, KEe, 176243.344373, MEe, 5.874778146e+00, E, -120.000000, NP, 30000 3000
74800, t, 3.740000e-05, KEe, 176482.767901, MEe, 5.882758930e+00, E, -120.000000, NP, 30000 3000
74900, t, 3.745000e-05, KEe, 176472.705224, MEe, 5.882423507e+00, E, -120.000000, NP, 30000 3000
75000, t, 3.750000e-05, KEe, 176416.167673, MEe, 5.880538922e+00, E, -120.000000, NP, 30000 3000
75100, t, 3.755000e-05, KEe, 176083.995904, MEe, 5.869466530e+00, E, -120.000000, NP, 30000 3000
75200, t, 3.760000e-05, KEe, 176049.356859, MEe, 5.868311895e+00, E, -120.000000, NP, 30000 3000
75300, t, 3.765000e-05, KEe, 176458.969431, MEe, 5.881965648e+00, E, -120.000000, NP, 30000 3000
75400, t, 3.770000e-05, KEe, 176310.447606, MEe, 5.877014920e+00, E, -120.000000, NP, 30000 3000
75500, t, 3.775000e-05, KEe, 176988.568564, MEe, 5.899618952e+00, E, -120.000000, NP, 30000 3000
75600, t, 3.780000e-05, KEe, 176786.055439, MEe, 5.892868515e+00, E, -120.000000, NP, 30000 3000
75700, t, 3.785000e-05, KEe, 176759.711242, MEe, 5.891990375e+00, E, -120.000000, NP, 30000 3000
75800, t, 3.790000e-05, KEe, 177123.085850, MEe, 5.904102862e+00, E, -120.000000, NP, 30000 3000
75900, t, 3.795000e-05, KEe, 176151.818490, MEe, 5.871727283e+00, E, -120.000000, NP, 30000 3000
76000, t, 3.800000e-05, KEe, 175926.229087, MEe, 5.864207636e+00, E, -120.000000, NP, 30000 3000
76100, t, 3.805000e-05, KEe, 176121.421792, MEe, 5.870714060e+00, E, -120.000000, NP, 30000 3000
76200, t, 3.810000e-05, KEe, 176430.415205, MEe, 5.881013840e+00, E, -120.000000, NP, 30000 3000
76300, t, 3.815000e-05, KEe, 175912.729196, MEe, 5.863757640e+00, E, -120.000000, NP, 30000 3000
76400, t, 3.820000e-05, KEe, 175920.882358, MEe, 5.864029412e+00, E, -120.000000, NP, 30000 3000
76500, t, 3.825000e-05, KEe, 175838.830031, MEe, 5.861294334e+00, E, -120.000000, NP, 30000 3000
76600, t, 3.830000e-05, KEe, 175735.043755, MEe, 5.857834792e+00, E, -120.000000, NP, 30000 3000
76700, t, 3.835000e-05, KEe, 176153.507211, MEe, 5.871783574e+00, E, -120.000000, NP, 30000 3000
76800, t, 3.840000e-05, KEe, 176167.107225, MEe, 5.872236908e+00, E, -120.000000, NP, 30000 3000
76900, t, 3.845000e-05, KEe, 176673.803885, MEe, 5.889126796e+00, E, -120.000000, NP, 30000 3000
77000, t, 3.850000e-05, KEe, 176408.294058, MEe, 5.880276469e+00, E, -120.000000, NP, 30000 3000
77100, t, 3.855000e-05, KEe, 176403.993946, MEe, 5.880133132e+00, E, -120.000000, NP, 30000 3000
77200, t, 3.860000e-05, KEe, 176323.786809, MEe, 5.877459560e+00, E, -120.000000, NP, 30000 3000
77300, t, 3.865000e-05, KEe, 175986.212999, MEe, 5.866207100e+00, E, -120.000000, NP, 30000 3000
77400, t, 3.870000e-05, KEe, 176164.162949, MEe, 5.872138765e+00, E, -120.000000, NP, 30000 3000
77500, t, 3.875000e-05, KEe, 175975.654586, MEe, 5.865855153e+00, E, -120.000000, NP, 30000 3000
77600, t, 3.880000e-05, KEe, 175590.457281, MEe, 5.853015243e+00, E, -120.000000, NP, 30000 3000
77700, t, 3.885000e-05, KEe, 176286.313136, MEe, 5.876210438e+00, E, -120.000000, NP, 30000 3000
77800, t, 3.890000e-05, KEe, 175893.706974, MEe, 5.863123566e+00, E, -120.000000, NP, 30000 3000
77900, t, 3.895000e-05, KEe, 175824.948349, MEe, 5.860831612e+00, E, -120.000000, NP, 30000 3000
78000, t, 3.900000e-05, KEe, 175444.077028, MEe, 5.848135901e+00, E, -120.000000, NP, 30000 3000
78100, t, 3.905000e-05, KEe, 176019.811770, MEe, 5.867327059e+00, E, -120.000000, NP, 30000 3000
78200, t, 3.910000e-05, KEe, 176119.345899, MEe, 5.870644863e+00, E, -120.000000, NP, 30000 3000
78300, t, 3.915000e-05, KEe, 175569.364878, MEe, 5.852312163e+00, E, -120.000000, NP, 30000 3000
78400, t, 3.920000e-05, KEe, 175870.344208, MEe, 5.862344807e+00, E, -120.000000, NP, 30000 3000
78500, t, 3.925000e-05, KEe, 176076.145593, MEe, 5.869204853e+00, E, -120.000000, NP, 30000 3000
78600, t, 3.930000e-05, KEe, 175740.247293, MEe, 5.858008243e+00, E, -120.000000, NP, 30000 3000
78700, t, 3.935000e-05, KEe, 176014.348036, MEe, 5.867144935e+00, E, -120.000000, NP, 30000 3000
78800, t, 3.940000e-05, KEe, 175975.572007, MEe, 5.865852400e+00, E, -120.000000, NP, 30000 3000
78900, t, 3.945000e-05, KEe, 176416.852232, MEe, 5.880561741e+00, E, -120.000000, NP, 30000 3000
79000, t, 3.950000e-05, KEe, 176689.998934, MEe, 5.889666631e+00, E, -120.000000, NP, 30000 3000
79100, t, 3.955000e-05, KEe, 176659.122253, MEe, 5.888637408e+00, E, -120.000000, NP, 30000 3000
79200, t, 3.960000e-05, KEe, 176689.973246, MEe, 5.889665775e+00, E, -120.000000, NP, 30000 3000
79300, t, 3.965000e-05, KEe, 176692.062371, MEe, 5.889735412e+00, E, -120.000000, NP, 30000 3000
79400, t, 3.970000e-05, KEe, 175924.401991, MEe, 5.864146733e+00, E, -120.000000, NP, 30000 3000
79500, t, 3.975000e-05, KEe, 176427.294043, MEe, 5.880909801e+00, E, -120.000000, NP, 30000 3000
79600, t, 3.980000e-05, KEe, 176756.802546, MEe, 5.891893418e+00, E, -120.000000, NP, 30000 3000
79700, t, 3.985000e-05, KEe, 176068.946558, MEe, 5.868964885e+00, E, -120.000000, NP, 30000 3000
79800, t, 3.990000e-05, KEe, 176024.155503, MEe, 5.867471850e+00, E, -120.000000, NP, 30000 3000
79900, t, 3.995000e-05, KEe, 176734.882152, MEe, 5.891162738e+00, E, -120.000000, NP, 30000 3000
80000, t, 4.000000e-05, KEe, 176586.139953, MEe, 5.886204665e+00, E, -120.000000, NP, 30000 3000
