RandMax 2147483647
reading box length: 1.000000e-06 (m)
reading number of particle types: 2
reading number of particles of type 0: 30000
reading number of particles of type 1: 3000
reading temperature of particle type 0: 0.000000 (eV)
reading temperature of particle type 1: 0.025900 (eV)
reading flow velocity of particle type 0: 0.000000 (eV)
reading flow velocity of particle type 1: 0.000000 (eV)
reading charge of particle type 0: -1.000000 (elementary charge)
reading charge of particle type 1: 0.000000 (elementary charge)
reading mass of particle type 0: 0.000549 (amu)
reading mass of particle type 1: 28.000000 (amu)
reading number of time steps: 30000
reading vsigma max samples: 1000
reading time step dt: 1.974743e-10
reading electric field: -2.700000e+02 (V/m)
reading electric frequency: 0.000000e+00 (Hz)
reading magnetic field: 0.000000e+00 0.000000e+00 0.000000e+00 (Tesla)
reading vdf dump spec: 1000 1000000 0
reading extrapolation option: 0
reading memory allocation: 0.000000e+00 (GB)
reading auto dump spec: 0
reading output stride spec: 100
reading carry remainder spec: 0
found cross_sections/Ar.dat file for particle 0 with 1 in indeck, differential model found: Aubin
found cross_sections/Ar->Ar(3d'[3/2]1).dat file for particle 0 with 1 in indeck
found cross_sections/Ar->Ar(3d'[3/2]2).dat file for particle 0 with 1 in indeck
found cross_sections/Ar->Ar(3d'[5/2]2).dat file for particle 0 with 1 in indeck
found cross_sections/Ar->Ar(3d'[5/2]3).dat file for particle 0 with 1 in indeck
found cross_sections/Ar->Ar(3d[1/2]0).dat file for particle 0 with 1 in indeck
found cross_sections/Ar->Ar(3d[1/2]1).dat file for particle 0 with 1 in indeck
found cross_sections/Ar->Ar(3d[3/2]1).dat file for particle 0 with 1 in indeck
found cross_sections/Ar->Ar(3d[3/2]2).dat file for particle 0 with 1 in indeck
found cross_sections/Ar->Ar(3d[5/2]2).dat file for particle 0 with 1 in indeck
found cross_sections/Ar->Ar(3d[5/2]3).dat file for particle 0 with 1 in indeck
found cross_sections/Ar->Ar(3d[7/2]3).dat file for particle 0 with 1 in indeck
found cross_sections/Ar->Ar(3d[7/2]4).dat file for particle 0 with 1 in indeck
found cross_sections/Ar->Ar(4p'[1/2]0).dat file for particle 0 with 1 in indeck
found cross_sections/Ar->Ar(4p'[1/2]1).dat file for particle 0 with 1 in indeck
found cross_sections/Ar->Ar(4p'[3/2]1).dat file for particle 0 with 1 in indeck
found cross_sections/Ar->Ar(4p'[3/2]2).dat file for particle 0 with 1 in indeck
found cross_sections/Ar->Ar(4p[1/2]0).dat file for particle 0 with 1 in indeck
found cross_sections/Ar->Ar(4p[1/2]1).dat file for particle 0 with 1 in indeck
found cross_sections/Ar->Ar(4p[3/2]1).dat file for particle 0 with 1 in indeck
found cross_sections/Ar->Ar(4p[3/2]2).dat file for particle 0 with 1 in indeck
found cross_sections/Ar->Ar(4p[5/2]2).dat file for particle 0 with 1 in indeck
found cross_sections/Ar->Ar(4p[5/2]3).dat file for particle 0 with 1 in indeck
found cross_sections/Ar->Ar(4s'[1/2]0).dat file for particle 0 with 1 in indeck
found cross_sections/Ar->Ar(4s'[1/2]1).dat file for particle 0 with 1 in indeck
found cross_sections/Ar->Ar(4s[3/2]1).dat file for particle 0 with 1 in indeck
found cross_sections/Ar->Ar(4s[3/2]2).dat file for particle 0 with 1 in indeck
found cross_sections/Ar->Ar(5s'[1/2]0).dat file for particle 0 with 1 in indeck
found cross_sections/Ar->Ar(5s'[1/2]1).dat file for particle 0 with 1 in indeck
found cross_sections/Ar->Ar(5s[3/2]1).dat file for particle 0 with 1 in indeck
found cross_sections/Ar->Ar(5s[3/2]2).dat file for particle 0 with 1 in indeck
found cross_sections/Ar->Ar(Rydberg).dat file for particle 0 with 1 in indeck
found cross_sections/Ar->Ar^+.dat file for particle 0 with 1 in indeck, differential model found: Uniform
reading cross_sections/Ar.dat
reading cross_sections/Ar->Ar(3d'[3/2]1).dat
reading cross_sections/Ar->Ar(3d'[3/2]2).dat
reading cross_sections/Ar->Ar(3d'[5/2]2).dat
reading cross_sections/Ar->Ar(3d'[5/2]3).dat
reading cross_sections/Ar->Ar(3d[1/2]0).dat
reading cross_sections/Ar->Ar(3d[1/2]1).dat
reading cross_sections/Ar->Ar(3d[3/2]1).dat
reading cross_sections/Ar->Ar(3d[3/2]2).dat
reading cross_sections/Ar->Ar(3d[5/2]2).dat
reading cross_sections/Ar->Ar(3d[5/2]3).dat
reading cross_sections/Ar->Ar(3d[7/2]3).dat
reading cross_sections/Ar->Ar(3d[7/2]4).dat
reading cross_sections/Ar->Ar(4p'[1/2]0).dat
reading cross_sections/Ar->Ar(4p'[1/2]1).dat
reading cross_sections/Ar->Ar(4p'[3/2]1).dat
reading cross_sections/Ar->Ar(4p'[3/2]2).dat
reading cross_sections/Ar->Ar(4p[1/2]0).dat
reading cross_sections/Ar->Ar(4p[1/2]1).dat
reading cross_sections/Ar->Ar(4p[3/2]1).dat
reading cross_sections/Ar->Ar(4p[3/2]2).dat
reading cross_sections/Ar->Ar(4p[5/2]2).dat
reading cross_sections/Ar->Ar(4p[5/2]3).dat
reading cross_sections/Ar->Ar(4s'[1/2]0).dat
reading cross_sections/Ar->Ar(4s'[1/2]1).dat
reading cross_sections/Ar->Ar(4s[3/2]1).dat
reading cross_sections/Ar->Ar(4s[3/2]2).dat
reading cross_sections/Ar->Ar(5s'[1/2]0).dat
reading cross_sections/Ar->Ar(5s'[1/2]1).dat
reading cross_sections/Ar->Ar(5s[3/2]1).dat
reading cross_sections/Ar->Ar(5s[3/2]2).dat
reading cross_sections/Ar->Ar(Rydberg).dat
reading cross_sections/Ar->Ar^+.dat
Memory per particle: 72 bytes
Memory for all initial particles: 2.213e-03 GB
Allocating space for 132000 particles
------------------------------------
0, t, 0.000000e+00, KEe, 0.000000, MEe, 0.000000000e+00, E, -270.000000, NP, 30000 3000
100, t, 1.974743e-08, KEe, 65708.674786, MEe, 2.190289160e+00, E, -270.000000, NP, 30000 3000
200, t, 3.949486e-08, KEe, 119952.249488, MEe, 3.998408316e+00, E, -270.000000, NP, 30000 3000
300, t, 5.924228e-08, KEe, 136766.692503, MEe, 4.558889750e+00, E, -270.000000, NP, 30000 3000
400, t, 7.898971e-08, KEe, 152350.905599, MEe, 5.078363520e+00, E, -270.000000, NP, 30000 3000
500, t, 9.873714e-08, KEe, 165055.373626, MEe, 5.501845788e+00, E, -270.000000, NP, 30000 3000
600, t, 1.184846e-07, KEe, 176116.538643, MEe, 5.870551288e+00, E, -270.000000, NP, 30000 3000
700, t, 1.382320e-07, KEe, 183387.288845, MEe, 6.112909628e+00, E, -270.000000, NP, 30000 3000
800, t, 1.579794e-07, KEe, 189469.600306, MEe, 6.315653344e+00, E, -270.000000, NP, 30000 3000
900, t, 1.777269e-07, KEe, 193679.048075, MEe, 6.455968269e+00, E, -270.000000, NP, 30000 3000
1000, t, 1.974743e-07, KEe, 196872.642603, MEe, 6.562421420e+00, E, -270.000000, NP, 30000 3000
1100, t, 2.172217e-07, KEe, 199162.386818, MEe, 6.638746227e+00, E, -270.000000, NP, 30000 3000
1200, t, 2.369691e-07, KEe, 200761.926114, MEe, 6.692064204e+00, E, -270.000000, NP, 30000 3000
1300, t, 2.567166e-07, KEe, 200897.959883, MEe, 6.696598663e+00, E, -270.000000, NP, 30000 3000
1400, t, 2.764640e-07, KEe, 200623.900385, MEe, 6.687463346e+00, E, -270.000000, NP, 30000 3000
1500, t, 2.962114e-07, KEe, 201976.653604, MEe, 6.732555120e+00, E, -270.000000, NP, 30000 3000
1600, t, 3.159588e-07, KEe, 202290.096494, MEe, 6.743003216e+00, E, -270.000000, NP, 30000 3000
1700, t, 3.357063e-07, KEe, 202642.237555, MEe, 6.754741252e+00, E, -270.000000, NP, 30000 3000
1800, t, 3.554537e-07, KEe, 202792.900710, MEe, 6.759763357e+00, E, -270.000000, NP, 30000 3000
1900, t, 3.752011e-07, KEe, 202585.641541, MEe, 6.752854718e+00, E, -270.000000, NP, 30000 3000
2000, t, 3.949486e-07, KEe, 202406.404402, MEe, 6.746880147e+00, E, -270.000000, NP, 30000 3000
2100, t, 4.146960e-07, KEe, 202584.541682, MEe, 6.752818056e+00, E, -270.000000, NP, 30000 3000
2200, t, 4.344434e-07, KEe, 202549.302019, MEe, 6.751643401e+00, E, -270.000000, NP, 30000 3000
2300, t, 4.541908e-07, KEe, 202408.650453, MEe, 6.746955015e+00, E, -270.000000, NP, 30000 3000
2400, t, 4.739383e-07, KEe, 202618.968759, MEe, 6.753965625e+00, E, -270.000000, NP, 30000 3000
2500, t, 4.936857e-07, KEe, 202538.982330, MEe, 6.751299411e+00, E, -270.000000, NP, 30000 3000
2600, t, 5.134331e-07, KEe, 202515.252727, MEe, 6.750508424e+00, E, -270.000000, NP, 30000 3000
2700, t, 5.331806e-07, KEe, 201761.975723, MEe, 6.725399191e+00, E, -270.000000, NP, 30000 3000
2800, t, 5.529280e-07, KEe, 200971.981744, MEe, 6.699066058e+00, E, -270.000000, NP, 30000 3000
2900, t, 5.726754e-07, KEe, 201622.324709, MEe, 6.720744157e+00, E, -270.000000, NP, 30000 3000
3000, t, 5.924228e-07, KEe, 202294.128806, MEe, 6.743137627e+00, E, -270.000000, NP, 30000 3000
3100, t, 6.121703e-07, KEe, 201699.855705, MEe, 6.723328523e+00, E, -270.000000, NP, 30000 3000
3200, t, 6.319177e-07, KEe, 202402.440919, MEe, 6.746748031e+00, E, -270.000000, NP, 30000 3000
3300, t, 6.516651e-07, KEe, 203159.602612, MEe, 6.771986754e+00, E, -270.000000, NP, 30000 3000
3400, t, 6.714126e-07, KEe, 202939.190561, MEe, 6.764639685e+00, E, -270.000000, NP, 30000 3000
3500, t, 6.911600e-07, KEe, 202924.067533, MEe, 6.764135584e+00, E, -270.000000, NP, 30000 3000
3600, t, 7.109074e-07, KEe, 203529.606373, MEe, 6.784320212e+00, E, -270.000000, NP, 30000 3000
3700, t, 7.306548e-07, KEe, 203016.401099, MEe, 6.767213370e+00, E, -270.000000, NP, 30000 3000
3800, t, 7.504023e-07, KEe, 202753.100797, MEe, 6.758436693e+00, E, -270.000000, NP, 30000 3000
3900, t, 7.701497e-07, KEe, 202823.974798, MEe, 6.760799160e+00, E, -270.000000, NP, 30000 3000
4000, t, 7.898971e-07, KEe, 203241.639491, MEe, 6.774721316e+00, E, -270.000000, NP, 30000 3000
4100, t, 8.096445e-07, KEe, 203089.747920, MEe, 6.769658264e+00, E, -270.000000, NP, 30000 3000
4200, t, 8.293920e-07, KEe, 202405.491602, MEe, 6.746849720e+00, E, -270.000000, NP, 30000 3000
4300, t, 8.491394e-07, KEe, 202520.329847, MEe, 6.750677662e+00, E, -270.000000, NP, 30000 3000
4400, t, 8.688868e-07, KEe, 201843.229751, MEe, 6.728107658e+00, E, -270.000000, NP, 30000 3000
4500, t, 8.886343e-07, KEe, 202067.230025, MEe, 6.735574334e+00, E, -270.000000, NP, 30000 3000
4600, t, 9.083817e-07, KEe, 202228.390212, MEe, 6.740946340e+00, E, -270.000000, NP, 30000 3000
4700, t, 9.281291e-07, KEe, 202385.510015, MEe, 6.746183667e+00, E, -270.000000, NP, 30000 3000
4800, t, 9.478765e-07, KEe, 202514.430290, MEe, 6.750481010e+00, E, -270.000000, NP, 30000 3000
4900, t, 9.676240e-07, KEe, 203650.496105, MEe, 6.788349870e+00, E, -270.000000, NP, 30000 3000
5000, t, 9.873714e-07, KEe, 203117.487064, MEe, 6.770582902e+00, E, -270.000000, NP, 30000 3000
5100, t, 1.007119e-06, KEe, 203356.410074, MEe, 6.778547002e+00, E, -270.000000, NP, 30000 3000
5200, t, 1.026866e-06, KEe, 203350.457356, MEe, 6.778348579e+00, E, -270.000000, NP, 30000 3000
5300, t, 1.046614e-06, KEe, 203290.659657, MEe, 6.776355322e+00, E, -270.000000, NP, 30000 3000
5400, t, 1.066361e-06, KEe, 202952.210435, MEe, 6.765073681e+00, E, -270.000000, NP, 30000 3000
5500, t, 1.086109e-06, KEe, 202952.945560, MEe, 6.765098185e+00, E, -270.000000, NP, 30000 3000
5600, t, 1.105856e-06, KEe, 202881.423917, MEe, 6.762714131e+00, E, -270.000000, NP, 30000 3000
5700, t, 1.125603e-06, KEe, 202646.346204, MEe, 6.754878207e+00, E, -270.000000, NP, 30000 3000
5800, t, 1.145351e-06, KEe, 201961.462313, MEe, 6.732048744e+00, E, -270.000000, NP, 30000 3000
5900, t, 1.165098e-06, KEe, 202042.886046, MEe, 6.734762868e+00, E, -270.000000, NP, 30000 3000
6000, t, 1.184846e-06, KEe, 202772.062424, MEe, 6.759068747e+00, E, -270.000000, NP, 30000 3000
6100, t, 1.204593e-06, KEe, 203283.780626, MEe, 6.776126021e+00, E, -270.000000, NP, 30000 3000
6200, t, 1.224341e-06, KEe, 203138.574221, MEe, 6.771285807e+00, E, -270.000000, NP, 30000 3000
6300, t, 1.244088e-06, KEe, 202828.774107, MEe, 6.760959137e+00, E, -270.000000, NP, 30000 3000
6400, t, 1.263835e-06, KEe, 203081.606854, MEe, 6.769386895e+00, E, -270.000000, NP, 30000 3000
6500, t, 1.283583e-06, KEe, 203569.052188, MEe, 6.785635073e+00, E, -270.000000, NP, 30000 3000
6600, t, 1.303330e-06, KEe, 203142.774175, MEe, 6.771425806e+00, E, -270.000000, NP, 30000 3000
6700, t, 1.323078e-06, KEe, 203292.519271, MEe, 6.776417309e+00, E, -270.000000, NP, 30000 3000
6800, t, 1.342825e-06, KEe, 204129.198066, MEe, 6.804306602e+00, E, -270.000000, NP, 30000 3000
6900, t, 1.362573e-06, KEe, 203652.728385, MEe, 6.788424280e+00, E, -270.000000, NP, 30000 3000
7000, t, 1.382320e-06, KEe, 203537.341052, MEe, 6.784578035e+00, E, -270.000000, NP, 30000 3000
7100, t, 1.402067e-06, KEe, 203551.798571, MEe, 6.785059952e+00, E, -270.000000, NP, 30000 3000
7200, t, 1.421815e-06, KEe, 203068.693140, MEe, 6.768956438e+00, E, -270.000000, NP, 30000 3000
7300, t, 1.441562e-06, KEe, 203446.053587, MEe, 6.781535120e+00, E, -270.000000, NP, 30000 3000
7400, t, 1.461310e-06, KEe, 202937.065174, MEe, 6.764568839e+00, E, -270.000000, NP, 30000 3000
7500, t, 1.481057e-06, KEe, 203269.894630, MEe, 6.775663154e+00, E, -270.000000, NP, 30000 3000
7600, t, 1.500805e-06, KEe, 202853.475545, MEe, 6.761782518e+00, E, -270.000000, NP, 30000 3000
7700, t, 1.520552e-06, KEe, 201781.163419, MEe, 6.726038781e+00, E, -270.000000, NP, 30000 3000
7800, t, 1.540299e-06, KEe, 202756.261354, MEe, 6.758542045e+00, E, -270.000000, NP, 30000 3000
7900, t, 1.560047e-06, KEe, 202947.251278, MEe, 6.764908376e+00, E, -270.000000, NP, 30000 3000
8000, t, 1.579794e-06, KEe, 202787.799537, MEe, 6.759593318e+00, E, -270.000000, NP, 30000 3000
8100, t, 1.599542e-06, KEe, 202900.157661, MEe, 6.763338589e+00, E, -270.000000, NP, 30000 3000
8200, t, 1.619289e-06, KEe, 203136.727356, MEe, 6.771224245e+00, E, -270.000000, NP, 30000 3000
8300, t, 1.639037e-06, KEe, 202802.558792, MEe, 6.760085293e+00, E, -270.000000, NP, 30000 3000
8400, t, 1.658784e-06, KEe, 202873.979025, MEe, 6.762465967e+00, E, -270.000000, NP, 30000 3000
8500, t, 1.678531e-06, KEe, 202912.888610, MEe, 6.763762954e+00, E, -270.000000, NP, 30000 3000
8600, t, 1.698279e-06, KEe, 202426.494260, MEe, 6.747549809e+00, E, -270.000000, NP, 30000 3000
8700, t, 1.718026e-06, KEe, 202849.535520, MEe, 6.761651184e+00, E, -270.000000, NP, 30000 3000
8800, t, 1.737774e-06, KEe, 203702.025893, MEe, 6.790067530e+00, E, -270.000000, NP, 30000 3000
8900, t, 1.757521e-06, KEe, 202655.834806, MEe, 6.755194494e+00, E, -270.000000, NP, 30000 3000
9000, t, 1.777269e-06, KEe, 202674.392036, MEe, 6.755813068e+00, E, -270.000000, NP, 30000 3000
9100, t, 1.797016e-06, KEe, 203107.138205, MEe, 6.770237940e+00, E, -270.000000, NP, 30000 3000
9200, t, 1.816763e-06, KEe, 203075.380957, MEe, 6.769179365e+00, E, -270.000000, NP, 30000 3000
9300, t, 1.836511e-06, KEe, 202946.894751, MEe, 6.764896492e+00, E, -270.000000, NP, 30000 3000
9400, t, 1.856258e-06, KEe, 202728.589943, MEe, 6.757619665e+00, E, -270.000000, NP, 30000 3000
9500, t, 1.876006e-06, KEe, 203330.495236, MEe, 6.777683175e+00, E, -270.000000, NP, 30000 3000
9600, t, 1.895753e-06, KEe, 203490.099041, MEe, 6.783003301e+00, E, -270.000000, NP, 30000 3000
9700, t, 1.915501e-06, KEe, 203187.373302, MEe, 6.772912443e+00, E, -270.000000, NP, 30000 3000
9800, t, 1.935248e-06, KEe, 202933.519849, MEe, 6.764450662e+00, E, -270.000000, NP, 30000 3000
9900, t, 1.954995e-06, KEe, 203356.793743, MEe, 6.778559791e+00, E, -270.000000, NP, 30000 3000
10000, t, 1.974743e-06, KEe, 203219.119297, MEe, 6.773970643e+00, E, -270.000000, NP, 30000 3000
10100, t, 1.994490e-06, KEe, 202727.327984, MEe, 6.757577599e+00, E, -270.000000, NP, 30000 3000
10200, t, 2.014238e-06, KEe, 202302.289592, MEe, 6.743409653e+00, E, -270.000000, NP, 30000 3000
10300, t, 2.033985e-06, KEe, 202237.571163, MEe, 6.741252372e+00, E, -270.000000, NP, 30000 3000
10400, t, 2.053733e-06, KEe, 201753.740110, MEe, 6.725124670e+00, E, -270.000000, NP, 30000 3000
10500, t, 2.073480e-06, KEe, 202888.544459, MEe, 6.762951482e+00, E, -270.000000, NP, 30000 3000
10600, t, 2.093227e-06, KEe, 202045.406152, MEe, 6.734846872e+00, E, -270.000000, NP, 30000 3000
10700, t, 2.112975e-06, KEe, 201791.135676, MEe, 6.726371189e+00, E, -270.000000, NP, 30000 3000
10800, t, 2.132722e-06, KEe, 202224.212983, MEe, 6.740807099e+00, E, -270.000000, NP, 30000 3000
10900, t, 2.152470e-06, KEe, 202284.997884, MEe, 6.742833263e+00, E, -270.000000, NP, 30000 3000
11000, t, 2.172217e-06, KEe, 202897.131404, MEe, 6.763237713e+00, E, -270.000000, NP, 30000 3000
11100, t, 2.191965e-06, KEe, 203160.069110, MEe, 6.772002304e+00, E, -270.000000, NP, 30000 3000
11200, t, 2.211712e-06, KEe, 203202.480196, MEe, 6.773416007e+00, E, -270.000000, NP, 30000 3000
11300, t, 2.231459e-06, KEe, 203023.310887, MEe, 6.767443696e+00, E, -270.000000, NP, 30000 3000
11400, t, 2.251207e-06, KEe, 202666.022421, MEe, 6.755534081e+00, E, -270.000000, NP, 30000 3000
11500, t, 2.270954e-06, KEe, 202607.506743, MEe, 6.753583558e+00, E, -270.000000, NP, 30000 3000
11600, t, 2.290702e-06, KEe, 202535.270160, MEe, 6.751175672e+00, E, -270.000000, NP, 30000 3000
11700, t, 2.310449e-06, KEe, 202341.317452, MEe, 6.744710582e+00, E, -270.000000, NP, 30000 3000
11800, t, 2.330197e-06, KEe, 202403.846625, MEe, 6.746794887e+00, E, -270.000000, NP, 30000 3000
11900, t, 2.349944e-06, KEe, 201884.705867, MEe, 6.729490196e+00, E, -270.000000, NP, 30000 3000
12000, t, 2.369691e-06, KEe, 202041.299946, MEe, 6.734709998e+00, E, -270.000000, NP, 30000 3000
12100, t, 2.389439e-06, KEe, 203148.156008, MEe, 6.771605200e+00, E, -270.000000, NP, 30000 3000
12200, t, 2.409186e-06, KEe, 203457.631804, MEe, 6.781921060e+00, E, -270.000000, NP, 30000 3000
12300, t, 2.428934e-06, KEe, 203016.021166, MEe, 6.767200706e+00, E, -270.000000, NP, 30000 3000
12400, t, 2.448681e-06, KEe, 202605.708024, MEe, 6.753523601e+00, E, -270.000000, NP, 30000 3000
12500, t, 2.468429e-06, KEe, 201731.776539, MEe, 6.724392551e+00, E, -270.000000, NP, 30000 3000
12600, t, 2.488176e-06, KEe, 202262.570518, MEe, 6.742085684e+00, E, -270.000000, NP, 30000 3000
12700, t, 2.507923e-06, KEe, 202880.139921, MEe, 6.762671331e+00, E, -270.000000, NP, 30000 3000
12800, t, 2.527671e-06, KEe, 202028.012246, MEe, 6.734267075e+00, E, -270.000000, NP, 30000 3000
12900, t, 2.547418e-06, KEe, 202042.910394, MEe, 6.734763680e+00, E, -270.000000, NP, 30000 3000
13000, t, 2.567166e-06, KEe, 203221.732031, MEe, 6.774057734e+00, E, -270.000000, NP, 30000 3000
13100, t, 2.586913e-06, KEe, 203735.492087, MEe, 6.791183070e+00, E, -270.000000, NP, 30000 3000
13200, t, 2.606660e-06, KEe, 203046.861522, MEe, 6.768228717e+00, E, -270.000000, NP, 30000 3000
13300, t, 2.626408e-06, KEe, 202554.301578, MEe, 6.751810053e+00, E, -270.000000, NP, 30000 3000
13400, t, 2.646155e-06, KEe, 202363.016573, MEe, 6.745433886e+00, E, -270.000000, NP, 30000 3000
13500, t, 2.665903e-06, KEe, 202492.860910, MEe, 6.749762030e+00, E, -270.000000, NP, 30000 3000
13600, t, 2.685650e-06, KEe, 203133.754810, MEe, 6.771125160e+00, E, -270.000000, NP, 30000 3000
13700, t, 2.705398e-06, KEe, 203329.805970, MEe, 6.777660199e+00, E, -270.000000, NP, 30000 3000
13800, t, 2.725145e-06, KEe, 202470.395013, MEe, 6.749013167e+00, E, -270.000000, NP, 30000 3000
13900, t, 2.744892e-06, KEe, 202063.293112, MEe, 6.735443104e+00, E, -270.000000, NP, 30000 3000
14000, t, 2.764640e-06, KEe, 202082.384214, MEe, 6.736079474e+00, E, -270.000000, NP, 30000 3000
14100, t, 2.784387e-06, KEe, 201692.165093, MEe, 6.723072170e+00, E, -270.000000, NP, 30000 3000
14200, t, 2.804135e-06, KEe, 202529.818157, MEe, 6.750993939e+00, E, -270.000000, NP, 30000 3000
14300, t, 2.823882e-06, KEe, 202441.164957, MEe, 6.748038832e+00, E, -270.000000, NP, 30000 3000
14400, t, 2.843630e-06, KEe, 202823.949983, MEe, 6.760798333e+00, E, -270.000000, NP, 30000 3000
14500, t, 2.863377e-06, KEe, 202986.161493, MEe, 6.766205383e+00, E, -270.000000, NP, 30000 3000
14600, t, 2.883124e-06, KEe, 202274.832160, MEe, 6.742494405e+00, E, -270.000000, NP, 30000 3000
14700, t, 2.902872e-06, KEe, 201357.847559, MEe, 6.711928252e+00, E, -270.000000, NP, 30000 3000
14800, t, 2.922619e-06, KEe, 201816.150342, MEe, 6.727205011e+00, E, -270.000000, NP, 30000 3000
14900, t, 2.942367e-06, KEe, 201557.602575, MEe, 6.718586752e+00, E, -270.000000, NP, 30000 3000
15000, t, 2.962114e-06, KEe, 201354.012240, MEe, 6.711800408e+00, E, -270.000000, NP, 30000 3000
15100, t, 2.981862e-06, KEe, 201813.061417, MEe, 6.727102047e+00, E, -270.000000, NP, 30000 3000
15200, t, 3.001609e-06, KEe, 201863.946576, MEe, 6.728798219e+00, E, -270.000000, NP, 30000 3000
15300, t, 3.021356e-06, KEe, 202019.699118, MEe, 6.733989971e+00, E, -270.000000, NP, 30000 3000
15400, t, 3.041104e-06, KEe, 202098.165810, MEe, 6.736605527e+00, E, -270.000000, NP, 30000 3000
15500, t, 3.060851e-06, KEe, 202801.481456, MEe, 6.760049382e+00, E, -270.000000, NP, 30000 3000
15600, t, 3.080599e-06, KEe, 202835.739835, MEe, 6.761191328e+00, E, -270.000000, NP, 30000 3000
15700, t, 3.100346e-06, KEe, 202811.804615, MEe, 6.760393487e+00, E, -270.000000, NP, 30000 3000
15800, t, 3.120094e-06, KEe, 202835.255848, MEe, 6.761175195e+00, E, -270.000000, NP, 30000 3000
15900, t, 3.139841e-06, KEe, 203166.416238, MEe, 6.772213875e+00, E, -270.000000, NP, 30000 3000
16000, t, 3.159588e-06, KEe, 202936.380414, MEe, 6.764546014e+00, E, -270.000000, NP, 30000 3000
16100, t, 3.179336e-06, KEe, 202779.790521, MEe, 6.759326351e+00, E, -270.000000, NP, 30000 3000
16200, t, 3.199083e-06, KEe, 203217.711689, MEe, 6.773923723e+00, E, -270.000000, NP, 30000 3000
16300, t, 3.218831e-06, KEe, 203402.865547, MEe, 6.780095518e+00, E, -270.000000, NP, 30000 3000
16400, t, 3.238578e-06, KEe, 203734.496909, MEe, 6.791149897e+00, E, -270.000000, NP, 30000 3000
16500, t, 3.258326e-06, KEe, 203933.812362, MEe, 6.797793745e+00, E, -270.000000, NP, 30000 3000
16600, t, 3.278073e-06, KEe, 204115.790262, MEe, 6.803859675e+00, E, -270.000000, NP, 30000 3000
16700, t, 3.297820e-06, KEe, 203713.603363, MEe, 6.790453445e+00, E, -270.000000, NP, 30000 3000
16800, t, 3.317568e-06, KEe, 203554.251914, MEe, 6.785141730e+00, E, -270.000000, NP, 30000 3000
16900, t, 3.337315e-06, KEe, 203063.222149, MEe, 6.768774072e+00, E, -270.000000, NP, 30000 3000
17000, t, 3.357063e-06, KEe, 203199.714358, MEe, 6.773323812e+00, E, -270.000000, NP, 30000 3000
17100, t, 3.376810e-06, KEe, 202944.583764, MEe, 6.764819459e+00, E, -270.000000, NP, 30000 3000
17200, t, 3.396558e-06, KEe, 203118.541361, MEe, 6.770618045e+00, E, -270.000000, NP, 30000 3000
17300, t, 3.416305e-06, KEe, 203621.899305, MEe, 6.787396644e+00, E, -270.000000, NP, 30000 3000
17400, t, 3.436052e-06, KEe, 203436.919060, MEe, 6.781230635e+00, E, -270.000000, NP, 30000 3000
17500, t, 3.455800e-06, KEe, 203915.055049, MEe, 6.797168502e+00, E, -270.000000, NP, 30000 3000
17600, t, 3.475547e-06, KEe, 203893.169346, MEe, 6.796438978e+00, E, -270.000000, NP, 30000 3000
17700, t, 3.495295e-06, KEe, 204042.575333, MEe, 6.801419178e+00, E, -270.000000, NP, 30000 3000
17800, t, 3.515042e-06, KEe, 203993.529620, MEe, 6.799784321e+00, E, -270.000000, NP, 30000 3000
17900, t, 3.534790e-06, KEe, 203612.136689, MEe, 6.787071223e+00, E, -270.000000, NP, 30000 3000
18000, t, 3.554537e-06, KEe, 203620.094330, MEe, 6.787336478e+00, E, -270.000000, NP, 30000 3000
18100, t, 3.574284e-06, KEe, 203348.167802, MEe, 6.778272260e+00, E, -270.000000, NP, 30000 3000
18200, t, 3.594032e-06, KEe, 202545.945637, MEe, 6.751531521e+00, E, -270.000000, NP, 30000 3000
18300, t, 3.613779e-06, KEe, 203067.024817, MEe, 6.768900827e+00, E, -270.000000, NP, 30000 3000
18400, t, 3.633527e-06, KEe, 203253.222886, MEe, 6.775107430e+00, E, -270.000000, NP, 30000 3000
18500, t, 3.653274e-06, KEe, 203251.769539, MEe, 6.775058985e+00, E, -270.000000, NP, 30000 3000
18600, t, 3.673022e-06, KEe, 202767.473545, MEe, 6.758915785e+00, E, -270.000000, NP, 30000 3000
18700, t, 3.692769e-06, KEe, 202123.505604, MEe, 6.737450187e+00, E, -270.000000, NP, 30000 3000
18800, t, 3.712516e-06, KEe, 202197.418213, MEe, 6.739913940e+00, E, -270.000000, NP, 30000 3000
18900, t, 3.732264e-06, KEe, 201282.499557, MEe, 6.709416652e+00, E, -270.000000, NP, 30000 3000
19000, t, 3.752011e-06, KEe, 201315.950933, MEe, 6.710531698e+00, E, -270.000000, NP, 30000 3000
19100, t, 3.771759e-06, KEe, 202197.043990, MEe, 6.739901466e+00, E, -270.000000, NP, 30000 3000
19200, t, 3.791506e-06, KEe, 202561.037347, MEe, 6.752034578e+00, E, -270.000000, NP, 30000 3000
19300, t, 3.811254e-06, KEe, 202780.756496, MEe, 6.759358550e+00, E, -270.000000, NP, 30000 3000
19400, t, 3.831001e-06, KEe, 203025.114885, MEe, 6.767503829e+00, E, -270.000000, NP, 30000 3000
19500, t, 3.850748e-06, KEe, 202316.728780, MEe, 6.743890959e+00, E, -270.000000, NP, 30000 3000
19600, t, 3.870496e-06, KEe, 202367.822419, MEe, 6.745594081e+00, E, -270.000000, NP, 30000 3000
19700, t, 3.890243e-06, KEe, 202836.356088, MEe, 6.761211870e+00, E, -270.000000, NP, 30000 3000
19800, t, 3.909991e-06, KEe, 202151.835590, MEe, 6.738394520e+00, E, -270.000000, NP, 30000 3000
19900, t, 3.929738e-06, KEe, 202535.765047, MEe, 6.751192168e+00, E, -270.000000, NP, 30000 3000
20000, t, 3.949486e-06, KEe, 202779.985692, MEe, 6.759332856e+00, E, -270.000000, NP, 30000 3000
20100, t, 3.969233e-06, KEe, 202513.329980, MEe, 6.750444333e+00, E, -270.000000, NP, 30000 3000
20200, t, 3.988980e-06, KEe, 202549.549069, MEe, 6.751651636e+00, E, -270.000000, NP, 30000 3000
20300, t, 4.008728e-06, KEe, 202235.890308, MEe, 6.741196344e+00, E, -270.000000, NP, 30000 3000
20400, t, 4.028475e-06, KEe, 202688.567988, MEe, 6.756285600e+00, E, -270.000000, NP, 30000 3000
20500, t, 4.048223e-06, KEe, 202121.970267, MEe, 6.737399009e+00, E, -270.000000, NP, 30000 3000
20600, t, 4.067970e-06, KEe, 202791.081102, MEe, 6.759702703e+00, E, -270.000000, NP, 30000 3000
20700, t, 4.087718e-06, KEe, 202801.498089, MEe, 6.760049936e+00, E, -270.000000, NP, 30000 3000
20800, t, 4.107465e-06, KEe, 202919.906701, MEe, 6.763996890e+00, E, -270.000000, NP, 30000 3000
20900, t, 4.127212e-06, KEe, 203198.914223, MEe, 6.773297141e+00, E, -270.000000, NP, 30000 3000
21000, t, 4.146960e-06, KEe, 202742.677590, MEe, 6.758089253e+00, E, -270.000000, NP, 30000 3000
21100, t, 4.166707e-06, KEe, 202517.582478, MEe, 6.750586083e+00, E, -270.000000, NP, 30000 3000
21200, t, 4.186455e-06, KEe, 202586.460584, MEe, 6.752882019e+00, E, -270.000000, NP, 30000 3000
21300, t, 4.206202e-06, KEe, 202589.008721, MEe, 6.752966957e+00, E, -270.000000, NP, 30000 3000
21400, t, 4.225950e-06, KEe, 202127.908543, MEe, 6.737596951e+00, E, -270.000000, NP, 30000 3000
21500, t, 4.245697e-06, KEe, 202508.744461, MEe, 6.750291482e+00, E, -270.000000, NP, 30000 3000
21600, t, 4.265444e-06, KEe, 202957.236580, MEe, 6.765241219e+00, E, -270.000000, NP, 30000 3000
21700, t, 4.285192e-06, KEe, 202879.166748, MEe, 6.762638892e+00, E, -270.000000, NP, 30000 3000
21800, t, 4.304939e-06, KEe, 202466.516797, MEe, 6.748883893e+00, E, -270.000000, NP, 30000 3000
21900, t, 4.324687e-06, KEe, 202242.125834, MEe, 6.741404194e+00, E, -270.000000, NP, 30000 3000
22000, t, 4.344434e-06, KEe, 201862.048186, MEe, 6.728734940e+00, E, -270.000000, NP, 30000 3000
22100, t, 4.364182e-06, KEe, 203194.805410, MEe, 6.773160180e+00, E, -270.000000, NP, 30000 3000
22200, t, 4.383929e-06, KEe, 202613.000708, MEe, 6.753766690e+00, E, -270.000000, NP, 30000 3000
22300, t, 4.403676e-06, KEe, 202547.936138, MEe, 6.751597871e+00, E, -270.000000, NP, 30000 3000
22400, t, 4.423424e-06, KEe, 202651.709628, MEe, 6.755056988e+00, E, -270.000000, NP, 30000 3000
22500, t, 4.443171e-06, KEe, 202976.602821, MEe, 6.765886761e+00, E, -270.000000, NP, 30000 3000
22600, t, 4.462919e-06, KEe, 202666.011556, MEe, 6.755533719e+00, E, -270.000000, NP, 30000 3000
22700, t, 4.482666e-06, KEe, 203233.232410, MEe, 6.774441080e+00, E, -270.000000, NP, 30000 3000
22800, t, 4.502414e-06, KEe, 203758.426645, MEe, 6.791947555e+00, E, -270.000000, NP, 30000 3000
22900, t, 4.522161e-06, KEe, 202698.988788, MEe, 6.756632960e+00, E, -270.000000, NP, 30000 3000
23000, t, 4.541908e-06, KEe, 203716.643433, MEe, 6.790554781e+00, E, -270.000000, NP, 30000 3000
23100, t, 4.561656e-06, KEe, 203352.323895, MEe, 6.778410796e+00, E, -270.000000, NP, 30000 3000
23200, t, 4.581403e-06, KEe, 203563.063958, MEe, 6.785435465e+00, E, -270.000000, NP, 30000 3000
23300, t, 4.601151e-06, KEe, 203526.621923, MEe, 6.784220731e+00, E, -270.000000, NP, 30000 3000
23400, t, 4.620898e-06, KEe, 202960.571823, MEe, 6.765352394e+00, E, -270.000000, NP, 30000 3000
23500, t, 4.640646e-06, KEe, 202669.434802, MEe, 6.755647827e+00, E, -270.000000, NP, 30000 3000
23600, t, 4.660393e-06, KEe, 203014.874366, MEe, 6.767162479e+00, E, -270.000000, NP, 30000 3000
23700, t, 4.680140e-06, KEe, 202504.295783, MEe, 6.750143193e+00, E, -270.000000, NP, 30000 3000
23800, t, 4.699888e-06, KEe, 202156.136664, MEe, 6.738537889e+00, E, -270.000000, NP, 30000 3000
23900, t, 4.719635e-06, KEe, 202230.824197, MEe, 6.741027473e+00, E, -270.000000, NP, 30000 3000
24000, t, 4.739383e-06, KEe, 203318.167779, MEe, 6.777272259e+00, E, -270.000000, NP, 30000 3000
24100, t, 4.759130e-06, KEe, 203658.986891, MEe, 6.788632896e+00, E, -270.000000, NP, 30000 3000
24200, t, 4.778878e-06, KEe, 203282.146058, MEe, 6.776071535e+00, E, -270.000000, NP, 30000 3000
24300, t, 4.798625e-06, KEe, 202184.602796, MEe, 6.739486760e+00, E, -270.000000, NP, 30000 3000
24400, t, 4.818372e-06, KEe, 202781.952734, MEe, 6.759398424e+00, E, -270.000000, NP, 30000 3000
24500, t, 4.838120e-06, KEe, 203352.624973, MEe, 6.778420832e+00, E, -270.000000, NP, 30000 3000
24600, t, 4.857867e-06, KEe, 202689.200446, MEe, 6.756306682e+00, E, -270.000000, NP, 30000 3000
24700, t, 4.877615e-06, KEe, 202555.729581, MEe, 6.751857653e+00, E, -270.000000, NP, 30000 3000
24800, t, 4.897362e-06, KEe, 203168.595719, MEe, 6.772286524e+00, E, -270.000000, NP, 30000 3000
24900, t, 4.917110e-06, KEe, 203156.842568, MEe, 6.771894752e+00, E, -270.000000, NP, 30000 3000
25000, t, 4.936857e-06, KEe, 203124.635482, MEe, 6.770821183e+00, E, -270.000000, NP, 30000 3000
25100, t, 4.956604e-06, KEe, 203316.392066, MEe, 6.777213069e+00, E, -270.000000, NP, 30000 3000
25200, t, 4.976352e-06, KEe, 204243.105108, MEe, 6.808103504e+00, E, -270.000000, NP, 30000 3000
25300, t, 4.996099e-06, KEe, 203975.506651, MEe, 6.799183555e+00, E, -270.000000, NP, 30000 3000
25400, t, 5.015847e-06, KEe, 203567.650419, MEe, 6.785588347e+00, E, -270.000000, NP, 30000 3000
25500, t, 5.035594e-06, KEe, 203154.229005, MEe, 6.771807634e+00, E, -270.000000, NP, 30000 3000
25600, t, 5.055342e-06, KEe, 202978.459742, MEe, 6.765948658e+00, E, -270.000000, NP, 30000 3000
25700, t, 5.075089e-06, KEe, 202810.957723, MEe, 6.760365257e+00, E, -270.000000, NP, 30000 3000
25800, t, 5.094836e-06, KEe, 202582.578653, MEe, 6.752752622e+00, E, -270.000000, NP, 30000 3000
25900, t, 5.114584e-06, KEe, 201731.372236, MEe, 6.724379075e+00, E, -270.000000, NP, 30000 3000
26000, t, 5.134331e-06, KEe, 202864.611979, MEe, 6.762153733e+00, E, -270.000000, NP, 30000 3000
26100, t, 5.154079e-06, KEe, 202667.965395, MEe, 6.755598846e+00, E, -270.000000, NP, 30000 3000
26200, t, 5.173826e-06, KEe, 202833.809011, MEe, 6.761126967e+00, E, -270.000000, NP, 30000 3000
26300, t, 5.193574e-06, KEe, 203238.339769, MEe, 6.774611326e+00, E, -270.000000, NP, 30000 3000
26400, t, 5.213321e-06, KEe, 203386.010633, MEe, 6.779533688e+00, E, -270.000000, NP, 30000 3000
26500, t, 5.233068e-06, KEe, 202848.015664, MEe, 6.761600522e+00, E, -270.000000, NP, 30000 3000
26600, t, 5.252816e-06, KEe, 203041.787121, MEe, 6.768059571e+00, E, -270.000000, NP, 30000 3000
26700, t, 5.272563e-06, KEe, 203134.524239, MEe, 6.771150808e+00, E, -270.000000, NP, 30000 3000
26800, t, 5.292311e-06, KEe, 203268.536113, MEe, 6.775617870e+00, E, -270.000000, NP, 30000 3000
26900, t, 5.312058e-06, KEe, 203397.837718, MEe, 6.779927924e+00, E, -270.000000, NP, 30000 3000
27000, t, 5.331806e-06, KEe, 203067.194153, MEe, 6.768906472e+00, E, -270.000000, NP, 30000 3000
27100, t, 5.351553e-06, KEe, 203549.172833, MEe, 6.784972428e+00, E, -270.000000, NP, 30000 3000
27200, t, 5.371300e-06, KEe, 203001.694066, MEe, 6.766723136e+00, E, -270.000000, NP, 30000 3000
27300, t, 5.391048e-06, KEe, 202709.236641, MEe, 6.756974555e+00, E, -270.000000, NP, 30000 3000
27400, t, 5.410795e-06, KEe, 202850.283584, MEe, 6.761676119e+00, E, -270.000000, NP, 30000 3000
27500, t, 5.430543e-06, KEe, 203612.785898, MEe, 6.787092863e+00, E, -270.000000, NP, 30000 3000
27600, t, 5.450290e-06, KEe, 202991.517748, MEe, 6.766383925e+00, E, -270.000000, NP, 30000 3000
27700, t, 5.470038e-06, KEe, 202680.387137, MEe, 6.756012905e+00, E, -270.000000, NP, 30000 3000
27800, t, 5.489785e-06, KEe, 202468.454688, MEe, 6.748948490e+00, E, -270.000000, NP, 30000 3000
27900, t, 5.509532e-06, KEe, 202651.281039, MEe, 6.755042701e+00, E, -270.000000, NP, 30000 3000
28000, t, 5.529280e-06, KEe, 202728.278126, MEe, 6.757609271e+00, E, -270.000000, NP, 30000 3000
28100, t, 5.549027e-06, KEe, 202290.693580, MEe, 6.743023119e+00, E, -270.000000, NP, 30000 3000
28200, t, 5.568775e-06, KEe, 201703.601278, MEe, 6.723453376e+00, E, -270.000000, NP, 30000 3000
28300, t, 5.588522e-06, KEe, 202178.444733, MEe, 6.739281491e+00, E, -270.000000, NP, 30000 3000
28400, t, 5.608270e-06, KEe, 202066.490863, MEe, 6.735549695e+00, E, -270.000000, NP, 30000 3000
28500, t, 5.628017e-06, KEe, 201801.951802, MEe, 6.726731727e+00, E, -270.000000, NP, 30000 3000
28600, t, 5.647764e-06, KEe, 202455.829800, MEe, 6.748527660e+00, E, -270.000000, NP, 30000 3000
28700, t, 5.667512e-06, KEe, 202303.502068, MEe, 6.743450069e+00, E, -270.000000, NP, 30000 3000
28800, t, 5.687259e-06, KEe, 202185.120587, MEe, 6.739504020e+00, E, -270.000000, NP, 30000 3000
28900, t, 5.707007e-06, KEe, 202394.051970, MEe, 6.746468399e+00, E, -270.000000, NP, 30000 3000
29000, t, 5.726754e-06, KEe, 202799.937577, MEe, 6.759997919e+00, E, -270.000000, NP, 30000 3000
29100, t, 5.746502e-06, KEe, 202760.951446, MEe, 6.758698382e+00, E, -270.000000, NP, 30000 3000
29200, t, 5.766249e-06, KEe, 202540.560363, MEe, 6.751352012e+00, E, -270.000000, NP, 30000 3000
29300, t, 5.785996e-06, KEe, 203283.623357, MEe, 6.776120779e+00, E, -270.000000, NP, 30000 3000
29400, t, 5.805744e-06, KEe, 202719.917780, MEe, 6.757330593e+00, E, -270.000000, NP, 30000 3000
29500, t, 5.825491e-06, KEe, 203681.313642, MEe, 6.789377121e+00, E, -270.000000, NP, 30000 3000
29600, t, 5.845239e-06, KEe, 203870.215801, MEe, 6.795673860e+00, E, -270.000000, NP, 30000 3000
29700, t, 5.864986e-06, KEe, 203084.460253, MEe, 6.769482008e+00, E, -270.000000, NP, 30000 3000
29800, t, 5.884734e-06, KEe, 203415.357809, MEe, 6.780511927e+00, E, -270.000000, NP, 30000 3000
29900, t, 5.904481e-06, KEe, 203495.042437, MEe, 6.783168081e+00, E, -270.000000, NP, 30000 3000
30000, t, 5.924228e-06, KEe, 203220.864379, MEe, 6.774028813e+00, E, -270.000000, NP, 30000 3000
