RandMax 2147483647
reading box length: 1.000000e-06 (m)
reading number of particle types: 2
reading number of particles of type 0: 30000
reading number of particles of type 1: 3000
reading temperature of particle type 0: 0.000000 (eV)
reading temperature of particle type 1: 0.025900 (eV)
reading flow velocity of particle type 0: 0.000000 (eV)
reading flow velocity of particle type 1: 0.000000 (eV)
reading charge of particle type 0: -1.000000 (elementary charge)
reading charge of particle type 1: 0.000000 (elementary charge)
reading mass of particle type 0: 0.000549 (amu)
reading mass of particle type 1: 28.000000 (amu)
reading number of time steps: 80000
reading vsigma max samples: 1000
reading time step dt: 4.000000e-11
reading electric field: -2.700000e+03 (V/m)
reading electric frequency: 0.000000e+00 (Hz)
reading magnetic field: 0.000000e+00 0.000000e+00 0.000000e+00 (Tesla)
reading vdf dump spec: 1000 1000000 0
reading extrapolation option: 0
reading memory allocation: 0.000000e+00 (GB)
reading auto dump spec: 0
reading output stride spec: 100
reading carry remainder spec: 0
found cross_sections/Ar.dat file for particle 0 with 1 in indeck, differential model found: Aubin
found cross_sections/Ar->Ar(3d'[3/2]1).dat file for particle 0 with 1 in indeck
found cross_sections/Ar->Ar(3d'[3/2]2).dat file for particle 0 with 1 in indeck
found cross_sections/Ar->Ar(3d'[5/2]2).dat file for particle 0 with 1 in indeck
found cross_sections/Ar->Ar(3d'[5/2]3).dat file for particle 0 with 1 in indeck
found cross_sections/Ar->Ar(3d[1/2]0).dat file for particle 0 with 1 in indeck
found cross_sections/Ar->Ar(3d[1/2]1).dat file for particle 0 with 1 in indeck
found cross_sections/Ar->Ar(3d[3/2]1).dat file for particle 0 with 1 in indeck
found cross_sections/Ar->Ar(3d[3/2]2).dat file for particle 0 with 1 in indeck
found cross_sections/Ar->Ar(3d[5/2]2).dat file for particle 0 with 1 in indeck
found cross_sections/Ar->Ar(3d[5/2]3).dat file for particle 0 with 1 in indeck
found cross_sections/Ar->Ar(3d[7/2]3).dat file for particle 0 with 1 in indeck
found cross_sections/Ar->Ar(3d[7/2]4).dat file for particle 0 with 1 in indeck
found cross_sections/Ar->Ar(4p'[1/2]0).dat file for particle 0 with 1 in indeck
found cross_sections/Ar->Ar(4p'[1/2]1).dat file for particle 0 with 1 in indeck
found cross_sections/Ar->Ar(4p'[3/2]1).dat file for particle 0 with 1 in indeck
found cross_sections/Ar->Ar(4p'[3/2]2).dat file for particle 0 with 1 in indeck
found cross_sections/Ar->Ar(4p[1/2]0).dat file for particle 0 with 1 in indeck
found cross_sections/Ar->Ar(4p[1/2]1).dat file for particle 0 with 1 in indeck
found cross_sections/Ar->Ar(4p[3/2]1).dat file for particle 0 with 1 in indeck
found cross_sections/Ar->Ar(4p[3/2]2).dat file for particle 0 with 1 in indeck
found cross_sections/Ar->Ar(4p[5/2]2).dat file for particle 0 with 1 in indeck
found cross_sections/Ar->Ar(4p[5/2]3).dat file for particle 0 with 1 in indeck
found cross_sections/Ar->Ar(4s'[1/2]0).dat file for particle 0 with 1 in indeck
found cross_sections/Ar->Ar(4s'[1/2]1).dat file for particle 0 with 1 in indeck
found cross_sections/Ar->Ar(4s[3/2]1).dat file for particle 0 with 1 in indeck
found cross_sections/Ar->Ar(4s[3/2]2).dat file for particle 0 with 1 in indeck
found cross_sections/Ar->Ar(5s'[1/2]0).dat file for particle 0 with 1 in indeck
found cross_sections/Ar->Ar(5s'[1/2]1).dat file for particle 0 with 1 in indeck
found cross_sections/Ar->Ar(5s[3/2]1).dat file for particle 0 with 1 in indeck
found cross_sections/Ar->Ar(5s[3/2]2).dat file for particle 0 with 1 in indeck
found cross_sections/Ar->Ar(Rydberg).dat file for particle 0 with 1 in indeck
found cross_sections/Ar->Ar^+.dat file for particle 0 with 1 in indeck, differential model found: Uniform
reading cross_sections/Ar.dat
reading cross_sections/Ar->Ar(3d'[3/2]1).dat
reading cross_sections/Ar->Ar(3d'[3/2]2).dat
reading cross_sections/Ar->Ar(3d'[5/2]2).dat
reading cross_sections/Ar->Ar(3d'[5/2]3).dat
reading cross_sections/Ar->Ar(3d[1/2]0).dat
reading cross_sections/Ar->Ar(3d[1/2]1).dat
reading cross_sections/Ar->Ar(3d[3/2]1).dat
reading cross_sections/Ar->Ar(3d[3/2]2).dat
reading cross_sections/Ar->Ar(3d[5/2]2).dat
reading cross_sections/Ar->Ar(3d[5/2]3).dat
reading cross_sections/Ar->Ar(3d[7/2]3).dat
reading cross_sections/Ar->Ar(3d[7/2]4).dat
reading cross_sections/Ar->Ar(4p'[1/2]0).dat
reading cross_sections/Ar->Ar(4p'[1/2]1).dat
reading cross_sections/Ar->Ar(4p'[3/2]1).dat
reading cross_sections/Ar->Ar(4p'[3/2]2).dat
reading cross_sections/Ar->Ar(4p[1/2]0).dat
reading cross_sections/Ar->Ar(4p[1/2]1).dat
reading cross_sections/Ar->Ar(4p[3/2]1).dat
reading cross_sections/Ar->Ar(4p[3/2]2).dat
reading cross_sections/Ar->Ar(4p[5/2]2).dat
reading cross_sections/Ar->Ar(4p[5/2]3).dat
reading cross_sections/Ar->Ar(4s'[1/2]0).dat
reading cross_sections/Ar->Ar(4s'[1/2]1).dat
reading cross_sections/Ar->Ar(4s[3/2]1).dat
reading cross_sections/Ar->Ar(4s[3/2]2).dat
reading cross_sections/Ar->Ar(5s'[1/2]0).dat
reading cross_sections/Ar->Ar(5s'[1/2]1).dat
reading cross_sections/Ar->Ar(5s[3/2]1).dat
reading cross_sections/Ar->Ar(5s[3/2]2).dat
reading cross_sections/Ar->Ar(Rydberg).dat
reading cross_sections/Ar->Ar^+.dat
Memory per particle: 72 bytes
Memory for all initial particles: 2.213e-03 GB
Allocating space for 132000 particles
------------------------------------
0, t, 0.000000e+00, KEe, 0.000000, MEe, 0.000000000e+00, E, -2700.000000, NP, 30000 3000
100, t, 4.000000e-09, KEe, 250152.687852, MEe, 8.338422928e+00, E, -2700.000000, NP, 30000 3000
200, t, 8.000000e-09, KEe, 437880.586231, MEe, 1.459601954e+01, E, -2700.000000, NP, 30000 3000
300, t, 1.200000e-08, KEe, 530617.865938, MEe, 1.768726220e+01, E, -2700.000000, NP, 30000 3000
400, t, 1.600000e-08, KEe, 575303.519452, MEe, 1.917678398e+01, E, -2700.000000, NP, 30000 3000
500, t, 2.000000e-08, KEe, 601416.124813, MEe, 2.004720416e+01, E, -2700.000000, NP, 30000 3000
600, t, 2.400000e-08, KEe, 610875.317361, MEe, 2.036251058e+01, E, -2700.000000, NP, 30000 3000
700, t, 2.800000e-08, KEe, 615181.037717, MEe, 2.050603459e+01, E, -2700.000000, NP, 30000 3000
800, t, 3.200000e-08, KEe, 613460.525104, MEe, 2.044868417e+01, E, -2700.000000, NP, 30000 3000
900, t, 3.600000e-08, KEe, 615913.656858, MEe, 2.053045523e+01, E, -2700.000000, NP, 30000 3000
1000, t, 4.000000e-08, KEe, 618971.483899, MEe, 2.063238280e+01, E, -2700.000000, NP, 30000 3000
1100, t, 4.400000e-08, KEe, 617648.083135, MEe, 2.058826944e+01, E, -2700.000000, NP, 30000 3000
1200, t, 4.800000e-08, KEe, 610037.856893, MEe, 2.033459523e+01, E, -2700.000000, NP, 30000 3000
1300, t, 5.200000e-08, KEe, 614757.083765, MEe, 2.049190279e+01, E, -2700.000000, NP, 30000 3000
1400, t, 5.600000e-08, KEe, 618391.574008, MEe, 2.061305247e+01, E, -2700.000000, NP, 30000 3000
1500, t, 6.000000e-08, KEe, 619333.708262, MEe, 2.064445694e+01, E, -2700.000000, NP, 30000 3000
1600, t, 6.400000e-08, KEe, 619318.868892, MEe, 2.064396230e+01, E, -2700.000000, NP, 30000 3000
1700, t, 6.800000e-08, KEe, 625924.305757, MEe, 2.086414353e+01, E, -2700.000000, NP, 30000 3000
1800, t, 7.200000e-08, KEe, 622665.111111, MEe, 2.075550370e+01, E, -2700.000000, NP, 30000 3000
1900, t, 7.600000e-08, KEe, 622243.585635, MEe, 2.074145285e+01, E, -2700.000000, NP, 30000 3000
2000, t, 8.000000e-08, KEe, 623471.586655, MEe, 2.078238622e+01, E, -2700.000000, NP, 30000 3000
2100, t, 8.400000e-08, KEe, 619550.017737, MEe, 2.065166726e+01, E, -2700.000000, NP, 30000 3000
2200, t, 8.800000e-08, KEe, 618624.485888, MEe, 2.062081620e+01, E, -2700.000000, NP, 30000 3000
2300, t, 9.200000e-08, KEe, 614892.087592, MEe, 2.049640292e+01, E, -2700.000000, NP, 30000 3000
2400, t, 9.600000e-08, KEe, 614978.868611, MEe, 2.049929562e+01, E, -2700.000000, NP, 30000 3000
2500, t, 1.000000e-07, KEe, 613607.903062, MEe, 2.045359677e+01, E, -2700.000000, NP, 30000 3000
2600, t, 1.040000e-07, KEe, 616969.716005, MEe, 2.056565720e+01, E, -2700.000000, NP, 30000 3000
2700, t, 1.080000e-07, KEe, 619569.012432, MEe, 2.065230041e+01, E, -2700.000000, NP, 30000 3000
2800, t, 1.120000e-07, KEe, 618780.969787, MEe, 2.062603233e+01, E, -2700.000000, NP, 30000 3000
2900, t, 1.160000e-07, KEe, 618233.241178, MEe, 2.060777471e+01, E, -2700.000000, NP, 30000 3000
3000, t, 1.200000e-07, KEe, 612986.791068, MEe, 2.043289304e+01, E, -2700.000000, NP, 30000 3000
3100, t, 1.240000e-07, KEe, 613898.419179, MEe, 2.046328064e+01, E, -2700.000000, NP, 30000 3000
3200, t, 1.280000e-07, KEe, 614747.227968, MEe, 2.049157427e+01, E, -2700.000000, NP, 30000 3000
3300, t, 1.320000e-07, KEe, 615960.748532, MEe, 2.053202495e+01, E, -2700.000000, NP, 30000 3000
3400, t, 1.360000e-07, KEe, 618892.773122, MEe, 2.062975910e+01, E, -2700.000000, NP, 30000 3000
3500, t, 1.400000e-07, KEe, 620816.366318, MEe, 2.069387888e+01, E, -2700.000000, NP, 30000 3000
3600, t, 1.440000e-07, KEe, 618858.319484, MEe, 2.062861065e+01, E, -2700.000000, NP, 30000 3000
3700, t, 1.480000e-07, KEe, 618193.287882, MEe, 2.060644293e+01, E, -2700.000000, NP, 30000 3000
3800, t, 1.520000e-07, KEe, 616951.611537, MEe, 2.056505372e+01, E, -2700.000000, NP, 30000 3000
3900, t, 1.560000e-07, KEe, 615192.529027, MEe, 2.050641763e+01, E, -2700.000000, NP, 30000 3000
4000, t, 1.600000e-07, KEe, 616986.029058, MEe, 2.056620097e+01, E, -2700.000000, NP, 30000 3000
4100, t, 1.640000e-07, KEe, 615473.683074, MEe, 2.051578944e+01, E, -2700.000000, NP, 30000 3000
4200, t, 1.680000e-07, KEe, 613605.009535, MEe, 2.045350032e+01, E, -2700.000000, NP, 30000 3000
4300, t, 1.720000e-07, KEe, 615544.809920, MEe, 2.051816033e+01, E, -2700.000000, NP, 30000 3000
4400, t, 1.760000e-07, KEe, 618122.124780, MEe, 2.060407083e+01, E, -2700.000000, NP, 30000 3000
4500, t, 1.800000e-07, KEe, 620346.988344, MEe, 2.067823294e+01, E, -2700.000000, NP, 30000 3000
4600, t, 1.840000e-07, KEe, 619833.255930, MEe, 2.066110853e+01, E, -2700.000000, NP, 30000 3000
4700, t, 1.880000e-07, KEe, 621258.437940, MEe, 2.070861460e+01, E, -2700.000000, NP, 30000 3000
4800, t, 1.920000e-07, KEe, 619711.246235, MEe, 2.065704154e+01, E, -2700.000000, NP, 30000 3000
4900, t, 1.960000e-07, KEe, 621179.747652, MEe, 2.070599159e+01, E, -2700.000000, NP, 30000 3000
5000, t, 2.000000e-07, KEe, 623022.022477, MEe, 2.076740075e+01, E, -2700.000000, NP, 30000 3000
5100, t, 2.040000e-07, KEe, 620598.680835, MEe, 2.068662269e+01, E, -2700.000000, NP, 30000 3000
5200, t, 2.080000e-07, KEe, 618776.847908, MEe, 2.062589493e+01, E, -2700.000000, NP, 30000 3000
5300, t, 2.120000e-07, KEe, 616251.654224, MEe, 2.054172181e+01, E, -2700.000000, NP, 30000 3000
5400, t, 2.160000e-07, KEe, 618646.292386, MEe, 2.062154308e+01, E, -2700.000000, NP, 30000 3000
5500, t, 2.200000e-07, KEe, 624567.731422, MEe, 2.081892438e+01, E, -2700.000000, NP, 30000 3000
5600, t, 2.240000e-07, KEe, 619141.632759, MEe, 2.063805443e+01, E, -2700.000000, NP, 30000 3000
5700, t, 2.280000e-07, KEe, 620179.276744, MEe, 2.067264256e+01, E, -2700.000000, NP, 30000 3000
5800, t, 2.320000e-07, KEe, 623496.664275, MEe, 2.078322214e+01, E, -2700.000000, NP, 30000 3000
5900, t, 2.360000e-07, KEe, 626562.261307, MEe, 2.088540871e+01, E, -2700.000000, NP, 30000 3000
6000, t, 2.400000e-07, KEe, 621785.478506, MEe, 2.072618262e+01, E, -2700.000000, NP, 30000 3000
6100, t, 2.440000e-07, KEe, 619933.596981, MEe, 2.066445323e+01, E, -2700.000000, NP, 30000 3000
6200, t, 2.480000e-07, KEe, 618346.437219, MEe, 2.061154791e+01, E, -2700.000000, NP, 30000 3000
6300, t, 2.520000e-07, KEe, 619605.733724, MEe, 2.065352446e+01, E, -2700.000000, NP, 30000 3000
6400, t, 2.560000e-07, KEe, 622309.704327, MEe, 2.074365681e+01, E, -2700.000000, NP, 30000 3000
6500, t, 2.600000e-07, KEe, 620420.565687, MEe, 2.068068552e+01, E, -2700.000000, NP, 30000 3000
6600, t, 2.640000e-07, KEe, 619826.431609, MEe, 2.066088105e+01, E, -2700.000000, NP, 30000 3000
6700, t, 2.680000e-07, KEe, 622860.339090, MEe, 2.076201130e+01, E, -2700.000000, NP, 30000 3000
6800, t, 2.720000e-07, KEe, 622232.291418, MEe, 2.074107638e+01, E, -2700.000000, NP, 30000 3000
6900, t, 2.760000e-07, KEe, 622230.184517, MEe, 2.074100615e+01, E, -2700.000000, NP, 30000 3000
7000, t, 2.800000e-07, KEe, 620893.613865, MEe, 2.069645380e+01, E, -2700.000000, NP, 30000 3000
7100, t, 2.840000e-07, KEe, 622094.601138, MEe, 2.073648670e+01, E, -2700.000000, NP, 30000 3000
7200, t, 2.880000e-07, KEe, 619751.141271, MEe, 2.065837138e+01, E, -2700.000000, NP, 30000 3000
7300, t, 2.920000e-07, KEe, 617989.469117, MEe, 2.059964897e+01, E, -2700.000000, NP, 30000 3000
7400, t, 2.960000e-07, KEe, 616446.657991, MEe, 2.054822193e+01, E, -2700.000000, NP, 30000 3000
7500, t, 3.000000e-07, KEe, 620966.419669, MEe, 2.069888066e+01, E, -2700.000000, NP, 30000 3000
7600, t, 3.040000e-07, KEe, 620004.812888, MEe, 2.066682710e+01, E, -2700.000000, NP, 30000 3000
7700, t, 3.080000e-07, KEe, 619838.687015, MEe, 2.066128957e+01, E, -2700.000000, NP, 30000 3000
7800, t, 3.120000e-07, KEe, 619129.797614, MEe, 2.063765992e+01, E, -2700.000000, NP, 30000 3000
7900, t, 3.160000e-07, KEe, 618013.960383, MEe, 2.060046535e+01, E, -2700.000000, NP, 30000 3000
8000, t, 3.200000e-07, KEe, 616208.227814, MEe, 2.054027426e+01, E, -2700.000000, NP, 30000 3000
8100, t, 3.240000e-07, KEe, 617137.148792, MEe, 2.057123829e+01, E, -2700.000000, NP, 30000 3000
8200, t, 3.280000e-07, KEe, 620959.473816, MEe, 2.069864913e+01, E, -2700.000000, NP, 30000 3000
8300, t, 3.320000e-07, KEe, 625908.309174, MEe, 2.086361031e+01, E, -2700.000000, NP, 30000 3000
8400, t, 3.360000e-07, KEe, 621716.723932, MEe, 2.072389080e+01, E, -2700.000000, NP, 30000 3000
8500, t, 3.400000e-07, KEe, 618016.430549, MEe, 2.060054768e+01, E, -2700.000000, NP, 30000 3000
8600, t, 3.440000e-07, KEe, 617219.630747, MEe, 2.057398769e+01, E, -2700.000000, NP, 30000 3000
8700, t, 3.480000e-07, KEe, 618194.182155, MEe, 2.060647274e+01, E, -2700.000000, NP, 30000 3000
8800, t, 3.520000e-07, KEe, 624077.603674, MEe, 2.080258679e+01, E, -2700.000000, NP, 30000 3000
8900, t, 3.560000e-07, KEe, 625397.449413, MEe, 2.084658165e+01, E, -2700.000000, NP, 30000 3000
9000, t, 3.600000e-07, KEe, 620166.726836, MEe, 2.067222423e+01, E, -2700.000000, NP, 30000 3000
9100, t, 3.640000e-07, KEe, 618153.056603, MEe, 2.060510189e+01, E, -2700.000000, NP, 30000 3000
9200, t, 3.680000e-07, KEe, 621317.104242, MEe, 2.071057014e+01, E, -2700.000000, NP, 30000 3000
9300, t, 3.720000e-07, KEe, 627627.377468, MEe, 2.092091258e+01, E, -2700.000000, NP, 30000 3000
9400, t, 3.760000e-07, KEe, 621405.250264, MEe, 2.071350834e+01, E, -2700.000000, NP, 30000 3000
9500, t, 3.800000e-07, KEe, 615987.779232, MEe, 2.053292597e+01, E, -2700.000000, NP, 30000 3000
9600, t, 3.840000e-07, KEe, 618630.902546, MEe, 2.062103008e+01, E, -2700.000000, NP, 30000 3000
9700, t, 3.880000e-07, KEe, 616733.498416, MEe, 2.055778328e+01, E, -2700.000000, NP, 30000 3000
9800, t, 3.920000e-07, KEe, 617836.816124, MEe, 2.059456054e+01, E, -2700.000000, NP, 30000 3000
9900, t, 3.960000e-07, KEe, 622017.685651, MEe, 2.073392286e+01, E, -2700.000000, NP, 30000 3000
10000, t, 4.000000e-07, KEe, 618254.974458, MEe, 2.060849915e+01, E, -2700.000000, NP, 30000 3000
10100, t, 4.040000e-07, KEe, 619050.194611, MEe, 2.063500649e+01, E, -2700.000000, NP, 30000 3000
10200, t, 4.080000e-07, KEe, 618557.332638, MEe, 2.061857775e+01, E, -2700.000000, NP, 30000 3000
10300, t, 4.120000e-07, KEe, 619206.909870, MEe, 2.064023033e+01, E, -2700.000000, NP, 30000 3000
10400, t, 4.160000e-07, KEe, 618351.307902, MEe, 2.061171026e+01, E, -2700.000000, NP, 30000 3000
10500, t, 4.200000e-07, KEe, 618048.259928, MEe, 2.060160866e+01, E, -2700.000000, NP, 30000 3000
10600, t, 4.240000e-07, KEe, 616824.525045, MEe, 2.056081750e+01, E, -2700.000000, NP, 30000 3000
10700, t, 4.280000e-07, KEe, 621559.274734, MEe, 2.071864249e+01, E, -2700.000000, NP, 30000 3000
10800, t, 4.320000e-07, KEe, 619012.106980, MEe, 2.063373690e+01, E, -2700.000000, NP, 30000 3000
10900, t, 4.360000e-07, KEe, 618679.300166, MEe, 2.062264334e+01, E, -2700.000000, NP, 30000 3000
11000, t, 4.400000e-07, KEe, 616198.742565, MEe, 2.053995809e+01, E, -2700.000000, NP, 30000 3000
11100, t, 4.440000e-07, KEe, 618836.411974, MEe, 2.062788040e+01, E, -2700.000000, NP, 30000 3000
11200, t, 4.480000e-07, KEe, 615427.942391, MEe, 2.051426475e+01, E, -2700.000000, NP, 30000 3000
11300, t, 4.520000e-07, KEe, 614135.749331, MEe, 2.047119164e+01, E, -2700.000000, NP, 30000 3000
11400, t, 4.560000e-07, KEe, 615386.985814, MEe, 2.051289953e+01, E, -2700.000000, NP, 30000 3000
11500, t, 4.600000e-07, KEe, 618514.975314, MEe, 2.061716584e+01, E, -2700.000000, NP, 30000 3000
11600, t, 4.640000e-07, KEe, 622331.388950, MEe, 2.074437963e+01, E, -2700.000000, NP, 30000 3000
11700, t, 4.680000e-07, KEe, 618626.411045, MEe, 2.062088037e+01, E, -2700.000000, NP, 30000 3000
11800, t, 4.720000e-07, KEe, 620045.690979, MEe, 2.066818970e+01, E, -2700.000000, NP, 30000 3000
11900, t, 4.760000e-07, KEe, 618532.155867, MEe, 2.061773853e+01, E, -2700.000000, NP, 30000 3000
12000, t, 4.800000e-07, KEe, 617246.899475, MEe, 2.057489665e+01, E, -2700.000000, NP, 30000 3000
12100, t, 4.840000e-07, KEe, 616991.119126, MEe, 2.056637064e+01, E, -2700.000000, NP, 30000 3000
12200, t, 4.880000e-07, KEe, 617652.318465, MEe, 2.058841062e+01, E, -2700.000000, NP, 30000 3000
12300, t, 4.920000e-07, KEe, 616346.382352, MEe, 2.054487941e+01, E, -2700.000000, NP, 30000 3000
12400, t, 4.960000e-07, KEe, 616278.872487, MEe, 2.054262908e+01, E, -2700.000000, NP, 30000 3000
12500, t, 5.000000e-07, KEe, 619280.666853, MEe, 2.064268890e+01, E, -2700.000000, NP, 30000 3000
12600, t, 5.040000e-07, KEe, 623496.549978, MEe, 2.078321833e+01, E, -2700.000000, NP, 30000 3000
12700, t, 5.080000e-07, KEe, 621565.729159, MEe, 2.071885764e+01, E, -2700.000000, NP, 30000 3000
12800, t, 5.120000e-07, KEe, 621751.854615, MEe, 2.072506182e+01, E, -2700.000000, NP, 30000 3000
12900, t, 5.160000e-07, KEe, 617931.944296, MEe, 2.059773148e+01, E, -2700.000000, NP, 30000 3000
13000, t, 5.200000e-07, KEe, 626592.326698, MEe, 2.088641089e+01, E, -2700.000000, NP, 30000 3000
13100, t, 5.240000e-07, KEe, 623595.620682, MEe, 2.078652069e+01, E, -2700.000000, NP, 30000 3000
13200, t, 5.280000e-07, KEe, 621808.843871, MEe, 2.072696146e+01, E, -2700.000000, NP, 30000 3000
13300, t, 5.320000e-07, KEe, 617260.664385, MEe, 2.057535548e+01, E, -2700.000000, NP, 30000 3000
13400, t, 5.360000e-07, KEe, 616628.687611, MEe, 2.055428959e+01, E, -2700.000000, NP, 30000 3000
13500, t, 5.400000e-07, KEe, 620910.070657, MEe, 2.069700236e+01, E, -2700.000000, NP, 30000 3000
13600, t, 5.440000e-07, KEe, 621558.621979, MEe, 2.071862073e+01, E, -2700.000000, NP, 30000 3000
13700, t, 5.480000e-07, KEe, 620185.036893, MEe, 2.067283456e+01, E, -2700.000000, NP, 30000 3000
13800, t, 5.520000e-07, KEe, 620484.983845, MEe, 2.068283279e+01, E, -2700.000000, NP, 30000 3000
13900, t, 5.560000e-07, KEe, 619443.587103, MEe, 2.064811957e+01, E, -2700.000000, NP, 30000 3000
14000, t, 5.600000e-07, KEe, 622367.640703, MEe, 2.074558802e+01, E, -2700.000000, NP, 30000 3000
14100, t, 5.640000e-07, KEe, 620419.667552, MEe, 2.068065559e+01, E, -2700.000000, NP, 30000 3000
14200, t, 5.680000e-07, KEe, 619314.976400, MEe, 2.064383255e+01, E, -2700.000000, NP, 30000 3000
14300, t, 5.720000e-07, KEe, 618280.866735, MEe, 2.060936222e+01, E, -2700.000000, NP, 30000 3000
14400, t, 5.760000e-07, KEe, 620532.637387, MEe, 2.068442125e+01, E, -2700.000000, NP, 30000 3000
14500, t, 5.800000e-07, KEe, 623571.615675, MEe, 2.078572052e+01, E, -2700.000000, NP, 30000 3000
14600, t, 5.840000e-07, KEe, 618579.622322, MEe, 2.061932074e+01, E, -2700.000000, NP, 30000 3000
14700, t, 5.880000e-07, KEe, 620092.857117, MEe, 2.066976190e+01, E, -2700.000000, NP, 30000 3000
14800, t, 5.920000e-07, KEe, 621840.792571, MEe, 2.072802642e+01, E, -2700.000000, NP, 30000 3000
14900, t, 5.960000e-07, KEe, 620388.827522, MEe, 2.067962758e+01, E, -2700.000000, NP, 30000 3000
15000, t, 6.000000e-07, KEe, 620059.420877, MEe, 2.066864736e+01, E, -2700.000000, NP, 30000 3000
15100, t, 6.040000e-07, KEe, 621547.199122, MEe, 2.071823997e+01, E, -2700.000000, NP, 30000 3000
15200, t, 6.080000e-07, KEe, 621454.728610, MEe, 2.071515762e+01, E, -2700.000000, NP, 30000 3000
15300, t, 6.120000e-07, KEe, 620501.641674, MEe, 2.068338806e+01, E, -2700.000000, NP, 30000 3000
15400, t, 6.160000e-07, KEe, 616469.050408, MEe, 2.054896835e+01, E, -2700.000000, NP, 30000 3000
15500, t, 6.200000e-07, KEe, 615988.171434, MEe, 2.053293905e+01, E, -2700.000000, NP, 30000 3000
15600, t, 6.240000e-07, KEe, 617087.638484, MEe, 2.056958795e+01, E, -2700.000000, NP, 30000 3000
15700, t, 6.280000e-07, KEe, 615769.378174, MEe, 2.052564594e+01, E, -2700.000000, NP, 30000 3000
15800, t, 6.320000e-07, KEe, 619912.567931, MEe, 2.066375226e+01, E, -2700.000000, NP, 30000 3000
15900, t, 6.360000e-07, KEe, 622557.256825, MEe, 2.075190856e+01, E, -2700.000000, NP, 30000 3000
16000, t, 6.400000e-07, KEe, 620282.934460, MEe, 2.067609782e+01, E, -2700.000000, NP, 30000 3000
16100, t, 6.440000e-07, KEe, 623328.673901, MEe, 2.077762246e+01, E, -2700.000000, NP, 30000 3000
16200, t, 6.480000e-07, KEe, 621190.308945, MEe, 2.070634363e+01, E, -2700.000000, NP, 30000 3000
16300, t, 6.520000e-07, KEe, 618564.593621, MEe, 2.061881979e+01, E, -2700.000000, NP, 30000 3000
16400, t, 6.560000e-07, KEe, 623606.675109, MEe, 2.078688917e+01, E, -2700.000000, NP, 30000 3000
16500, t, 6.600000e-07, KEe, 621002.149337, MEe, 2.070007164e+01, E, -2700.000000, NP, 30000 3000
16600, t, 6.640000e-07, KEe, 619003.403363, MEe, 2.063344678e+01, E, -2700.000000, NP, 30000 3000
16700, t, 6.680000e-07, KEe, 617312.068954, MEe, 2.057706897e+01, E, -2700.000000, NP, 30000 3000
16800, t, 6.720000e-07, KEe, 614681.885060, MEe, 2.048939617e+01, E, -2700.000000, NP, 30000 3000
16900, t, 6.760000e-07, KEe, 614943.813761, MEe, 2.049812713e+01, E, -2700.000000, NP, 30000 3000
17000, t, 6.800000e-07, KEe, 614298.155125, MEe, 2.047660517e+01, E, -2700.000000, NP, 30000 3000
17100, t, 6.840000e-07, KEe, 615972.007785, MEe, 2.053240026e+01, E, -2700.000000, NP, 30000 3000
17200, t, 6.880000e-07, KEe, 615547.657295, MEe, 2.051825524e+01, E, -2700.000000, NP, 30000 3000
17300, t, 6.920000e-07, KEe, 618013.946424, MEe, 2.060046488e+01, E, -2700.000000, NP, 30000 3000
17400, t, 6.960000e-07, KEe, 624892.273901, MEe, 2.082974246e+01, E, -2700.000000, NP, 30000 3000
17500, t, 7.000000e-07, KEe, 620950.868334, MEe, 2.069836228e+01, E, -2700.000000, NP, 30000 3000
17600, t, 7.040000e-07, KEe, 621697.444505, MEe, 2.072324815e+01, E, -2700.000000, NP, 30000 3000
17700, t, 7.080000e-07, KEe, 623650.929933, MEe, 2.078836433e+01, E, -2700.000000, NP, 30000 3000
17800, t, 7.120000e-07, KEe, 621577.146868, MEe, 2.071923823e+01, E, -2700.000000, NP, 30000 3000
17900, t, 7.160000e-07, KEe, 618746.392123, MEe, 2.062487974e+01, E, -2700.000000, NP, 30000 3000
18000, t, 7.200000e-07, KEe, 620327.872787, MEe, 2.067759576e+01, E, -2700.000000, NP, 30000 3000
18100, t, 7.240000e-07, KEe, 619050.486475, MEe, 2.063501622e+01, E, -2700.000000, NP, 30000 3000
18200, t, 7.280000e-07, KEe, 620544.464432, MEe, 2.068481548e+01, E, -2700.000000, NP, 30000 3000
18300, t, 7.320000e-07, KEe, 621608.972409, MEe, 2.072029908e+01, E, -2700.000000, NP, 30000 3000
18400, t, 7.360000e-07, KEe, 618101.124195, MEe, 2.060337081e+01, E, -2700.000000, NP, 30000 3000
18500, t, 7.400000e-07, KEe, 618952.466556, MEe, 2.063174889e+01, E, -2700.000000, NP, 30000 3000
18600, t, 7.440000e-07, KEe, 619054.853890, MEe, 2.063516180e+01, E, -2700.000000, NP, 30000 3000
18700, t, 7.480000e-07, KEe, 619106.048202, MEe, 2.063686827e+01, E, -2700.000000, NP, 30000 3000
18800, t, 7.520000e-07, KEe, 621896.543254, MEe, 2.072988478e+01, E, -2700.000000, NP, 30000 3000
18900, t, 7.560000e-07, KEe, 619022.832241, MEe, 2.063409441e+01, E, -2700.000000, NP, 30000 3000
19000, t, 7.600000e-07, KEe, 618836.677640, MEe, 2.062788925e+01, E, -2700.000000, NP, 30000 3000
19100, t, 7.640000e-07, KEe, 619939.824345, MEe, 2.066466081e+01, E, -2700.000000, NP, 30000 3000
19200, t, 7.680000e-07, KEe, 619192.689686, MEe, 2.063975632e+01, E, -2700.000000, NP, 30000 3000
19300, t, 7.720000e-07, KEe, 618386.411060, MEe, 2.061288037e+01, E, -2700.000000, NP, 30000 3000
19400, t, 7.760000e-07, KEe, 617516.347899, MEe, 2.058387826e+01, E, -2700.000000, NP, 30000 3000
19500, t, 7.800000e-07, KEe, 617808.818356, MEe, 2.059362728e+01, E, -2700.000000, NP, 30000 3000
19600, t, 7.840000e-07, KEe, 618804.647069, MEe, 2.062682157e+01, E, -2700.000000, NP, 30000 3000
19700, t, 7.880000e-07, KEe, 618864.567308, MEe, 2.062881891e+01, E, -2700.000000, NP, 30000 3000
19800, t, 7.920000e-07, KEe, 619534.932850, MEe, 2.065116443e+01, E, -2700.000000, NP, 30000 3000
19900, t, 7.960000e-07, KEe, 622298.269585, MEe, 2.074327565e+01, E, -2700.000000, NP, 30000 3000
20000, t, 8.000000e-07, KEe, 623681.044861, MEe, 2.078936816e+01, E, -2700.000000, NP, 30000 3000
20100, t, 8.040000e-07, KEe, 625212.259337, MEe, 2.084040864e+01, E, -2700.000000, NP, 30000 3000
20200, t, 8.080000e-07, KEe, 622125.398432, MEe, 2.073751328e+01, E, -2700.000000, NP, 30000 3000
20300, t, 8.120000e-07, KEe, 620030.001657, MEe, 2.066766672e+01, E, -2700.000000, NP, 30000 3000
20400, t, 8.160000e-07, KEe, 616160.311061, MEe, 2.053867704e+01, E, -2700.000000, NP, 30000 3000
20500, t, 8.200000e-07, KEe, 615995.607833, MEe, 2.053318693e+01, E, -2700.000000, NP, 30000 3000
20600, t, 8.240000e-07, KEe, 619036.330423, MEe, 2.063454435e+01, E, -2700.000000, NP, 30000 3000
20700, t, 8.280000e-07, KEe, 622233.868251, MEe, 2.074112894e+01, E, -2700.000000, NP, 30000 3000
20800, t, 8.320000e-07, KEe, 623653.010053, MEe, 2.078843367e+01, E, -2700.000000, NP, 30000 3000
20900, t, 8.360000e-07, KEe, 621780.110167, MEe, 2.072600367e+01, E, -2700.000000, NP, 30000 3000
21000, t, 8.400000e-07, KEe, 619526.773958, MEe, 2.065089247e+01, E, -2700.000000, NP, 30000 3000
21100, t, 8.440000e-07, KEe, 617658.795400, MEe, 2.058862651e+01, E, -2700.000000, NP, 30000 3000
21200, t, 8.480000e-07, KEe, 619595.791020, MEe, 2.065319303e+01, E, -2700.000000, NP, 30000 3000
21300, t, 8.520000e-07, KEe, 618437.277590, MEe, 2.061457592e+01, E, -2700.000000, NP, 30000 3000
21400, t, 8.560000e-07, KEe, 617176.417671, MEe, 2.057254726e+01, E, -2700.000000, NP, 30000 3000
21500, t, 8.600000e-07, KEe, 621284.744427, MEe, 2.070949148e+01, E, -2700.000000, NP, 30000 3000
21600, t, 8.640000e-07, KEe, 620070.726892, MEe, 2.066902423e+01, E, -2700.000000, NP, 30000 3000
21700, t, 8.680000e-07, KEe, 625143.321855, MEe, 2.083811073e+01, E, -2700.000000, NP, 30000 3000
21800, t, 8.720000e-07, KEe, 622651.994704, MEe, 2.075506649e+01, E, -2700.000000, NP, 30000 3000
21900, t, 8.760000e-07, KEe, 616457.627722, MEe, 2.054858759e+01, E, -2700.000000, NP, 30000 3000
22000, t, 8.800000e-07, KEe, 617435.642697, MEe, 2.058118809e+01, E, -2700.000000, NP, 30000 3000
22100, t, 8.840000e-07, KEe, 619482.098185, MEe, 2.064940327e+01, E, -2700.000000, NP, 30000 3000
22200, t, 8.880000e-07, KEe, 622004.585019, MEe, 2.073348617e+01, E, -2700.000000, NP, 30000 3000
22300, t, 8.920000e-07, KEe, 617024.146638, MEe, 2.056747155e+01, E, -2700.000000, NP, 30000 3000
22400, t, 8.960000e-07, KEe, 615594.488624, MEe, 2.051981629e+01, E, -2700.000000, NP, 30000 3000
22500, t, 9.000000e-07, KEe, 614059.947596, MEe, 2.046866492e+01, E, -2700.000000, NP, 30000 3000
22600, t, 9.040000e-07, KEe, 616239.861370, MEe, 2.054132871e+01, E, -2700.000000, NP, 30000 3000
22700, t, 9.080000e-07, KEe, 616090.437794, MEe, 2.053634793e+01, E, -2700.000000, NP, 30000 3000
22800, t, 9.120000e-07, KEe, 619206.658029, MEe, 2.064022193e+01, E, -2700.000000, NP, 30000 3000
22900, t, 9.160000e-07, KEe, 622716.150081, MEe, 2.075720500e+01, E, -2700.000000, NP, 30000 3000
23000, t, 9.200000e-07, KEe, 617608.180722, MEe, 2.058693936e+01, E, -2700.000000, NP, 30000 3000
23100, t, 9.240000e-07, KEe, 619265.617455, MEe, 2.064218725e+01, E, -2700.000000, NP, 30000 3000
23200, t, 9.280000e-07, KEe, 617895.914865, MEe, 2.059653050e+01, E, -2700.000000, NP, 30000 3000
23300, t, 9.320000e-07, KEe, 618285.108886, MEe, 2.060950363e+01, E, -2700.000000, NP, 30000 3000
23400, t, 9.360000e-07, KEe, 618718.663366, MEe, 2.062395545e+01, E, -2700.000000, NP, 30000 3000
23500, t, 9.400000e-07, KEe, 618687.410488, MEe, 2.062291368e+01, E, -2700.000000, NP, 30000 3000
23600, t, 9.440000e-07, KEe, 621008.343153, MEe, 2.070027811e+01, E, -2700.000000, NP, 30000 3000
23700, t, 9.480000e-07, KEe, 621017.355066, MEe, 2.070057850e+01, E, -2700.000000, NP, 30000 3000
23800, t, 9.520000e-07, KEe, 622270.258190, MEe, 2.074234194e+01, E, -2700.000000, NP, 30000 3000
23900, t, 9.560000e-07, KEe, 620974.026332, MEe, 2.069913421e+01, E, -2700.000000, NP, 30000 3000
24000, t, 9.600000e-07, KEe, 619909.217955, MEe, 2.066364060e+01, E, -2700.000000, NP, 30000 3000
24100, t, 9.640000e-07, KEe, 623131.803660, MEe, 2.077106012e+01, E, -2700.000000, NP, 30000 3000
24200, t, 9.680000e-07, KEe, 619596.730344, MEe, 2.065322434e+01, E, -2700.000000, NP, 30000 3000
24300, t, 9.720000e-07, KEe, 621877.658224, MEe, 2.072925527e+01, E, -2700.000000, NP, 30000 3000
24400, t, 9.760000e-07, KEe, 623421.149955, MEe, 2.078070500e+01, E, -2700.000000, NP, 30000 3000
24500, t, 9.800000e-07, KEe, 615236.896952, MEe, 2.050789657e+01, E, -2700.000000, NP, 30000 3000
24600, t, 9.840000e-07, KEe, 614357.556614, MEe, 2.047858522e+01, E, -2700.000000, NP, 30000 3000
24700, t, 9.880000e-07, KEe, 616718.323709, MEe, 2.055727746e+01, E, -2700.000000, NP, 30000 3000
24800, t, 9.920000e-07, KEe, 613025.560757, MEe, 2.043418536e+01, E, -2700.000000, NP, 30000 3000
24900, t, 9.960000e-07, KEe, 618194.808389, MEe, 2.060649361e+01, E, -2700.000000, NP, 30000 3000
25000, t, 1.000000e-06, KEe, 616430.811981, MEe, 2.054769373e+01, E, -2700.000000, NP, 30000 3000
25100, t, 1.004000e-06, KEe, 614353.381265, MEe, 2.047844604e+01, E, -2700.000000, NP, 30000 3000
25200, t, 1.008000e-06, KEe, 615327.956085, MEe, 2.051093187e+01, E, -2700.000000, NP, 30000 3000
25300, t, 1.012000e-06, KEe, 619745.700117, MEe, 2.065819000e+01, E, -2700.000000, NP, 30000 3000
25400, t, 1.016000e-06, KEe, 619445.520174, MEe, 2.064818401e+01, E, -2700.000000, NP, 30000 3000
25500, t, 1.020000e-06, KEe, 622694.176959, MEe, 2.075647257e+01, E, -2700.000000, NP, 30000 3000
25600, t, 1.024000e-06, KEe, 618492.658273, MEe, 2.061642194e+01, E, -2700.000000, NP, 30000 3000
25700, t, 1.028000e-06, KEe, 618918.973020, MEe, 2.063063243e+01, E, -2700.000000, NP, 30000 3000
25800, t, 1.032000e-06, KEe, 620964.000570, MEe, 2.069880002e+01, E, -2700.000000, NP, 30000 3000
25900, t, 1.036000e-06, KEe, 620270.771768, MEe, 2.067569239e+01, E, -2700.000000, NP, 30000 3000
26000, t, 1.040000e-06, KEe, 623583.646027, MEe, 2.078612153e+01, E, -2700.000000, NP, 30000 3000
26100, t, 1.044000e-06, KEe, 625960.349249, MEe, 2.086534497e+01, E, -2700.000000, NP, 30000 3000
26200, t, 1.048000e-06, KEe, 623004.757793, MEe, 2.076682526e+01, E, -2700.000000, NP, 30000 3000
26300, t, 1.052000e-06, KEe, 622349.336970, MEe, 2.074497790e+01, E, -2700.000000, NP, 30000 3000
26400, t, 1.056000e-06, KEe, 617156.242383, MEe, 2.057187475e+01, E, -2700.000000, NP, 30000 3000
26500, t, 1.060000e-06, KEe, 618502.254444, MEe, 2.061674181e+01, E, -2700.000000, NP, 30000 3000
26600, t, 1.064000e-06, KEe, 617985.721104, MEe, 2.059952404e+01, E, -2700.000000, NP, 30000 3000
26700, t, 1.068000e-06, KEe, 619097.036379, MEe, 2.063656788e+01, E, -2700.000000, NP, 30000 3000
26800, t, 1.072000e-06, KEe, 619155.291042, MEe, 2.063850970e+01, E, -2700.000000, NP, 30000 3000
26900, t, 1.076000e-06, KEe, 617644.759089, MEe, 2.058815864e+01, E, -2700.000000, NP, 30000 3000
27000, t, 1.080000e-06, KEe, 618095.605173, MEe, 2.060318684e+01, E, -2700.000000, NP, 30000 3000
27100, t, 1.084000e-06, KEe, 619707.764480, MEe, 2.065692548e+01, E, -2700.000000, NP, 30000 3000
27200, t, 1.088000e-06, KEe, 619137.990795, MEe, 2.063793303e+01, E, -2700.000000, NP, 30000 3000
27300, t, 1.092000e-06, KEe, 619330.416941, MEe, 2.064434723e+01, E, -2700.000000, NP, 30000 3000
27400, t, 1.096000e-06, KEe, 621791.811239, MEe, 2.072639371e+01, E, -2700.000000, NP, 30000 3000
27500, t, 1.100000e-06, KEe, 621276.444306, MEe, 2.070921481e+01, E, -2700.000000, NP, 30000 3000
27600, t, 1.104000e-06, KEe, 621603.451618, MEe, 2.072011505e+01, E, -2700.000000, NP, 30000 3000
27700, t, 1.108000e-06, KEe, 618149.272859, MEe, 2.060497576e+01, E, -2700.000000, NP, 30000 3000
27800, t, 1.112000e-06, KEe, 618228.345061, MEe, 2.060761150e+01, E, -2700.000000, NP, 30000 3000
27900, t, 1.116000e-06, KEe, 622067.939761, MEe, 2.073559799e+01, E, -2700.000000, NP, 30000 3000
28000, t, 1.120000e-06, KEe, 622127.228735, MEe, 2.073757429e+01, E, -2700.000000, NP, 30000 3000
28100, t, 1.124000e-06, KEe, 620736.765273, MEe, 2.069122551e+01, E, -2700.000000, NP, 30000 3000
28200, t, 1.128000e-06, KEe, 620765.957486, MEe, 2.069219858e+01, E, -2700.000000, NP, 30000 3000
28300, t, 1.132000e-06, KEe, 620453.348353, MEe, 2.068177828e+01, E, -2700.000000, NP, 30000 3000
28400, t, 1.136000e-06, KEe, 617186.361751, MEe, 2.057287873e+01, E, -2700.000000, NP, 30000 3000
28500, t, 1.140000e-06, KEe, 615835.279155, MEe, 2.052784264e+01, E, -2700.000000, NP, 30000 3000
28600, t, 1.144000e-06, KEe, 616036.259198, MEe, 2.053454197e+01, E, -2700.000000, NP, 30000 3000
28700, t, 1.148000e-06, KEe, 615238.475464, MEe, 2.050794918e+01, E, -2700.000000, NP, 30000 3000
28800, t, 1.152000e-06, KEe, 620751.899601, MEe, 2.069172999e+01, E, -2700.000000, NP, 30000 3000
28900, t, 1.156000e-06, KEe, 620251.117070, MEe, 2.067503724e+01, E, -2700.000000, NP, 30000 3000
29000, t, 1.160000e-06, KEe, 621850.541180, MEe, 2.072835137e+01, E, -2700.000000, NP, 30000 3000
29100, t, 1.164000e-06, KEe, 621262.165497, MEe, 2.070873885e+01, E, -2700.000000, NP, 30000 3000
29200, t, 1.168000e-06, KEe, 618032.876754, MEe, 2.060109589e+01, E, -2700.000000, NP, 30000 3000
29300, t, 1.172000e-06, KEe, 619354.298475, MEe, 2.064514328e+01, E, -2700.000000, NP, 30000 3000
29400, t, 1.176000e-06, KEe, 621693.152734, MEe, 2.072310509e+01, E, -2700.000000, NP, 30000 3000
29500, t, 1.180000e-06, KEe, 617703.100112, MEe, 2.059010334e+01, E, -2700.000000, NP, 30000 3000
29600, t, 1.184000e-06, KEe, 616544.422658, MEe, 2.055148076e+01, E, -2700.000000, NP, 30000 3000
29700, t, 1.188000e-06, KEe, 617367.593057, MEe, 2.057891977e+01, E, -2700.000000, NP, 30000 3000
29800, t, 1.192000e-06, KEe, 618454.052895, MEe, 2.061513510e+01, E, -2700.000000, NP, 30000 3000
29900, t, 1.196000e-06, KEe, 618829.882055, MEe, 2.062766274e+01, E, -2700.000000, NP, 30000 3000
30000, t, 1.200000e-06, KEe, 620019.586386, MEe, 2.066731955e+01, E, -2700.000000, NP, 30000 3000
30100, t, 1.204000e-06, KEe, 617875.547122, MEe, 2.059585157e+01, E, -2700.000000, NP, 30000 3000
30200, t, 1.208000e-06, KEe, 617822.640635, MEe, 2.059408802e+01, E, -2700.000000, NP, 30000 3000
30300, t, 1.212000e-06, KEe, 619036.871897, MEe, 2.063456240e+01, E, -2700.000000, NP, 30000 3000
30400, t, 1.216000e-06, KEe, 620124.970706, MEe, 2.067083236e+01, E, -2700.000000, NP, 30000 3000
30500, t, 1.220000e-06, KEe, 613681.615050, MEe, 2.045605383e+01, E, -2700.000000, NP, 30000 3000
30600, t, 1.224000e-06, KEe, 615737.985476, MEe, 2.052459952e+01, E, -2700.000000, NP, 30000 3000
30700, t, 1.228000e-06, KEe, 614825.211587, MEe, 2.049417372e+01, E, -2700.000000, NP, 30000 3000
30800, t, 1.232000e-06, KEe, 619385.303045, MEe, 2.064617677e+01, E, -2700.000000, NP, 30000 3000
30900, t, 1.236000e-06, KEe, 616129.691984, MEe, 2.053765640e+01, E, -2700.000000, NP, 30000 3000
31000, t, 1.240000e-06, KEe, 615189.427352, MEe, 2.050631425e+01, E, -2700.000000, NP, 30000 3000
31100, t, 1.244000e-06, KEe, 619417.493676, MEe, 2.064724979e+01, E, -2700.000000, NP, 30000 3000
31200, t, 1.248000e-06, KEe, 622201.320672, MEe, 2.074004402e+01, E, -2700.000000, NP, 30000 3000
31300, t, 1.252000e-06, KEe, 617033.009851, MEe, 2.056776700e+01, E, -2700.000000, NP, 30000 3000
31400, t, 1.256000e-06, KEe, 616276.725567, MEe, 2.054255752e+01, E, -2700.000000, NP, 30000 3000
31500, t, 1.260000e-06, KEe, 619514.027533, MEe, 2.065046758e+01, E, -2700.000000, NP, 30000 3000
31600, t, 1.264000e-06, KEe, 620062.892409, MEe, 2.066876308e+01, E, -2700.000000, NP, 30000 3000
31700, t, 1.268000e-06, KEe, 621718.133085, MEe, 2.072393777e+01, E, -2700.000000, NP, 30000 3000
31800, t, 1.272000e-06, KEe, 618992.691407, MEe, 2.063308971e+01, E, -2700.000000, NP, 30000 3000
31900, t, 1.276000e-06, KEe, 616883.659596, MEe, 2.056278865e+01, E, -2700.000000, NP, 30000 3000
32000, t, 1.280000e-06, KEe, 616470.879657, MEe, 2.054902932e+01, E, -2700.000000, NP, 30000 3000
32100, t, 1.284000e-06, KEe, 621580.104667, MEe, 2.071933682e+01, E, -2700.000000, NP, 30000 3000
32200, t, 1.288000e-06, KEe, 619555.605272, MEe, 2.065185351e+01, E, -2700.000000, NP, 30000 3000
32300, t, 1.292000e-06, KEe, 619786.553204, MEe, 2.065955177e+01, E, -2700.000000, NP, 30000 3000
32400, t, 1.296000e-06, KEe, 618345.033948, MEe, 2.061150113e+01, E, -2700.000000, NP, 30000 3000
32500, t, 1.300000e-06, KEe, 620241.312088, MEe, 2.067471040e+01, E, -2700.000000, NP, 30000 3000
32600, t, 1.304000e-06, KEe, 618949.033369, MEe, 2.063163445e+01, E, -2700.000000, NP, 30000 3000
32700, t, 1.308000e-06, KEe, 619228.014838, MEe, 2.064093383e+01, E, -2700.000000, NP, 30000 3000
32800, t, 1.312000e-06, KEe, 621252.205757, MEe, 2.070840686e+01, E, -2700.000000, NP, 30000 3000
32900, t, 1.316000e-06, KEe, 619522.420693, MEe, 2.065074736e+01, E, -2700.000000, NP, 30000 3000
33000, t, 1.320000e-06, KEe, 624092.305436, MEe, 2.080307685e+01, E, -2700.000000, NP, 30000 3000
33100, t, 1.324000e-06, KEe, 623586.281387, MEe, 2.078620938e+01, E, -2700.000000, NP, 30000 3000
33200, t, 1.328000e-06, KEe, 622747.470983, MEe, 2.075824903e+01, E, -2700.000000, NP, 30000 3000
33300, t, 1.332000e-06, KEe, 620590.488223, MEe, 2.068634961e+01, E, -2700.000000, NP, 30000 3000
33400, t, 1.336000e-06, KEe, 619384.074933, MEe, 2.064613583e+01, E, -2700.000000, NP, 30000 3000
33500, t, 1.340000e-06, KEe, 618299.660750, MEe, 2.060998869e+01, E, -2700.000000, NP, 30000 3000
33600, t, 1.344000e-06, KEe, 617093.508068, MEe, 2.056978360e+01, E, -2700.000000, NP, 30000 3000
33700, t, 1.348000e-06, KEe, 622405.833987, MEe, 2.074686113e+01, E, -2700.000000, NP, 30000 3000
33800, t, 1.352000e-06, KEe, 625333.439206, MEe, 2.084444797e+01, E, -2700.000000, NP, 30000 3000
33900, t, 1.356000e-06, KEe, 621565.328590, MEe, 2.071884429e+01, E, -2700.000000, NP, 30000 3000
34000, t, 1.360000e-06, KEe, 619851.457420, MEe, 2.066171525e+01, E, -2700.000000, NP, 30000 3000
34100, t, 1.364000e-06, KEe, 616955.335671, MEe, 2.056517786e+01, E, -2700.000000, NP, 30000 3000
34200, t, 1.368000e-06, KEe, 619276.587956, MEe, 2.064255293e+01, E, -2700.000000, NP, 30000 3000
34300, t, 1.372000e-06, KEe, 621321.523325, MEe, 2.071071744e+01, E, -2700.000000, NP, 30000 3000
34400, t, 1.376000e-06, KEe, 620159.149044, MEe, 2.067197163e+01, E, -2700.000000, NP, 30000 3000
34500, t, 1.380000e-06, KEe, 623517.616542, MEe, 2.078392055e+01, E, -2700.000000, NP, 30000 3000
34600, t, 1.384000e-06, KEe, 621968.450231, MEe, 2.073228167e+01, E, -2700.000000, NP, 30000 3000
34700, t, 1.388000e-06, KEe, 620203.357593, MEe, 2.067344525e+01, E, -2700.000000, NP, 30000 3000
34800, t, 1.392000e-06, KEe, 617252.647487, MEe, 2.057508825e+01, E, -2700.000000, NP, 30000 3000
34900, t, 1.396000e-06, KEe, 621988.015731, MEe, 2.073293386e+01, E, -2700.000000, NP, 30000 3000
35000, t, 1.400000e-06, KEe, 619073.486020, MEe, 2.063578287e+01, E, -2700.000000, NP, 30000 3000
35100, t, 1.404000e-06, KEe, 617529.317162, MEe, 2.058431057e+01, E, -2700.000000, NP, 30000 3000
35200, t, 1.408000e-06, KEe, 621182.767426, MEe, 2.070609225e+01, E, -2700.000000, NP, 30000 3000
35300, t, 1.412000e-06, KEe, 620405.875459, MEe, 2.068019585e+01, E, -2700.000000, NP, 30000 3000
35400, t, 1.416000e-06, KEe, 621165.349143, MEe, 2.070551164e+01, E, -2700.000000, NP, 30000 3000
35500, t, 1.420000e-06, KEe, 618106.798511, MEe, 2.060355995e+01, E, -2700.000000, NP, 30000 3000
35600, t, 1.424000e-06, KEe, 614700.471046, MEe, 2.049001570e+01, E, -2700.000000, NP, 30000 3000
35700, t, 1.428000e-06, KEe, 622875.649795, MEe, 2.076252166e+01, E, -2700.000000, NP, 30000 3000
35800, t, 1.432000e-06, KEe, 619581.259808, MEe, 2.065270866e+01, E, -2700.000000, NP, 30000 3000
35900, t, 1.436000e-06, KEe, 618887.761958, MEe, 2.062959207e+01, E, -2700.000000, NP, 30000 3000
36000, t, 1.440000e-06, KEe, 621257.302164, MEe, 2.070857674e+01, E, -2700.000000, NP, 30000 3000
36100, t, 1.444000e-06, KEe, 623061.291747, MEe, 2.076870972e+01, E, -2700.000000, NP, 30000 3000
36200, t, 1.448000e-06, KEe, 623301.529725, MEe, 2.077671766e+01, E, -2700.000000, NP, 30000 3000
36300, t, 1.452000e-06, KEe, 620777.323537, MEe, 2.069257745e+01, E, -2700.000000, NP, 30000 3000
36400, t, 1.456000e-06, KEe, 617761.503763, MEe, 2.059205013e+01, E, -2700.000000, NP, 30000 3000
36500, t, 1.460000e-06, KEe, 618002.425231, MEe, 2.060008084e+01, E, -2700.000000, NP, 30000 3000
36600, t, 1.464000e-06, KEe, 621618.316632, MEe, 2.072061055e+01, E, -2700.000000, NP, 30000 3000
36700, t, 1.468000e-06, KEe, 624535.885860, MEe, 2.081786286e+01, E, -2700.000000, NP, 30000 3000
36800, t, 1.472000e-06, KEe, 620636.770093, MEe, 2.068789234e+01, E, -2700.000000, NP, 30000 3000
36900, t, 1.476000e-06, KEe, 618944.247379, MEe, 2.063147491e+01, E, -2700.000000, NP, 30000 3000
37000, t, 1.480000e-06, KEe, 620016.746934, MEe, 2.066722490e+01, E, -2700.000000, NP, 30000 3000
37100, t, 1.484000e-06, KEe, 620240.594368, MEe, 2.067468648e+01, E, -2700.000000, NP, 30000 3000
37200, t, 1.488000e-06, KEe, 619514.632891, MEe, 2.065048776e+01, E, -2700.000000, NP, 30000 3000
37300, t, 1.492000e-06, KEe, 619660.962769, MEe, 2.065536543e+01, E, -2700.000000, NP, 30000 3000
37400, t, 1.496000e-06, KEe, 623174.333957, MEe, 2.077247780e+01, E, -2700.000000, NP, 30000 3000
37500, t, 1.500000e-06, KEe, 624747.592327, MEe, 2.082491974e+01, E, -2700.000000, NP, 30000 3000
37600, t, 1.504000e-06, KEe, 621026.631781, MEe, 2.070088773e+01, E, -2700.000000, NP, 30000 3000
37700, t, 1.508000e-06, KEe, 620162.595195, MEe, 2.067208651e+01, E, -2700.000000, NP, 30000 3000
37800, t, 1.512000e-06, KEe, 623644.953893, MEe, 2.078816513e+01, E, -2700.000000, NP, 30000 3000
37900, t, 1.516000e-06, KEe, 621133.054109, MEe, 2.070443514e+01, E, -2700.000000, NP, 30000 3000
38000, t, 1.520000e-06, KEe, 621116.284217, MEe, 2.070387614e+01, E, -2700.000000, NP, 30000 3000
38100, t, 1.524000e-06, KEe, 617578.714029, MEe, 2.058595713e+01, E, -2700.000000, NP, 30000 3000
38200, t, 1.528000e-06, KEe, 621359.568150, MEe, 2.071198560e+01, E, -2700.000000, NP, 30000 3000
38300, t, 1.532000e-06, KEe, 619767.252155, MEe, 2.065890841e+01, E, -2700.000000, NP, 30000 3000
38400, t, 1.536000e-06, KEe, 620729.530020, MEe, 2.069098433e+01, E, -2700.000000, NP, 30000 3000
38500, t, 1.540000e-06, KEe, 618645.380834, MEe, 2.062151269e+01, E, -2700.000000, NP, 30000 3000
38600, t, 1.544000e-06, KEe, 619502.166309, MEe, 2.065007221e+01, E, -2700.000000, NP, 30000 3000
38700, t, 1.548000e-06, KEe, 622289.422927, MEe, 2.074298076e+01, E, -2700.000000, NP, 30000 3000
38800, t, 1.552000e-06, KEe, 621873.363951, MEe, 2.072911213e+01, E, -2700.000000, NP, 30000 3000
38900, t, 1.556000e-06, KEe, 622334.851154, MEe, 2.074449504e+01, E, -2700.000000, NP, 30000 3000
39000, t, 1.560000e-06, KEe, 620707.188145, MEe, 2.069023960e+01, E, -2700.000000, NP, 30000 3000
39100, t, 1.564000e-06, KEe, 620512.844300, MEe, 2.068376148e+01, E, -2700.000000, NP, 30000 3000
39200, t, 1.568000e-06, KEe, 621708.601294, MEe, 2.072362004e+01, E, -2700.000000, NP, 30000 3000
39300, t, 1.572000e-06, KEe, 621548.070782, MEe, 2.071826903e+01, E, -2700.000000, NP, 30000 3000
39400, t, 1.576000e-06, KEe, 624428.666186, MEe, 2.081428887e+01, E, -2700.000000, NP, 30000 3000
39500, t, 1.580000e-06, KEe, 624039.479766, MEe, 2.080131599e+01, E, -2700.000000, NP, 30000 3000
39600, t, 1.584000e-06, KEe, 623313.250690, MEe, 2.077710836e+01, E, -2700.000000, NP, 30000 3000
39700, t, 1.588000e-06, KEe, 622274.993745, MEe, 2.074249979e+01, E, -2700.000000, NP, 30000 3000
39800, t, 1.592000e-06, KEe, 619064.488506, MEe, 2.063548295e+01, E, -2700.000000, NP, 30000 3000
39900, t, 1.596000e-06, KEe, 618885.520594, MEe, 2.062951735e+01, E, -2700.000000, NP, 30000 3000
40000, t, 1.600000e-06, KEe, 622578.530339, MEe, 2.075261768e+01, E, -2700.000000, NP, 30000 3000
40100, t, 1.604000e-06, KEe, 622146.330609, MEe, 2.073821102e+01, E, -2700.000000, NP, 30000 3000
40200, t, 1.608000e-06, KEe, 620709.108437, MEe, 2.069030361e+01, E, -2700.000000, NP, 30000 3000
40300, t, 1.612000e-06, KEe, 619728.617899, MEe, 2.065762060e+01, E, -2700.000000, NP, 30000 3000
40400, t, 1.616000e-06, KEe, 619892.333616, MEe, 2.066307779e+01, E, -2700.000000, NP, 30000 3000
40500, t, 1.620000e-06, KEe, 618022.796576, MEe, 2.060075989e+01, E, -2700.000000, NP, 30000 3000
40600, t, 1.624000e-06, KEe, 618624.647557, MEe, 2.062082159e+01, E, -2700.000000, NP, 30000 3000
40700, t, 1.628000e-06, KEe, 618416.292826, MEe, 2.061387643e+01, E, -2700.000000, NP, 30000 3000
40800, t, 1.632000e-06, KEe, 622324.754200, MEe, 2.074415847e+01, E, -2700.000000, NP, 30000 3000
40900, t, 1.636000e-06, KEe, 620279.841399, MEe, 2.067599471e+01, E, -2700.000000, NP, 30000 3000
41000, t, 1.640000e-06, KEe, 619068.142058, MEe, 2.063560474e+01, E, -2700.000000, NP, 30000 3000
41100, t, 1.644000e-06, KEe, 620756.783802, MEe, 2.069189279e+01, E, -2700.000000, NP, 30000 3000
41200, t, 1.648000e-06, KEe, 618837.316619, MEe, 2.062791055e+01, E, -2700.000000, NP, 30000 3000
41300, t, 1.652000e-06, KEe, 617321.630140, MEe, 2.057738767e+01, E, -2700.000000, NP, 30000 3000
41400, t, 1.656000e-06, KEe, 615356.278615, MEe, 2.051187595e+01, E, -2700.000000, NP, 30000 3000
41500, t, 1.660000e-06, KEe, 614395.063342, MEe, 2.047983544e+01, E, -2700.000000, NP, 30000 3000
41600, t, 1.664000e-06, KEe, 614598.320236, MEe, 2.048661067e+01, E, -2700.000000, NP, 30000 3000
41700, t, 1.668000e-06, KEe, 615338.977104, MEe, 2.051129924e+01, E, -2700.000000, NP, 30000 3000
41800, t, 1.672000e-06, KEe, 615749.399851, MEe, 2.052498000e+01, E, -2700.000000, NP, 30000 3000
41900, t, 1.676000e-06, KEe, 617562.851158, MEe, 2.058542837e+01, E, -2700.000000, NP, 30000 3000
42000, t, 1.680000e-06, KEe, 618975.473811, MEe, 2.063251579e+01, E, -2700.000000, NP, 30000 3000
42100, t, 1.684000e-06, KEe, 614685.047049, MEe, 2.048950157e+01, E, -2700.000000, NP, 30000 3000
42200, t, 1.688000e-06, KEe, 615645.219485, MEe, 2.052150732e+01, E, -2700.000000, NP, 30000 3000
42300, t, 1.692000e-06, KEe, 615883.532621, MEe, 2.052945109e+01, E, -2700.000000, NP, 30000 3000
42400, t, 1.696000e-06, KEe, 616779.983135, MEe, 2.055933277e+01, E, -2700.000000, NP, 30000 3000
42500, t, 1.700000e-06, KEe, 615775.803870, MEe, 2.052586013e+01, E, -2700.000000, NP, 30000 3000
42600, t, 1.704000e-06, KEe, 618427.903224, MEe, 2.061426344e+01, E, -2700.000000, NP, 30000 3000
42700, t, 1.708000e-06, KEe, 620806.570096, MEe, 2.069355234e+01, E, -2700.000000, NP, 30000 3000
42800, t, 1.712000e-06, KEe, 618108.771300, MEe, 2.060362571e+01, E, -2700.000000, NP, 30000 3000
42900, t, 1.716000e-06, KEe, 616909.112115, MEe, 2.056363707e+01, E, -2700.000000, NP, 30000 3000
43000, t, 1.720000e-06, KEe, 617439.866028, MEe, 2.058132887e+01, E, -2700.000000, NP, 30000 3000
43100, t, 1.724000e-06, KEe, 620715.885830, MEe, 2.069052953e+01, E, -2700.000000, NP, 30000 3000
43200, t, 1.728000e-06, KEe, 618624.046533, MEe, 2.062080155e+01, E, -2700.000000, NP, 30000 3000
43300, t, 1.732000e-06, KEe, 619647.490430, MEe, 2.065491635e+01, E, -2700.000000, NP, 30000 3000
43400, t, 1.736000e-06, KEe, 620480.198548, MEe, 2.068267328e+01, E, -2700.000000, NP, 30000 3000
43500, t, 1.740000e-06, KEe, 619049.865899, MEe, 2.063499553e+01, E, -2700.000000, NP, 30000 3000
43600, t, 1.744000e-06, KEe, 621427.310326, MEe, 2.071424368e+01, E, -2700.000000, NP, 30000 3000
43700, t, 1.748000e-06, KEe, 619783.178209, MEe, 2.065943927e+01, E, -2700.000000, NP, 30000 3000
43800, t, 1.752000e-06, KEe, 617218.143035, MEe, 2.057393810e+01, E, -2700.000000, NP, 30000 3000
43900, t, 1.756000e-06, KEe, 621310.542739, MEe, 2.071035142e+01, E, -2700.000000, NP, 30000 3000
44000, t, 1.760000e-06, KEe, 622264.714471, MEe, 2.074215715e+01, E, -2700.000000, NP, 30000 3000
44100, t, 1.764000e-06, KEe, 622230.227173, MEe, 2.074100757e+01, E, -2700.000000, NP, 30000 3000
44200, t, 1.768000e-06, KEe, 623973.054546, MEe, 2.079910182e+01, E, -2700.000000, NP, 30000 3000
44300, t, 1.772000e-06, KEe, 623388.300655, MEe, 2.077961002e+01, E, -2700.000000, NP, 30000 3000
44400, t, 1.776000e-06, KEe, 622128.932445, MEe, 2.073763108e+01, E, -2700.000000, NP, 30000 3000
44500, t, 1.780000e-06, KEe, 625761.584036, MEe, 2.085871947e+01, E, -2700.000000, NP, 30000 3000
44600, t, 1.784000e-06, KEe, 620100.541936, MEe, 2.067001806e+01, E, -2700.000000, NP, 30000 3000
44700, t, 1.788000e-06, KEe, 616286.344634, MEe, 2.054287815e+01, E, -2700.000000, NP, 30000 3000
44800, t, 1.792000e-06, KEe, 616812.392811, MEe, 2.056041309e+01, E, -2700.000000, NP, 30000 3000
44900, t, 1.796000e-06, KEe, 620491.048406, MEe, 2.068303495e+01, E, -2700.000000, NP, 30000 3000
45000, t, 1.800000e-06, KEe, 623043.082043, MEe, 2.076810273e+01, E, -2700.000000, NP, 30000 3000
45100, t, 1.804000e-06, KEe, 619022.265149, MEe, 2.063407550e+01, E, -2700.000000, NP, 30000 3000
45200, t, 1.808000e-06, KEe, 622907.437696, MEe, 2.076358126e+01, E, -2700.000000, NP, 30000 3000
45300, t, 1.812000e-06, KEe, 623764.889079, MEe, 2.079216297e+01, E, -2700.000000, NP, 30000 3000
45400, t, 1.816000e-06, KEe, 628086.617302, MEe, 2.093622058e+01, E, -2700.000000, NP, 30000 3000
45500, t, 1.820000e-06, KEe, 621430.561688, MEe, 2.071435206e+01, E, -2700.000000, NP, 30000 3000
45600, t, 1.824000e-06, KEe, 615512.068468, MEe, 2.051706895e+01, E, -2700.000000, NP, 30000 3000
45700, t, 1.828000e-06, KEe, 621296.426767, MEe, 2.070988089e+01, E, -2700.000000, NP, 30000 3000
45800, t, 1.832000e-06, KEe, 622116.741784, MEe, 2.073722473e+01, E, -2700.000000, NP, 30000 3000
45900, t, 1.836000e-06, KEe, 622406.267992, MEe, 2.074687560e+01, E, -2700.000000, NP, 30000 3000
46000, t, 1.840000e-06, KEe, 619619.221961, MEe, 2.065397407e+01, E, -2700.000000, NP, 30000 3000
46100, t, 1.844000e-06, KEe, 619044.843468, MEe, 2.063482812e+01, E, -2700.000000, NP, 30000 3000
46200, t, 1.848000e-06, KEe, 619642.476435, MEe, 2.065474921e+01, E, -2700.000000, NP, 30000 3000
46300, t, 1.852000e-06, KEe, 619212.442154, MEe, 2.064041474e+01, E, -2700.000000, NP, 30000 3000
46400, t, 1.856000e-06, KEe, 620246.026181, MEe, 2.067486754e+01, E, -2700.000000, NP, 30000 3000
46500, t, 1.860000e-06, KEe, 622263.864054, MEe, 2.074212880e+01, E, -2700.000000, NP, 30000 3000
46600, t, 1.864000e-06, KEe, 620282.305471, MEe, 2.067607685e+01, E, -2700.000000, NP, 30000 3000
46700, t, 1.868000e-06, KEe, 622589.118189, MEe, 2.075297061e+01, E, -2700.000000, NP, 30000 3000
46800, t, 1.872000e-06, KEe, 621806.227250, MEe, 2.072687424e+01, E, -2700.000000, NP, 30000 3000
46900, t, 1.876000e-06, KEe, 619537.045687, MEe, 2.065123486e+01, E, -2700.000000, NP, 30000 3000
47000, t, 1.880000e-06, KEe, 622992.252705, MEe, 2.076640842e+01, E, -2700.000000, NP, 30000 3000
47100, t, 1.884000e-06, KEe, 621422.343915, MEe, 2.071407813e+01, E, -2700.000000, NP, 30000 3000
47200, t, 1.888000e-06, KEe, 623469.758478, MEe, 2.078232528e+01, E, -2700.000000, NP, 30000 3000
47300, t, 1.892000e-06, KEe, 619599.083385, MEe, 2.065330278e+01, E, -2700.000000, NP, 30000 3000
47400, t, 1.896000e-06, KEe, 616682.569008, MEe, 2.055608563e+01, E, -2700.000000, NP, 30000 3000
47500, t, 1.900000e-06, KEe, 619683.337663, MEe, 2.065611126e+01, E, -2700.000000, NP, 30000 3000
47600, t, 1.904000e-06, KEe, 617687.608016, MEe, 2.058958693e+01, E, -2700.000000, NP, 30000 3000
47700, t, 1.908000e-06, KEe, 619161.250378, MEe, 2.063870835e+01, E, -2700.000000, NP, 30000 3000
47800, t, 1.912000e-06, KEe, 618653.960141, MEe, 2.062179867e+01, E, -2700.000000, NP, 30000 3000
47900, t, 1.916000e-06, KEe, 618746.776340, MEe, 2.062489254e+01, E, -2700.000000, NP, 30000 3000
48000, t, 1.920000e-06, KEe, 618719.136748, MEe, 2.062397122e+01, E, -2700.000000, NP, 30000 3000
48100, t, 1.924000e-06, KEe, 615599.118503, MEe, 2.051997062e+01, E, -2700.000000, NP, 30000 3000
48200, t, 1.928000e-06, KEe, 621887.397450, MEe, 2.072957991e+01, E, -2700.000000, NP, 30000 3000
48300, t, 1.932000e-06, KEe, 622828.090828, MEe, 2.076093636e+01, E, -2700.000000, NP, 30000 3000
48400, t, 1.936000e-06, KEe, 621739.414182, MEe, 2.072464714e+01, E, -2700.000000, NP, 30000 3000
48500, t, 1.940000e-06, KEe, 616159.898792, MEe, 2.053866329e+01, E, -2700.000000, NP, 30000 3000
48600, t, 1.944000e-06, KEe, 618983.162403, MEe, 2.063277208e+01, E, -2700.000000, NP, 30000 3000
48700, t, 1.948000e-06, KEe, 618213.234390, MEe, 2.060710781e+01, E, -2700.000000, NP, 30000 3000
48800, t, 1.952000e-06, KEe, 620818.321273, MEe, 2.069394404e+01, E, -2700.000000, NP, 30000 3000
48900, t, 1.956000e-06, KEe, 621765.229318, MEe, 2.072550764e+01, E, -2700.000000, NP, 30000 3000
49000, t, 1.960000e-06, KEe, 616532.088196, MEe, 2.055106961e+01, E, -2700.000000, NP, 30000 3000
49100, t, 1.964000e-06, KEe, 615486.600426, MEe, 2.051622001e+01, E, -2700.000000, NP, 30000 3000
49200, t, 1.968000e-06, KEe, 622006.593997, MEe, 2.073355313e+01, E, -2700.000000, NP, 30000 3000
49300, t, 1.972000e-06, KEe, 627216.651467, MEe, 2.090722172e+01, E, -2700.000000, NP, 30000 3000
49400, t, 1.976000e-06, KEe, 620502.956250, MEe, 2.068343188e+01, E, -2700.000000, NP, 30000 3000
49500, t, 1.980000e-06, KEe, 617779.749298, MEe, 2.059265831e+01, E, -2700.000000, NP, 30000 3000
49600, t, 1.984000e-06, KEe, 614614.704511, MEe, 2.048715682e+01, E, -2700.000000, NP, 30000 3000
49700, t, 1.988000e-06, KEe, 617051.049058, MEe, 2.056836830e+01, E, -2700.000000, NP, 30000 3000
49800, t, 1.992000e-06, KEe, 616729.337163, MEe, 2.055764457e+01, E, -2700.000000, NP, 30000 3000
49900, t, 1.996000e-06, KEe, 619836.872007, MEe, 2.066122907e+01, E, -2700.000000, NP, 30000 3000
50000, t, 2.000000e-06, KEe, 616381.009347, MEe, 2.054603364e+01, E, -2700.000000, NP, 30000 3000
50100, t, 2.004000e-06, KEe, 614552.087833, MEe, 2.048506959e+01, E, -2700.000000, NP, 30000 3000
50200, t, 2.008000e-06, KEe, 619453.165456, MEe, 2.064843885e+01, E, -2700.000000, NP, 30000 3000
50300, t, 2.012000e-06, KEe, 617390.586372, MEe, 2.057968621e+01, E, -2700.000000, NP, 30000 3000
50400, t, 2.016000e-06, KEe, 617907.703136, MEe, 2.059692344e+01, E, -2700.000000, NP, 30000 3000
50500, t, 2.020000e-06, KEe, 617836.598560, MEe, 2.059455329e+01, E, -2700.000000, NP, 30000 3000
50600, t, 2.024000e-06, KEe, 618977.517116, MEe, 2.063258390e+01, E, -2700.000000, NP, 30000 3000
50700, t, 2.028000e-06, KEe, 619163.828691, MEe, 2.063879429e+01, E, -2700.000000, NP, 30000 3000
50800, t, 2.032000e-06, KEe, 621366.388862, MEe, 2.071221296e+01, E, -2700.000000, NP, 30000 3000
50900, t, 2.036000e-06, KEe, 618158.152890, MEe, 2.060527176e+01, E, -2700.000000, NP, 30000 3000
51000, t, 2.040000e-06, KEe, 612549.151218, MEe, 2.041830504e+01, E, -2700.000000, NP, 30000 3000
51100, t, 2.044000e-06, KEe, 613305.338608, MEe, 2.044351129e+01, E, -2700.000000, NP, 30000 3000
51200, t, 2.048000e-06, KEe, 615771.174441, MEe, 2.052570581e+01, E, -2700.000000, NP, 30000 3000
51300, t, 2.052000e-06, KEe, 616042.930907, MEe, 2.053476436e+01, E, -2700.000000, NP, 30000 3000
51400, t, 2.056000e-06, KEe, 618419.818104, MEe, 2.061399394e+01, E, -2700.000000, NP, 30000 3000
51500, t, 2.060000e-06, KEe, 616796.241719, MEe, 2.055987472e+01, E, -2700.000000, NP, 30000 3000
51600, t, 2.064000e-06, KEe, 617409.428717, MEe, 2.058031429e+01, E, -2700.000000, NP, 30000 3000
51700, t, 2.068000e-06, KEe, 619851.156395, MEe, 2.066170521e+01, E, -2700.000000, NP, 30000 3000
51800, t, 2.072000e-06, KEe, 618141.125723, MEe, 2.060470419e+01, E, -2700.000000, NP, 30000 3000
51900, t, 2.076000e-06, KEe, 618412.163482, MEe, 2.061373878e+01, E, -2700.000000, NP, 30000 3000
52000, t, 2.080000e-06, KEe, 625064.119190, MEe, 2.083547064e+01, E, -2700.000000, NP, 30000 3000
52100, t, 2.084000e-06, KEe, 621276.981539, MEe, 2.070923272e+01, E, -2700.000000, NP, 30000 3000
52200, t, 2.088000e-06, KEe, 623164.906595, MEe, 2.077216355e+01, E, -2700.000000, NP, 30000 3000
52300, t, 2.092000e-06, KEe, 624646.871182, MEe, 2.082156237e+01, E, -2700.000000, NP, 30000 3000
52400, t, 2.096000e-06, KEe, 623049.967713, MEe, 2.076833226e+01, E, -2700.000000, NP, 30000 3000
52500, t, 2.100000e-06, KEe, 620880.400284, MEe, 2.069601334e+01, E, -2700.000000, NP, 30000 3000
52600, t, 2.104000e-06, KEe, 622466.079735, MEe, 2.074886932e+01, E, -2700.000000, NP, 30000 3000
52700, t, 2.108000e-06, KEe, 615860.495675, MEe, 2.052868319e+01, E, -2700.000000, NP, 30000 3000
52800, t, 2.112000e-06, KEe, 619252.053631, MEe, 2.064173512e+01, E, -2700.000000, NP, 30000 3000
52900, t, 2.116000e-06, KEe, 622437.338390, MEe, 2.074791128e+01, E, -2700.000000, NP, 30000 3000
53000, t, 2.120000e-06, KEe, 620879.567377, MEe, 2.069598558e+01, E, -2700.000000, NP, 30000 3000
53100, t, 2.124000e-06, KEe, 622184.571253, MEe, 2.073948571e+01, E, -2700.000000, NP, 30000 3000
53200, t, 2.128000e-06, KEe, 618416.657731, MEe, 2.061388859e+01, E, -2700.000000, NP, 30000 3000
53300, t, 2.132000e-06, KEe, 619421.701626, MEe, 2.064739005e+01, E, -2700.000000, NP, 30000 3000
53400, t, 2.136000e-06, KEe, 622427.863466, MEe, 2.074759545e+01, E, -2700.000000, NP, 30000 3000
53500, t, 2.140000e-06, KEe, 620472.004854, MEe, 2.068240016e+01, E, -2700.000000, NP, 30000 3000
53600, t, 2.144000e-06, KEe, 618874.958081, MEe, 2.062916527e+01, E, -2700.000000, NP, 30000 3000
53700, t, 2.148000e-06, KEe, 622612.871219, MEe, 2.075376237e+01, E, -2700.000000, NP, 30000 3000
53800, t, 2.152000e-06, KEe, 623753.469146, MEe, 2.079178230e+01, E, -2700.000000, NP, 30000 3000
53900, t, 2.156000e-06, KEe, 625324.419484, MEe, 2.084414732e+01, E, -2700.000000, NP, 30000 3000
54000, t, 2.160000e-06, KEe, 623062.095324, MEe, 2.076873651e+01, E, -2700.000000, NP, 30000 3000
54100, t, 2.164000e-06, KEe, 619534.715049, MEe, 2.065115717e+01, E, -2700.000000, NP, 30000 3000
54200, t, 2.168000e-06, KEe, 617400.430499, MEe, 2.058001435e+01, E, -2700.000000, NP, 30000 3000
54300, t, 2.172000e-06, KEe, 620948.952114, MEe, 2.069829840e+01, E, -2700.000000, NP, 30000 3000
54400, t, 2.176000e-06, KEe, 624128.165219, MEe, 2.080427217e+01, E, -2700.000000, NP, 30000 3000
54500, t, 2.180000e-06, KEe, 622130.946624, MEe, 2.073769822e+01, E, -2700.000000, NP, 30000 3000
54600, t, 2.184000e-06, KEe, 622188.088303, MEe, 2.073960294e+01, E, -2700.000000, NP, 30000 3000
54700, t, 2.188000e-06, KEe, 620115.233545, MEe, 2.067050778e+01, E, -2700.000000, NP, 30000 3000
54800, t, 2.192000e-06, KEe, 621755.487980, MEe, 2.072518293e+01, E, -2700.000000, NP, 30000 3000
54900, t, 2.196000e-06, KEe, 621165.945977, MEe, 2.070553153e+01, E, -2700.000000, NP, 30000 3000
55000, t, 2.200000e-06, KEe, 618043.647583, MEe, 2.060145492e+01, E, -2700.000000, NP, 30000 3000
55100, t, 2.204000e-06, KEe, 621892.655755, MEe, 2.072975519e+01, E, -2700.000000, NP, 30000 3000
55200, t, 2.208000e-06, KEe, 621980.464185, MEe, 2.073268214e+01, E, -2700.000000, NP, 30000 3000
55300, t, 2.212000e-06, KEe, 617821.955380, MEe, 2.059406518e+01, E, -2700.000000, NP, 30000 3000
55400, t, 2.216000e-06, KEe, 617319.038366, MEe, 2.057730128e+01, E, -2700.000000, NP, 30000 3000
55500, t, 2.220000e-06, KEe, 622226.100750, MEe, 2.074087002e+01, E, -2700.000000, NP, 30000 3000
55600, t, 2.224000e-06, KEe, 622820.501936, MEe, 2.076068340e+01, E, -2700.000000, NP, 30000 3000
55700, t, 2.228000e-06, KEe, 616697.136761, MEe, 2.055657123e+01, E, -2700.000000, NP, 30000 3000
55800, t, 2.232000e-06, KEe, 614174.597741, MEe, 2.047248659e+01, E, -2700.000000, NP, 30000 3000
55900, t, 2.236000e-06, KEe, 619324.846272, MEe, 2.064416154e+01, E, -2700.000000, NP, 30000 3000
56000, t, 2.240000e-06, KEe, 616576.472616, MEe, 2.055254909e+01, E, -2700.000000, NP, 30000 3000
56100, t, 2.244000e-06, KEe, 615683.088922, MEe, 2.052276963e+01, E, -2700.000000, NP, 30000 3000
56200, t, 2.248000e-06, KEe, 615579.448276, MEe, 2.051931494e+01, E, -2700.000000, NP, 30000 3000
56300, t, 2.252000e-06, KEe, 616533.506573, MEe, 2.055111689e+01, E, -2700.000000, NP, 30000 3000
56400, t, 2.256000e-06, KEe, 620233.905132, MEe, 2.067446350e+01, E, -2700.000000, NP, 30000 3000
56500, t, 2.260000e-06, KEe, 617982.547077, MEe, 2.059941824e+01, E, -2700.000000, NP, 30000 3000
56600, t, 2.264000e-06, KEe, 619731.973793, MEe, 2.065773246e+01, E, -2700.000000, NP, 30000 3000
56700, t, 2.268000e-06, KEe, 620202.512902, MEe, 2.067341710e+01, E, -2700.000000, NP, 30000 3000
56800, t, 2.272000e-06, KEe, 612411.076327, MEe, 2.041370254e+01, E, -2700.000000, NP, 30000 3000
56900, t, 2.276000e-06, KEe, 613889.325900, MEe, 2.046297753e+01, E, -2700.000000, NP, 30000 3000
57000, t, 2.280000e-06, KEe, 620200.453422, MEe, 2.067334845e+01, E, -2700.000000, NP, 30000 3000
57100, t, 2.284000e-06, KEe, 619422.953285, MEe, 2.064743178e+01, E, -2700.000000, NP, 30000 3000
57200, t, 2.288000e-06, KEe, 619411.155426, MEe, 2.064703851e+01, E, -2700.000000, NP, 30000 3000
57300, t, 2.292000e-06, KEe, 616339.361217, MEe, 2.054464537e+01, E, -2700.000000, NP, 30000 3000
57400, t, 2.296000e-06, KEe, 610702.469520, MEe, 2.035674898e+01, E, -2700.000000, NP, 30000 3000
57500, t, 2.300000e-06, KEe, 615756.724647, MEe, 2.052522415e+01, E, -2700.000000, NP, 30000 3000
57600, t, 2.304000e-06, KEe, 617651.988028, MEe, 2.058839960e+01, E, -2700.000000, NP, 30000 3000
57700, t, 2.308000e-06, KEe, 615799.142811, MEe, 2.052663809e+01, E, -2700.000000, NP, 30000 3000
57800, t, 2.312000e-06, KEe, 617958.532484, MEe, 2.059861775e+01, E, -2700.000000, NP, 30000 3000
57900, t, 2.316000e-06, KEe, 618261.337781, MEe, 2.060871126e+01, E, -2700.000000, NP, 30000 3000
58000, t, 2.320000e-06, KEe, 620761.107998, MEe, 2.069203693e+01, E, -2700.000000, NP, 30000 3000
58100, t, 2.324000e-06, KEe, 620583.042478, MEe, 2.068610142e+01, E, -2700.000000, NP, 30000 3000
58200, t, 2.328000e-06, KEe, 618863.264279, MEe, 2.062877548e+01, E, -2700.000000, NP, 30000 3000
58300, t, 2.332000e-06, KEe, 615382.300346, MEe, 2.051274334e+01, E, -2700.000000, NP, 30000 3000
58400, t, 2.336000e-06, KEe, 616008.796610, MEe, 2.053362655e+01, E, -2700.000000, NP, 30000 3000
58500, t, 2.340000e-06, KEe, 615036.538277, MEe, 2.050121794e+01, E, -2700.000000, NP, 30000 3000
58600, t, 2.344000e-06, KEe, 617268.800729, MEe, 2.057562669e+01, E, -2700.000000, NP, 30000 3000
58700, t, 2.348000e-06, KEe, 614579.330423, MEe, 2.048597768e+01, E, -2700.000000, NP, 30000 3000
58800, t, 2.352000e-06, KEe, 613006.261518, MEe, 2.043354205e+01, E, -2700.000000, NP, 30000 3000
58900, t, 2.356000e-06, KEe, 614575.630462, MEe, 2.048585435e+01, E, -2700.000000, NP, 30000 3000
59000, t, 2.360000e-06, KEe, 618438.483998, MEe, 2.061461613e+01, E, -2700.000000, NP, 30000 3000
59100, t, 2.364000e-06, KEe, 621009.712823, MEe, 2.070032376e+01, E, -2700.000000, NP, 30000 3000
59200, t, 2.368000e-06, KEe, 622481.819847, MEe, 2.074939399e+01, E, -2700.000000, NP, 30000 3000
59300, t, 2.372000e-06, KEe, 621487.072731, MEe, 2.071623576e+01, E, -2700.000000, NP, 30000 3000
59400, t, 2.376000e-06, KEe, 619516.181474, MEe, 2.065053938e+01, E, -2700.000000, NP, 30000 3000
59500, t, 2.380000e-06, KEe, 618626.529259, MEe, 2.062088431e+01, E, -2700.000000, NP, 30000 3000
59600, t, 2.384000e-06, KEe, 618901.086393, MEe, 2.063003621e+01, E, -2700.000000, NP, 30000 3000
59700, t, 2.388000e-06, KEe, 618419.739917, MEe, 2.061399133e+01, E, -2700.000000, NP, 30000 3000
59800, t, 2.392000e-06, KEe, 624623.408154, MEe, 2.082078027e+01, E, -2700.000000, NP, 30000 3000
59900, t, 2.396000e-06, KEe, 622052.383364, MEe, 2.073507945e+01, E, -2700.000000, NP, 30000 3000
60000, t, 2.400000e-06, KEe, 620127.308514, MEe, 2.067091028e+01, E, -2700.000000, NP, 30000 3000
60100, t, 2.404000e-06, KEe, 620005.450972, MEe, 2.066684837e+01, E, -2700.000000, NP, 30000 3000
60200, t, 2.408000e-06, KEe, 619821.506088, MEe, 2.066071687e+01, E, -2700.000000, NP, 30000 3000
60300, t, 2.412000e-06, KEe, 619879.773695, MEe, 2.066265912e+01, E, -2700.000000, NP, 30000 3000
60400, t, 2.416000e-06, KEe, 621594.373880, MEe, 2.071981246e+01, E, -2700.000000, NP, 30000 3000
60500, t, 2.420000e-06, KEe, 620787.815276, MEe, 2.069292718e+01, E, -2700.000000, NP, 30000 3000
60600, t, 2.424000e-06, KEe, 620445.292962, MEe, 2.068150977e+01, E, -2700.000000, NP, 30000 3000
60700, t, 2.428000e-06, KEe, 621211.522162, MEe, 2.070705074e+01, E, -2700.000000, NP, 30000 3000
60800, t, 2.432000e-06, KEe, 618087.117903, MEe, 2.060290393e+01, E, -2700.000000, NP, 30000 3000
60900, t, 2.436000e-06, KEe, 621133.159209, MEe, 2.070443864e+01, E, -2700.000000, NP, 30000 3000
61000, t, 2.440000e-06, KEe, 621108.082691, MEe, 2.070360276e+01, E, -2700.000000, NP, 30000 3000
61100, t, 2.444000e-06, KEe, 617997.836107, MEe, 2.059992787e+01, E, -2700.000000, NP, 30000 3000
61200, t, 2.448000e-06, KEe, 620369.172003, MEe, 2.067897240e+01, E, -2700.000000, NP, 30000 3000
61300, t, 2.452000e-06, KEe, 620436.802098, MEe, 2.068122674e+01, E, -2700.000000, NP, 30000 3000
61400, t, 2.456000e-06, KEe, 620025.436280, MEe, 2.066751454e+01, E, -2700.000000, NP, 30000 3000
61500, t, 2.460000e-06, KEe, 617040.266218, MEe, 2.056800887e+01, E, -2700.000000, NP, 30000 3000
61600, t, 2.464000e-06, KEe, 619528.278132, MEe, 2.065094260e+01, E, -2700.000000, NP, 30000 3000
61700, t, 2.468000e-06, KEe, 615502.312064, MEe, 2.051674374e+01, E, -2700.000000, NP, 30000 3000
61800, t, 2.472000e-06, KEe, 617824.024310, MEe, 2.059413414e+01, E, -2700.000000, NP, 30000 3000
61900, t, 2.476000e-06, KEe, 618921.333977, MEe, 2.063071113e+01, E, -2700.000000, NP, 30000 3000
62000, t, 2.480000e-06, KEe, 616945.659025, MEe, 2.056485530e+01, E, -2700.000000, NP, 30000 3000
62100, t, 2.484000e-06, KEe, 622096.137007, MEe, 2.073653790e+01, E, -2700.000000, NP, 30000 3000
62200, t, 2.488000e-06, KEe, 622095.091031, MEe, 2.073650303e+01, E, -2700.000000, NP, 30000 3000
62300, t, 2.492000e-06, KEe, 621341.559071, MEe, 2.071138530e+01, E, -2700.000000, NP, 30000 3000
62400, t, 2.496000e-06, KEe, 621582.721775, MEe, 2.071942406e+01, E, -2700.000000, NP, 30000 3000
62500, t, 2.500000e-06, KEe, 617652.714556, MEe, 2.058842382e+01, E, -2700.000000, NP, 30000 3000
62600, t, 2.504000e-06, KEe, 617021.114528, MEe, 2.056737048e+01, E, -2700.000000, NP, 30000 3000
62700, t, 2.508000e-06, KEe, 617205.848872, MEe, 2.057352830e+01, E, -2700.000000, NP, 30000 3000
62800, t, 2.512000e-06, KEe, 615418.961047, MEe, 2.051396537e+01, E, -2700.000000, NP, 30000 3000
62900, t, 2.516000e-06, KEe, 612453.611379, MEe, 2.041512038e+01, E, -2700.000000, NP, 30000 3000
63000, t, 2.520000e-06, KEe, 615066.687444, MEe, 2.050222291e+01, E, -2700.000000, NP, 30000 3000
63100, t, 2.524000e-06, KEe, 617153.560161, MEe, 2.057178534e+01, E, -2700.000000, NP, 30000 3000
63200, t, 2.528000e-06, KEe, 620565.593901, MEe, 2.068551980e+01, E, -2700.000000, NP, 30000 3000
63300, t, 2.532000e-06, KEe, 618960.105545, MEe, 2.063200352e+01, E, -2700.000000, NP, 30000 3000
63400, t, 2.536000e-06, KEe, 617604.046143, MEe, 2.058680154e+01, E, -2700.000000, NP, 30000 3000
63500, t, 2.540000e-06, KEe, 616828.801458, MEe, 2.056096005e+01, E, -2700.000000, NP, 30000 3000
63600, t, 2.544000e-06, KEe, 618916.414166, MEe, 2.063054714e+01, E, -2700.000000, NP, 30000 3000
63700, t, 2.548000e-06, KEe, 616233.522178, MEe, 2.054111741e+01, E, -2700.000000, NP, 30000 3000
63800, t, 2.552000e-06, KEe, 620240.501285, MEe, 2.067468338e+01, E, -2700.000000, NP, 30000 3000
63900, t, 2.556000e-06, KEe, 624488.895809, MEe, 2.081629653e+01, E, -2700.000000, NP, 30000 3000
64000, t, 2.560000e-06, KEe, 620939.891490, MEe, 2.069799638e+01, E, -2700.000000, NP, 30000 3000
64100, t, 2.564000e-06, KEe, 622065.603979, MEe, 2.073552013e+01, E, -2700.000000, NP, 30000 3000
64200, t, 2.568000e-06, KEe, 618034.112680, MEe, 2.060113709e+01, E, -2700.000000, NP, 30000 3000
64300, t, 2.572000e-06, KEe, 616056.477065, MEe, 2.053521590e+01, E, -2700.000000, NP, 30000 3000
64400, t, 2.576000e-06, KEe, 614026.794127, MEe, 2.046755980e+01, E, -2700.000000, NP, 30000 3000
64500, t, 2.580000e-06, KEe, 619269.555022, MEe, 2.064231850e+01, E, -2700.000000, NP, 30000 3000
64600, t, 2.584000e-06, KEe, 619906.937977, MEe, 2.066356460e+01, E, -2700.000000, NP, 30000 3000
64700, t, 2.588000e-06, KEe, 616026.328198, MEe, 2.053421094e+01, E, -2700.000000, NP, 30000 3000
64800, t, 2.592000e-06, KEe, 613891.041786, MEe, 2.046303473e+01, E, -2700.000000, NP, 30000 3000
64900, t, 2.596000e-06, KEe, 616891.106259, MEe, 2.056303688e+01, E, -2700.000000, NP, 30000 3000
65000, t, 2.600000e-06, KEe, 615838.819385, MEe, 2.052796065e+01, E, -2700.000000, NP, 30000 3000
65100, t, 2.604000e-06, KEe, 613185.976872, MEe, 2.043953256e+01, E, -2700.000000, NP, 30000 3000
65200, t, 2.608000e-06, KEe, 618459.772801, MEe, 2.061532576e+01, E, -2700.000000, NP, 30000 3000
65300, t, 2.612000e-06, KEe, 615928.939045, MEe, 2.053096463e+01, E, -2700.000000, NP, 30000 3000
65400, t, 2.616000e-06, KEe, 618789.332371, MEe, 2.062631108e+01, E, -2700.000000, NP, 30000 3000
65500, t, 2.620000e-06, KEe, 621714.955186, MEe, 2.072383184e+01, E, -2700.000000, NP, 30000 3000
65600, t, 2.624000e-06, KEe, 621020.116269, MEe, 2.070067054e+01, E, -2700.000000, NP, 30000 3000
65700, t, 2.628000e-06, KEe, 619800.219647, MEe, 2.066000732e+01, E, -2700.000000, NP, 30000 3000
65800, t, 2.632000e-06, KEe, 619199.797918, MEe, 2.063999326e+01, E, -2700.000000, NP, 30000 3000
65900, t, 2.636000e-06, KEe, 618452.892289, MEe, 2.061509641e+01, E, -2700.000000, NP, 30000 3000
66000, t, 2.640000e-06, KEe, 620470.716844, MEe, 2.068235723e+01, E, -2700.000000, NP, 30000 3000
66100, t, 2.644000e-06, KEe, 622386.036074, MEe, 2.074620120e+01, E, -2700.000000, NP, 30000 3000
66200, t, 2.648000e-06, KEe, 623267.072743, MEe, 2.077556909e+01, E, -2700.000000, NP, 30000 3000
66300, t, 2.652000e-06, KEe, 619451.261157, MEe, 2.064837537e+01, E, -2700.000000, NP, 30000 3000
66400, t, 2.656000e-06, KEe, 620962.297793, MEe, 2.069874326e+01, E, -2700.000000, NP, 30000 3000
66500, t, 2.660000e-06, KEe, 620090.751686, MEe, 2.066969172e+01, E, -2700.000000, NP, 30000 3000
66600, t, 2.664000e-06, KEe, 616861.274458, MEe, 2.056204248e+01, E, -2700.000000, NP, 30000 3000
66700, t, 2.668000e-06, KEe, 619086.402113, MEe, 2.063621340e+01, E, -2700.000000, NP, 30000 3000
66800, t, 2.672000e-06, KEe, 625697.573897, MEe, 2.085658580e+01, E, -2700.000000, NP, 30000 3000
66900, t, 2.676000e-06, KEe, 621600.375432, MEe, 2.072001251e+01, E, -2700.000000, NP, 30000 3000
67000, t, 2.680000e-06, KEe, 622448.429576, MEe, 2.074828099e+01, E, -2700.000000, NP, 30000 3000
67100, t, 2.684000e-06, KEe, 622922.591559, MEe, 2.076408639e+01, E, -2700.000000, NP, 30000 3000
67200, t, 2.688000e-06, KEe, 621258.438596, MEe, 2.070861462e+01, E, -2700.000000, NP, 30000 3000
67300, t, 2.692000e-06, KEe, 619595.779915, MEe, 2.065319266e+01, E, -2700.000000, NP, 30000 3000
67400, t, 2.696000e-06, KEe, 624007.783958, MEe, 2.080025947e+01, E, -2700.000000, NP, 30000 3000
67500, t, 2.700000e-06, KEe, 626066.529517, MEe, 2.086888432e+01, E, -2700.000000, NP, 30000 3000
67600, t, 2.704000e-06, KEe, 620691.403151, MEe, 2.068971344e+01, E, -2700.000000, NP, 30000 3000
67700, t, 2.708000e-06, KEe, 619521.782156, MEe, 2.065072607e+01, E, -2700.000000, NP, 30000 3000
67800, t, 2.712000e-06, KEe, 619973.399622, MEe, 2.066577999e+01, E, -2700.000000, NP, 30000 3000
67900, t, 2.716000e-06, KEe, 620674.455472, MEe, 2.068914852e+01, E, -2700.000000, NP, 30000 3000
68000, t, 2.720000e-06, KEe, 620842.864719, MEe, 2.069476216e+01, E, -2700.000000, NP, 30000 3000
68100, t, 2.724000e-06, KEe, 616468.247733, MEe, 2.054894159e+01, E, -2700.000000, NP, 30000 3000
68200, t, 2.728000e-06, KEe, 618746.040532, MEe, 2.062486802e+01, E, -2700.000000, NP, 30000 3000
68300, t, 2.732000e-06, KEe, 617312.280456, MEe, 2.057707602e+01, E, -2700.000000, NP, 30000 3000
68400, t, 2.736000e-06, KEe, 620499.136905, MEe, 2.068330456e+01, E, -2700.000000, NP, 30000 3000
68500, t, 2.740000e-06, KEe, 619238.708946, MEe, 2.064129030e+01, E, -2700.000000, NP, 30000 3000
68600, t, 2.744000e-06, KEe, 620208.780125, MEe, 2.067362600e+01, E, -2700.000000, NP, 30000 3000
68700, t, 2.748000e-06, KEe, 618548.828559, MEe, 2.061829429e+01, E, -2700.000000, NP, 30000 3000
68800, t, 2.752000e-06, KEe, 622189.578983, MEe, 2.073965263e+01, E, -2700.000000, NP, 30000 3000
68900, t, 2.756000e-06, KEe, 620094.992498, MEe, 2.066983308e+01, E, -2700.000000, NP, 30000 3000
69000, t, 2.760000e-06, KEe, 618809.206950, MEe, 2.062697357e+01, E, -2700.000000, NP, 30000 3000
69100, t, 2.764000e-06, KEe, 619939.572126, MEe, 2.066465240e+01, E, -2700.000000, NP, 30000 3000
69200, t, 2.768000e-06, KEe, 617177.130848, MEe, 2.057257103e+01, E, -2700.000000, NP, 30000 3000
69300, t, 2.772000e-06, KEe, 618137.729151, MEe, 2.060459097e+01, E, -2700.000000, NP, 30000 3000
69400, t, 2.776000e-06, KEe, 620067.164167, MEe, 2.066890547e+01, E, -2700.000000, NP, 30000 3000
69500, t, 2.780000e-06, KEe, 622260.091565, MEe, 2.074200305e+01, E, -2700.000000, NP, 30000 3000
69600, t, 2.784000e-06, KEe, 621497.546591, MEe, 2.071658489e+01, E, -2700.000000, NP, 30000 3000
69700, t, 2.788000e-06, KEe, 617822.350654, MEe, 2.059407836e+01, E, -2700.000000, NP, 30000 3000
69800, t, 2.792000e-06, KEe, 619055.603265, MEe, 2.063518678e+01, E, -2700.000000, NP, 30000 3000
69900, t, 2.796000e-06, KEe, 620892.956404, MEe, 2.069643188e+01, E, -2700.000000, NP, 30000 3000
70000, t, 2.800000e-06, KEe, 624262.141314, MEe, 2.080873804e+01, E, -2700.000000, NP, 30000 3000
70100, t, 2.804000e-06, KEe, 623767.625932, MEe, 2.079225420e+01, E, -2700.000000, NP, 30000 3000
70200, t, 2.808000e-06, KEe, 622616.862084, MEe, 2.075389540e+01, E, -2700.000000, NP, 30000 3000
70300, t, 2.812000e-06, KEe, 621417.540073, MEe, 2.071391800e+01, E, -2700.000000, NP, 30000 3000
70400, t, 2.816000e-06, KEe, 620332.046854, MEe, 2.067773490e+01, E, -2700.000000, NP, 30000 3000
70500, t, 2.820000e-06, KEe, 620908.965603, MEe, 2.069696552e+01, E, -2700.000000, NP, 30000 3000
70600, t, 2.824000e-06, KEe, 620995.725965, MEe, 2.069985753e+01, E, -2700.000000, NP, 30000 3000
70700, t, 2.828000e-06, KEe, 618950.645277, MEe, 2.063168818e+01, E, -2700.000000, NP, 30000 3000
70800, t, 2.832000e-06, KEe, 619347.826795, MEe, 2.064492756e+01, E, -2700.000000, NP, 30000 3000
70900, t, 2.836000e-06, KEe, 620450.992072, MEe, 2.068169974e+01, E, -2700.000000, NP, 30000 3000
71000, t, 2.840000e-06, KEe, 619517.503468, MEe, 2.065058345e+01, E, -2700.000000, NP, 30000 3000
71100, t, 2.844000e-06, KEe, 619019.454861, MEe, 2.063398183e+01, E, -2700.000000, NP, 30000 3000
71200, t, 2.848000e-06, KEe, 617324.023116, MEe, 2.057746744e+01, E, -2700.000000, NP, 30000 3000
71300, t, 2.852000e-06, KEe, 617322.999639, MEe, 2.057743332e+01, E, -2700.000000, NP, 30000 3000
71400, t, 2.856000e-06, KEe, 617495.826562, MEe, 2.058319422e+01, E, -2700.000000, NP, 30000 3000
71500, t, 2.860000e-06, KEe, 615447.636785, MEe, 2.051492123e+01, E, -2700.000000, NP, 30000 3000
71600, t, 2.864000e-06, KEe, 617641.844852, MEe, 2.058806150e+01, E, -2700.000000, NP, 30000 3000
71700, t, 2.868000e-06, KEe, 614458.616889, MEe, 2.048195390e+01, E, -2700.000000, NP, 30000 3000
71800, t, 2.872000e-06, KEe, 617935.495331, MEe, 2.059784984e+01, E, -2700.000000, NP, 30000 3000
71900, t, 2.876000e-06, KEe, 620489.129069, MEe, 2.068297097e+01, E, -2700.000000, NP, 30000 3000
72000, t, 2.880000e-06, KEe, 621433.219537, MEe, 2.071444065e+01, E, -2700.000000, NP, 30000 3000
72100, t, 2.884000e-06, KEe, 618313.218016, MEe, 2.061044060e+01, E, -2700.000000, NP, 30000 3000
72200, t, 2.888000e-06, KEe, 612695.983116, MEe, 2.042319944e+01, E, -2700.000000, NP, 30000 3000
72300, t, 2.892000e-06, KEe, 613881.138149, MEe, 2.046270460e+01, E, -2700.000000, NP, 30000 3000
72400, t, 2.896000e-06, KEe, 615679.677531, MEe, 2.052265592e+01, E, -2700.000000, NP, 30000 3000
72500, t, 2.900000e-06, KEe, 618926.636224, MEe, 2.063088787e+01, E, -2700.000000, NP, 30000 3000
72600, t, 2.904000e-06, KEe, 614208.347765, MEe, 2.047361159e+01, E, -2700.000000, NP, 30000 3000
72700, t, 2.908000e-06, KEe, 613477.078086, MEe, 2.044923594e+01, E, -2700.000000, NP, 30000 3000
72800, t, 2.912000e-06, KEe, 614833.679790, MEe, 2.049445599e+01, E, -2700.000000, NP, 30000 3000
72900, t, 2.916000e-06, KEe, 615632.896897, MEe, 2.052109656e+01, E, -2700.000000, NP, 30000 3000
73000, t, 2.920000e-06, KEe, 618615.274076, MEe, 2.062050914e+01, E, -2700.000000, NP, 30000 3000
73100, t, 2.924000e-06, KEe, 621146.268250, MEe, 2.070487561e+01, E, -2700.000000, NP, 30000 3000
73200, t, 2.928000e-06, KEe, 622345.179969, MEe, 2.074483933e+01, E, -2700.000000, NP, 30000 3000
73300, t, 2.932000e-06, KEe, 623438.270168, MEe, 2.078127567e+01, E, -2700.000000, NP, 30000 3000
73400, t, 2.936000e-06, KEe, 621282.189010, MEe, 2.070940630e+01, E, -2700.000000, NP, 30000 3000
73500, t, 2.940000e-06, KEe, 619113.242747, MEe, 2.063710809e+01, E, -2700.000000, NP, 30000 3000
73600, t, 2.944000e-06, KEe, 618635.071909, MEe, 2.062116906e+01, E, -2700.000000, NP, 30000 3000
73700, t, 2.948000e-06, KEe, 621770.291551, MEe, 2.072567639e+01, E, -2700.000000, NP, 30000 3000
73800, t, 2.952000e-06, KEe, 619781.802053, MEe, 2.065939340e+01, E, -2700.000000, NP, 30000 3000
73900, t, 2.956000e-06, KEe, 618714.156027, MEe, 2.062380520e+01, E, -2700.000000, NP, 30000 3000
74000, t, 2.960000e-06, KEe, 622278.558294, MEe, 2.074261861e+01, E, -2700.000000, NP, 30000 3000
74100, t, 2.964000e-06, KEe, 623571.694716, MEe, 2.078572316e+01, E, -2700.000000, NP, 30000 3000
74200, t, 2.968000e-06, KEe, 622794.226929, MEe, 2.075980756e+01, E, -2700.000000, NP, 30000 3000
74300, t, 2.972000e-06, KEe, 622494.720797, MEe, 2.074982403e+01, E, -2700.000000, NP, 30000 3000
74400, t, 2.976000e-06, KEe, 621233.958969, MEe, 2.070779863e+01, E, -2700.000000, NP, 30000 3000
74500, t, 2.980000e-06, KEe, 619637.534355, MEe, 2.065458448e+01, E, -2700.000000, NP, 30000 3000
74600, t, 2.984000e-06, KEe, 618383.554415, MEe, 2.061278515e+01, E, -2700.000000, NP, 30000 3000
74700, t, 2.988000e-06, KEe, 624404.204438, MEe, 2.081347348e+01, E, -2700.000000, NP, 30000 3000
74800, t, 2.992000e-06, KEe, 622940.741587, MEe, 2.076469139e+01, E, -2700.000000, NP, 30000 3000
74900, t, 2.996000e-06, KEe, 624191.589309, MEe, 2.080638631e+01, E, -2700.000000, NP, 30000 3000
75000, t, 3.000000e-06, KEe, 617810.563363, MEe, 2.059368545e+01, E, -2700.000000, NP, 30000 3000
75100, t, 3.004000e-06, KEe, 618959.215562, MEe, 2.063197385e+01, E, -2700.000000, NP, 30000 3000
75200, t, 3.008000e-06, KEe, 619611.604002, MEe, 2.065372013e+01, E, -2700.000000, NP, 30000 3000
75300, t, 3.012000e-06, KEe, 622483.351632, MEe, 2.074944505e+01, E, -2700.000000, NP, 30000 3000
75400, t, 3.016000e-06, KEe, 621583.624446, MEe, 2.071945415e+01, E, -2700.000000, NP, 30000 3000
75500, t, 3.020000e-06, KEe, 619232.306128, MEe, 2.064107687e+01, E, -2700.000000, NP, 30000 3000
75600, t, 3.024000e-06, KEe, 618463.555887, MEe, 2.061545186e+01, E, -2700.000000, NP, 30000 3000
75700, t, 3.028000e-06, KEe, 618019.190264, MEe, 2.060063968e+01, E, -2700.000000, NP, 30000 3000
75800, t, 3.032000e-06, KEe, 621964.870970, MEe, 2.073216237e+01, E, -2700.000000, NP, 30000 3000
75900, t, 3.036000e-06, KEe, 622190.350033, MEe, 2.073967833e+01, E, -2700.000000, NP, 30000 3000
76000, t, 3.040000e-06, KEe, 618485.698206, MEe, 2.061618994e+01, E, -2700.000000, NP, 30000 3000
76100, t, 3.044000e-06, KEe, 619173.761872, MEe, 2.063912540e+01, E, -2700.000000, NP, 30000 3000
76200, t, 3.048000e-06, KEe, 621759.959183, MEe, 2.072533197e+01, E, -2700.000000, NP, 30000 3000
76300, t, 3.052000e-06, KEe, 621699.818694, MEe, 2.072332729e+01, E, -2700.000000, NP, 30000 3000
76400, t, 3.056000e-06, KEe, 621222.076806, MEe, 2.070740256e+01, E, -2700.000000, NP, 30000 3000
76500, t, 3.060000e-06, KEe, 616652.799706, MEe, 2.055509332e+01, E, -2700.000000, NP, 30000 3000
76600, t, 3.064000e-06, KEe, 618414.209874, MEe, 2.061380700e+01, E, -2700.000000, NP, 30000 3000
76700, t, 3.068000e-06, KEe, 616521.560950, MEe, 2.055071870e+01, E, -2700.000000, NP, 30000 3000
76800, t, 3.072000e-06, KEe, 619183.921729, MEe, 2.063946406e+01, E, -2700.000000, NP, 30000 3000
76900, t, 3.076000e-06, KEe, 617995.153782, MEe, 2.059983846e+01, E, -2700.000000, NP, 30000 3000
77000, t, 3.080000e-06, KEe, 617354.952994, MEe, 2.057849843e+01, E, -2700.000000, NP, 30000 3000
77100, t, 3.084000e-06, KEe, 617980.452168, MEe, 2.059934841e+01, E, -2700.000000, NP, 30000 3000
77200, t, 3.088000e-06, KEe, 619228.832252, MEe, 2.064096108e+01, E, -2700.000000, NP, 30000 3000
77300, t, 3.092000e-06, KEe, 618869.566463, MEe, 2.062898555e+01, E, -2700.000000, NP, 30000 3000
77400, t, 3.096000e-06, KEe, 623120.182207, MEe, 2.077067274e+01, E, -2700.000000, NP, 30000 3000
77500, t, 3.100000e-06, KEe, 620763.768875, MEe, 2.069212563e+01, E, -2700.000000, NP, 30000 3000
77600, t, 3.104000e-06, KEe, 618032.362216, MEe, 2.060107874e+01, E, -2700.000000, NP, 30000 3000
77700, t, 3.108000e-06, KEe, 615631.137368, MEe, 2.052103791e+01, E, -2700.000000, NP, 30000 3000
77800, t, 3.112000e-06, KEe, 613747.758220, MEe, 2.045825861e+01, E, -2700.000000, NP, 30000 3000
77900, t, 3.116000e-06, KEe, 616591.962330, MEe, 2.055306541e+01, E, -2700.000000, NP, 30000 3000
78000, t, 3.120000e-06, KEe, 614935.445541, MEe, 2.049784818e+01, E, -2700.000000, NP, 30000 3000
78100, t, 3.124000e-06, KEe, 617906.308711, MEe, 2.059687696e+01, E, -2700.000000, NP, 30000 3000
78200, t, 3.128000e-06, KEe, 618617.236203, MEe, 2.062057454e+01, E, -2700.000000, NP, 30000 3000
78300, t, 3.132000e-06, KEe, 619936.266510, MEe, 2.066454222e+01, E, -2700.000000, NP, 30000 3000
78400, t, 3.136000e-06, KEe, 621900.128929, MEe, 2.073000430e+01, E, -2700.000000, NP, 30000 3000
78500, t, 3.140000e-06, KEe, 622219.298289, MEe, 2.074064328e+01, E, -2700.000000, NP, 30000 3000
78600, t, 3.144000e-06, KEe, 623619.148328, MEe, 2.078730494e+01, E, -2700.000000, NP, 30000 3000
78700, t, 3.148000e-06, KEe, 624828.709108, MEe, 2.082762364e+01, E, -2700.000000, NP, 30000 3000
78800, t, 3.152000e-06, KEe, 619906.228717, MEe, 2.066354096e+01, E, -2700.000000, NP, 30000 3000
78900, t, 3.156000e-06, KEe, 619847.923565, MEe, 2.066159745e+01, E, -2700.000000, NP, 30000 3000
79000, t, 3.160000e-06, KEe, 620154.722381, MEe, 2.067182408e+01, E, -2700.000000, NP, 30000 3000
79100, t, 3.164000e-06, KEe, 623001.612125, MEe, 2.076672040e+01, E, -2700.000000, NP, 30000 3000
79200, t, 3.168000e-06, KEe, 618842.661466, MEe, 2.062808872e+01, E, -2700.000000, NP, 30000 3000
79300, t, 3.172000e-06, KEe, 619427.004340, MEe, 2.064756681e+01, E, -2700.000000, NP, 30000 3000
79400, t, 3.176000e-06, KEe, 620019.098284, MEe, 2.066730328e+01, E, -2700.000000, NP, 30000 3000
79500, t, 3.180000e-06, KEe, 619913.308735, MEe, 2.066377696e+01, E, -2700.000000, NP, 30000 3000
79600, t, 3.184000e-06, KEe, 619152.898990, MEe, 2.063842997e+01, E, -2700.000000, NP, 30000 3000
79700, t, 3.188000e-06, KEe, 620833.078854, MEe, 2.069443596e+01, E, -2700.000000, NP, 30000 3000
79800, t, 3.192000e-06, KEe, 622775.695928, MEe, 2.075918986e+01, E, -2700.000000, NP, 30000 3000
79900, t, 3.196000e-06, KEe, 622702.798175, MEe, 2.075675994e+01, E, -2700.000000, NP, 30000 3000
80000, t, 3.200000e-06, KEe, 622258.111710, MEe, 2.074193706e+01, E, -2700.000000, NP, 30000 3000
