RandMax 2147483647
reading box length: 1.000000e-06 (m)
reading number of particle types: 2
reading number of particles of type 0: 30000
reading number of particles of type 1: 3000
reading temperature of particle type 0: 0.000000 (eV)
reading temperature of particle type 1: 0.025900 (eV)
reading flow velocity of particle type 0: 0.000000 (eV)
reading flow velocity of particle type 1: 0.000000 (eV)
reading charge of particle type 0: -1.000000 (elementary charge)
reading charge of particle type 1: 0.000000 (elementary charge)
reading mass of particle type 0: 0.000549 (amu)
reading mass of particle type 1: 28.000000 (amu)
reading number of time steps: 60000
reading vsigma max samples: 1000
reading time step dt: 5.000000e-07
reading electric field: -3.000000e-02 (V/m)
reading electric frequency: 0.000000e+00 (Hz)
reading magnetic field: 0.000000e+00 0.000000e+00 0.000000e+00 (Tesla)
reading vdf dump spec: 1000 1000000 0
reading extrapolation option: 0
reading memory allocation: 0.000000e+00 (GB)
reading auto dump spec: 0
reading output stride spec: 100
reading carry remainder spec: 0
found cross_sections/Ar.dat file for particle 0 with 1 in indeck, differential model found: Aubin
found cross_sections/Ar->Ar(3d'[3/2]1).dat file for particle 0 with 1 in indeck
found cross_sections/Ar->Ar(3d'[3/2]2).dat file for particle 0 with 1 in indeck
found cross_sections/Ar->Ar(3d'[5/2]2).dat file for particle 0 with 1 in indeck
found cross_sections/Ar->Ar(3d'[5/2]3).dat file for particle 0 with 1 in indeck
found cross_sections/Ar->Ar(3d[1/2]0).dat file for particle 0 with 1 in indeck
found cross_sections/Ar->Ar(3d[1/2]1).dat file for particle 0 with 1 in indeck
found cross_sections/Ar->Ar(3d[3/2]1).dat file for particle 0 with 1 in indeck
found cross_sections/Ar->Ar(3d[3/2]2).dat file for particle 0 with 1 in indeck
found cross_sections/Ar->Ar(3d[5/2]2).dat file for particle 0 with 1 in indeck
found cross_sections/Ar->Ar(3d[5/2]3).dat file for particle 0 with 1 in indeck
found cross_sections/Ar->Ar(3d[7/2]3).dat file for particle 0 with 1 in indeck
found cross_sections/Ar->Ar(3d[7/2]4).dat file for particle 0 with 1 in indeck
found cross_sections/Ar->Ar(4p'[1/2]0).dat file for particle 0 with 1 in indeck
found cross_sections/Ar->Ar(4p'[1/2]1).dat file for particle 0 with 1 in indeck
found cross_sections/Ar->Ar(4p'[3/2]1).dat file for particle 0 with 1 in indeck
found cross_sections/Ar->Ar(4p'[3/2]2).dat file for particle 0 with 1 in indeck
found cross_sections/Ar->Ar(4p[1/2]0).dat file for particle 0 with 1 in indeck
found cross_sections/Ar->Ar(4p[1/2]1).dat file for particle 0 with 1 in indeck
found cross_sections/Ar->Ar(4p[3/2]1).dat file for particle 0 with 1 in indeck
found cross_sections/Ar->Ar(4p[3/2]2).dat file for particle 0 with 1 in indeck
found cross_sections/Ar->Ar(4p[5/2]2).dat file for particle 0 with 1 in indeck
found cross_sections/Ar->Ar(4p[5/2]3).dat file for particle 0 with 1 in indeck
found cross_sections/Ar->Ar(4s'[1/2]0).dat file for particle 0 with 1 in indeck
found cross_sections/Ar->Ar(4s'[1/2]1).dat file for particle 0 with 1 in indeck
found cross_sections/Ar->Ar(4s[3/2]1).dat file for particle 0 with 1 in indeck
found cross_sections/Ar->Ar(4s[3/2]2).dat file for particle 0 with 1 in indeck
found cross_sections/Ar->Ar(5s'[1/2]0).dat file for particle 0 with 1 in indeck
found cross_sections/Ar->Ar(5s'[1/2]1).dat file for particle 0 with 1 in indeck
found cross_sections/Ar->Ar(5s[3/2]1).dat file for particle 0 with 1 in indeck
found cross_sections/Ar->Ar(5s[3/2]2).dat file for particle 0 with 1 in indeck
found cross_sections/Ar->Ar(Rydberg).dat file for particle 0 with 1 in indeck
found cross_sections/Ar->Ar^+.dat file for particle 0 with 1 in indeck, differential model found: Uniform
reading cross_sections/Ar.dat
reading cross_sections/Ar->Ar(3d'[3/2]1).dat
reading cross_sections/Ar->Ar(3d'[3/2]2).dat
reading cross_sections/Ar->Ar(3d'[5/2]2).dat
reading cross_sections/Ar->Ar(3d'[5/2]3).dat
reading cross_sections/Ar->Ar(3d[1/2]0).dat
reading cross_sections/Ar->Ar(3d[1/2]1).dat
reading cross_sections/Ar->Ar(3d[3/2]1).dat
reading cross_sections/Ar->Ar(3d[3/2]2).dat
reading cross_sections/Ar->Ar(3d[5/2]2).dat
reading cross_sections/Ar->Ar(3d[5/2]3).dat
reading cross_sections/Ar->Ar(3d[7/2]3).dat
reading cross_sections/Ar->Ar(3d[7/2]4).dat
reading cross_sections/Ar->Ar(4p'[1/2]0).dat
reading cross_sections/Ar->Ar(4p'[1/2]1).dat
reading cross_sections/Ar->Ar(4p'[3/2]1).dat
reading cross_sections/Ar->Ar(4p'[3/2]2).dat
reading cross_sections/Ar->Ar(4p[1/2]0).dat
reading cross_sections/Ar->Ar(4p[1/2]1).dat
reading cross_sections/Ar->Ar(4p[3/2]1).dat
reading cross_sections/Ar->Ar(4p[3/2]2).dat
reading cross_sections/Ar->Ar(4p[5/2]2).dat
reading cross_sections/Ar->Ar(4p[5/2]3).dat
reading cross_sections/Ar->Ar(4s'[1/2]0).dat
reading cross_sections/Ar->Ar(4s'[1/2]1).dat
reading cross_sections/Ar->Ar(4s[3/2]1).dat
reading cross_sections/Ar->Ar(4s[3/2]2).dat
reading cross_sections/Ar->Ar(5s'[1/2]0).dat
reading cross_sections/Ar->Ar(5s'[1/2]1).dat
reading cross_sections/Ar->Ar(5s[3/2]1).dat
reading cross_sections/Ar->Ar(5s[3/2]2).dat
reading cross_sections/Ar->Ar(Rydberg).dat
reading cross_sections/Ar->Ar^+.dat
Memory per particle: 72 bytes
Memory for all initial particles: 2.213e-03 GB
Allocating space for 132000 particles
------------------------------------
0, t, 0.000000e+00, KEe, 0.000000, MEe, 0.000000000e+00, E, -0.030000, NP, 30000 3000
100, t, 5.000000e-05, KEe, 92.109353, MEe, 3.070311767e-03, E, -0.030000, NP, 30000 3000
200, t, 1.000000e-04, KEe, 171.231349, MEe, 5.707711636e-03, E, -0.030000, NP, 30000 3000
300, t, 1.500000e-04, KEe, 249.263435, MEe, 8.308781179e-03, E, -0.030000, NP, 30000 3000
400, t, 2.000000e-04, KEe, 326.312236, MEe, 1.087707452e-02, E, -0.030000, NP, 30000 3000
500, t, 2.500000e-04, KEe, 399.657918, MEe, 1.332193061e-02, E, -0.030000, NP, 30000 3000
600, t, 3.000000e-04, KEe, 476.243190, MEe, 1.587477300e-02, E, -0.030000, NP, 30000 3000
700, t, 3.500000e-04, KEe, 549.459069, MEe, 1.831530231e-02, E, -0.030000, NP, 30000 3000
800, t, 4.000000e-04, KEe, 621.494009, MEe, 2.071646698e-02, E, -0.030000, NP, 30000 3000
900, t, 4.500000e-04, KEe, 693.311999, MEe, 2.311039997e-02, E, -0.030000, NP, 30000 3000
1000, t, 5.000000e-04, KEe, 765.094845, MEe, 2.550316151e-02, E, -0.030000, NP, 30000 3000
1100, t, 5.500000e-04, KEe, 835.851362, MEe, 2.786171206e-02, E, -0.030000, NP, 30000 3000
1200, t, 6.000000e-04, KEe, 905.411237, MEe, 3.018037458e-02, E, -0.030000, NP, 30000 3000
1300, t, 6.500000e-04, KEe, 977.144676, MEe, 3.257148919e-02, E, -0.030000, NP, 30000 3000
1400, t, 7.000000e-04, KEe, 1054.014845, MEe, 3.513382818e-02, E, -0.030000, NP, 30000 3000
1500, t, 7.500000e-04, KEe, 1133.181300, MEe, 3.777270999e-02, E, -0.030000, NP, 30000 3000
1600, t, 8.000000e-04, KEe, 1211.009835, MEe, 4.036699451e-02, E, -0.030000, NP, 30000 3000
1700, t, 8.500000e-04, KEe, 1285.752401, MEe, 4.285841336e-02, E, -0.030000, NP, 30000 3000
1800, t, 9.000000e-04, KEe, 1370.946719, MEe, 4.569822396e-02, E, -0.030000, NP, 30000 3000
1900, t, 9.500000e-04, KEe, 1446.392405, MEe, 4.821308015e-02, E, -0.030000, NP, 30000 3000
2000, t, 1.000000e-03, KEe, 1532.215952, MEe, 5.107386506e-02, E, -0.030000, NP, 30000 3000
2100, t, 1.050000e-03, KEe, 1616.951572, MEe, 5.389838574e-02, E, -0.030000, NP, 30000 3000
2200, t, 1.100000e-03, KEe, 1704.351796, MEe, 5.681172652e-02, E, -0.030000, NP, 30000 3000
2300, t, 1.150000e-03, KEe, 1791.824803, MEe, 5.972749343e-02, E, -0.030000, NP, 30000 3000
2400, t, 1.200000e-03, KEe, 1879.714274, MEe, 6.265714245e-02, E, -0.030000, NP, 30000 3000
2500, t, 1.250000e-03, KEe, 1970.979210, MEe, 6.569930701e-02, E, -0.030000, NP, 30000 3000
2600, t, 1.300000e-03, KEe, 2059.517602, MEe, 6.865058674e-02, E, -0.030000, NP, 30000 3000
2700, t, 1.350000e-03, KEe, 2148.299407, MEe, 7.160998023e-02, E, -0.030000, NP, 30000 3000
2800, t, 1.400000e-03, KEe, 2246.779745, MEe, 7.489265817e-02, E, -0.030000, NP, 30000 3000
2900, t, 1.450000e-03, KEe, 2346.557329, MEe, 7.821857762e-02, E, -0.030000, NP, 30000 3000
3000, t, 1.500000e-03, KEe, 2445.742888, MEe, 8.152476293e-02, E, -0.030000, NP, 30000 3000
3100, t, 1.550000e-03, KEe, 2544.118050, MEe, 8.480393499e-02, E, -0.030000, NP, 30000 3000
3200, t, 1.600000e-03, KEe, 2638.801875, MEe, 8.796006249e-02, E, -0.030000, NP, 30000 3000
3300, t, 1.650000e-03, KEe, 2735.079112, MEe, 9.116930375e-02, E, -0.030000, NP, 30000 3000
3400, t, 1.700000e-03, KEe, 2827.130988, MEe, 9.423769959e-02, E, -0.030000, NP, 30000 3000
3500, t, 1.750000e-03, KEe, 2921.078715, MEe, 9.736929048e-02, E, -0.030000, NP, 30000 3000
3600, t, 1.800000e-03, KEe, 3014.342655, MEe, 1.004780885e-01, E, -0.030000, NP, 30000 3000
3700, t, 1.850000e-03, KEe, 3115.458718, MEe, 1.038486239e-01, E, -0.030000, NP, 30000 3000
3800, t, 1.900000e-03, KEe, 3218.509596, MEe, 1.072836532e-01, E, -0.030000, NP, 30000 3000
3900, t, 1.950000e-03, KEe, 3306.095274, MEe, 1.102031758e-01, E, -0.030000, NP, 30000 3000
4000, t, 2.000000e-03, KEe, 3395.547446, MEe, 1.131849149e-01, E, -0.030000, NP, 30000 3000
4100, t, 2.050000e-03, KEe, 3496.990074, MEe, 1.165663358e-01, E, -0.030000, NP, 30000 3000
4200, t, 2.100000e-03, KEe, 3585.390804, MEe, 1.195130268e-01, E, -0.030000, NP, 30000 3000
4300, t, 2.150000e-03, KEe, 3679.069104, MEe, 1.226356368e-01, E, -0.030000, NP, 30000 3000
4400, t, 2.200000e-03, KEe, 3776.690052, MEe, 1.258896684e-01, E, -0.030000, NP, 30000 3000
4500, t, 2.250000e-03, KEe, 3859.921371, MEe, 1.286640457e-01, E, -0.030000, NP, 30000 3000
4600, t, 2.300000e-03, KEe, 3955.571013, MEe, 1.318523671e-01, E, -0.030000, NP, 30000 3000
4700, t, 2.350000e-03, KEe, 4040.908751, MEe, 1.346969584e-01, E, -0.030000, NP, 30000 3000
4800, t, 2.400000e-03, KEe, 4129.493118, MEe, 1.376497706e-01, E, -0.030000, NP, 30000 3000
4900, t, 2.450000e-03, KEe, 4227.239680, MEe, 1.409079893e-01, E, -0.030000, NP, 30000 3000
5000, t, 2.500000e-03, KEe, 4314.707714, MEe, 1.438235905e-01, E, -0.030000, NP, 30000 3000
5100, t, 2.550000e-03, KEe, 4407.564445, MEe, 1.469188148e-01, E, -0.030000, NP, 30000 3000
5200, t, 2.600000e-03, KEe, 4495.377665, MEe, 1.498459222e-01, E, -0.030000, NP, 30000 3000
5300, t, 2.650000e-03, KEe, 4574.245040, MEe, 1.524748347e-01, E, -0.030000, NP, 30000 3000
5400, t, 2.700000e-03, KEe, 4650.818908, MEe, 1.550272969e-01, E, -0.030000, NP, 30000 3000
5500, t, 2.750000e-03, KEe, 4730.149126, MEe, 1.576716375e-01, E, -0.030000, NP, 30000 3000
5600, t, 2.800000e-03, KEe, 4811.738527, MEe, 1.603912842e-01, E, -0.030000, NP, 30000 3000
5700, t, 2.850000e-03, KEe, 4903.916154, MEe, 1.634638718e-01, E, -0.030000, NP, 30000 3000
5800, t, 2.900000e-03, KEe, 4981.973783, MEe, 1.660657928e-01, E, -0.030000, NP, 30000 3000
5900, t, 2.950000e-03, KEe, 5060.607821, MEe, 1.686869274e-01, E, -0.030000, NP, 30000 3000
6000, t, 3.000000e-03, KEe, 5145.841996, MEe, 1.715280665e-01, E, -0.030000, NP, 30000 3000
6100, t, 3.050000e-03, KEe, 5227.353814, MEe, 1.742451271e-01, E, -0.030000, NP, 30000 3000
6200, t, 3.100000e-03, KEe, 5307.475051, MEe, 1.769158350e-01, E, -0.030000, NP, 30000 3000
6300, t, 3.150000e-03, KEe, 5374.881012, MEe, 1.791627004e-01, E, -0.030000, NP, 30000 3000
6400, t, 3.200000e-03, KEe, 5449.208589, MEe, 1.816402863e-01, E, -0.030000, NP, 30000 3000
6500, t, 3.250000e-03, KEe, 5526.792076, MEe, 1.842264025e-01, E, -0.030000, NP, 30000 3000
6600, t, 3.300000e-03, KEe, 5596.250477, MEe, 1.865416826e-01, E, -0.030000, NP, 30000 3000
6700, t, 3.350000e-03, KEe, 5665.814881, MEe, 1.888604960e-01, E, -0.030000, NP, 30000 3000
6800, t, 3.400000e-03, KEe, 5734.285342, MEe, 1.911428447e-01, E, -0.030000, NP, 30000 3000
6900, t, 3.450000e-03, KEe, 5806.602390, MEe, 1.935534130e-01, E, -0.030000, NP, 30000 3000
7000, t, 3.500000e-03, KEe, 5873.058617, MEe, 1.957686206e-01, E, -0.030000, NP, 30000 3000
7100, t, 3.550000e-03, KEe, 5936.939269, MEe, 1.978979756e-01, E, -0.030000, NP, 30000 3000
7200, t, 3.600000e-03, KEe, 6002.038191, MEe, 2.000679397e-01, E, -0.030000, NP, 30000 3000
7300, t, 3.650000e-03, KEe, 6061.469668, MEe, 2.020489889e-01, E, -0.030000, NP, 30000 3000
7400, t, 3.700000e-03, KEe, 6122.392386, MEe, 2.040797462e-01, E, -0.030000, NP, 30000 3000
7500, t, 3.750000e-03, KEe, 6182.150572, MEe, 2.060716857e-01, E, -0.030000, NP, 30000 3000
7600, t, 3.800000e-03, KEe, 6238.475264, MEe, 2.079491755e-01, E, -0.030000, NP, 30000 3000
7700, t, 3.850000e-03, KEe, 6288.342422, MEe, 2.096114141e-01, E, -0.030000, NP, 30000 3000
7800, t, 3.900000e-03, KEe, 6342.274153, MEe, 2.114091384e-01, E, -0.030000, NP, 30000 3000
7900, t, 3.950000e-03, KEe, 6401.830122, MEe, 2.133943374e-01, E, -0.030000, NP, 30000 3000
8000, t, 4.000000e-03, KEe, 6465.971950, MEe, 2.155323983e-01, E, -0.030000, NP, 30000 3000
8100, t, 4.050000e-03, KEe, 6512.265781, MEe, 2.170755260e-01, E, -0.030000, NP, 30000 3000
8200, t, 4.100000e-03, KEe, 6565.700543, MEe, 2.188566848e-01, E, -0.030000, NP, 30000 3000
8300, t, 4.150000e-03, KEe, 6613.392300, MEe, 2.204464100e-01, E, -0.030000, NP, 30000 3000
8400, t, 4.200000e-03, KEe, 6663.057300, MEe, 2.221019100e-01, E, -0.030000, NP, 30000 3000
8500, t, 4.250000e-03, KEe, 6713.202178, MEe, 2.237734059e-01, E, -0.030000, NP, 30000 3000
8600, t, 4.300000e-03, KEe, 6767.979416, MEe, 2.255993139e-01, E, -0.030000, NP, 30000 3000
8700, t, 4.350000e-03, KEe, 6818.902409, MEe, 2.272967470e-01, E, -0.030000, NP, 30000 3000
8800, t, 4.400000e-03, KEe, 6861.408033, MEe, 2.287136011e-01, E, -0.030000, NP, 30000 3000
8900, t, 4.450000e-03, KEe, 6900.053103, MEe, 2.300017701e-01, E, -0.030000, NP, 30000 3000
9000, t, 4.500000e-03, KEe, 6938.720444, MEe, 2.312906815e-01, E, -0.030000, NP, 30000 3000
9100, t, 4.550000e-03, KEe, 6980.549595, MEe, 2.326849865e-01, E, -0.030000, NP, 30000 3000
9200, t, 4.600000e-03, KEe, 7022.599403, MEe, 2.340866468e-01, E, -0.030000, NP, 30000 3000
9300, t, 4.650000e-03, KEe, 7069.375567, MEe, 2.356458522e-01, E, -0.030000, NP, 30000 3000
9400, t, 4.700000e-03, KEe, 7104.833590, MEe, 2.368277863e-01, E, -0.030000, NP, 30000 3000
9500, t, 4.750000e-03, KEe, 7144.975972, MEe, 2.381658657e-01, E, -0.030000, NP, 30000 3000
9600, t, 4.800000e-03, KEe, 7176.543956, MEe, 2.392181319e-01, E, -0.030000, NP, 30000 3000
9700, t, 4.850000e-03, KEe, 7224.573760, MEe, 2.408191253e-01, E, -0.030000, NP, 30000 3000
9800, t, 4.900000e-03, KEe, 7252.892313, MEe, 2.417630771e-01, E, -0.030000, NP, 30000 3000
9900, t, 4.950000e-03, KEe, 7294.352933, MEe, 2.431450978e-01, E, -0.030000, NP, 30000 3000
10000, t, 5.000000e-03, KEe, 7329.672893, MEe, 2.443224298e-01, E, -0.030000, NP, 30000 3000
10100, t, 5.050000e-03, KEe, 7371.972487, MEe, 2.457324162e-01, E, -0.030000, NP, 30000 3000
10200, t, 5.100000e-03, KEe, 7397.162282, MEe, 2.465720761e-01, E, -0.030000, NP, 30000 3000
10300, t, 5.150000e-03, KEe, 7433.946228, MEe, 2.477982076e-01, E, -0.030000, NP, 30000 3000
10400, t, 5.200000e-03, KEe, 7475.641928, MEe, 2.491880643e-01, E, -0.030000, NP, 30000 3000
10500, t, 5.250000e-03, KEe, 7503.080997, MEe, 2.501026999e-01, E, -0.030000, NP, 30000 3000
10600, t, 5.300000e-03, KEe, 7542.056831, MEe, 2.514018944e-01, E, -0.030000, NP, 30000 3000
10700, t, 5.350000e-03, KEe, 7574.991635, MEe, 2.524997212e-01, E, -0.030000, NP, 30000 3000
10800, t, 5.400000e-03, KEe, 7601.108223, MEe, 2.533702741e-01, E, -0.030000, NP, 30000 3000
10900, t, 5.450000e-03, KEe, 7624.835993, MEe, 2.541611998e-01, E, -0.030000, NP, 30000 3000
11000, t, 5.500000e-03, KEe, 7653.362941, MEe, 2.551120980e-01, E, -0.030000, NP, 30000 3000
11100, t, 5.550000e-03, KEe, 7690.619575, MEe, 2.563539858e-01, E, -0.030000, NP, 30000 3000
11200, t, 5.600000e-03, KEe, 7713.087767, MEe, 2.571029256e-01, E, -0.030000, NP, 30000 3000
11300, t, 5.650000e-03, KEe, 7739.112336, MEe, 2.579704112e-01, E, -0.030000, NP, 30000 3000
11400, t, 5.700000e-03, KEe, 7773.819993, MEe, 2.591273331e-01, E, -0.030000, NP, 30000 3000
11500, t, 5.750000e-03, KEe, 7812.263316, MEe, 2.604087772e-01, E, -0.030000, NP, 30000 3000
11600, t, 5.800000e-03, KEe, 7832.514682, MEe, 2.610838227e-01, E, -0.030000, NP, 30000 3000
11700, t, 5.850000e-03, KEe, 7868.330073, MEe, 2.622776691e-01, E, -0.030000, NP, 30000 3000
11800, t, 5.900000e-03, KEe, 7899.169516, MEe, 2.633056505e-01, E, -0.030000, NP, 30000 3000
11900, t, 5.950000e-03, KEe, 7924.718263, MEe, 2.641572754e-01, E, -0.030000, NP, 30000 3000
12000, t, 6.000000e-03, KEe, 7949.871201, MEe, 2.649957067e-01, E, -0.030000, NP, 30000 3000
12100, t, 6.050000e-03, KEe, 7963.886778, MEe, 2.654628926e-01, E, -0.030000, NP, 30000 3000
12200, t, 6.100000e-03, KEe, 7976.713269, MEe, 2.658904423e-01, E, -0.030000, NP, 30000 3000
12300, t, 6.150000e-03, KEe, 7998.385983, MEe, 2.666128661e-01, E, -0.030000, NP, 30000 3000
12400, t, 6.200000e-03, KEe, 8024.341092, MEe, 2.674780364e-01, E, -0.030000, NP, 30000 3000
12500, t, 6.250000e-03, KEe, 8057.618984, MEe, 2.685872995e-01, E, -0.030000, NP, 30000 3000
12600, t, 6.300000e-03, KEe, 8084.586414, MEe, 2.694862138e-01, E, -0.030000, NP, 30000 3000
12700, t, 6.350000e-03, KEe, 8113.386860, MEe, 2.704462287e-01, E, -0.030000, NP, 30000 3000
12800, t, 6.400000e-03, KEe, 8141.639536, MEe, 2.713879845e-01, E, -0.030000, NP, 30000 3000
12900, t, 6.450000e-03, KEe, 8171.591504, MEe, 2.723863835e-01, E, -0.030000, NP, 30000 3000
13000, t, 6.500000e-03, KEe, 8200.183347, MEe, 2.733394449e-01, E, -0.030000, NP, 30000 3000
13100, t, 6.550000e-03, KEe, 8220.395289, MEe, 2.740131763e-01, E, -0.030000, NP, 30000 3000
13200, t, 6.600000e-03, KEe, 8229.460431, MEe, 2.743153477e-01, E, -0.030000, NP, 30000 3000
13300, t, 6.650000e-03, KEe, 8248.561097, MEe, 2.749520366e-01, E, -0.030000, NP, 30000 3000
13400, t, 6.700000e-03, KEe, 8262.210904, MEe, 2.754070301e-01, E, -0.030000, NP, 30000 3000
13500, t, 6.750000e-03, KEe, 8285.900981, MEe, 2.761966994e-01, E, -0.030000, NP, 30000 3000
13600, t, 6.800000e-03, KEe, 8303.132983, MEe, 2.767710994e-01, E, -0.030000, NP, 30000 3000
13700, t, 6.850000e-03, KEe, 8317.790492, MEe, 2.772596831e-01, E, -0.030000, NP, 30000 3000
13800, t, 6.900000e-03, KEe, 8336.967470, MEe, 2.778989157e-01, E, -0.030000, NP, 30000 3000
13900, t, 6.950000e-03, KEe, 8348.480283, MEe, 2.782826761e-01, E, -0.030000, NP, 30000 3000
14000, t, 7.000000e-03, KEe, 8368.623531, MEe, 2.789541177e-01, E, -0.030000, NP, 30000 3000
14100, t, 7.050000e-03, KEe, 8378.113923, MEe, 2.792704641e-01, E, -0.030000, NP, 30000 3000
14200, t, 7.100000e-03, KEe, 8396.401669, MEe, 2.798800556e-01, E, -0.030000, NP, 30000 3000
14300, t, 7.150000e-03, KEe, 8428.215566, MEe, 2.809405189e-01, E, -0.030000, NP, 30000 3000
14400, t, 7.200000e-03, KEe, 8441.736821, MEe, 2.813912274e-01, E, -0.030000, NP, 30000 3000
14500, t, 7.250000e-03, KEe, 8448.358068, MEe, 2.816119356e-01, E, -0.030000, NP, 30000 3000
14600, t, 7.300000e-03, KEe, 8460.138912, MEe, 2.820046304e-01, E, -0.030000, NP, 30000 3000
14700, t, 7.350000e-03, KEe, 8474.927456, MEe, 2.824975819e-01, E, -0.030000, NP, 30000 3000
14800, t, 7.400000e-03, KEe, 8487.134058, MEe, 2.829044686e-01, E, -0.030000, NP, 30000 3000
14900, t, 7.450000e-03, KEe, 8496.684657, MEe, 2.832228219e-01, E, -0.030000, NP, 30000 3000
15000, t, 7.500000e-03, KEe, 8507.295135, MEe, 2.835765045e-01, E, -0.030000, NP, 30000 3000
15100, t, 7.550000e-03, KEe, 8518.194028, MEe, 2.839398009e-01, E, -0.030000, NP, 30000 3000
15200, t, 7.600000e-03, KEe, 8535.838616, MEe, 2.845279539e-01, E, -0.030000, NP, 30000 3000
15300, t, 7.650000e-03, KEe, 8542.302409, MEe, 2.847434136e-01, E, -0.030000, NP, 30000 3000
15400, t, 7.700000e-03, KEe, 8551.318060, MEe, 2.850439353e-01, E, -0.030000, NP, 30000 3000
15500, t, 7.750000e-03, KEe, 8567.885747, MEe, 2.855961916e-01, E, -0.030000, NP, 30000 3000
15600, t, 7.800000e-03, KEe, 8583.980532, MEe, 2.861326844e-01, E, -0.030000, NP, 30000 3000
15700, t, 7.850000e-03, KEe, 8600.335411, MEe, 2.866778470e-01, E, -0.030000, NP, 30000 3000
15800, t, 7.900000e-03, KEe, 8618.663962, MEe, 2.872887987e-01, E, -0.030000, NP, 30000 3000
15900, t, 7.950000e-03, KEe, 8621.867869, MEe, 2.873955956e-01, E, -0.030000, NP, 30000 3000
16000, t, 8.000000e-03, KEe, 8625.770891, MEe, 2.875256964e-01, E, -0.030000, NP, 30000 3000
16100, t, 8.050000e-03, KEe, 8631.292719, MEe, 2.877097573e-01, E, -0.030000, NP, 30000 3000
16200, t, 8.100000e-03, KEe, 8636.010182, MEe, 2.878670061e-01, E, -0.030000, NP, 30000 3000
16300, t, 8.150000e-03, KEe, 8647.176789, MEe, 2.882392263e-01, E, -0.030000, NP, 30000 3000
16400, t, 8.200000e-03, KEe, 8650.341851, MEe, 2.883447284e-01, E, -0.030000, NP, 30000 3000
16500, t, 8.250000e-03, KEe, 8658.896010, MEe, 2.886298670e-01, E, -0.030000, NP, 30000 3000
16600, t, 8.300000e-03, KEe, 8656.852860, MEe, 2.885617620e-01, E, -0.030000, NP, 30000 3000
16700, t, 8.350000e-03, KEe, 8661.404726, MEe, 2.887134909e-01, E, -0.030000, NP, 30000 3000
16800, t, 8.400000e-03, KEe, 8662.444564, MEe, 2.887481521e-01, E, -0.030000, NP, 30000 3000
16900, t, 8.450000e-03, KEe, 8676.937030, MEe, 2.892312343e-01, E, -0.030000, NP, 30000 3000
17000, t, 8.500000e-03, KEe, 8685.739762, MEe, 2.895246587e-01, E, -0.030000, NP, 30000 3000
17100, t, 8.550000e-03, KEe, 8691.205607, MEe, 2.897068536e-01, E, -0.030000, NP, 30000 3000
17200, t, 8.600000e-03, KEe, 8690.550000, MEe, 2.896850000e-01, E, -0.030000, NP, 30000 3000
17300, t, 8.650000e-03, KEe, 8709.358402, MEe, 2.903119467e-01, E, -0.030000, NP, 30000 3000
17400, t, 8.700000e-03, KEe, 8709.222595, MEe, 2.903074198e-01, E, -0.030000, NP, 30000 3000
17500, t, 8.750000e-03, KEe, 8724.060402, MEe, 2.908020134e-01, E, -0.030000, NP, 30000 3000
17600, t, 8.800000e-03, KEe, 8733.215711, MEe, 2.911071904e-01, E, -0.030000, NP, 30000 3000
17700, t, 8.850000e-03, KEe, 8736.848113, MEe, 2.912282704e-01, E, -0.030000, NP, 30000 3000
17800, t, 8.900000e-03, KEe, 8745.287845, MEe, 2.915095948e-01, E, -0.030000, NP, 30000 3000
17900, t, 8.950000e-03, KEe, 8762.598495, MEe, 2.920866165e-01, E, -0.030000, NP, 30000 3000
18000, t, 9.000000e-03, KEe, 8768.497271, MEe, 2.922832424e-01, E, -0.030000, NP, 30000 3000
18100, t, 9.050000e-03, KEe, 8778.890241, MEe, 2.926296747e-01, E, -0.030000, NP, 30000 3000
18200, t, 9.100000e-03, KEe, 8780.824972, MEe, 2.926941657e-01, E, -0.030000, NP, 30000 3000
18300, t, 9.150000e-03, KEe, 8782.302108, MEe, 2.927434036e-01, E, -0.030000, NP, 30000 3000
18400, t, 9.200000e-03, KEe, 8774.008461, MEe, 2.924669487e-01, E, -0.030000, NP, 30000 3000
18500, t, 9.250000e-03, KEe, 8781.041951, MEe, 2.927013984e-01, E, -0.030000, NP, 30000 3000
18600, t, 9.300000e-03, KEe, 8778.295551, MEe, 2.926098517e-01, E, -0.030000, NP, 30000 3000
18700, t, 9.350000e-03, KEe, 8779.600294, MEe, 2.926533431e-01, E, -0.030000, NP, 30000 3000
18800, t, 9.400000e-03, KEe, 8788.528082, MEe, 2.929509361e-01, E, -0.030000, NP, 30000 3000
18900, t, 9.450000e-03, KEe, 8796.891554, MEe, 2.932297185e-01, E, -0.030000, NP, 30000 3000
19000, t, 9.500000e-03, KEe, 8798.521784, MEe, 2.932840595e-01, E, -0.030000, NP, 30000 3000
19100, t, 9.550000e-03, KEe, 8805.365271, MEe, 2.935121757e-01, E, -0.030000, NP, 30000 3000
19200, t, 9.600000e-03, KEe, 8820.147954, MEe, 2.940049318e-01, E, -0.030000, NP, 30000 3000
19300, t, 9.650000e-03, KEe, 8824.706858, MEe, 2.941568953e-01, E, -0.030000, NP, 30000 3000
19400, t, 9.700000e-03, KEe, 8829.507001, MEe, 2.943169000e-01, E, -0.030000, NP, 30000 3000
19500, t, 9.750000e-03, KEe, 8836.484964, MEe, 2.945494988e-01, E, -0.030000, NP, 30000 3000
19600, t, 9.800000e-03, KEe, 8842.291162, MEe, 2.947430387e-01, E, -0.030000, NP, 30000 3000
19700, t, 9.850000e-03, KEe, 8844.865161, MEe, 2.948288387e-01, E, -0.030000, NP, 30000 3000
19800, t, 9.900000e-03, KEe, 8846.824383, MEe, 2.948941461e-01, E, -0.030000, NP, 30000 3000
19900, t, 9.950000e-03, KEe, 8850.709472, MEe, 2.950236491e-01, E, -0.030000, NP, 30000 3000
20000, t, 1.000000e-02, KEe, 8851.687323, MEe, 2.950562441e-01, E, -0.030000, NP, 30000 3000
20100, t, 1.005000e-02, KEe, 8846.223959, MEe, 2.948741320e-01, E, -0.030000, NP, 30000 3000
20200, t, 1.010000e-02, KEe, 8853.320769, MEe, 2.951106923e-01, E, -0.030000, NP, 30000 3000
20300, t, 1.015000e-02, KEe, 8845.718237, MEe, 2.948572746e-01, E, -0.030000, NP, 30000 3000
20400, t, 1.020000e-02, KEe, 8853.769439, MEe, 2.951256480e-01, E, -0.030000, NP, 30000 3000
20500, t, 1.025000e-02, KEe, 8855.331208, MEe, 2.951777069e-01, E, -0.030000, NP, 30000 3000
20600, t, 1.030000e-02, KEe, 8873.123746, MEe, 2.957707915e-01, E, -0.030000, NP, 30000 3000
20700, t, 1.035000e-02, KEe, 8885.506744, MEe, 2.961835581e-01, E, -0.030000, NP, 30000 3000
20800, t, 1.040000e-02, KEe, 8889.700221, MEe, 2.963233407e-01, E, -0.030000, NP, 30000 3000
20900, t, 1.045000e-02, KEe, 8892.272728, MEe, 2.964090909e-01, E, -0.030000, NP, 30000 3000
21000, t, 1.050000e-02, KEe, 8889.297079, MEe, 2.963099026e-01, E, -0.030000, NP, 30000 3000
21100, t, 1.055000e-02, KEe, 8896.985389, MEe, 2.965661796e-01, E, -0.030000, NP, 30000 3000
21200, t, 1.060000e-02, KEe, 8906.074359, MEe, 2.968691453e-01, E, -0.030000, NP, 30000 3000
21300, t, 1.065000e-02, KEe, 8903.917595, MEe, 2.967972532e-01, E, -0.030000, NP, 30000 3000
21400, t, 1.070000e-02, KEe, 8909.946815, MEe, 2.969982272e-01, E, -0.030000, NP, 30000 3000
21500, t, 1.075000e-02, KEe, 8913.384138, MEe, 2.971128046e-01, E, -0.030000, NP, 30000 3000
21600, t, 1.080000e-02, KEe, 8915.223770, MEe, 2.971741257e-01, E, -0.030000, NP, 30000 3000
21700, t, 1.085000e-02, KEe, 8929.446380, MEe, 2.976482127e-01, E, -0.030000, NP, 30000 3000
21800, t, 1.090000e-02, KEe, 8939.647576, MEe, 2.979882525e-01, E, -0.030000, NP, 30000 3000
21900, t, 1.095000e-02, KEe, 8932.405211, MEe, 2.977468404e-01, E, -0.030000, NP, 30000 3000
22000, t, 1.100000e-02, KEe, 8922.591131, MEe, 2.974197044e-01, E, -0.030000, NP, 30000 3000
22100, t, 1.105000e-02, KEe, 8928.540998, MEe, 2.976180333e-01, E, -0.030000, NP, 30000 3000
22200, t, 1.110000e-02, KEe, 8952.878892, MEe, 2.984292964e-01, E, -0.030000, NP, 30000 3000
22300, t, 1.115000e-02, KEe, 8958.981936, MEe, 2.986327312e-01, E, -0.030000, NP, 30000 3000
22400, t, 1.120000e-02, KEe, 8954.737581, MEe, 2.984912527e-01, E, -0.030000, NP, 30000 3000
22500, t, 1.125000e-02, KEe, 8948.681568, MEe, 2.982893856e-01, E, -0.030000, NP, 30000 3000
22600, t, 1.130000e-02, KEe, 8940.046577, MEe, 2.980015526e-01, E, -0.030000, NP, 30000 3000
22700, t, 1.135000e-02, KEe, 8941.786187, MEe, 2.980595396e-01, E, -0.030000, NP, 30000 3000
22800, t, 1.140000e-02, KEe, 8942.553326, MEe, 2.980851109e-01, E, -0.030000, NP, 30000 3000
22900, t, 1.145000e-02, KEe, 8935.140745, MEe, 2.978380248e-01, E, -0.030000, NP, 30000 3000
23000, t, 1.150000e-02, KEe, 8936.384771, MEe, 2.978794924e-01, E, -0.030000, NP, 30000 3000
23100, t, 1.155000e-02, KEe, 8937.795208, MEe, 2.979265069e-01, E, -0.030000, NP, 30000 3000
23200, t, 1.160000e-02, KEe, 8934.522669, MEe, 2.978174223e-01, E, -0.030000, NP, 30000 3000
23300, t, 1.165000e-02, KEe, 8925.238703, MEe, 2.975079568e-01, E, -0.030000, NP, 30000 3000
23400, t, 1.170000e-02, KEe, 8937.527863, MEe, 2.979175954e-01, E, -0.030000, NP, 30000 3000
23500, t, 1.175000e-02, KEe, 8936.272962, MEe, 2.978757654e-01, E, -0.030000, NP, 30000 3000
23600, t, 1.180000e-02, KEe, 8934.258609, MEe, 2.978086203e-01, E, -0.030000, NP, 30000 3000
23700, t, 1.185000e-02, KEe, 8926.870708, MEe, 2.975623569e-01, E, -0.030000, NP, 30000 3000
23800, t, 1.190000e-02, KEe, 8931.743614, MEe, 2.977247871e-01, E, -0.030000, NP, 30000 3000
23900, t, 1.195000e-02, KEe, 8942.983797, MEe, 2.980994599e-01, E, -0.030000, NP, 30000 3000
24000, t, 1.200000e-02, KEe, 8949.816907, MEe, 2.983272302e-01, E, -0.030000, NP, 30000 3000
24100, t, 1.205000e-02, KEe, 8943.150886, MEe, 2.981050295e-01, E, -0.030000, NP, 30000 3000
24200, t, 1.210000e-02, KEe, 8939.438299, MEe, 2.979812766e-01, E, -0.030000, NP, 30000 3000
24300, t, 1.215000e-02, KEe, 8935.513903, MEe, 2.978504634e-01, E, -0.030000, NP, 30000 3000
24400, t, 1.220000e-02, KEe, 8931.655577, MEe, 2.977218526e-01, E, -0.030000, NP, 30000 3000
24500, t, 1.225000e-02, KEe, 8939.712874, MEe, 2.979904291e-01, E, -0.030000, NP, 30000 3000
24600, t, 1.230000e-02, KEe, 8947.330674, MEe, 2.982443558e-01, E, -0.030000, NP, 30000 3000
24700, t, 1.235000e-02, KEe, 8956.311537, MEe, 2.985437179e-01, E, -0.030000, NP, 30000 3000
24800, t, 1.240000e-02, KEe, 8957.603160, MEe, 2.985867720e-01, E, -0.030000, NP, 30000 3000
24900, t, 1.245000e-02, KEe, 8951.043363, MEe, 2.983681121e-01, E, -0.030000, NP, 30000 3000
25000, t, 1.250000e-02, KEe, 8949.551069, MEe, 2.983183690e-01, E, -0.030000, NP, 30000 3000
25100, t, 1.255000e-02, KEe, 8949.086124, MEe, 2.983028708e-01, E, -0.030000, NP, 30000 3000
25200, t, 1.260000e-02, KEe, 8945.237157, MEe, 2.981745719e-01, E, -0.030000, NP, 30000 3000
25300, t, 1.265000e-02, KEe, 8947.164039, MEe, 2.982388013e-01, E, -0.030000, NP, 30000 3000
25400, t, 1.270000e-02, KEe, 8951.133668, MEe, 2.983711223e-01, E, -0.030000, NP, 30000 3000
25500, t, 1.275000e-02, KEe, 8969.271512, MEe, 2.989757171e-01, E, -0.030000, NP, 30000 3000
25600, t, 1.280000e-02, KEe, 8962.145460, MEe, 2.987381820e-01, E, -0.030000, NP, 30000 3000
25700, t, 1.285000e-02, KEe, 8960.654032, MEe, 2.986884677e-01, E, -0.030000, NP, 30000 3000
25800, t, 1.290000e-02, KEe, 8961.459680, MEe, 2.987153227e-01, E, -0.030000, NP, 30000 3000
25900, t, 1.295000e-02, KEe, 8965.448121, MEe, 2.988482707e-01, E, -0.030000, NP, 30000 3000
26000, t, 1.300000e-02, KEe, 8971.688129, MEe, 2.990562710e-01, E, -0.030000, NP, 30000 3000
26100, t, 1.305000e-02, KEe, 8989.341141, MEe, 2.996447047e-01, E, -0.030000, NP, 30000 3000
26200, t, 1.310000e-02, KEe, 8992.055252, MEe, 2.997351751e-01, E, -0.030000, NP, 30000 3000
26300, t, 1.315000e-02, KEe, 8994.767768, MEe, 2.998255923e-01, E, -0.030000, NP, 30000 3000
26400, t, 1.320000e-02, KEe, 8993.229101, MEe, 2.997743034e-01, E, -0.030000, NP, 30000 3000
26500, t, 1.325000e-02, KEe, 8991.818098, MEe, 2.997272699e-01, E, -0.030000, NP, 30000 3000
26600, t, 1.330000e-02, KEe, 8998.242217, MEe, 2.999414072e-01, E, -0.030000, NP, 30000 3000
26700, t, 1.335000e-02, KEe, 9000.721260, MEe, 3.000240420e-01, E, -0.030000, NP, 30000 3000
26800, t, 1.340000e-02, KEe, 9005.176983, MEe, 3.001725661e-01, E, -0.030000, NP, 30000 3000
26900, t, 1.345000e-02, KEe, 8996.988334, MEe, 2.998996111e-01, E, -0.030000, NP, 30000 3000
27000, t, 1.350000e-02, KEe, 9010.392491, MEe, 3.003464164e-01, E, -0.030000, NP, 30000 3000
27100, t, 1.355000e-02, KEe, 9004.428307, MEe, 3.001476102e-01, E, -0.030000, NP, 30000 3000
27200, t, 1.360000e-02, KEe, 9011.164991, MEe, 3.003721664e-01, E, -0.030000, NP, 30000 3000
27300, t, 1.365000e-02, KEe, 9017.531767, MEe, 3.005843922e-01, E, -0.030000, NP, 30000 3000
27400, t, 1.370000e-02, KEe, 9007.786780, MEe, 3.002595593e-01, E, -0.030000, NP, 30000 3000
27500, t, 1.375000e-02, KEe, 9018.797023, MEe, 3.006265674e-01, E, -0.030000, NP, 30000 3000
27600, t, 1.380000e-02, KEe, 9019.527605, MEe, 3.006509202e-01, E, -0.030000, NP, 30000 3000
27700, t, 1.385000e-02, KEe, 9018.729873, MEe, 3.006243291e-01, E, -0.030000, NP, 30000 3000
27800, t, 1.390000e-02, KEe, 9024.990178, MEe, 3.008330059e-01, E, -0.030000, NP, 30000 3000
27900, t, 1.395000e-02, KEe, 9018.654288, MEe, 3.006218096e-01, E, -0.030000, NP, 30000 3000
28000, t, 1.400000e-02, KEe, 9014.696602, MEe, 3.004898867e-01, E, -0.030000, NP, 30000 3000
28100, t, 1.405000e-02, KEe, 9015.573370, MEe, 3.005191123e-01, E, -0.030000, NP, 30000 3000
28200, t, 1.410000e-02, KEe, 9006.931030, MEe, 3.002310343e-01, E, -0.030000, NP, 30000 3000
28300, t, 1.415000e-02, KEe, 9011.787706, MEe, 3.003929235e-01, E, -0.030000, NP, 30000 3000
28400, t, 1.420000e-02, KEe, 9006.195230, MEe, 3.002065077e-01, E, -0.030000, NP, 30000 3000
28500, t, 1.425000e-02, KEe, 8994.225646, MEe, 2.998075215e-01, E, -0.030000, NP, 30000 3000
28600, t, 1.430000e-02, KEe, 9005.430951, MEe, 3.001810317e-01, E, -0.030000, NP, 30000 3000
28700, t, 1.435000e-02, KEe, 9003.013915, MEe, 3.001004638e-01, E, -0.030000, NP, 30000 3000
28800, t, 1.440000e-02, KEe, 9003.770591, MEe, 3.001256864e-01, E, -0.030000, NP, 30000 3000
28900, t, 1.445000e-02, KEe, 9004.239069, MEe, 3.001413023e-01, E, -0.030000, NP, 30000 3000
29000, t, 1.450000e-02, KEe, 9012.644222, MEe, 3.004214741e-01, E, -0.030000, NP, 30000 3000
29100, t, 1.455000e-02, KEe, 9011.932898, MEe, 3.003977633e-01, E, -0.030000, NP, 30000 3000
29200, t, 1.460000e-02, KEe, 9003.240568, MEe, 3.001080189e-01, E, -0.030000, NP, 30000 3000
29300, t, 1.465000e-02, KEe, 9004.148056, MEe, 3.001382685e-01, E, -0.030000, NP, 30000 3000
29400, t, 1.470000e-02, KEe, 8992.338933, MEe, 2.997446311e-01, E, -0.030000, NP, 30000 3000
29500, t, 1.475000e-02, KEe, 8996.883810, MEe, 2.998961270e-01, E, -0.030000, NP, 30000 3000
29600, t, 1.480000e-02, KEe, 8996.213212, MEe, 2.998737737e-01, E, -0.030000, NP, 30000 3000
29700, t, 1.485000e-02, KEe, 9002.022901, MEe, 3.000674300e-01, E, -0.030000, NP, 30000 3000
29800, t, 1.490000e-02, KEe, 9011.014106, MEe, 3.003671369e-01, E, -0.030000, NP, 30000 3000
29900, t, 1.495000e-02, KEe, 9011.330468, MEe, 3.003776823e-01, E, -0.030000, NP, 30000 3000
30000, t, 1.500000e-02, KEe, 9007.272911, MEe, 3.002424304e-01, E, -0.030000, NP, 30000 3000
30100, t, 1.505000e-02, KEe, 9005.040953, MEe, 3.001680318e-01, E, -0.030000, NP, 30000 3000
30200, t, 1.510000e-02, KEe, 8994.825389, MEe, 2.998275130e-01, E, -0.030000, NP, 30000 3000
30300, t, 1.515000e-02, KEe, 9011.693301, MEe, 3.003897767e-01, E, -0.030000, NP, 30000 3000
30400, t, 1.520000e-02, KEe, 9016.127355, MEe, 3.005375785e-01, E, -0.030000, NP, 30000 3000
30500, t, 1.525000e-02, KEe, 9022.303916, MEe, 3.007434639e-01, E, -0.030000, NP, 30000 3000
30600, t, 1.530000e-02, KEe, 9014.333503, MEe, 3.004777834e-01, E, -0.030000, NP, 30000 3000
30700, t, 1.535000e-02, KEe, 9005.502915, MEe, 3.001834305e-01, E, -0.030000, NP, 30000 3000
30800, t, 1.540000e-02, KEe, 8996.764900, MEe, 2.998921633e-01, E, -0.030000, NP, 30000 3000
30900, t, 1.545000e-02, KEe, 9001.134970, MEe, 3.000378323e-01, E, -0.030000, NP, 30000 3000
31000, t, 1.550000e-02, KEe, 9008.871642, MEe, 3.002957214e-01, E, -0.030000, NP, 30000 3000
31100, t, 1.555000e-02, KEe, 9007.727172, MEe, 3.002575724e-01, E, -0.030000, NP, 30000 3000
31200, t, 1.560000e-02, KEe, 9005.401097, MEe, 3.001800366e-01, E, -0.030000, NP, 30000 3000
31300, t, 1.565000e-02, KEe, 8998.799115, MEe, 2.999599705e-01, E, -0.030000, NP, 30000 3000
31400, t, 1.570000e-02, KEe, 9008.823983, MEe, 3.002941328e-01, E, -0.030000, NP, 30000 3000
31500, t, 1.575000e-02, KEe, 9001.336425, MEe, 3.000445475e-01, E, -0.030000, NP, 30000 3000
31600, t, 1.580000e-02, KEe, 9013.955817, MEe, 3.004651939e-01, E, -0.030000, NP, 30000 3000
31700, t, 1.585000e-02, KEe, 9016.032767, MEe, 3.005344256e-01, E, -0.030000, NP, 30000 3000
31800, t, 1.590000e-02, KEe, 9028.821904, MEe, 3.009607301e-01, E, -0.030000, NP, 30000 3000
31900, t, 1.595000e-02, KEe, 9021.879858, MEe, 3.007293286e-01, E, -0.030000, NP, 30000 3000
32000, t, 1.600000e-02, KEe, 9022.993914, MEe, 3.007664638e-01, E, -0.030000, NP, 30000 3000
32100, t, 1.605000e-02, KEe, 9013.454868, MEe, 3.004484956e-01, E, -0.030000, NP, 30000 3000
32200, t, 1.610000e-02, KEe, 9004.569515, MEe, 3.001523172e-01, E, -0.030000, NP, 30000 3000
32300, t, 1.615000e-02, KEe, 9009.966723, MEe, 3.003322241e-01, E, -0.030000, NP, 30000 3000
32400, t, 1.620000e-02, KEe, 9016.744635, MEe, 3.005581545e-01, E, -0.030000, NP, 30000 3000
32500, t, 1.625000e-02, KEe, 9029.278743, MEe, 3.009759581e-01, E, -0.030000, NP, 30000 3000
32600, t, 1.630000e-02, KEe, 9026.670734, MEe, 3.008890245e-01, E, -0.030000, NP, 30000 3000
32700, t, 1.635000e-02, KEe, 9008.682311, MEe, 3.002894104e-01, E, -0.030000, NP, 30000 3000
32800, t, 1.640000e-02, KEe, 9008.116468, MEe, 3.002705489e-01, E, -0.030000, NP, 30000 3000
32900, t, 1.645000e-02, KEe, 9011.045803, MEe, 3.003681934e-01, E, -0.030000, NP, 30000 3000
33000, t, 1.650000e-02, KEe, 9023.409089, MEe, 3.007803030e-01, E, -0.030000, NP, 30000 3000
33100, t, 1.655000e-02, KEe, 9026.530502, MEe, 3.008843501e-01, E, -0.030000, NP, 30000 3000
33200, t, 1.660000e-02, KEe, 9022.437339, MEe, 3.007479113e-01, E, -0.030000, NP, 30000 3000
33300, t, 1.665000e-02, KEe, 9022.443947, MEe, 3.007481316e-01, E, -0.030000, NP, 30000 3000
33400, t, 1.670000e-02, KEe, 9024.469800, MEe, 3.008156600e-01, E, -0.030000, NP, 30000 3000
33500, t, 1.675000e-02, KEe, 9021.228303, MEe, 3.007076101e-01, E, -0.030000, NP, 30000 3000
33600, t, 1.680000e-02, KEe, 9028.735618, MEe, 3.009578539e-01, E, -0.030000, NP, 30000 3000
33700, t, 1.685000e-02, KEe, 9023.915026, MEe, 3.007971675e-01, E, -0.030000, NP, 30000 3000
33800, t, 1.690000e-02, KEe, 9030.167650, MEe, 3.010055883e-01, E, -0.030000, NP, 30000 3000
33900, t, 1.695000e-02, KEe, 9026.261563, MEe, 3.008753854e-01, E, -0.030000, NP, 30000 3000
34000, t, 1.700000e-02, KEe, 9032.615467, MEe, 3.010871822e-01, E, -0.030000, NP, 30000 3000
34100, t, 1.705000e-02, KEe, 9038.021127, MEe, 3.012673709e-01, E, -0.030000, NP, 30000 3000
34200, t, 1.710000e-02, KEe, 9027.067746, MEe, 3.009022582e-01, E, -0.030000, NP, 30000 3000
34300, t, 1.715000e-02, KEe, 9032.477657, MEe, 3.010825886e-01, E, -0.030000, NP, 30000 3000
34400, t, 1.720000e-02, KEe, 9023.403705, MEe, 3.007801235e-01, E, -0.030000, NP, 30000 3000
34500, t, 1.725000e-02, KEe, 9014.879232, MEe, 3.004959744e-01, E, -0.030000, NP, 30000 3000
34600, t, 1.730000e-02, KEe, 9008.544251, MEe, 3.002848084e-01, E, -0.030000, NP, 30000 3000
34700, t, 1.735000e-02, KEe, 9003.892322, MEe, 3.001297441e-01, E, -0.030000, NP, 30000 3000
34800, t, 1.740000e-02, KEe, 9011.703437, MEe, 3.003901146e-01, E, -0.030000, NP, 30000 3000
34900, t, 1.745000e-02, KEe, 9018.049583, MEe, 3.006016528e-01, E, -0.030000, NP, 30000 3000
35000, t, 1.750000e-02, KEe, 9020.834423, MEe, 3.006944808e-01, E, -0.030000, NP, 30000 3000
35100, t, 1.755000e-02, KEe, 9037.660819, MEe, 3.012553606e-01, E, -0.030000, NP, 30000 3000
35200, t, 1.760000e-02, KEe, 9029.734935, MEe, 3.009911645e-01, E, -0.030000, NP, 30000 3000
35300, t, 1.765000e-02, KEe, 9034.873035, MEe, 3.011624345e-01, E, -0.030000, NP, 30000 3000
35400, t, 1.770000e-02, KEe, 9041.448809, MEe, 3.013816270e-01, E, -0.030000, NP, 30000 3000
35500, t, 1.775000e-02, KEe, 9034.290404, MEe, 3.011430135e-01, E, -0.030000, NP, 30000 3000
35600, t, 1.780000e-02, KEe, 9035.927493, MEe, 3.011975831e-01, E, -0.030000, NP, 30000 3000
35700, t, 1.785000e-02, KEe, 9025.683818, MEe, 3.008561273e-01, E, -0.030000, NP, 30000 3000
35800, t, 1.790000e-02, KEe, 9029.483815, MEe, 3.009827938e-01, E, -0.030000, NP, 30000 3000
35900, t, 1.795000e-02, KEe, 9021.256036, MEe, 3.007085345e-01, E, -0.030000, NP, 30000 3000
36000, t, 1.800000e-02, KEe, 9030.527892, MEe, 3.010175964e-01, E, -0.030000, NP, 30000 3000
36100, t, 1.805000e-02, KEe, 9026.785269, MEe, 3.008928423e-01, E, -0.030000, NP, 30000 3000
36200, t, 1.810000e-02, KEe, 9026.096507, MEe, 3.008698836e-01, E, -0.030000, NP, 30000 3000
36300, t, 1.815000e-02, KEe, 9020.355242, MEe, 3.006785081e-01, E, -0.030000, NP, 30000 3000
36400, t, 1.820000e-02, KEe, 9016.180158, MEe, 3.005393386e-01, E, -0.030000, NP, 30000 3000
36500, t, 1.825000e-02, KEe, 9023.241419, MEe, 3.007747140e-01, E, -0.030000, NP, 30000 3000
36600, t, 1.830000e-02, KEe, 9022.124806, MEe, 3.007374935e-01, E, -0.030000, NP, 30000 3000
36700, t, 1.835000e-02, KEe, 9029.900885, MEe, 3.009966962e-01, E, -0.030000, NP, 30000 3000
36800, t, 1.840000e-02, KEe, 9024.894594, MEe, 3.008298198e-01, E, -0.030000, NP, 30000 3000
36900, t, 1.845000e-02, KEe, 9034.068930, MEe, 3.011356310e-01, E, -0.030000, NP, 30000 3000
37000, t, 1.850000e-02, KEe, 9024.940737, MEe, 3.008313579e-01, E, -0.030000, NP, 30000 3000
37100, t, 1.855000e-02, KEe, 9033.766421, MEe, 3.011255474e-01, E, -0.030000, NP, 30000 3000
37200, t, 1.860000e-02, KEe, 9025.423549, MEe, 3.008474516e-01, E, -0.030000, NP, 30000 3000
37300, t, 1.865000e-02, KEe, 9019.807199, MEe, 3.006602400e-01, E, -0.030000, NP, 30000 3000
37400, t, 1.870000e-02, KEe, 9014.338541, MEe, 3.004779514e-01, E, -0.030000, NP, 30000 3000
37500, t, 1.875000e-02, KEe, 9021.549920, MEe, 3.007183307e-01, E, -0.030000, NP, 30000 3000
37600, t, 1.880000e-02, KEe, 9037.776023, MEe, 3.012592008e-01, E, -0.030000, NP, 30000 3000
37700, t, 1.885000e-02, KEe, 9037.448899, MEe, 3.012482966e-01, E, -0.030000, NP, 30000 3000
37800, t, 1.890000e-02, KEe, 9052.474360, MEe, 3.017491453e-01, E, -0.030000, NP, 30000 3000
37900, t, 1.895000e-02, KEe, 9048.257618, MEe, 3.016085873e-01, E, -0.030000, NP, 30000 3000
38000, t, 1.900000e-02, KEe, 9043.141359, MEe, 3.014380453e-01, E, -0.030000, NP, 30000 3000
38100, t, 1.905000e-02, KEe, 9043.759024, MEe, 3.014586341e-01, E, -0.030000, NP, 30000 3000
38200, t, 1.910000e-02, KEe, 9034.920443, MEe, 3.011640148e-01, E, -0.030000, NP, 30000 3000
38300, t, 1.915000e-02, KEe, 9035.502107, MEe, 3.011834036e-01, E, -0.030000, NP, 30000 3000
38400, t, 1.920000e-02, KEe, 9036.765640, MEe, 3.012255213e-01, E, -0.030000, NP, 30000 3000
38500, t, 1.925000e-02, KEe, 9036.676846, MEe, 3.012225615e-01, E, -0.030000, NP, 30000 3000
38600, t, 1.930000e-02, KEe, 9039.520028, MEe, 3.013173343e-01, E, -0.030000, NP, 30000 3000
38700, t, 1.935000e-02, KEe, 9040.528926, MEe, 3.013509642e-01, E, -0.030000, NP, 30000 3000
38800, t, 1.940000e-02, KEe, 9038.390206, MEe, 3.012796735e-01, E, -0.030000, NP, 30000 3000
38900, t, 1.945000e-02, KEe, 9037.130378, MEe, 3.012376793e-01, E, -0.030000, NP, 30000 3000
39000, t, 1.950000e-02, KEe, 9037.766066, MEe, 3.012588689e-01, E, -0.030000, NP, 30000 3000
39100, t, 1.955000e-02, KEe, 9031.381279, MEe, 3.010460426e-01, E, -0.030000, NP, 30000 3000
39200, t, 1.960000e-02, KEe, 9032.227975, MEe, 3.010742658e-01, E, -0.030000, NP, 30000 3000
39300, t, 1.965000e-02, KEe, 9033.081164, MEe, 3.011027055e-01, E, -0.030000, NP, 30000 3000
39400, t, 1.970000e-02, KEe, 9041.477357, MEe, 3.013825786e-01, E, -0.030000, NP, 30000 3000
39500, t, 1.975000e-02, KEe, 9038.219527, MEe, 3.012739842e-01, E, -0.030000, NP, 30000 3000
39600, t, 1.980000e-02, KEe, 9039.112346, MEe, 3.013037449e-01, E, -0.030000, NP, 30000 3000
39700, t, 1.985000e-02, KEe, 9042.019481, MEe, 3.014006494e-01, E, -0.030000, NP, 30000 3000
39800, t, 1.990000e-02, KEe, 9034.742265, MEe, 3.011580755e-01, E, -0.030000, NP, 30000 3000
39900, t, 1.995000e-02, KEe, 9038.586810, MEe, 3.012862270e-01, E, -0.030000, NP, 30000 3000
40000, t, 2.000000e-02, KEe, 9035.513990, MEe, 3.011837997e-01, E, -0.030000, NP, 30000 3000
40100, t, 2.005000e-02, KEe, 9037.641225, MEe, 3.012547075e-01, E, -0.030000, NP, 30000 3000
40200, t, 2.010000e-02, KEe, 9025.754855, MEe, 3.008584952e-01, E, -0.030000, NP, 30000 3000
40300, t, 2.015000e-02, KEe, 9026.320598, MEe, 3.008773533e-01, E, -0.030000, NP, 30000 3000
40400, t, 2.020000e-02, KEe, 9033.297775, MEe, 3.011099258e-01, E, -0.030000, NP, 30000 3000
40500, t, 2.025000e-02, KEe, 9026.933555, MEe, 3.008977852e-01, E, -0.030000, NP, 30000 3000
40600, t, 2.030000e-02, KEe, 9026.309956, MEe, 3.008769985e-01, E, -0.030000, NP, 30000 3000
40700, t, 2.035000e-02, KEe, 9029.755710, MEe, 3.009918570e-01, E, -0.030000, NP, 30000 3000
40800, t, 2.040000e-02, KEe, 9030.062799, MEe, 3.010020933e-01, E, -0.030000, NP, 30000 3000
40900, t, 2.045000e-02, KEe, 9021.826518, MEe, 3.007275506e-01, E, -0.030000, NP, 30000 3000
41000, t, 2.050000e-02, KEe, 9032.501285, MEe, 3.010833762e-01, E, -0.030000, NP, 30000 3000
41100, t, 2.055000e-02, KEe, 9027.652928, MEe, 3.009217643e-01, E, -0.030000, NP, 30000 3000
41200, t, 2.060000e-02, KEe, 9014.171784, MEe, 3.004723928e-01, E, -0.030000, NP, 30000 3000
41300, t, 2.065000e-02, KEe, 9008.692120, MEe, 3.002897373e-01, E, -0.030000, NP, 30000 3000
41400, t, 2.070000e-02, KEe, 9025.631195, MEe, 3.008543732e-01, E, -0.030000, NP, 30000 3000
41500, t, 2.075000e-02, KEe, 9018.304057, MEe, 3.006101352e-01, E, -0.030000, NP, 30000 3000
41600, t, 2.080000e-02, KEe, 9015.027556, MEe, 3.005009185e-01, E, -0.030000, NP, 30000 3000
41700, t, 2.085000e-02, KEe, 9017.865971, MEe, 3.005955324e-01, E, -0.030000, NP, 30000 3000
41800, t, 2.090000e-02, KEe, 9026.656498, MEe, 3.008885499e-01, E, -0.030000, NP, 30000 3000
41900, t, 2.095000e-02, KEe, 9036.676674, MEe, 3.012225558e-01, E, -0.030000, NP, 30000 3000
42000, t, 2.100000e-02, KEe, 9049.610132, MEe, 3.016536711e-01, E, -0.030000, NP, 30000 3000
42100, t, 2.105000e-02, KEe, 9048.749459, MEe, 3.016249820e-01, E, -0.030000, NP, 30000 3000
42200, t, 2.110000e-02, KEe, 9047.494757, MEe, 3.015831586e-01, E, -0.030000, NP, 30000 3000
42300, t, 2.115000e-02, KEe, 9044.350938, MEe, 3.014783646e-01, E, -0.030000, NP, 30000 3000
42400, t, 2.120000e-02, KEe, 9045.589426, MEe, 3.015196475e-01, E, -0.030000, NP, 30000 3000
42500, t, 2.125000e-02, KEe, 9042.547574, MEe, 3.014182525e-01, E, -0.030000, NP, 30000 3000
42600, t, 2.130000e-02, KEe, 9038.168824, MEe, 3.012722941e-01, E, -0.030000, NP, 30000 3000
42700, t, 2.135000e-02, KEe, 9044.731656, MEe, 3.014910552e-01, E, -0.030000, NP, 30000 3000
42800, t, 2.140000e-02, KEe, 9039.343760, MEe, 3.013114587e-01, E, -0.030000, NP, 30000 3000
42900, t, 2.145000e-02, KEe, 9036.057392, MEe, 3.012019131e-01, E, -0.030000, NP, 30000 3000
43000, t, 2.150000e-02, KEe, 9029.761049, MEe, 3.009920350e-01, E, -0.030000, NP, 30000 3000
43100, t, 2.155000e-02, KEe, 9029.525613, MEe, 3.009841871e-01, E, -0.030000, NP, 30000 3000
43200, t, 2.160000e-02, KEe, 9039.236623, MEe, 3.013078874e-01, E, -0.030000, NP, 30000 3000
43300, t, 2.165000e-02, KEe, 9040.007707, MEe, 3.013335902e-01, E, -0.030000, NP, 30000 3000
43400, t, 2.170000e-02, KEe, 9043.143473, MEe, 3.014381158e-01, E, -0.030000, NP, 30000 3000
43500, t, 2.175000e-02, KEe, 9035.874257, MEe, 3.011958086e-01, E, -0.030000, NP, 30000 3000
43600, t, 2.180000e-02, KEe, 9047.339059, MEe, 3.015779686e-01, E, -0.030000, NP, 30000 3000
43700, t, 2.185000e-02, KEe, 9051.676632, MEe, 3.017225544e-01, E, -0.030000, NP, 30000 3000
43800, t, 2.190000e-02, KEe, 9046.610743, MEe, 3.015536914e-01, E, -0.030000, NP, 30000 3000
43900, t, 2.195000e-02, KEe, 9048.437306, MEe, 3.016145769e-01, E, -0.030000, NP, 30000 3000
44000, t, 2.200000e-02, KEe, 9042.794651, MEe, 3.014264884e-01, E, -0.030000, NP, 30000 3000
44100, t, 2.205000e-02, KEe, 9045.396622, MEe, 3.015132207e-01, E, -0.030000, NP, 30000 3000
44200, t, 2.210000e-02, KEe, 9038.458864, MEe, 3.012819621e-01, E, -0.030000, NP, 30000 3000
44300, t, 2.215000e-02, KEe, 9038.699044, MEe, 3.012899681e-01, E, -0.030000, NP, 30000 3000
44400, t, 2.220000e-02, KEe, 9038.022630, MEe, 3.012674210e-01, E, -0.030000, NP, 30000 3000
44500, t, 2.225000e-02, KEe, 9047.424612, MEe, 3.015808204e-01, E, -0.030000, NP, 30000 3000
44600, t, 2.230000e-02, KEe, 9061.521703, MEe, 3.020507234e-01, E, -0.030000, NP, 30000 3000
44700, t, 2.235000e-02, KEe, 9056.417966, MEe, 3.018805989e-01, E, -0.030000, NP, 30000 3000
44800, t, 2.240000e-02, KEe, 9047.524995, MEe, 3.015841665e-01, E, -0.030000, NP, 30000 3000
44900, t, 2.245000e-02, KEe, 9042.847809, MEe, 3.014282603e-01, E, -0.030000, NP, 30000 3000
45000, t, 2.250000e-02, KEe, 9041.377256, MEe, 3.013792419e-01, E, -0.030000, NP, 30000 3000
45100, t, 2.255000e-02, KEe, 9037.305939, MEe, 3.012435313e-01, E, -0.030000, NP, 30000 3000
45200, t, 2.260000e-02, KEe, 9040.465055, MEe, 3.013488352e-01, E, -0.030000, NP, 30000 3000
45300, t, 2.265000e-02, KEe, 9057.118399, MEe, 3.019039466e-01, E, -0.030000, NP, 30000 3000
45400, t, 2.270000e-02, KEe, 9060.030449, MEe, 3.020010150e-01, E, -0.030000, NP, 30000 3000
45500, t, 2.275000e-02, KEe, 9058.711321, MEe, 3.019570440e-01, E, -0.030000, NP, 30000 3000
45600, t, 2.280000e-02, KEe, 9059.849258, MEe, 3.019949753e-01, E, -0.030000, NP, 30000 3000
45700, t, 2.285000e-02, KEe, 9081.239817, MEe, 3.027079939e-01, E, -0.030000, NP, 30000 3000
45800, t, 2.290000e-02, KEe, 9074.183818, MEe, 3.024727939e-01, E, -0.030000, NP, 30000 3000
45900, t, 2.295000e-02, KEe, 9072.010414, MEe, 3.024003471e-01, E, -0.030000, NP, 30000 3000
46000, t, 2.300000e-02, KEe, 9077.242259, MEe, 3.025747420e-01, E, -0.030000, NP, 30000 3000
46100, t, 2.305000e-02, KEe, 9080.159799, MEe, 3.026719933e-01, E, -0.030000, NP, 30000 3000
46200, t, 2.310000e-02, KEe, 9074.836720, MEe, 3.024945573e-01, E, -0.030000, NP, 30000 3000
46300, t, 2.315000e-02, KEe, 9065.584500, MEe, 3.021861500e-01, E, -0.030000, NP, 30000 3000
46400, t, 2.320000e-02, KEe, 9068.204454, MEe, 3.022734818e-01, E, -0.030000, NP, 30000 3000
46500, t, 2.325000e-02, KEe, 9070.655115, MEe, 3.023551705e-01, E, -0.030000, NP, 30000 3000
46600, t, 2.330000e-02, KEe, 9057.397116, MEe, 3.019132372e-01, E, -0.030000, NP, 30000 3000
46700, t, 2.335000e-02, KEe, 9056.581320, MEe, 3.018860440e-01, E, -0.030000, NP, 30000 3000
46800, t, 2.340000e-02, KEe, 9061.328422, MEe, 3.020442807e-01, E, -0.030000, NP, 30000 3000
46900, t, 2.345000e-02, KEe, 9062.507865, MEe, 3.020835955e-01, E, -0.030000, NP, 30000 3000
47000, t, 2.350000e-02, KEe, 9063.571387, MEe, 3.021190462e-01, E, -0.030000, NP, 30000 3000
47100, t, 2.355000e-02, KEe, 9063.902225, MEe, 3.021300742e-01, E, -0.030000, NP, 30000 3000
47200, t, 2.360000e-02, KEe, 9068.292775, MEe, 3.022764258e-01, E, -0.030000, NP, 30000 3000
47300, t, 2.365000e-02, KEe, 9062.877502, MEe, 3.020959167e-01, E, -0.030000, NP, 30000 3000
47400, t, 2.370000e-02, KEe, 9063.316870, MEe, 3.021105623e-01, E, -0.030000, NP, 30000 3000
47500, t, 2.375000e-02, KEe, 9056.813168, MEe, 3.018937723e-01, E, -0.030000, NP, 30000 3000
47600, t, 2.380000e-02, KEe, 9061.991939, MEe, 3.020663980e-01, E, -0.030000, NP, 30000 3000
47700, t, 2.385000e-02, KEe, 9070.633772, MEe, 3.023544591e-01, E, -0.030000, NP, 30000 3000
47800, t, 2.390000e-02, KEe, 9062.470278, MEe, 3.020823426e-01, E, -0.030000, NP, 30000 3000
47900, t, 2.395000e-02, KEe, 9067.790709, MEe, 3.022596903e-01, E, -0.030000, NP, 30000 3000
48000, t, 2.400000e-02, KEe, 9058.799783, MEe, 3.019599928e-01, E, -0.030000, NP, 30000 3000
48100, t, 2.405000e-02, KEe, 9041.034926, MEe, 3.013678309e-01, E, -0.030000, NP, 30000 3000
48200, t, 2.410000e-02, KEe, 9038.619186, MEe, 3.012873062e-01, E, -0.030000, NP, 30000 3000
48300, t, 2.415000e-02, KEe, 9046.814724, MEe, 3.015604908e-01, E, -0.030000, NP, 30000 3000
48400, t, 2.420000e-02, KEe, 9052.632647, MEe, 3.017544216e-01, E, -0.030000, NP, 30000 3000
48500, t, 2.425000e-02, KEe, 9032.735784, MEe, 3.010911928e-01, E, -0.030000, NP, 30000 3000
48600, t, 2.430000e-02, KEe, 9030.196959, MEe, 3.010065653e-01, E, -0.030000, NP, 30000 3000
48700, t, 2.435000e-02, KEe, 9026.953693, MEe, 3.008984564e-01, E, -0.030000, NP, 30000 3000
48800, t, 2.440000e-02, KEe, 9031.988011, MEe, 3.010662670e-01, E, -0.030000, NP, 30000 3000
48900, t, 2.445000e-02, KEe, 9023.040813, MEe, 3.007680271e-01, E, -0.030000, NP, 30000 3000
49000, t, 2.450000e-02, KEe, 9022.860452, MEe, 3.007620151e-01, E, -0.030000, NP, 30000 3000
49100, t, 2.455000e-02, KEe, 9008.305306, MEe, 3.002768435e-01, E, -0.030000, NP, 30000 3000
49200, t, 2.460000e-02, KEe, 9002.041651, MEe, 3.000680550e-01, E, -0.030000, NP, 30000 3000
49300, t, 2.465000e-02, KEe, 9002.448226, MEe, 3.000816075e-01, E, -0.030000, NP, 30000 3000
49400, t, 2.470000e-02, KEe, 8991.946815, MEe, 2.997315605e-01, E, -0.030000, NP, 30000 3000
49500, t, 2.475000e-02, KEe, 8974.968823, MEe, 2.991656274e-01, E, -0.030000, NP, 30000 3000
49600, t, 2.480000e-02, KEe, 8971.454839, MEe, 2.990484946e-01, E, -0.030000, NP, 30000 3000
49700, t, 2.485000e-02, KEe, 8964.082016, MEe, 2.988027339e-01, E, -0.030000, NP, 30000 3000
49800, t, 2.490000e-02, KEe, 8968.526994, MEe, 2.989508998e-01, E, -0.030000, NP, 30000 3000
49900, t, 2.495000e-02, KEe, 8958.645941, MEe, 2.986215314e-01, E, -0.030000, NP, 30000 3000
50000, t, 2.500000e-02, KEe, 8967.292147, MEe, 2.989097382e-01, E, -0.030000, NP, 30000 3000
50100, t, 2.505000e-02, KEe, 8962.823203, MEe, 2.987607734e-01, E, -0.030000, NP, 30000 3000
50200, t, 2.510000e-02, KEe, 8972.539760, MEe, 2.990846587e-01, E, -0.030000, NP, 30000 3000
50300, t, 2.515000e-02, KEe, 8965.912062, MEe, 2.988637354e-01, E, -0.030000, NP, 30000 3000
50400, t, 2.520000e-02, KEe, 8954.686768, MEe, 2.984895589e-01, E, -0.030000, NP, 30000 3000
50500, t, 2.525000e-02, KEe, 8948.818156, MEe, 2.982939385e-01, E, -0.030000, NP, 30000 3000
50600, t, 2.530000e-02, KEe, 8958.748359, MEe, 2.986249453e-01, E, -0.030000, NP, 30000 3000
50700, t, 2.535000e-02, KEe, 8955.789450, MEe, 2.985263150e-01, E, -0.030000, NP, 30000 3000
50800, t, 2.540000e-02, KEe, 8956.858115, MEe, 2.985619372e-01, E, -0.030000, NP, 30000 3000
50900, t, 2.545000e-02, KEe, 8952.616701, MEe, 2.984205567e-01, E, -0.030000, NP, 30000 3000
51000, t, 2.550000e-02, KEe, 8950.739877, MEe, 2.983579959e-01, E, -0.030000, NP, 30000 3000
51100, t, 2.555000e-02, KEe, 8954.011170, MEe, 2.984670390e-01, E, -0.030000, NP, 30000 3000
51200, t, 2.560000e-02, KEe, 8947.306038, MEe, 2.982435346e-01, E, -0.030000, NP, 30000 3000
51300, t, 2.565000e-02, KEe, 8958.812074, MEe, 2.986270691e-01, E, -0.030000, NP, 30000 3000
51400, t, 2.570000e-02, KEe, 8963.291074, MEe, 2.987763691e-01, E, -0.030000, NP, 30000 3000
51500, t, 2.575000e-02, KEe, 8965.371479, MEe, 2.988457160e-01, E, -0.030000, NP, 30000 3000
51600, t, 2.580000e-02, KEe, 8954.682370, MEe, 2.984894123e-01, E, -0.030000, NP, 30000 3000
51700, t, 2.585000e-02, KEe, 8949.557995, MEe, 2.983185998e-01, E, -0.030000, NP, 30000 3000
51800, t, 2.590000e-02, KEe, 8952.741117, MEe, 2.984247039e-01, E, -0.030000, NP, 30000 3000
51900, t, 2.595000e-02, KEe, 8954.466351, MEe, 2.984822117e-01, E, -0.030000, NP, 30000 3000
52000, t, 2.600000e-02, KEe, 8964.653961, MEe, 2.988217987e-01, E, -0.030000, NP, 30000 3000
52100, t, 2.605000e-02, KEe, 8970.375620, MEe, 2.990125207e-01, E, -0.030000, NP, 30000 3000
52200, t, 2.610000e-02, KEe, 8962.363228, MEe, 2.987454409e-01, E, -0.030000, NP, 30000 3000
52300, t, 2.615000e-02, KEe, 8960.905434, MEe, 2.986968478e-01, E, -0.030000, NP, 30000 3000
52400, t, 2.620000e-02, KEe, 8971.449480, MEe, 2.990483160e-01, E, -0.030000, NP, 30000 3000
52500, t, 2.625000e-02, KEe, 8970.667156, MEe, 2.990222385e-01, E, -0.030000, NP, 30000 3000
52600, t, 2.630000e-02, KEe, 8984.658863, MEe, 2.994886288e-01, E, -0.030000, NP, 30000 3000
52700, t, 2.635000e-02, KEe, 8984.198804, MEe, 2.994732935e-01, E, -0.030000, NP, 30000 3000
52800, t, 2.640000e-02, KEe, 8985.526153, MEe, 2.995175384e-01, E, -0.030000, NP, 30000 3000
52900, t, 2.645000e-02, KEe, 8993.149476, MEe, 2.997716492e-01, E, -0.030000, NP, 30000 3000
53000, t, 2.650000e-02, KEe, 9007.589720, MEe, 3.002529907e-01, E, -0.030000, NP, 30000 3000
53100, t, 2.655000e-02, KEe, 9014.993821, MEe, 3.004997940e-01, E, -0.030000, NP, 30000 3000
53200, t, 2.660000e-02, KEe, 9020.997054, MEe, 3.006999018e-01, E, -0.030000, NP, 30000 3000
53300, t, 2.665000e-02, KEe, 9024.215297, MEe, 3.008071766e-01, E, -0.030000, NP, 30000 3000
53400, t, 2.670000e-02, KEe, 9031.257571, MEe, 3.010419190e-01, E, -0.030000, NP, 30000 3000
53500, t, 2.675000e-02, KEe, 9038.751052, MEe, 3.012917017e-01, E, -0.030000, NP, 30000 3000
53600, t, 2.680000e-02, KEe, 9043.508971, MEe, 3.014502990e-01, E, -0.030000, NP, 30000 3000
53700, t, 2.685000e-02, KEe, 9047.255779, MEe, 3.015751926e-01, E, -0.030000, NP, 30000 3000
53800, t, 2.690000e-02, KEe, 9043.963626, MEe, 3.014654542e-01, E, -0.030000, NP, 30000 3000
53900, t, 2.695000e-02, KEe, 9050.111210, MEe, 3.016703737e-01, E, -0.030000, NP, 30000 3000
54000, t, 2.700000e-02, KEe, 9055.751980, MEe, 3.018583993e-01, E, -0.030000, NP, 30000 3000
54100, t, 2.705000e-02, KEe, 9059.558707, MEe, 3.019852902e-01, E, -0.030000, NP, 30000 3000
54200, t, 2.710000e-02, KEe, 9055.826803, MEe, 3.018608934e-01, E, -0.030000, NP, 30000 3000
54300, t, 2.715000e-02, KEe, 9050.830443, MEe, 3.016943481e-01, E, -0.030000, NP, 30000 3000
54400, t, 2.720000e-02, KEe, 9049.164063, MEe, 3.016388021e-01, E, -0.030000, NP, 30000 3000
54500, t, 2.725000e-02, KEe, 9048.128582, MEe, 3.016042861e-01, E, -0.030000, NP, 30000 3000
54600, t, 2.730000e-02, KEe, 9048.381349, MEe, 3.016127116e-01, E, -0.030000, NP, 30000 3000
54700, t, 2.735000e-02, KEe, 9049.643142, MEe, 3.016547714e-01, E, -0.030000, NP, 30000 3000
54800, t, 2.740000e-02, KEe, 9055.079880, MEe, 3.018359960e-01, E, -0.030000, NP, 30000 3000
54900, t, 2.745000e-02, KEe, 9047.702193, MEe, 3.015900731e-01, E, -0.030000, NP, 30000 3000
55000, t, 2.750000e-02, KEe, 9041.380352, MEe, 3.013793451e-01, E, -0.030000, NP, 30000 3000
55100, t, 2.755000e-02, KEe, 9045.876650, MEe, 3.015292217e-01, E, -0.030000, NP, 30000 3000
55200, t, 2.760000e-02, KEe, 9037.187144, MEe, 3.012395715e-01, E, -0.030000, NP, 30000 3000
55300, t, 2.765000e-02, KEe, 9039.343826, MEe, 3.013114609e-01, E, -0.030000, NP, 30000 3000
55400, t, 2.770000e-02, KEe, 9041.606621, MEe, 3.013868874e-01, E, -0.030000, NP, 30000 3000
55500, t, 2.775000e-02, KEe, 9040.408472, MEe, 3.013469491e-01, E, -0.030000, NP, 30000 3000
55600, t, 2.780000e-02, KEe, 9048.775521, MEe, 3.016258507e-01, E, -0.030000, NP, 30000 3000
55700, t, 2.785000e-02, KEe, 9051.047020, MEe, 3.017015673e-01, E, -0.030000, NP, 30000 3000
55800, t, 2.790000e-02, KEe, 9043.181394, MEe, 3.014393798e-01, E, -0.030000, NP, 30000 3000
55900, t, 2.795000e-02, KEe, 9039.504657, MEe, 3.013168219e-01, E, -0.030000, NP, 30000 3000
56000, t, 2.800000e-02, KEe, 9050.533112, MEe, 3.016844371e-01, E, -0.030000, NP, 30000 3000
56100, t, 2.805000e-02, KEe, 9052.599258, MEe, 3.017533086e-01, E, -0.030000, NP, 30000 3000
56200, t, 2.810000e-02, KEe, 9049.737853, MEe, 3.016579284e-01, E, -0.030000, NP, 30000 3000
56300, t, 2.815000e-02, KEe, 9046.902087, MEe, 3.015634029e-01, E, -0.030000, NP, 30000 3000
56400, t, 2.820000e-02, KEe, 9049.123547, MEe, 3.016374516e-01, E, -0.030000, NP, 30000 3000
56500, t, 2.825000e-02, KEe, 9054.652586, MEe, 3.018217529e-01, E, -0.030000, NP, 30000 3000
56600, t, 2.830000e-02, KEe, 9061.898237, MEe, 3.020632746e-01, E, -0.030000, NP, 30000 3000
56700, t, 2.835000e-02, KEe, 9059.861191, MEe, 3.019953730e-01, E, -0.030000, NP, 30000 3000
56800, t, 2.840000e-02, KEe, 9051.794490, MEe, 3.017264830e-01, E, -0.030000, NP, 30000 3000
56900, t, 2.845000e-02, KEe, 9056.956568, MEe, 3.018985523e-01, E, -0.030000, NP, 30000 3000
57000, t, 2.850000e-02, KEe, 9048.634637, MEe, 3.016211546e-01, E, -0.030000, NP, 30000 3000
57100, t, 2.855000e-02, KEe, 9053.234628, MEe, 3.017744876e-01, E, -0.030000, NP, 30000 3000
57200, t, 2.860000e-02, KEe, 9048.484776, MEe, 3.016161592e-01, E, -0.030000, NP, 30000 3000
57300, t, 2.865000e-02, KEe, 9053.271341, MEe, 3.017757114e-01, E, -0.030000, NP, 30000 3000
57400, t, 2.870000e-02, KEe, 9046.636541, MEe, 3.015545514e-01, E, -0.030000, NP, 30000 3000
57500, t, 2.875000e-02, KEe, 9042.930841, MEe, 3.014310280e-01, E, -0.030000, NP, 30000 3000
57600, t, 2.880000e-02, KEe, 9054.524877, MEe, 3.018174959e-01, E, -0.030000, NP, 30000 3000
57700, t, 2.885000e-02, KEe, 9050.197581, MEe, 3.016732527e-01, E, -0.030000, NP, 30000 3000
57800, t, 2.890000e-02, KEe, 9044.726349, MEe, 3.014908783e-01, E, -0.030000, NP, 30000 3000
57900, t, 2.895000e-02, KEe, 9048.938218, MEe, 3.016312739e-01, E, -0.030000, NP, 30000 3000
58000, t, 2.900000e-02, KEe, 9054.883441, MEe, 3.018294480e-01, E, -0.030000, NP, 30000 3000
58100, t, 2.905000e-02, KEe, 9049.924936, MEe, 3.016641645e-01, E, -0.030000, NP, 30000 3000
58200, t, 2.910000e-02, KEe, 9046.042245, MEe, 3.015347415e-01, E, -0.030000, NP, 30000 3000
58300, t, 2.915000e-02, KEe, 9052.457365, MEe, 3.017485788e-01, E, -0.030000, NP, 30000 3000
58400, t, 2.920000e-02, KEe, 9056.948316, MEe, 3.018982772e-01, E, -0.030000, NP, 30000 3000
58500, t, 2.925000e-02, KEe, 9063.067418, MEe, 3.021022473e-01, E, -0.030000, NP, 30000 3000
58600, t, 2.930000e-02, KEe, 9051.556766, MEe, 3.017185589e-01, E, -0.030000, NP, 30000 3000
58700, t, 2.935000e-02, KEe, 9045.839876, MEe, 3.015279959e-01, E, -0.030000, NP, 30000 3000
58800, t, 2.940000e-02, KEe, 9044.303239, MEe, 3.014767746e-01, E, -0.030000, NP, 30000 3000
58900, t, 2.945000e-02, KEe, 9043.337358, MEe, 3.014445786e-01, E, -0.030000, NP, 30000 3000
59000, t, 2.950000e-02, KEe, 9040.403757, MEe, 3.013467919e-01, E, -0.030000, NP, 30000 3000
59100, t, 2.955000e-02, KEe, 9036.687073, MEe, 3.012229024e-01, E, -0.030000, NP, 30000 3000
59200, t, 2.960000e-02, KEe, 9027.788791, MEe, 3.009262930e-01, E, -0.030000, NP, 30000 3000
59300, t, 2.965000e-02, KEe, 9027.358756, MEe, 3.009119585e-01, E, -0.030000, NP, 30000 3000
59400, t, 2.970000e-02, KEe, 9026.931135, MEe, 3.008977045e-01, E, -0.030000, NP, 30000 3000
59500, t, 2.975000e-02, KEe, 9017.863346, MEe, 3.005954449e-01, E, -0.030000, NP, 30000 3000
59600, t, 2.980000e-02, KEe, 9011.003234, MEe, 3.003667745e-01, E, -0.030000, NP, 30000 3000
59700, t, 2.985000e-02, KEe, 9017.921886, MEe, 3.005973962e-01, E, -0.030000, NP, 30000 3000
59800, t, 2.990000e-02, KEe, 9026.725308, MEe, 3.008908436e-01, E, -0.030000, NP, 30000 3000
59900, t, 2.995000e-02, KEe, 9030.413946, MEe, 3.010137982e-01, E, -0.030000, NP, 30000 3000
60000, t, 3.000000e-02, KEe, 9031.939630, MEe, 3.010646543e-01, E, -0.030000, NP, 30000 3000
