RandMax 2147483647
reading box length: 1.000000e-06 (m)
reading number of particle types: 2
reading number of particles of type 0: 30000
reading number of particles of type 1: 3000
reading temperature of particle type 0: 0.000000 (eV)
reading temperature of particle type 1: 0.025900 (eV)
reading flow velocity of particle type 0: 0.000000 (eV)
reading flow velocity of particle type 1: 0.000000 (eV)
reading charge of particle type 0: -1.000000 (elementary charge)
reading charge of particle type 1: 0.000000 (elementary charge)
reading mass of particle type 0: 0.000549 (amu)
reading mass of particle type 1: 28.000000 (amu)
reading number of time steps: 80000
reading vsigma max samples: 1000
reading time step dt: 4.000000e-11
reading electric field: -2.400000e+03 (V/m)
reading electric frequency: 0.000000e+00 (Hz)
reading magnetic field: 0.000000e+00 0.000000e+00 0.000000e+00 (Tesla)
reading vdf dump spec: 1000 1000000 0
reading extrapolation option: 0
reading memory allocation: 0.000000e+00 (GB)
reading auto dump spec: 0
reading output stride spec: 100
reading carry remainder spec: 0
found cross_sections/Ar.dat file for particle 0 with 1 in indeck, differential model found: Aubin
found cross_sections/Ar->Ar(3d'[3/2]1).dat file for particle 0 with 1 in indeck
found cross_sections/Ar->Ar(3d'[3/2]2).dat file for particle 0 with 1 in indeck
found cross_sections/Ar->Ar(3d'[5/2]2).dat file for particle 0 with 1 in indeck
found cross_sections/Ar->Ar(3d'[5/2]3).dat file for particle 0 with 1 in indeck
found cross_sections/Ar->Ar(3d[1/2]0).dat file for particle 0 with 1 in indeck
found cross_sections/Ar->Ar(3d[1/2]1).dat file for particle 0 with 1 in indeck
found cross_sections/Ar->Ar(3d[3/2]1).dat file for particle 0 with 1 in indeck
found cross_sections/Ar->Ar(3d[3/2]2).dat file for particle 0 with 1 in indeck
found cross_sections/Ar->Ar(3d[5/2]2).dat file for particle 0 with 1 in indeck
found cross_sections/Ar->Ar(3d[5/2]3).dat file for particle 0 with 1 in indeck
found cross_sections/Ar->Ar(3d[7/2]3).dat file for particle 0 with 1 in indeck
found cross_sections/Ar->Ar(3d[7/2]4).dat file for particle 0 with 1 in indeck
found cross_sections/Ar->Ar(4p'[1/2]0).dat file for particle 0 with 1 in indeck
found cross_sections/Ar->Ar(4p'[1/2]1).dat file for particle 0 with 1 in indeck
found cross_sections/Ar->Ar(4p'[3/2]1).dat file for particle 0 with 1 in indeck
found cross_sections/Ar->Ar(4p'[3/2]2).dat file for particle 0 with 1 in indeck
found cross_sections/Ar->Ar(4p[1/2]0).dat file for particle 0 with 1 in indeck
found cross_sections/Ar->Ar(4p[1/2]1).dat file for particle 0 with 1 in indeck
found cross_sections/Ar->Ar(4p[3/2]1).dat file for particle 0 with 1 in indeck
found cross_sections/Ar->Ar(4p[3/2]2).dat file for particle 0 with 1 in indeck
found cross_sections/Ar->Ar(4p[5/2]2).dat file for particle 0 with 1 in indeck
found cross_sections/Ar->Ar(4p[5/2]3).dat file for particle 0 with 1 in indeck
found cross_sections/Ar->Ar(4s'[1/2]0).dat file for particle 0 with 1 in indeck
found cross_sections/Ar->Ar(4s'[1/2]1).dat file for particle 0 with 1 in indeck
found cross_sections/Ar->Ar(4s[3/2]1).dat file for particle 0 with 1 in indeck
found cross_sections/Ar->Ar(4s[3/2]2).dat file for particle 0 with 1 in indeck
found cross_sections/Ar->Ar(5s'[1/2]0).dat file for particle 0 with 1 in indeck
found cross_sections/Ar->Ar(5s'[1/2]1).dat file for particle 0 with 1 in indeck
found cross_sections/Ar->Ar(5s[3/2]1).dat file for particle 0 with 1 in indeck
found cross_sections/Ar->Ar(5s[3/2]2).dat file for particle 0 with 1 in indeck
found cross_sections/Ar->Ar(Rydberg).dat file for particle 0 with 1 in indeck
found cross_sections/Ar->Ar^+.dat file for particle 0 with 1 in indeck, differential model found: Uniform
reading cross_sections/Ar.dat
reading cross_sections/Ar->Ar(3d'[3/2]1).dat
reading cross_sections/Ar->Ar(3d'[3/2]2).dat
reading cross_sections/Ar->Ar(3d'[5/2]2).dat
reading cross_sections/Ar->Ar(3d'[5/2]3).dat
reading cross_sections/Ar->Ar(3d[1/2]0).dat
reading cross_sections/Ar->Ar(3d[1/2]1).dat
reading cross_sections/Ar->Ar(3d[3/2]1).dat
reading cross_sections/Ar->Ar(3d[3/2]2).dat
reading cross_sections/Ar->Ar(3d[5/2]2).dat
reading cross_sections/Ar->Ar(3d[5/2]3).dat
reading cross_sections/Ar->Ar(3d[7/2]3).dat
reading cross_sections/Ar->Ar(3d[7/2]4).dat
reading cross_sections/Ar->Ar(4p'[1/2]0).dat
reading cross_sections/Ar->Ar(4p'[1/2]1).dat
reading cross_sections/Ar->Ar(4p'[3/2]1).dat
reading cross_sections/Ar->Ar(4p'[3/2]2).dat
reading cross_sections/Ar->Ar(4p[1/2]0).dat
reading cross_sections/Ar->Ar(4p[1/2]1).dat
reading cross_sections/Ar->Ar(4p[3/2]1).dat
reading cross_sections/Ar->Ar(4p[3/2]2).dat
reading cross_sections/Ar->Ar(4p[5/2]2).dat
reading cross_sections/Ar->Ar(4p[5/2]3).dat
reading cross_sections/Ar->Ar(4s'[1/2]0).dat
reading cross_sections/Ar->Ar(4s'[1/2]1).dat
reading cross_sections/Ar->Ar(4s[3/2]1).dat
reading cross_sections/Ar->Ar(4s[3/2]2).dat
reading cross_sections/Ar->Ar(5s'[1/2]0).dat
reading cross_sections/Ar->Ar(5s'[1/2]1).dat
reading cross_sections/Ar->Ar(5s[3/2]1).dat
reading cross_sections/Ar->Ar(5s[3/2]2).dat
reading cross_sections/Ar->Ar(Rydberg).dat
reading cross_sections/Ar->Ar^+.dat
Memory per particle: 72 bytes
Memory for all initial particles: 2.213e-03 GB
Allocating space for 132000 particles
------------------------------------
0, t, 0.000000e+00, KEe, 0.000000, MEe, 0.000000000e+00, E, -2400.000000, NP, 30000 3000
100, t, 4.000000e-09, KEe, 209367.572706, MEe, 6.978919090e+00, E, -2400.000000, NP, 30000 3000
200, t, 8.000000e-09, KEe, 385015.666377, MEe, 1.283385555e+01, E, -2400.000000, NP, 30000 3000
300, t, 1.200000e-08, KEe, 464037.485824, MEe, 1.546791619e+01, E, -2400.000000, NP, 30000 3000
400, t, 1.600000e-08, KEe, 508721.328692, MEe, 1.695737762e+01, E, -2400.000000, NP, 30000 3000
500, t, 2.000000e-08, KEe, 533516.036357, MEe, 1.778386788e+01, E, -2400.000000, NP, 30000 3000
600, t, 2.400000e-08, KEe, 543208.599801, MEe, 1.810695333e+01, E, -2400.000000, NP, 30000 3000
700, t, 2.800000e-08, KEe, 549876.074543, MEe, 1.832920248e+01, E, -2400.000000, NP, 30000 3000
800, t, 3.200000e-08, KEe, 550284.821201, MEe, 1.834282737e+01, E, -2400.000000, NP, 30000 3000
900, t, 3.600000e-08, KEe, 555198.781628, MEe, 1.850662605e+01, E, -2400.000000, NP, 30000 3000
1000, t, 4.000000e-08, KEe, 558750.923120, MEe, 1.862503077e+01, E, -2400.000000, NP, 30000 3000
1100, t, 4.400000e-08, KEe, 554391.451785, MEe, 1.847971506e+01, E, -2400.000000, NP, 30000 3000
1200, t, 4.800000e-08, KEe, 553400.740855, MEe, 1.844669136e+01, E, -2400.000000, NP, 30000 3000
1300, t, 5.200000e-08, KEe, 554109.664755, MEe, 1.847032216e+01, E, -2400.000000, NP, 30000 3000
1400, t, 5.600000e-08, KEe, 553584.728096, MEe, 1.845282427e+01, E, -2400.000000, NP, 30000 3000
1500, t, 6.000000e-08, KEe, 551419.942047, MEe, 1.838066473e+01, E, -2400.000000, NP, 30000 3000
1600, t, 6.400000e-08, KEe, 555521.386945, MEe, 1.851737956e+01, E, -2400.000000, NP, 30000 3000
1700, t, 6.800000e-08, KEe, 555296.341466, MEe, 1.850987805e+01, E, -2400.000000, NP, 30000 3000
1800, t, 7.200000e-08, KEe, 556232.579906, MEe, 1.854108600e+01, E, -2400.000000, NP, 30000 3000
1900, t, 7.600000e-08, KEe, 554348.362435, MEe, 1.847827875e+01, E, -2400.000000, NP, 30000 3000
2000, t, 8.000000e-08, KEe, 551999.578517, MEe, 1.839998595e+01, E, -2400.000000, NP, 30000 3000
2100, t, 8.400000e-08, KEe, 551442.420994, MEe, 1.838141403e+01, E, -2400.000000, NP, 30000 3000
2200, t, 8.800000e-08, KEe, 551597.891234, MEe, 1.838659637e+01, E, -2400.000000, NP, 30000 3000
2300, t, 9.200000e-08, KEe, 553046.947052, MEe, 1.843489824e+01, E, -2400.000000, NP, 30000 3000
2400, t, 9.600000e-08, KEe, 550827.963189, MEe, 1.836093211e+01, E, -2400.000000, NP, 30000 3000
2500, t, 1.000000e-07, KEe, 551447.739555, MEe, 1.838159132e+01, E, -2400.000000, NP, 30000 3000
2600, t, 1.040000e-07, KEe, 553058.210380, MEe, 1.843527368e+01, E, -2400.000000, NP, 30000 3000
2700, t, 1.080000e-07, KEe, 554664.564672, MEe, 1.848881882e+01, E, -2400.000000, NP, 30000 3000
2800, t, 1.120000e-07, KEe, 553769.439201, MEe, 1.845898131e+01, E, -2400.000000, NP, 30000 3000
2900, t, 1.160000e-07, KEe, 555708.271211, MEe, 1.852360904e+01, E, -2400.000000, NP, 30000 3000
3000, t, 1.200000e-07, KEe, 555881.830160, MEe, 1.852939434e+01, E, -2400.000000, NP, 30000 3000
3100, t, 1.240000e-07, KEe, 555462.408298, MEe, 1.851541361e+01, E, -2400.000000, NP, 30000 3000
3200, t, 1.280000e-07, KEe, 554994.467003, MEe, 1.849981557e+01, E, -2400.000000, NP, 30000 3000
3300, t, 1.320000e-07, KEe, 556179.784890, MEe, 1.853932616e+01, E, -2400.000000, NP, 30000 3000
3400, t, 1.360000e-07, KEe, 553474.908662, MEe, 1.844916362e+01, E, -2400.000000, NP, 30000 3000
3500, t, 1.400000e-07, KEe, 553460.966613, MEe, 1.844869889e+01, E, -2400.000000, NP, 30000 3000
3600, t, 1.440000e-07, KEe, 552189.611760, MEe, 1.840632039e+01, E, -2400.000000, NP, 30000 3000
3700, t, 1.480000e-07, KEe, 552297.035612, MEe, 1.840990119e+01, E, -2400.000000, NP, 30000 3000
3800, t, 1.520000e-07, KEe, 554532.487341, MEe, 1.848441624e+01, E, -2400.000000, NP, 30000 3000
3900, t, 1.560000e-07, KEe, 552052.148036, MEe, 1.840173827e+01, E, -2400.000000, NP, 30000 3000
4000, t, 1.600000e-07, KEe, 550690.806034, MEe, 1.835636020e+01, E, -2400.000000, NP, 30000 3000
4100, t, 1.640000e-07, KEe, 548080.064656, MEe, 1.826933549e+01, E, -2400.000000, NP, 30000 3000
4200, t, 1.680000e-07, KEe, 553154.313607, MEe, 1.843847712e+01, E, -2400.000000, NP, 30000 3000
4300, t, 1.720000e-07, KEe, 552241.995076, MEe, 1.840806650e+01, E, -2400.000000, NP, 30000 3000
4400, t, 1.760000e-07, KEe, 555208.985908, MEe, 1.850696620e+01, E, -2400.000000, NP, 30000 3000
4500, t, 1.800000e-07, KEe, 560956.979687, MEe, 1.869856599e+01, E, -2400.000000, NP, 30000 3000
4600, t, 1.840000e-07, KEe, 557212.787904, MEe, 1.857375960e+01, E, -2400.000000, NP, 30000 3000
4700, t, 1.880000e-07, KEe, 556476.185690, MEe, 1.854920619e+01, E, -2400.000000, NP, 30000 3000
4800, t, 1.920000e-07, KEe, 552652.183929, MEe, 1.842173946e+01, E, -2400.000000, NP, 30000 3000
4900, t, 1.960000e-07, KEe, 554705.916183, MEe, 1.849019721e+01, E, -2400.000000, NP, 30000 3000
5000, t, 2.000000e-07, KEe, 553342.906364, MEe, 1.844476355e+01, E, -2400.000000, NP, 30000 3000
5100, t, 2.040000e-07, KEe, 553044.319828, MEe, 1.843481066e+01, E, -2400.000000, NP, 30000 3000
5200, t, 2.080000e-07, KEe, 555643.900736, MEe, 1.852146336e+01, E, -2400.000000, NP, 30000 3000
5300, t, 2.120000e-07, KEe, 559298.669291, MEe, 1.864328898e+01, E, -2400.000000, NP, 30000 3000
5400, t, 2.160000e-07, KEe, 555692.838555, MEe, 1.852309462e+01, E, -2400.000000, NP, 30000 3000
5500, t, 2.200000e-07, KEe, 553961.984151, MEe, 1.846539947e+01, E, -2400.000000, NP, 30000 3000
5600, t, 2.240000e-07, KEe, 555179.393895, MEe, 1.850597980e+01, E, -2400.000000, NP, 30000 3000
5700, t, 2.280000e-07, KEe, 554974.445129, MEe, 1.849914817e+01, E, -2400.000000, NP, 30000 3000
5800, t, 2.320000e-07, KEe, 552911.111786, MEe, 1.843037039e+01, E, -2400.000000, NP, 30000 3000
5900, t, 2.360000e-07, KEe, 556887.977788, MEe, 1.856293259e+01, E, -2400.000000, NP, 30000 3000
6000, t, 2.400000e-07, KEe, 556978.042132, MEe, 1.856593474e+01, E, -2400.000000, NP, 30000 3000
6100, t, 2.440000e-07, KEe, 558166.139888, MEe, 1.860553800e+01, E, -2400.000000, NP, 30000 3000
6200, t, 2.480000e-07, KEe, 560204.503041, MEe, 1.867348343e+01, E, -2400.000000, NP, 30000 3000
6300, t, 2.520000e-07, KEe, 557814.311056, MEe, 1.859381037e+01, E, -2400.000000, NP, 30000 3000
6400, t, 2.560000e-07, KEe, 554528.797535, MEe, 1.848429325e+01, E, -2400.000000, NP, 30000 3000
6500, t, 2.600000e-07, KEe, 558116.409674, MEe, 1.860388032e+01, E, -2400.000000, NP, 30000 3000
6600, t, 2.640000e-07, KEe, 556711.477708, MEe, 1.855704926e+01, E, -2400.000000, NP, 30000 3000
6700, t, 2.680000e-07, KEe, 553578.713334, MEe, 1.845262378e+01, E, -2400.000000, NP, 30000 3000
6800, t, 2.720000e-07, KEe, 554494.472611, MEe, 1.848314909e+01, E, -2400.000000, NP, 30000 3000
6900, t, 2.760000e-07, KEe, 555268.587438, MEe, 1.850895291e+01, E, -2400.000000, NP, 30000 3000
7000, t, 2.800000e-07, KEe, 551328.733750, MEe, 1.837762446e+01, E, -2400.000000, NP, 30000 3000
7100, t, 2.840000e-07, KEe, 548625.341520, MEe, 1.828751138e+01, E, -2400.000000, NP, 30000 3000
7200, t, 2.880000e-07, KEe, 551159.033099, MEe, 1.837196777e+01, E, -2400.000000, NP, 30000 3000
7300, t, 2.920000e-07, KEe, 555039.485692, MEe, 1.850131619e+01, E, -2400.000000, NP, 30000 3000
7400, t, 2.960000e-07, KEe, 556037.625310, MEe, 1.853458751e+01, E, -2400.000000, NP, 30000 3000
7500, t, 3.000000e-07, KEe, 553218.353373, MEe, 1.844061178e+01, E, -2400.000000, NP, 30000 3000
7600, t, 3.040000e-07, KEe, 554644.323915, MEe, 1.848814413e+01, E, -2400.000000, NP, 30000 3000
7700, t, 3.080000e-07, KEe, 551396.190192, MEe, 1.837987301e+01, E, -2400.000000, NP, 30000 3000
7800, t, 3.120000e-07, KEe, 554445.849715, MEe, 1.848152832e+01, E, -2400.000000, NP, 30000 3000
7900, t, 3.160000e-07, KEe, 556060.712963, MEe, 1.853535710e+01, E, -2400.000000, NP, 30000 3000
8000, t, 3.200000e-07, KEe, 554412.496732, MEe, 1.848041656e+01, E, -2400.000000, NP, 30000 3000
8100, t, 3.240000e-07, KEe, 554720.309419, MEe, 1.849067698e+01, E, -2400.000000, NP, 30000 3000
8200, t, 3.280000e-07, KEe, 551749.834410, MEe, 1.839166115e+01, E, -2400.000000, NP, 30000 3000
8300, t, 3.320000e-07, KEe, 550655.276078, MEe, 1.835517587e+01, E, -2400.000000, NP, 30000 3000
8400, t, 3.360000e-07, KEe, 550556.073243, MEe, 1.835186911e+01, E, -2400.000000, NP, 30000 3000
8500, t, 3.400000e-07, KEe, 554705.352300, MEe, 1.849017841e+01, E, -2400.000000, NP, 30000 3000
8600, t, 3.440000e-07, KEe, 557501.060749, MEe, 1.858336869e+01, E, -2400.000000, NP, 30000 3000
8700, t, 3.480000e-07, KEe, 555547.624059, MEe, 1.851825414e+01, E, -2400.000000, NP, 30000 3000
8800, t, 3.520000e-07, KEe, 556220.451852, MEe, 1.854068173e+01, E, -2400.000000, NP, 30000 3000
8900, t, 3.560000e-07, KEe, 556498.019971, MEe, 1.854993400e+01, E, -2400.000000, NP, 30000 3000
9000, t, 3.600000e-07, KEe, 553735.363551, MEe, 1.845784545e+01, E, -2400.000000, NP, 30000 3000
9100, t, 3.640000e-07, KEe, 555365.553965, MEe, 1.851218513e+01, E, -2400.000000, NP, 30000 3000
9200, t, 3.680000e-07, KEe, 553193.553153, MEe, 1.843978511e+01, E, -2400.000000, NP, 30000 3000
9300, t, 3.720000e-07, KEe, 556156.731249, MEe, 1.853855771e+01, E, -2400.000000, NP, 30000 3000
9400, t, 3.760000e-07, KEe, 555746.045181, MEe, 1.852486817e+01, E, -2400.000000, NP, 30000 3000
9500, t, 3.800000e-07, KEe, 555442.739969, MEe, 1.851475800e+01, E, -2400.000000, NP, 30000 3000
9600, t, 3.840000e-07, KEe, 555683.942895, MEe, 1.852279810e+01, E, -2400.000000, NP, 30000 3000
9700, t, 3.880000e-07, KEe, 554197.052284, MEe, 1.847323508e+01, E, -2400.000000, NP, 30000 3000
9800, t, 3.920000e-07, KEe, 551582.857808, MEe, 1.838609526e+01, E, -2400.000000, NP, 30000 3000
9900, t, 3.960000e-07, KEe, 551180.092930, MEe, 1.837266976e+01, E, -2400.000000, NP, 30000 3000
10000, t, 4.000000e-07, KEe, 556043.168865, MEe, 1.853477230e+01, E, -2400.000000, NP, 30000 3000
10100, t, 4.040000e-07, KEe, 554430.439060, MEe, 1.848101464e+01, E, -2400.000000, NP, 30000 3000
10200, t, 4.080000e-07, KEe, 559654.373073, MEe, 1.865514577e+01, E, -2400.000000, NP, 30000 3000
10300, t, 4.120000e-07, KEe, 557143.946027, MEe, 1.857146487e+01, E, -2400.000000, NP, 30000 3000
10400, t, 4.160000e-07, KEe, 554367.568149, MEe, 1.847891894e+01, E, -2400.000000, NP, 30000 3000
10500, t, 4.200000e-07, KEe, 555318.439636, MEe, 1.851061465e+01, E, -2400.000000, NP, 30000 3000
10600, t, 4.240000e-07, KEe, 555294.406840, MEe, 1.850981356e+01, E, -2400.000000, NP, 30000 3000
10700, t, 4.280000e-07, KEe, 558959.487356, MEe, 1.863198291e+01, E, -2400.000000, NP, 30000 3000
10800, t, 4.320000e-07, KEe, 555914.538897, MEe, 1.853048463e+01, E, -2400.000000, NP, 30000 3000
10900, t, 4.360000e-07, KEe, 554497.939899, MEe, 1.848326466e+01, E, -2400.000000, NP, 30000 3000
11000, t, 4.400000e-07, KEe, 553017.271769, MEe, 1.843390906e+01, E, -2400.000000, NP, 30000 3000
11100, t, 4.440000e-07, KEe, 556388.685786, MEe, 1.854628953e+01, E, -2400.000000, NP, 30000 3000
11200, t, 4.480000e-07, KEe, 553479.045760, MEe, 1.844930153e+01, E, -2400.000000, NP, 30000 3000
11300, t, 4.520000e-07, KEe, 551880.678159, MEe, 1.839602261e+01, E, -2400.000000, NP, 30000 3000
11400, t, 4.560000e-07, KEe, 550981.322765, MEe, 1.836604409e+01, E, -2400.000000, NP, 30000 3000
11500, t, 4.600000e-07, KEe, 553195.772475, MEe, 1.843985908e+01, E, -2400.000000, NP, 30000 3000
11600, t, 4.640000e-07, KEe, 557554.010200, MEe, 1.858513367e+01, E, -2400.000000, NP, 30000 3000
11700, t, 4.680000e-07, KEe, 556937.147448, MEe, 1.856457158e+01, E, -2400.000000, NP, 30000 3000
11800, t, 4.720000e-07, KEe, 557308.604769, MEe, 1.857695349e+01, E, -2400.000000, NP, 30000 3000
11900, t, 4.760000e-07, KEe, 558215.977061, MEe, 1.860719924e+01, E, -2400.000000, NP, 30000 3000
12000, t, 4.800000e-07, KEe, 559322.206430, MEe, 1.864407355e+01, E, -2400.000000, NP, 30000 3000
12100, t, 4.840000e-07, KEe, 556693.864270, MEe, 1.855646214e+01, E, -2400.000000, NP, 30000 3000
12200, t, 4.880000e-07, KEe, 554928.727882, MEe, 1.849762426e+01, E, -2400.000000, NP, 30000 3000
12300, t, 4.920000e-07, KEe, 555859.227038, MEe, 1.852864090e+01, E, -2400.000000, NP, 30000 3000
12400, t, 4.960000e-07, KEe, 557363.559229, MEe, 1.857878531e+01, E, -2400.000000, NP, 30000 3000
12500, t, 5.000000e-07, KEe, 557890.116783, MEe, 1.859633723e+01, E, -2400.000000, NP, 30000 3000
12600, t, 5.040000e-07, KEe, 559117.450928, MEe, 1.863724836e+01, E, -2400.000000, NP, 30000 3000
12700, t, 5.080000e-07, KEe, 555295.741412, MEe, 1.850985805e+01, E, -2400.000000, NP, 30000 3000
12800, t, 5.120000e-07, KEe, 555101.356421, MEe, 1.850337855e+01, E, -2400.000000, NP, 30000 3000
12900, t, 5.160000e-07, KEe, 555483.637360, MEe, 1.851612125e+01, E, -2400.000000, NP, 30000 3000
13000, t, 5.200000e-07, KEe, 553178.603112, MEe, 1.843928677e+01, E, -2400.000000, NP, 30000 3000
13100, t, 5.240000e-07, KEe, 554375.921829, MEe, 1.847919739e+01, E, -2400.000000, NP, 30000 3000
13200, t, 5.280000e-07, KEe, 553188.221021, MEe, 1.843960737e+01, E, -2400.000000, NP, 30000 3000
13300, t, 5.320000e-07, KEe, 552818.821433, MEe, 1.842729405e+01, E, -2400.000000, NP, 30000 3000
13400, t, 5.360000e-07, KEe, 556796.412786, MEe, 1.855988043e+01, E, -2400.000000, NP, 30000 3000
13500, t, 5.400000e-07, KEe, 554144.161112, MEe, 1.847147204e+01, E, -2400.000000, NP, 30000 3000
13600, t, 5.440000e-07, KEe, 554087.286157, MEe, 1.846957621e+01, E, -2400.000000, NP, 30000 3000
13700, t, 5.480000e-07, KEe, 557470.272559, MEe, 1.858234242e+01, E, -2400.000000, NP, 30000 3000
13800, t, 5.520000e-07, KEe, 556993.460398, MEe, 1.856644868e+01, E, -2400.000000, NP, 30000 3000
13900, t, 5.560000e-07, KEe, 553781.511793, MEe, 1.845938373e+01, E, -2400.000000, NP, 30000 3000
14000, t, 5.600000e-07, KEe, 553041.610182, MEe, 1.843472034e+01, E, -2400.000000, NP, 30000 3000
14100, t, 5.640000e-07, KEe, 555372.716614, MEe, 1.851242389e+01, E, -2400.000000, NP, 30000 3000
14200, t, 5.680000e-07, KEe, 557264.970085, MEe, 1.857549900e+01, E, -2400.000000, NP, 30000 3000
14300, t, 5.720000e-07, KEe, 558233.872385, MEe, 1.860779575e+01, E, -2400.000000, NP, 30000 3000
14400, t, 5.760000e-07, KEe, 557695.920161, MEe, 1.858986401e+01, E, -2400.000000, NP, 30000 3000
14500, t, 5.800000e-07, KEe, 554508.153723, MEe, 1.848360512e+01, E, -2400.000000, NP, 30000 3000
14600, t, 5.840000e-07, KEe, 553587.446313, MEe, 1.845291488e+01, E, -2400.000000, NP, 30000 3000
14700, t, 5.880000e-07, KEe, 554459.755442, MEe, 1.848199185e+01, E, -2400.000000, NP, 30000 3000
14800, t, 5.920000e-07, KEe, 554421.263845, MEe, 1.848070879e+01, E, -2400.000000, NP, 30000 3000
14900, t, 5.960000e-07, KEe, 555827.536467, MEe, 1.852758455e+01, E, -2400.000000, NP, 30000 3000
15000, t, 6.000000e-07, KEe, 555190.788534, MEe, 1.850635962e+01, E, -2400.000000, NP, 30000 3000
15100, t, 6.040000e-07, KEe, 551746.610407, MEe, 1.839155368e+01, E, -2400.000000, NP, 30000 3000
15200, t, 6.080000e-07, KEe, 553863.545133, MEe, 1.846211817e+01, E, -2400.000000, NP, 30000 3000
15300, t, 6.120000e-07, KEe, 551224.389349, MEe, 1.837414631e+01, E, -2400.000000, NP, 30000 3000
15400, t, 6.160000e-07, KEe, 553506.639885, MEe, 1.845022133e+01, E, -2400.000000, NP, 30000 3000
15500, t, 6.200000e-07, KEe, 554433.246897, MEe, 1.848110823e+01, E, -2400.000000, NP, 30000 3000
15600, t, 6.240000e-07, KEe, 554455.148132, MEe, 1.848183827e+01, E, -2400.000000, NP, 30000 3000
15700, t, 6.280000e-07, KEe, 555717.874341, MEe, 1.852392914e+01, E, -2400.000000, NP, 30000 3000
15800, t, 6.320000e-07, KEe, 553792.999880, MEe, 1.845976666e+01, E, -2400.000000, NP, 30000 3000
15900, t, 6.360000e-07, KEe, 556841.858746, MEe, 1.856139529e+01, E, -2400.000000, NP, 30000 3000
16000, t, 6.400000e-07, KEe, 555059.692655, MEe, 1.850198976e+01, E, -2400.000000, NP, 30000 3000
16100, t, 6.440000e-07, KEe, 557029.673552, MEe, 1.856765579e+01, E, -2400.000000, NP, 30000 3000
16200, t, 6.480000e-07, KEe, 553898.768442, MEe, 1.846329228e+01, E, -2400.000000, NP, 30000 3000
16300, t, 6.520000e-07, KEe, 553993.969193, MEe, 1.846646564e+01, E, -2400.000000, NP, 30000 3000
16400, t, 6.560000e-07, KEe, 550676.529178, MEe, 1.835588431e+01, E, -2400.000000, NP, 30000 3000
16500, t, 6.600000e-07, KEe, 552074.377357, MEe, 1.840247925e+01, E, -2400.000000, NP, 30000 3000
16600, t, 6.640000e-07, KEe, 553433.824928, MEe, 1.844779416e+01, E, -2400.000000, NP, 30000 3000
16700, t, 6.680000e-07, KEe, 557756.597153, MEe, 1.859188657e+01, E, -2400.000000, NP, 30000 3000
16800, t, 6.720000e-07, KEe, 556963.509189, MEe, 1.856545031e+01, E, -2400.000000, NP, 30000 3000
16900, t, 6.760000e-07, KEe, 554527.907985, MEe, 1.848426360e+01, E, -2400.000000, NP, 30000 3000
17000, t, 6.800000e-07, KEe, 552273.338136, MEe, 1.840911127e+01, E, -2400.000000, NP, 30000 3000
17100, t, 6.840000e-07, KEe, 552677.384630, MEe, 1.842257949e+01, E, -2400.000000, NP, 30000 3000
17200, t, 6.880000e-07, KEe, 555890.451250, MEe, 1.852968171e+01, E, -2400.000000, NP, 30000 3000
17300, t, 6.920000e-07, KEe, 555092.801115, MEe, 1.850309337e+01, E, -2400.000000, NP, 30000 3000
17400, t, 6.960000e-07, KEe, 556093.529325, MEe, 1.853645098e+01, E, -2400.000000, NP, 30000 3000
17500, t, 7.000000e-07, KEe, 558139.356287, MEe, 1.860464521e+01, E, -2400.000000, NP, 30000 3000
17600, t, 7.040000e-07, KEe, 554877.899490, MEe, 1.849592998e+01, E, -2400.000000, NP, 30000 3000
17700, t, 7.080000e-07, KEe, 553946.373398, MEe, 1.846487911e+01, E, -2400.000000, NP, 30000 3000
17800, t, 7.120000e-07, KEe, 550765.127219, MEe, 1.835883757e+01, E, -2400.000000, NP, 30000 3000
17900, t, 7.160000e-07, KEe, 552889.102818, MEe, 1.842963676e+01, E, -2400.000000, NP, 30000 3000
18000, t, 7.200000e-07, KEe, 551762.897443, MEe, 1.839209658e+01, E, -2400.000000, NP, 30000 3000
18100, t, 7.240000e-07, KEe, 554541.567006, MEe, 1.848471890e+01, E, -2400.000000, NP, 30000 3000
18200, t, 7.280000e-07, KEe, 555011.748386, MEe, 1.850039161e+01, E, -2400.000000, NP, 30000 3000
18300, t, 7.320000e-07, KEe, 554935.217704, MEe, 1.849784059e+01, E, -2400.000000, NP, 30000 3000
18400, t, 7.360000e-07, KEe, 558414.099501, MEe, 1.861380332e+01, E, -2400.000000, NP, 30000 3000
18500, t, 7.400000e-07, KEe, 560049.551868, MEe, 1.866831840e+01, E, -2400.000000, NP, 30000 3000
18600, t, 7.440000e-07, KEe, 555367.031358, MEe, 1.851223438e+01, E, -2400.000000, NP, 30000 3000
18700, t, 7.480000e-07, KEe, 554702.652627, MEe, 1.849008842e+01, E, -2400.000000, NP, 30000 3000
18800, t, 7.520000e-07, KEe, 553581.819411, MEe, 1.845272731e+01, E, -2400.000000, NP, 30000 3000
18900, t, 7.560000e-07, KEe, 552637.962761, MEe, 1.842126543e+01, E, -2400.000000, NP, 30000 3000
19000, t, 7.600000e-07, KEe, 551511.833672, MEe, 1.838372779e+01, E, -2400.000000, NP, 30000 3000
19100, t, 7.640000e-07, KEe, 553480.654529, MEe, 1.844935515e+01, E, -2400.000000, NP, 30000 3000
19200, t, 7.680000e-07, KEe, 558881.511464, MEe, 1.862938372e+01, E, -2400.000000, NP, 30000 3000
19300, t, 7.720000e-07, KEe, 558825.396696, MEe, 1.862751322e+01, E, -2400.000000, NP, 30000 3000
19400, t, 7.760000e-07, KEe, 558228.796267, MEe, 1.860762654e+01, E, -2400.000000, NP, 30000 3000
19500, t, 7.800000e-07, KEe, 555973.229909, MEe, 1.853244100e+01, E, -2400.000000, NP, 30000 3000
19600, t, 7.840000e-07, KEe, 552456.736443, MEe, 1.841522455e+01, E, -2400.000000, NP, 30000 3000
19700, t, 7.880000e-07, KEe, 553493.763725, MEe, 1.844979212e+01, E, -2400.000000, NP, 30000 3000
19800, t, 7.920000e-07, KEe, 554593.186369, MEe, 1.848643955e+01, E, -2400.000000, NP, 30000 3000
19900, t, 7.960000e-07, KEe, 552893.440783, MEe, 1.842978136e+01, E, -2400.000000, NP, 30000 3000
20000, t, 8.000000e-07, KEe, 557671.082291, MEe, 1.858903608e+01, E, -2400.000000, NP, 30000 3000
20100, t, 8.040000e-07, KEe, 554877.490496, MEe, 1.849591635e+01, E, -2400.000000, NP, 30000 3000
20200, t, 8.080000e-07, KEe, 555155.552775, MEe, 1.850518509e+01, E, -2400.000000, NP, 30000 3000
20300, t, 8.120000e-07, KEe, 556758.925983, MEe, 1.855863087e+01, E, -2400.000000, NP, 30000 3000
20400, t, 8.160000e-07, KEe, 558834.124553, MEe, 1.862780415e+01, E, -2400.000000, NP, 30000 3000
20500, t, 8.200000e-07, KEe, 557921.016323, MEe, 1.859736721e+01, E, -2400.000000, NP, 30000 3000
20600, t, 8.240000e-07, KEe, 558672.305924, MEe, 1.862241020e+01, E, -2400.000000, NP, 30000 3000
20700, t, 8.280000e-07, KEe, 555285.154905, MEe, 1.850950516e+01, E, -2400.000000, NP, 30000 3000
20800, t, 8.320000e-07, KEe, 552030.648975, MEe, 1.840102163e+01, E, -2400.000000, NP, 30000 3000
20900, t, 8.360000e-07, KEe, 547976.852093, MEe, 1.826589507e+01, E, -2400.000000, NP, 30000 3000
21000, t, 8.400000e-07, KEe, 552661.992275, MEe, 1.842206641e+01, E, -2400.000000, NP, 30000 3000
21100, t, 8.440000e-07, KEe, 553168.263685, MEe, 1.843894212e+01, E, -2400.000000, NP, 30000 3000
21200, t, 8.480000e-07, KEe, 556229.031827, MEe, 1.854096773e+01, E, -2400.000000, NP, 30000 3000
21300, t, 8.520000e-07, KEe, 553657.193911, MEe, 1.845523980e+01, E, -2400.000000, NP, 30000 3000
21400, t, 8.560000e-07, KEe, 550504.772740, MEe, 1.835015909e+01, E, -2400.000000, NP, 30000 3000
21500, t, 8.600000e-07, KEe, 554168.662871, MEe, 1.847228876e+01, E, -2400.000000, NP, 30000 3000
21600, t, 8.640000e-07, KEe, 559223.705094, MEe, 1.864079017e+01, E, -2400.000000, NP, 30000 3000
21700, t, 8.680000e-07, KEe, 554835.850645, MEe, 1.849452835e+01, E, -2400.000000, NP, 30000 3000
21800, t, 8.720000e-07, KEe, 554866.666810, MEe, 1.849555556e+01, E, -2400.000000, NP, 30000 3000
21900, t, 8.760000e-07, KEe, 554215.723003, MEe, 1.847385743e+01, E, -2400.000000, NP, 30000 3000
22000, t, 8.800000e-07, KEe, 554422.383067, MEe, 1.848074610e+01, E, -2400.000000, NP, 30000 3000
22100, t, 8.840000e-07, KEe, 557741.667511, MEe, 1.859138892e+01, E, -2400.000000, NP, 30000 3000
22200, t, 8.880000e-07, KEe, 556593.731351, MEe, 1.855312438e+01, E, -2400.000000, NP, 30000 3000
22300, t, 8.920000e-07, KEe, 555642.328029, MEe, 1.852141093e+01, E, -2400.000000, NP, 30000 3000
22400, t, 8.960000e-07, KEe, 555015.558249, MEe, 1.850051861e+01, E, -2400.000000, NP, 30000 3000
22500, t, 9.000000e-07, KEe, 558348.095468, MEe, 1.861160318e+01, E, -2400.000000, NP, 30000 3000
22600, t, 9.040000e-07, KEe, 557900.061967, MEe, 1.859666873e+01, E, -2400.000000, NP, 30000 3000
22700, t, 9.080000e-07, KEe, 552021.637416, MEe, 1.840072125e+01, E, -2400.000000, NP, 30000 3000
22800, t, 9.120000e-07, KEe, 556793.260609, MEe, 1.855977535e+01, E, -2400.000000, NP, 30000 3000
22900, t, 9.160000e-07, KEe, 556141.207492, MEe, 1.853804025e+01, E, -2400.000000, NP, 30000 3000
23000, t, 9.200000e-07, KEe, 555282.704218, MEe, 1.850942347e+01, E, -2400.000000, NP, 30000 3000
23100, t, 9.240000e-07, KEe, 551997.018114, MEe, 1.839990060e+01, E, -2400.000000, NP, 30000 3000
23200, t, 9.280000e-07, KEe, 549741.891194, MEe, 1.832472971e+01, E, -2400.000000, NP, 30000 3000
23300, t, 9.320000e-07, KEe, 554440.767492, MEe, 1.848135892e+01, E, -2400.000000, NP, 30000 3000
23400, t, 9.360000e-07, KEe, 555680.795017, MEe, 1.852269317e+01, E, -2400.000000, NP, 30000 3000
23500, t, 9.400000e-07, KEe, 555564.499249, MEe, 1.851881664e+01, E, -2400.000000, NP, 30000 3000
23600, t, 9.440000e-07, KEe, 554641.235924, MEe, 1.848804120e+01, E, -2400.000000, NP, 30000 3000
23700, t, 9.480000e-07, KEe, 554925.420756, MEe, 1.849751403e+01, E, -2400.000000, NP, 30000 3000
23800, t, 9.520000e-07, KEe, 557066.425428, MEe, 1.856888085e+01, E, -2400.000000, NP, 30000 3000
23900, t, 9.560000e-07, KEe, 555869.618053, MEe, 1.852898727e+01, E, -2400.000000, NP, 30000 3000
24000, t, 9.600000e-07, KEe, 552651.079899, MEe, 1.842170266e+01, E, -2400.000000, NP, 30000 3000
24100, t, 9.640000e-07, KEe, 552924.034548, MEe, 1.843080115e+01, E, -2400.000000, NP, 30000 3000
24200, t, 9.680000e-07, KEe, 553210.478043, MEe, 1.844034927e+01, E, -2400.000000, NP, 30000 3000
24300, t, 9.720000e-07, KEe, 553144.827937, MEe, 1.843816093e+01, E, -2400.000000, NP, 30000 3000
24400, t, 9.760000e-07, KEe, 549998.920445, MEe, 1.833329735e+01, E, -2400.000000, NP, 30000 3000
24500, t, 9.800000e-07, KEe, 547457.307657, MEe, 1.824857692e+01, E, -2400.000000, NP, 30000 3000
24600, t, 9.840000e-07, KEe, 553244.168583, MEe, 1.844147229e+01, E, -2400.000000, NP, 30000 3000
24700, t, 9.880000e-07, KEe, 555791.356722, MEe, 1.852637856e+01, E, -2400.000000, NP, 30000 3000
24800, t, 9.920000e-07, KEe, 552196.591517, MEe, 1.840655305e+01, E, -2400.000000, NP, 30000 3000
24900, t, 9.960000e-07, KEe, 550072.532174, MEe, 1.833575107e+01, E, -2400.000000, NP, 30000 3000
25000, t, 1.000000e-06, KEe, 550624.316336, MEe, 1.835414388e+01, E, -2400.000000, NP, 30000 3000
25100, t, 1.004000e-06, KEe, 552165.830552, MEe, 1.840552769e+01, E, -2400.000000, NP, 30000 3000
25200, t, 1.008000e-06, KEe, 552564.736796, MEe, 1.841882456e+01, E, -2400.000000, NP, 30000 3000
25300, t, 1.012000e-06, KEe, 551946.152640, MEe, 1.839820509e+01, E, -2400.000000, NP, 30000 3000
25400, t, 1.016000e-06, KEe, 556049.716637, MEe, 1.853499055e+01, E, -2400.000000, NP, 30000 3000
25500, t, 1.020000e-06, KEe, 556085.355167, MEe, 1.853617851e+01, E, -2400.000000, NP, 30000 3000
25600, t, 1.024000e-06, KEe, 556460.661989, MEe, 1.854868873e+01, E, -2400.000000, NP, 30000 3000
25700, t, 1.028000e-06, KEe, 554075.120797, MEe, 1.846917069e+01, E, -2400.000000, NP, 30000 3000
25800, t, 1.032000e-06, KEe, 553033.438024, MEe, 1.843444793e+01, E, -2400.000000, NP, 30000 3000
25900, t, 1.036000e-06, KEe, 553054.643446, MEe, 1.843515478e+01, E, -2400.000000, NP, 30000 3000
26000, t, 1.040000e-06, KEe, 554034.771575, MEe, 1.846782572e+01, E, -2400.000000, NP, 30000 3000
26100, t, 1.044000e-06, KEe, 556523.934387, MEe, 1.855079781e+01, E, -2400.000000, NP, 30000 3000
26200, t, 1.048000e-06, KEe, 558344.658999, MEe, 1.861148863e+01, E, -2400.000000, NP, 30000 3000
26300, t, 1.052000e-06, KEe, 557607.321424, MEe, 1.858691071e+01, E, -2400.000000, NP, 30000 3000
26400, t, 1.056000e-06, KEe, 558266.423933, MEe, 1.860888080e+01, E, -2400.000000, NP, 30000 3000
26500, t, 1.060000e-06, KEe, 557472.341629, MEe, 1.858241139e+01, E, -2400.000000, NP, 30000 3000
26600, t, 1.064000e-06, KEe, 558848.854553, MEe, 1.862829515e+01, E, -2400.000000, NP, 30000 3000
26700, t, 1.068000e-06, KEe, 558157.520929, MEe, 1.860525070e+01, E, -2400.000000, NP, 30000 3000
26800, t, 1.072000e-06, KEe, 555613.909923, MEe, 1.852046366e+01, E, -2400.000000, NP, 30000 3000
26900, t, 1.076000e-06, KEe, 557755.701721, MEe, 1.859185672e+01, E, -2400.000000, NP, 30000 3000
27000, t, 1.080000e-06, KEe, 558257.427932, MEe, 1.860858093e+01, E, -2400.000000, NP, 30000 3000
27100, t, 1.084000e-06, KEe, 557693.900390, MEe, 1.858979668e+01, E, -2400.000000, NP, 30000 3000
27200, t, 1.088000e-06, KEe, 559216.534725, MEe, 1.864055116e+01, E, -2400.000000, NP, 30000 3000
27300, t, 1.092000e-06, KEe, 558936.638819, MEe, 1.863122129e+01, E, -2400.000000, NP, 30000 3000
27400, t, 1.096000e-06, KEe, 553462.652517, MEe, 1.844875508e+01, E, -2400.000000, NP, 30000 3000
27500, t, 1.100000e-06, KEe, 555345.567240, MEe, 1.851151891e+01, E, -2400.000000, NP, 30000 3000
27600, t, 1.104000e-06, KEe, 553856.361365, MEe, 1.846187871e+01, E, -2400.000000, NP, 30000 3000
27700, t, 1.108000e-06, KEe, 552980.782945, MEe, 1.843269276e+01, E, -2400.000000, NP, 30000 3000
27800, t, 1.112000e-06, KEe, 554247.286795, MEe, 1.847490956e+01, E, -2400.000000, NP, 30000 3000
27900, t, 1.116000e-06, KEe, 555888.121701, MEe, 1.852960406e+01, E, -2400.000000, NP, 30000 3000
28000, t, 1.120000e-06, KEe, 554379.524669, MEe, 1.847931749e+01, E, -2400.000000, NP, 30000 3000
28100, t, 1.124000e-06, KEe, 552804.717823, MEe, 1.842682393e+01, E, -2400.000000, NP, 30000 3000
28200, t, 1.128000e-06, KEe, 552398.933546, MEe, 1.841329778e+01, E, -2400.000000, NP, 30000 3000
28300, t, 1.132000e-06, KEe, 557479.183646, MEe, 1.858263945e+01, E, -2400.000000, NP, 30000 3000
28400, t, 1.136000e-06, KEe, 558177.903772, MEe, 1.860593013e+01, E, -2400.000000, NP, 30000 3000
28500, t, 1.140000e-06, KEe, 556891.552011, MEe, 1.856305173e+01, E, -2400.000000, NP, 30000 3000
28600, t, 1.144000e-06, KEe, 554523.522350, MEe, 1.848411741e+01, E, -2400.000000, NP, 30000 3000
28700, t, 1.148000e-06, KEe, 553471.425453, MEe, 1.844904752e+01, E, -2400.000000, NP, 30000 3000
28800, t, 1.152000e-06, KEe, 553907.053427, MEe, 1.846356845e+01, E, -2400.000000, NP, 30000 3000
28900, t, 1.156000e-06, KEe, 554352.401951, MEe, 1.847841340e+01, E, -2400.000000, NP, 30000 3000
29000, t, 1.160000e-06, KEe, 550684.134738, MEe, 1.835613782e+01, E, -2400.000000, NP, 30000 3000
29100, t, 1.164000e-06, KEe, 549491.526405, MEe, 1.831638421e+01, E, -2400.000000, NP, 30000 3000
29200, t, 1.168000e-06, KEe, 552432.219898, MEe, 1.841440733e+01, E, -2400.000000, NP, 30000 3000
29300, t, 1.172000e-06, KEe, 554172.752755, MEe, 1.847242509e+01, E, -2400.000000, NP, 30000 3000
29400, t, 1.176000e-06, KEe, 553305.308667, MEe, 1.844351029e+01, E, -2400.000000, NP, 30000 3000
29500, t, 1.180000e-06, KEe, 555078.268478, MEe, 1.850260895e+01, E, -2400.000000, NP, 30000 3000
29600, t, 1.184000e-06, KEe, 554695.430337, MEe, 1.848984768e+01, E, -2400.000000, NP, 30000 3000
29700, t, 1.188000e-06, KEe, 551795.229549, MEe, 1.839317432e+01, E, -2400.000000, NP, 30000 3000
29800, t, 1.192000e-06, KEe, 550376.548103, MEe, 1.834588494e+01, E, -2400.000000, NP, 30000 3000
29900, t, 1.196000e-06, KEe, 552203.877931, MEe, 1.840679593e+01, E, -2400.000000, NP, 30000 3000
30000, t, 1.200000e-06, KEe, 552013.404566, MEe, 1.840044682e+01, E, -2400.000000, NP, 30000 3000
30100, t, 1.204000e-06, KEe, 554131.685198, MEe, 1.847105617e+01, E, -2400.000000, NP, 30000 3000
30200, t, 1.208000e-06, KEe, 552523.879681, MEe, 1.841746266e+01, E, -2400.000000, NP, 30000 3000
30300, t, 1.212000e-06, KEe, 552428.326494, MEe, 1.841427755e+01, E, -2400.000000, NP, 30000 3000
30400, t, 1.216000e-06, KEe, 555461.977270, MEe, 1.851539924e+01, E, -2400.000000, NP, 30000 3000
30500, t, 1.220000e-06, KEe, 555698.868578, MEe, 1.852329562e+01, E, -2400.000000, NP, 30000 3000
30600, t, 1.224000e-06, KEe, 557000.388305, MEe, 1.856667961e+01, E, -2400.000000, NP, 30000 3000
30700, t, 1.228000e-06, KEe, 558024.663385, MEe, 1.860082211e+01, E, -2400.000000, NP, 30000 3000
30800, t, 1.232000e-06, KEe, 559625.932989, MEe, 1.865419777e+01, E, -2400.000000, NP, 30000 3000
30900, t, 1.236000e-06, KEe, 558022.055945, MEe, 1.860073520e+01, E, -2400.000000, NP, 30000 3000
31000, t, 1.240000e-06, KEe, 554943.449836, MEe, 1.849811499e+01, E, -2400.000000, NP, 30000 3000
31100, t, 1.244000e-06, KEe, 552996.152449, MEe, 1.843320508e+01, E, -2400.000000, NP, 30000 3000
31200, t, 1.248000e-06, KEe, 556407.569399, MEe, 1.854691898e+01, E, -2400.000000, NP, 30000 3000
31300, t, 1.252000e-06, KEe, 556420.030053, MEe, 1.854733434e+01, E, -2400.000000, NP, 30000 3000
31400, t, 1.256000e-06, KEe, 552411.454670, MEe, 1.841371516e+01, E, -2400.000000, NP, 30000 3000
31500, t, 1.260000e-06, KEe, 555224.590848, MEe, 1.850748636e+01, E, -2400.000000, NP, 30000 3000
31600, t, 1.264000e-06, KEe, 552815.204738, MEe, 1.842717349e+01, E, -2400.000000, NP, 30000 3000
31700, t, 1.268000e-06, KEe, 552659.363305, MEe, 1.842197878e+01, E, -2400.000000, NP, 30000 3000
31800, t, 1.272000e-06, KEe, 554434.022412, MEe, 1.848113408e+01, E, -2400.000000, NP, 30000 3000
31900, t, 1.276000e-06, KEe, 555859.376339, MEe, 1.852864588e+01, E, -2400.000000, NP, 30000 3000
32000, t, 1.280000e-06, KEe, 554082.722292, MEe, 1.846942408e+01, E, -2400.000000, NP, 30000 3000
32100, t, 1.284000e-06, KEe, 556866.691023, MEe, 1.856222303e+01, E, -2400.000000, NP, 30000 3000
32200, t, 1.288000e-06, KEe, 555350.642057, MEe, 1.851168807e+01, E, -2400.000000, NP, 30000 3000
32300, t, 1.292000e-06, KEe, 555005.138373, MEe, 1.850017128e+01, E, -2400.000000, NP, 30000 3000
32400, t, 1.296000e-06, KEe, 553513.089347, MEe, 1.845043631e+01, E, -2400.000000, NP, 30000 3000
32500, t, 1.300000e-06, KEe, 556339.771639, MEe, 1.854465905e+01, E, -2400.000000, NP, 30000 3000
32600, t, 1.304000e-06, KEe, 559217.771616, MEe, 1.864059239e+01, E, -2400.000000, NP, 30000 3000
32700, t, 1.308000e-06, KEe, 560119.163743, MEe, 1.867063879e+01, E, -2400.000000, NP, 30000 3000
32800, t, 1.312000e-06, KEe, 562009.400765, MEe, 1.873364669e+01, E, -2400.000000, NP, 30000 3000
32900, t, 1.316000e-06, KEe, 561680.616173, MEe, 1.872268721e+01, E, -2400.000000, NP, 30000 3000
33000, t, 1.320000e-06, KEe, 560135.476524, MEe, 1.867118255e+01, E, -2400.000000, NP, 30000 3000
33100, t, 1.324000e-06, KEe, 556552.345691, MEe, 1.855174486e+01, E, -2400.000000, NP, 30000 3000
33200, t, 1.328000e-06, KEe, 557163.829663, MEe, 1.857212766e+01, E, -2400.000000, NP, 30000 3000
33300, t, 1.332000e-06, KEe, 559994.385406, MEe, 1.866647951e+01, E, -2400.000000, NP, 30000 3000
33400, t, 1.336000e-06, KEe, 558689.838052, MEe, 1.862299460e+01, E, -2400.000000, NP, 30000 3000
33500, t, 1.340000e-06, KEe, 558557.612932, MEe, 1.861858710e+01, E, -2400.000000, NP, 30000 3000
33600, t, 1.344000e-06, KEe, 557224.615521, MEe, 1.857415385e+01, E, -2400.000000, NP, 30000 3000
33700, t, 1.348000e-06, KEe, 554235.592623, MEe, 1.847451975e+01, E, -2400.000000, NP, 30000 3000
33800, t, 1.352000e-06, KEe, 551581.876663, MEe, 1.838606256e+01, E, -2400.000000, NP, 30000 3000
33900, t, 1.356000e-06, KEe, 552409.271839, MEe, 1.841364239e+01, E, -2400.000000, NP, 30000 3000
34000, t, 1.360000e-06, KEe, 550816.790865, MEe, 1.836055970e+01, E, -2400.000000, NP, 30000 3000
34100, t, 1.364000e-06, KEe, 549689.756210, MEe, 1.832299187e+01, E, -2400.000000, NP, 30000 3000
34200, t, 1.368000e-06, KEe, 551407.673436, MEe, 1.838025578e+01, E, -2400.000000, NP, 30000 3000
34300, t, 1.372000e-06, KEe, 550795.049150, MEe, 1.835983497e+01, E, -2400.000000, NP, 30000 3000
34400, t, 1.376000e-06, KEe, 550516.480993, MEe, 1.835054937e+01, E, -2400.000000, NP, 30000 3000
34500, t, 1.380000e-06, KEe, 551679.455837, MEe, 1.838931519e+01, E, -2400.000000, NP, 30000 3000
34600, t, 1.384000e-06, KEe, 549515.961977, MEe, 1.831719873e+01, E, -2400.000000, NP, 30000 3000
34700, t, 1.388000e-06, KEe, 548313.397545, MEe, 1.827711325e+01, E, -2400.000000, NP, 30000 3000
34800, t, 1.392000e-06, KEe, 550697.772646, MEe, 1.835659242e+01, E, -2400.000000, NP, 30000 3000
34900, t, 1.396000e-06, KEe, 551790.874770, MEe, 1.839302916e+01, E, -2400.000000, NP, 30000 3000
35000, t, 1.400000e-06, KEe, 557955.468285, MEe, 1.859851561e+01, E, -2400.000000, NP, 30000 3000
35100, t, 1.404000e-06, KEe, 557365.472146, MEe, 1.857884907e+01, E, -2400.000000, NP, 30000 3000
35200, t, 1.408000e-06, KEe, 555686.552716, MEe, 1.852288509e+01, E, -2400.000000, NP, 30000 3000
35300, t, 1.412000e-06, KEe, 557287.963657, MEe, 1.857626546e+01, E, -2400.000000, NP, 30000 3000
35400, t, 1.416000e-06, KEe, 554218.147661, MEe, 1.847393826e+01, E, -2400.000000, NP, 30000 3000
35500, t, 1.420000e-06, KEe, 552278.953622, MEe, 1.840929845e+01, E, -2400.000000, NP, 30000 3000
35600, t, 1.424000e-06, KEe, 556363.802729, MEe, 1.854546009e+01, E, -2400.000000, NP, 30000 3000
35700, t, 1.428000e-06, KEe, 555303.713276, MEe, 1.851012378e+01, E, -2400.000000, NP, 30000 3000
35800, t, 1.432000e-06, KEe, 556688.690380, MEe, 1.855628968e+01, E, -2400.000000, NP, 30000 3000
35900, t, 1.436000e-06, KEe, 559411.087513, MEe, 1.864703625e+01, E, -2400.000000, NP, 30000 3000
36000, t, 1.440000e-06, KEe, 557550.168707, MEe, 1.858500562e+01, E, -2400.000000, NP, 30000 3000
36100, t, 1.444000e-06, KEe, 559495.838865, MEe, 1.864986130e+01, E, -2400.000000, NP, 30000 3000
36200, t, 1.448000e-06, KEe, 561844.906822, MEe, 1.872816356e+01, E, -2400.000000, NP, 30000 3000
36300, t, 1.452000e-06, KEe, 555905.955476, MEe, 1.853019852e+01, E, -2400.000000, NP, 30000 3000
36400, t, 1.456000e-06, KEe, 557113.435421, MEe, 1.857044785e+01, E, -2400.000000, NP, 30000 3000
36500, t, 1.460000e-06, KEe, 555421.389052, MEe, 1.851404630e+01, E, -2400.000000, NP, 30000 3000
36600, t, 1.464000e-06, KEe, 556663.742997, MEe, 1.855545810e+01, E, -2400.000000, NP, 30000 3000
36700, t, 1.468000e-06, KEe, 552408.804150, MEe, 1.841362681e+01, E, -2400.000000, NP, 30000 3000
36800, t, 1.472000e-06, KEe, 556014.079532, MEe, 1.853380265e+01, E, -2400.000000, NP, 30000 3000
36900, t, 1.476000e-06, KEe, 555732.718450, MEe, 1.852442395e+01, E, -2400.000000, NP, 30000 3000
37000, t, 1.480000e-06, KEe, 555573.777666, MEe, 1.851912592e+01, E, -2400.000000, NP, 30000 3000
37100, t, 1.484000e-06, KEe, 556199.041567, MEe, 1.853996805e+01, E, -2400.000000, NP, 30000 3000
37200, t, 1.488000e-06, KEe, 554544.752766, MEe, 1.848482509e+01, E, -2400.000000, NP, 30000 3000
37300, t, 1.492000e-06, KEe, 553958.551790, MEe, 1.846528506e+01, E, -2400.000000, NP, 30000 3000
37400, t, 1.496000e-06, KEe, 552074.190564, MEe, 1.840247302e+01, E, -2400.000000, NP, 30000 3000
37500, t, 1.500000e-06, KEe, 553776.796050, MEe, 1.845922654e+01, E, -2400.000000, NP, 30000 3000
37600, t, 1.504000e-06, KEe, 554627.684007, MEe, 1.848758947e+01, E, -2400.000000, NP, 30000 3000
37700, t, 1.508000e-06, KEe, 558337.781388, MEe, 1.861125938e+01, E, -2400.000000, NP, 30000 3000
37800, t, 1.512000e-06, KEe, 557333.991995, MEe, 1.857779973e+01, E, -2400.000000, NP, 30000 3000
37900, t, 1.516000e-06, KEe, 556626.251146, MEe, 1.855420837e+01, E, -2400.000000, NP, 30000 3000
38000, t, 1.520000e-06, KEe, 557063.683489, MEe, 1.856878945e+01, E, -2400.000000, NP, 30000 3000
38100, t, 1.524000e-06, KEe, 557079.798392, MEe, 1.856932661e+01, E, -2400.000000, NP, 30000 3000
38200, t, 1.528000e-06, KEe, 556444.858037, MEe, 1.854816193e+01, E, -2400.000000, NP, 30000 3000
38300, t, 1.532000e-06, KEe, 555524.302305, MEe, 1.851747674e+01, E, -2400.000000, NP, 30000 3000
38400, t, 1.536000e-06, KEe, 555451.886914, MEe, 1.851506290e+01, E, -2400.000000, NP, 30000 3000
38500, t, 1.540000e-06, KEe, 556656.372834, MEe, 1.855521243e+01, E, -2400.000000, NP, 30000 3000
38600, t, 1.544000e-06, KEe, 557326.705652, MEe, 1.857755686e+01, E, -2400.000000, NP, 30000 3000
38700, t, 1.548000e-06, KEe, 555215.281017, MEe, 1.850717603e+01, E, -2400.000000, NP, 30000 3000
38800, t, 1.552000e-06, KEe, 556675.800361, MEe, 1.855586001e+01, E, -2400.000000, NP, 30000 3000
38900, t, 1.556000e-06, KEe, 553068.129962, MEe, 1.843560433e+01, E, -2400.000000, NP, 30000 3000
39000, t, 1.560000e-06, KEe, 553024.295824, MEe, 1.843414319e+01, E, -2400.000000, NP, 30000 3000
39100, t, 1.564000e-06, KEe, 553023.033701, MEe, 1.843410112e+01, E, -2400.000000, NP, 30000 3000
39200, t, 1.568000e-06, KEe, 554856.128350, MEe, 1.849520428e+01, E, -2400.000000, NP, 30000 3000
39300, t, 1.572000e-06, KEe, 556385.258893, MEe, 1.854617530e+01, E, -2400.000000, NP, 30000 3000
39400, t, 1.576000e-06, KEe, 559451.295561, MEe, 1.864837652e+01, E, -2400.000000, NP, 30000 3000
39500, t, 1.580000e-06, KEe, 562384.071777, MEe, 1.874613573e+01, E, -2400.000000, NP, 30000 3000
39600, t, 1.584000e-06, KEe, 560470.328980, MEe, 1.868234430e+01, E, -2400.000000, NP, 30000 3000
39700, t, 1.588000e-06, KEe, 556645.704557, MEe, 1.855485682e+01, E, -2400.000000, NP, 30000 3000
39800, t, 1.592000e-06, KEe, 557434.219873, MEe, 1.858114066e+01, E, -2400.000000, NP, 30000 3000
39900, t, 1.596000e-06, KEe, 555384.390179, MEe, 1.851281301e+01, E, -2400.000000, NP, 30000 3000
40000, t, 1.600000e-06, KEe, 556481.608584, MEe, 1.854938695e+01, E, -2400.000000, NP, 30000 3000
40100, t, 1.604000e-06, KEe, 554083.512754, MEe, 1.846945043e+01, E, -2400.000000, NP, 30000 3000
40200, t, 1.608000e-06, KEe, 554749.741010, MEe, 1.849165803e+01, E, -2400.000000, NP, 30000 3000
40300, t, 1.612000e-06, KEe, 556547.928815, MEe, 1.855159763e+01, E, -2400.000000, NP, 30000 3000
40400, t, 1.616000e-06, KEe, 555509.478394, MEe, 1.851698261e+01, E, -2400.000000, NP, 30000 3000
40500, t, 1.620000e-06, KEe, 556476.641618, MEe, 1.854922139e+01, E, -2400.000000, NP, 30000 3000
40600, t, 1.624000e-06, KEe, 554909.527287, MEe, 1.849698424e+01, E, -2400.000000, NP, 30000 3000
40700, t, 1.628000e-06, KEe, 556271.051950, MEe, 1.854236840e+01, E, -2400.000000, NP, 30000 3000
40800, t, 1.632000e-06, KEe, 560524.531784, MEe, 1.868415106e+01, E, -2400.000000, NP, 30000 3000
40900, t, 1.636000e-06, KEe, 559180.117298, MEe, 1.863933724e+01, E, -2400.000000, NP, 30000 3000
41000, t, 1.640000e-06, KEe, 556838.641077, MEe, 1.856128804e+01, E, -2400.000000, NP, 30000 3000
41100, t, 1.644000e-06, KEe, 552449.619257, MEe, 1.841498731e+01, E, -2400.000000, NP, 30000 3000
41200, t, 1.648000e-06, KEe, 555988.552892, MEe, 1.853295176e+01, E, -2400.000000, NP, 30000 3000
41300, t, 1.652000e-06, KEe, 559065.235217, MEe, 1.863550784e+01, E, -2400.000000, NP, 30000 3000
41400, t, 1.656000e-06, KEe, 557550.773689, MEe, 1.858502579e+01, E, -2400.000000, NP, 30000 3000
41500, t, 1.660000e-06, KEe, 555720.536123, MEe, 1.852401787e+01, E, -2400.000000, NP, 30000 3000
41600, t, 1.664000e-06, KEe, 555445.769471, MEe, 1.851485898e+01, E, -2400.000000, NP, 30000 3000
41700, t, 1.668000e-06, KEe, 558583.115763, MEe, 1.861943719e+01, E, -2400.000000, NP, 30000 3000
41800, t, 1.672000e-06, KEe, 556067.578947, MEe, 1.853558596e+01, E, -2400.000000, NP, 30000 3000
41900, t, 1.676000e-06, KEe, 554122.820068, MEe, 1.847076067e+01, E, -2400.000000, NP, 30000 3000
42000, t, 1.680000e-06, KEe, 554438.907172, MEe, 1.848129691e+01, E, -2400.000000, NP, 30000 3000
42100, t, 1.684000e-06, KEe, 553935.107241, MEe, 1.846450357e+01, E, -2400.000000, NP, 30000 3000
42200, t, 1.688000e-06, KEe, 555535.181529, MEe, 1.851783938e+01, E, -2400.000000, NP, 30000 3000
42300, t, 1.692000e-06, KEe, 556078.211524, MEe, 1.853594038e+01, E, -2400.000000, NP, 30000 3000
42400, t, 1.696000e-06, KEe, 555750.505733, MEe, 1.852501686e+01, E, -2400.000000, NP, 30000 3000
42500, t, 1.700000e-06, KEe, 557342.710686, MEe, 1.857809036e+01, E, -2400.000000, NP, 30000 3000
42600, t, 1.704000e-06, KEe, 553381.863350, MEe, 1.844606211e+01, E, -2400.000000, NP, 30000 3000
42700, t, 1.708000e-06, KEe, 554597.716868, MEe, 1.848659056e+01, E, -2400.000000, NP, 30000 3000
42800, t, 1.712000e-06, KEe, 551429.089811, MEe, 1.838096966e+01, E, -2400.000000, NP, 30000 3000
42900, t, 1.716000e-06, KEe, 552823.028409, MEe, 1.842743428e+01, E, -2400.000000, NP, 30000 3000
43000, t, 1.720000e-06, KEe, 551252.696329, MEe, 1.837508988e+01, E, -2400.000000, NP, 30000 3000
43100, t, 1.724000e-06, KEe, 552911.450223, MEe, 1.843038167e+01, E, -2400.000000, NP, 30000 3000
43200, t, 1.728000e-06, KEe, 552120.034252, MEe, 1.840400114e+01, E, -2400.000000, NP, 30000 3000
43300, t, 1.732000e-06, KEe, 551118.229426, MEe, 1.837060765e+01, E, -2400.000000, NP, 30000 3000
43400, t, 1.736000e-06, KEe, 555935.723630, MEe, 1.853119079e+01, E, -2400.000000, NP, 30000 3000
43500, t, 1.740000e-06, KEe, 555303.810387, MEe, 1.851012701e+01, E, -2400.000000, NP, 30000 3000
43600, t, 1.744000e-06, KEe, 555358.806308, MEe, 1.851196021e+01, E, -2400.000000, NP, 30000 3000
43700, t, 1.748000e-06, KEe, 556478.733163, MEe, 1.854929111e+01, E, -2400.000000, NP, 30000 3000
43800, t, 1.752000e-06, KEe, 556909.557772, MEe, 1.856365193e+01, E, -2400.000000, NP, 30000 3000
43900, t, 1.756000e-06, KEe, 556823.211695, MEe, 1.856077372e+01, E, -2400.000000, NP, 30000 3000
44000, t, 1.760000e-06, KEe, 553849.231207, MEe, 1.846164104e+01, E, -2400.000000, NP, 30000 3000
44100, t, 1.764000e-06, KEe, 554973.739193, MEe, 1.849912464e+01, E, -2400.000000, NP, 30000 3000
44200, t, 1.768000e-06, KEe, 561220.606168, MEe, 1.870735354e+01, E, -2400.000000, NP, 30000 3000
44300, t, 1.772000e-06, KEe, 562466.770404, MEe, 1.874889235e+01, E, -2400.000000, NP, 30000 3000
44400, t, 1.776000e-06, KEe, 556220.495183, MEe, 1.854068317e+01, E, -2400.000000, NP, 30000 3000
44500, t, 1.780000e-06, KEe, 556989.072834, MEe, 1.856630243e+01, E, -2400.000000, NP, 30000 3000
44600, t, 1.784000e-06, KEe, 554739.299693, MEe, 1.849130999e+01, E, -2400.000000, NP, 30000 3000
44700, t, 1.788000e-06, KEe, 552418.000039, MEe, 1.841393333e+01, E, -2400.000000, NP, 30000 3000
44800, t, 1.792000e-06, KEe, 554161.133159, MEe, 1.847203777e+01, E, -2400.000000, NP, 30000 3000
44900, t, 1.796000e-06, KEe, 555035.567263, MEe, 1.850118558e+01, E, -2400.000000, NP, 30000 3000
45000, t, 1.800000e-06, KEe, 555834.528664, MEe, 1.852781762e+01, E, -2400.000000, NP, 30000 3000
45100, t, 1.804000e-06, KEe, 557168.438934, MEe, 1.857228130e+01, E, -2400.000000, NP, 30000 3000
45200, t, 1.808000e-06, KEe, 558222.145380, MEe, 1.860740485e+01, E, -2400.000000, NP, 30000 3000
45300, t, 1.812000e-06, KEe, 556705.695489, MEe, 1.855685652e+01, E, -2400.000000, NP, 30000 3000
45400, t, 1.816000e-06, KEe, 552363.750919, MEe, 1.841212503e+01, E, -2400.000000, NP, 30000 3000
45500, t, 1.820000e-06, KEe, 549337.257479, MEe, 1.831124192e+01, E, -2400.000000, NP, 30000 3000
45600, t, 1.824000e-06, KEe, 550830.944281, MEe, 1.836103148e+01, E, -2400.000000, NP, 30000 3000
45700, t, 1.828000e-06, KEe, 557377.906926, MEe, 1.857926356e+01, E, -2400.000000, NP, 30000 3000
45800, t, 1.832000e-06, KEe, 556175.844763, MEe, 1.853919483e+01, E, -2400.000000, NP, 30000 3000
45900, t, 1.836000e-06, KEe, 554816.151135, MEe, 1.849387170e+01, E, -2400.000000, NP, 30000 3000
46000, t, 1.840000e-06, KEe, 555170.108106, MEe, 1.850567027e+01, E, -2400.000000, NP, 30000 3000
46100, t, 1.844000e-06, KEe, 557241.237623, MEe, 1.857470792e+01, E, -2400.000000, NP, 30000 3000
46200, t, 1.848000e-06, KEe, 561065.730729, MEe, 1.870219102e+01, E, -2400.000000, NP, 30000 3000
46300, t, 1.852000e-06, KEe, 561114.339902, MEe, 1.870381133e+01, E, -2400.000000, NP, 30000 3000
46400, t, 1.856000e-06, KEe, 556337.818906, MEe, 1.854459396e+01, E, -2400.000000, NP, 30000 3000
46500, t, 1.860000e-06, KEe, 557413.507950, MEe, 1.858045026e+01, E, -2400.000000, NP, 30000 3000
46600, t, 1.864000e-06, KEe, 559087.713995, MEe, 1.863625713e+01, E, -2400.000000, NP, 30000 3000
46700, t, 1.868000e-06, KEe, 553918.390640, MEe, 1.846394635e+01, E, -2400.000000, NP, 30000 3000
46800, t, 1.872000e-06, KEe, 554323.415291, MEe, 1.847744718e+01, E, -2400.000000, NP, 30000 3000
46900, t, 1.876000e-06, KEe, 556486.993776, MEe, 1.854956646e+01, E, -2400.000000, NP, 30000 3000
47000, t, 1.880000e-06, KEe, 554951.990742, MEe, 1.849839969e+01, E, -2400.000000, NP, 30000 3000
47100, t, 1.884000e-06, KEe, 552889.578382, MEe, 1.842965261e+01, E, -2400.000000, NP, 30000 3000
47200, t, 1.888000e-06, KEe, 553597.003663, MEe, 1.845323346e+01, E, -2400.000000, NP, 30000 3000
47300, t, 1.892000e-06, KEe, 549663.631541, MEe, 1.832212105e+01, E, -2400.000000, NP, 30000 3000
47400, t, 1.896000e-06, KEe, 552658.396345, MEe, 1.842194654e+01, E, -2400.000000, NP, 30000 3000
47500, t, 1.900000e-06, KEe, 551988.504555, MEe, 1.839961682e+01, E, -2400.000000, NP, 30000 3000
47600, t, 1.904000e-06, KEe, 554935.016160, MEe, 1.849783387e+01, E, -2400.000000, NP, 30000 3000
47700, t, 1.908000e-06, KEe, 555597.250879, MEe, 1.851990836e+01, E, -2400.000000, NP, 30000 3000
47800, t, 1.912000e-06, KEe, 555386.924584, MEe, 1.851289749e+01, E, -2400.000000, NP, 30000 3000
47900, t, 1.916000e-06, KEe, 556423.518184, MEe, 1.854745061e+01, E, -2400.000000, NP, 30000 3000
48000, t, 1.920000e-06, KEe, 554163.552286, MEe, 1.847211841e+01, E, -2400.000000, NP, 30000 3000
48100, t, 1.924000e-06, KEe, 555136.683261, MEe, 1.850455611e+01, E, -2400.000000, NP, 30000 3000
48200, t, 1.928000e-06, KEe, 556549.319005, MEe, 1.855164397e+01, E, -2400.000000, NP, 30000 3000
48300, t, 1.932000e-06, KEe, 555096.775663, MEe, 1.850322586e+01, E, -2400.000000, NP, 30000 3000
48400, t, 1.936000e-06, KEe, 553823.010105, MEe, 1.846076700e+01, E, -2400.000000, NP, 30000 3000
48500, t, 1.940000e-06, KEe, 556581.075572, MEe, 1.855270252e+01, E, -2400.000000, NP, 30000 3000
48600, t, 1.944000e-06, KEe, 557203.639268, MEe, 1.857345464e+01, E, -2400.000000, NP, 30000 3000
48700, t, 1.948000e-06, KEe, 551335.682858, MEe, 1.837785610e+01, E, -2400.000000, NP, 30000 3000
48800, t, 1.952000e-06, KEe, 553488.636211, MEe, 1.844962121e+01, E, -2400.000000, NP, 30000 3000
48900, t, 1.956000e-06, KEe, 553626.857025, MEe, 1.845422857e+01, E, -2400.000000, NP, 30000 3000
49000, t, 1.960000e-06, KEe, 553996.559211, MEe, 1.846655197e+01, E, -2400.000000, NP, 30000 3000
49100, t, 1.964000e-06, KEe, 555220.029978, MEe, 1.850733433e+01, E, -2400.000000, NP, 30000 3000
49200, t, 1.968000e-06, KEe, 555188.885779, MEe, 1.850629619e+01, E, -2400.000000, NP, 30000 3000
49300, t, 1.972000e-06, KEe, 555521.325976, MEe, 1.851737753e+01, E, -2400.000000, NP, 30000 3000
49400, t, 1.976000e-06, KEe, 556429.447910, MEe, 1.854764826e+01, E, -2400.000000, NP, 30000 3000
49500, t, 1.980000e-06, KEe, 555617.002967, MEe, 1.852056677e+01, E, -2400.000000, NP, 30000 3000
49600, t, 1.984000e-06, KEe, 552726.173968, MEe, 1.842420580e+01, E, -2400.000000, NP, 30000 3000
49700, t, 1.988000e-06, KEe, 554987.524228, MEe, 1.849958414e+01, E, -2400.000000, NP, 30000 3000
49800, t, 1.992000e-06, KEe, 552987.919271, MEe, 1.843293064e+01, E, -2400.000000, NP, 30000 3000
49900, t, 1.996000e-06, KEe, 553344.781227, MEe, 1.844482604e+01, E, -2400.000000, NP, 30000 3000
50000, t, 2.000000e-06, KEe, 554805.715694, MEe, 1.849352386e+01, E, -2400.000000, NP, 30000 3000
50100, t, 2.004000e-06, KEe, 554448.933826, MEe, 1.848163113e+01, E, -2400.000000, NP, 30000 3000
50200, t, 2.008000e-06, KEe, 554947.365567, MEe, 1.849824552e+01, E, -2400.000000, NP, 30000 3000
50300, t, 2.012000e-06, KEe, 555618.312253, MEe, 1.852061041e+01, E, -2400.000000, NP, 30000 3000
50400, t, 2.016000e-06, KEe, 552352.883006, MEe, 1.841176277e+01, E, -2400.000000, NP, 30000 3000
50500, t, 2.020000e-06, KEe, 553470.245230, MEe, 1.844900817e+01, E, -2400.000000, NP, 30000 3000
50600, t, 2.024000e-06, KEe, 556081.284201, MEe, 1.853604281e+01, E, -2400.000000, NP, 30000 3000
50700, t, 2.028000e-06, KEe, 554723.366042, MEe, 1.849077887e+01, E, -2400.000000, NP, 30000 3000
50800, t, 2.032000e-06, KEe, 551815.419335, MEe, 1.839384731e+01, E, -2400.000000, NP, 30000 3000
50900, t, 2.036000e-06, KEe, 553909.094661, MEe, 1.846363649e+01, E, -2400.000000, NP, 30000 3000
51000, t, 2.040000e-06, KEe, 555521.412809, MEe, 1.851738043e+01, E, -2400.000000, NP, 30000 3000
51100, t, 2.044000e-06, KEe, 555203.290978, MEe, 1.850677637e+01, E, -2400.000000, NP, 30000 3000
51200, t, 2.048000e-06, KEe, 556042.137067, MEe, 1.853473790e+01, E, -2400.000000, NP, 30000 3000
51300, t, 2.052000e-06, KEe, 550916.994809, MEe, 1.836389983e+01, E, -2400.000000, NP, 30000 3000
51400, t, 2.056000e-06, KEe, 550869.196449, MEe, 1.836230655e+01, E, -2400.000000, NP, 30000 3000
51500, t, 2.060000e-06, KEe, 550190.830315, MEe, 1.833969434e+01, E, -2400.000000, NP, 30000 3000
51600, t, 2.064000e-06, KEe, 550060.270818, MEe, 1.833534236e+01, E, -2400.000000, NP, 30000 3000
51700, t, 2.068000e-06, KEe, 554870.401235, MEe, 1.849568004e+01, E, -2400.000000, NP, 30000 3000
51800, t, 2.072000e-06, KEe, 556296.191471, MEe, 1.854320638e+01, E, -2400.000000, NP, 30000 3000
51900, t, 2.076000e-06, KEe, 555198.522592, MEe, 1.850661742e+01, E, -2400.000000, NP, 30000 3000
52000, t, 2.080000e-06, KEe, 552037.572342, MEe, 1.840125241e+01, E, -2400.000000, NP, 30000 3000
52100, t, 2.084000e-06, KEe, 551266.142877, MEe, 1.837553810e+01, E, -2400.000000, NP, 30000 3000
52200, t, 2.088000e-06, KEe, 550117.113477, MEe, 1.833723712e+01, E, -2400.000000, NP, 30000 3000
52300, t, 2.092000e-06, KEe, 555859.644182, MEe, 1.852865481e+01, E, -2400.000000, NP, 30000 3000
52400, t, 2.096000e-06, KEe, 552905.429343, MEe, 1.843018098e+01, E, -2400.000000, NP, 30000 3000
52500, t, 2.100000e-06, KEe, 554913.127004, MEe, 1.849710423e+01, E, -2400.000000, NP, 30000 3000
52600, t, 2.104000e-06, KEe, 555931.739086, MEe, 1.853105797e+01, E, -2400.000000, NP, 30000 3000
52700, t, 2.108000e-06, KEe, 556740.177847, MEe, 1.855800593e+01, E, -2400.000000, NP, 30000 3000
52800, t, 2.112000e-06, KEe, 557472.246040, MEe, 1.858240820e+01, E, -2400.000000, NP, 30000 3000
52900, t, 2.116000e-06, KEe, 558448.852432, MEe, 1.861496175e+01, E, -2400.000000, NP, 30000 3000
53000, t, 2.120000e-06, KEe, 555336.629871, MEe, 1.851122100e+01, E, -2400.000000, NP, 30000 3000
53100, t, 2.124000e-06, KEe, 553740.744497, MEe, 1.845802482e+01, E, -2400.000000, NP, 30000 3000
53200, t, 2.128000e-06, KEe, 558205.479427, MEe, 1.860684931e+01, E, -2400.000000, NP, 30000 3000
53300, t, 2.132000e-06, KEe, 553566.299444, MEe, 1.845220998e+01, E, -2400.000000, NP, 30000 3000
53400, t, 2.136000e-06, KEe, 555965.061596, MEe, 1.853216872e+01, E, -2400.000000, NP, 30000 3000
53500, t, 2.140000e-06, KEe, 552224.767579, MEe, 1.840749225e+01, E, -2400.000000, NP, 30000 3000
53600, t, 2.144000e-06, KEe, 557171.974499, MEe, 1.857239915e+01, E, -2400.000000, NP, 30000 3000
53700, t, 2.148000e-06, KEe, 557383.196988, MEe, 1.857943990e+01, E, -2400.000000, NP, 30000 3000
53800, t, 2.152000e-06, KEe, 554215.941738, MEe, 1.847386472e+01, E, -2400.000000, NP, 30000 3000
53900, t, 2.156000e-06, KEe, 551053.205923, MEe, 1.836844020e+01, E, -2400.000000, NP, 30000 3000
54000, t, 2.160000e-06, KEe, 551004.231328, MEe, 1.836680771e+01, E, -2400.000000, NP, 30000 3000
54100, t, 2.164000e-06, KEe, 553343.553468, MEe, 1.844478512e+01, E, -2400.000000, NP, 30000 3000
54200, t, 2.168000e-06, KEe, 551677.838682, MEe, 1.838926129e+01, E, -2400.000000, NP, 30000 3000
54300, t, 2.172000e-06, KEe, 554029.866911, MEe, 1.846766223e+01, E, -2400.000000, NP, 30000 3000
54400, t, 2.176000e-06, KEe, 554433.723434, MEe, 1.848112411e+01, E, -2400.000000, NP, 30000 3000
54500, t, 2.180000e-06, KEe, 555725.704838, MEe, 1.852419016e+01, E, -2400.000000, NP, 30000 3000
54600, t, 2.184000e-06, KEe, 557711.865828, MEe, 1.859039553e+01, E, -2400.000000, NP, 30000 3000
54700, t, 2.188000e-06, KEe, 554470.287080, MEe, 1.848234290e+01, E, -2400.000000, NP, 30000 3000
54800, t, 2.192000e-06, KEe, 555341.971190, MEe, 1.851139904e+01, E, -2400.000000, NP, 30000 3000
54900, t, 2.196000e-06, KEe, 553558.327012, MEe, 1.845194423e+01, E, -2400.000000, NP, 30000 3000
55000, t, 2.200000e-06, KEe, 552790.440723, MEe, 1.842634802e+01, E, -2400.000000, NP, 30000 3000
55100, t, 2.204000e-06, KEe, 554369.007096, MEe, 1.847896690e+01, E, -2400.000000, NP, 30000 3000
55200, t, 2.208000e-06, KEe, 552200.933835, MEe, 1.840669779e+01, E, -2400.000000, NP, 30000 3000
55300, t, 2.212000e-06, KEe, 553900.401192, MEe, 1.846334671e+01, E, -2400.000000, NP, 30000 3000
55400, t, 2.216000e-06, KEe, 556082.355935, MEe, 1.853607853e+01, E, -2400.000000, NP, 30000 3000
55500, t, 2.220000e-06, KEe, 555498.792170, MEe, 1.851662641e+01, E, -2400.000000, NP, 30000 3000
55600, t, 2.224000e-06, KEe, 556001.994683, MEe, 1.853339982e+01, E, -2400.000000, NP, 30000 3000
55700, t, 2.228000e-06, KEe, 551584.979214, MEe, 1.838616597e+01, E, -2400.000000, NP, 30000 3000
55800, t, 2.232000e-06, KEe, 555541.346671, MEe, 1.851804489e+01, E, -2400.000000, NP, 30000 3000
55900, t, 2.236000e-06, KEe, 555145.776972, MEe, 1.850485923e+01, E, -2400.000000, NP, 30000 3000
56000, t, 2.240000e-06, KEe, 552196.023762, MEe, 1.840653413e+01, E, -2400.000000, NP, 30000 3000
56100, t, 2.244000e-06, KEe, 556775.881051, MEe, 1.855919604e+01, E, -2400.000000, NP, 30000 3000
56200, t, 2.248000e-06, KEe, 557917.817610, MEe, 1.859726059e+01, E, -2400.000000, NP, 30000 3000
56300, t, 2.252000e-06, KEe, 557694.006217, MEe, 1.858980021e+01, E, -2400.000000, NP, 30000 3000
56400, t, 2.256000e-06, KEe, 556768.575089, MEe, 1.855895250e+01, E, -2400.000000, NP, 30000 3000
56500, t, 2.260000e-06, KEe, 558574.982748, MEe, 1.861916609e+01, E, -2400.000000, NP, 30000 3000
56600, t, 2.264000e-06, KEe, 558320.786543, MEe, 1.861069288e+01, E, -2400.000000, NP, 30000 3000
56700, t, 2.268000e-06, KEe, 554674.772074, MEe, 1.848915907e+01, E, -2400.000000, NP, 30000 3000
56800, t, 2.272000e-06, KEe, 555669.312853, MEe, 1.852231043e+01, E, -2400.000000, NP, 30000 3000
56900, t, 2.276000e-06, KEe, 557009.016646, MEe, 1.856696722e+01, E, -2400.000000, NP, 30000 3000
57000, t, 2.280000e-06, KEe, 557726.040423, MEe, 1.859086801e+01, E, -2400.000000, NP, 30000 3000
57100, t, 2.284000e-06, KEe, 556577.955831, MEe, 1.855259853e+01, E, -2400.000000, NP, 30000 3000
57200, t, 2.288000e-06, KEe, 553914.100058, MEe, 1.846380334e+01, E, -2400.000000, NP, 30000 3000
57300, t, 2.292000e-06, KEe, 553908.509569, MEe, 1.846361699e+01, E, -2400.000000, NP, 30000 3000
57400, t, 2.296000e-06, KEe, 553533.688616, MEe, 1.845112295e+01, E, -2400.000000, NP, 30000 3000
57500, t, 2.300000e-06, KEe, 554801.819744, MEe, 1.849339399e+01, E, -2400.000000, NP, 30000 3000
57600, t, 2.304000e-06, KEe, 552894.658066, MEe, 1.842982194e+01, E, -2400.000000, NP, 30000 3000
57700, t, 2.308000e-06, KEe, 551960.339616, MEe, 1.839867799e+01, E, -2400.000000, NP, 30000 3000
57800, t, 2.312000e-06, KEe, 550769.500001, MEe, 1.835898333e+01, E, -2400.000000, NP, 30000 3000
57900, t, 2.316000e-06, KEe, 550905.574702, MEe, 1.836351916e+01, E, -2400.000000, NP, 30000 3000
58000, t, 2.320000e-06, KEe, 553959.192515, MEe, 1.846530642e+01, E, -2400.000000, NP, 30000 3000
58100, t, 2.324000e-06, KEe, 553200.023947, MEe, 1.844000080e+01, E, -2400.000000, NP, 30000 3000
58200, t, 2.328000e-06, KEe, 553303.936807, MEe, 1.844346456e+01, E, -2400.000000, NP, 30000 3000
58300, t, 2.332000e-06, KEe, 552612.135397, MEe, 1.842040451e+01, E, -2400.000000, NP, 30000 3000
58400, t, 2.336000e-06, KEe, 554436.271519, MEe, 1.848120905e+01, E, -2400.000000, NP, 30000 3000
58500, t, 2.340000e-06, KEe, 551712.993711, MEe, 1.839043312e+01, E, -2400.000000, NP, 30000 3000
58600, t, 2.344000e-06, KEe, 552382.174765, MEe, 1.841273916e+01, E, -2400.000000, NP, 30000 3000
58700, t, 2.348000e-06, KEe, 553902.709647, MEe, 1.846342365e+01, E, -2400.000000, NP, 30000 3000
58800, t, 2.352000e-06, KEe, 550659.542691, MEe, 1.835531809e+01, E, -2400.000000, NP, 30000 3000
58900, t, 2.356000e-06, KEe, 551847.815495, MEe, 1.839492718e+01, E, -2400.000000, NP, 30000 3000
59000, t, 2.360000e-06, KEe, 552455.072394, MEe, 1.841516908e+01, E, -2400.000000, NP, 30000 3000
59100, t, 2.364000e-06, KEe, 555365.573074, MEe, 1.851218577e+01, E, -2400.000000, NP, 30000 3000
59200, t, 2.368000e-06, KEe, 554921.950755, MEe, 1.849739836e+01, E, -2400.000000, NP, 30000 3000
59300, t, 2.372000e-06, KEe, 546475.334866, MEe, 1.821584450e+01, E, -2400.000000, NP, 30000 3000
59400, t, 2.376000e-06, KEe, 549142.118324, MEe, 1.830473728e+01, E, -2400.000000, NP, 30000 3000
59500, t, 2.380000e-06, KEe, 546646.026419, MEe, 1.822153421e+01, E, -2400.000000, NP, 30000 3000
59600, t, 2.384000e-06, KEe, 550039.575049, MEe, 1.833465250e+01, E, -2400.000000, NP, 30000 3000
59700, t, 2.388000e-06, KEe, 550667.531881, MEe, 1.835558440e+01, E, -2400.000000, NP, 30000 3000
59800, t, 2.392000e-06, KEe, 548158.246036, MEe, 1.827194153e+01, E, -2400.000000, NP, 30000 3000
59900, t, 2.396000e-06, KEe, 549049.901907, MEe, 1.830166340e+01, E, -2400.000000, NP, 30000 3000
60000, t, 2.400000e-06, KEe, 550423.827124, MEe, 1.834746090e+01, E, -2400.000000, NP, 30000 3000
60100, t, 2.404000e-06, KEe, 550213.607256, MEe, 1.834045358e+01, E, -2400.000000, NP, 30000 3000
60200, t, 2.408000e-06, KEe, 554206.856248, MEe, 1.847356187e+01, E, -2400.000000, NP, 30000 3000
60300, t, 2.412000e-06, KEe, 553675.318586, MEe, 1.845584395e+01, E, -2400.000000, NP, 30000 3000
60400, t, 2.416000e-06, KEe, 552430.107734, MEe, 1.841433692e+01, E, -2400.000000, NP, 30000 3000
60500, t, 2.420000e-06, KEe, 551742.362483, MEe, 1.839141208e+01, E, -2400.000000, NP, 30000 3000
60600, t, 2.424000e-06, KEe, 554566.367584, MEe, 1.848554559e+01, E, -2400.000000, NP, 30000 3000
60700, t, 2.428000e-06, KEe, 556597.089687, MEe, 1.855323632e+01, E, -2400.000000, NP, 30000 3000
60800, t, 2.432000e-06, KEe, 557750.623174, MEe, 1.859168744e+01, E, -2400.000000, NP, 30000 3000
60900, t, 2.436000e-06, KEe, 556688.699362, MEe, 1.855628998e+01, E, -2400.000000, NP, 30000 3000
61000, t, 2.440000e-06, KEe, 556292.599410, MEe, 1.854308665e+01, E, -2400.000000, NP, 30000 3000
61100, t, 2.444000e-06, KEe, 556478.641376, MEe, 1.854928805e+01, E, -2400.000000, NP, 30000 3000
61200, t, 2.448000e-06, KEe, 552733.725809, MEe, 1.842445753e+01, E, -2400.000000, NP, 30000 3000
61300, t, 2.452000e-06, KEe, 554812.182033, MEe, 1.849373940e+01, E, -2400.000000, NP, 30000 3000
61400, t, 2.456000e-06, KEe, 551798.748983, MEe, 1.839329163e+01, E, -2400.000000, NP, 30000 3000
61500, t, 2.460000e-06, KEe, 554576.200049, MEe, 1.848587333e+01, E, -2400.000000, NP, 30000 3000
61600, t, 2.464000e-06, KEe, 552318.765878, MEe, 1.841062553e+01, E, -2400.000000, NP, 30000 3000
61700, t, 2.468000e-06, KEe, 554110.753726, MEe, 1.847035846e+01, E, -2400.000000, NP, 30000 3000
61800, t, 2.472000e-06, KEe, 554684.663629, MEe, 1.848948879e+01, E, -2400.000000, NP, 30000 3000
61900, t, 2.476000e-06, KEe, 552184.550709, MEe, 1.840615169e+01, E, -2400.000000, NP, 30000 3000
62000, t, 2.480000e-06, KEe, 555438.285869, MEe, 1.851460953e+01, E, -2400.000000, NP, 30000 3000
62100, t, 2.484000e-06, KEe, 553114.966189, MEe, 1.843716554e+01, E, -2400.000000, NP, 30000 3000
62200, t, 2.488000e-06, KEe, 550202.941840, MEe, 1.834009806e+01, E, -2400.000000, NP, 30000 3000
62300, t, 2.492000e-06, KEe, 550827.861755, MEe, 1.836092873e+01, E, -2400.000000, NP, 30000 3000
62400, t, 2.496000e-06, KEe, 554364.108176, MEe, 1.847880361e+01, E, -2400.000000, NP, 30000 3000
62500, t, 2.500000e-06, KEe, 551058.919269, MEe, 1.836863064e+01, E, -2400.000000, NP, 30000 3000
62600, t, 2.504000e-06, KEe, 553543.235420, MEe, 1.845144118e+01, E, -2400.000000, NP, 30000 3000
62700, t, 2.508000e-06, KEe, 554911.121689, MEe, 1.849703739e+01, E, -2400.000000, NP, 30000 3000
62800, t, 2.512000e-06, KEe, 557120.752378, MEe, 1.857069175e+01, E, -2400.000000, NP, 30000 3000
62900, t, 2.516000e-06, KEe, 555188.024475, MEe, 1.850626748e+01, E, -2400.000000, NP, 30000 3000
63000, t, 2.520000e-06, KEe, 555495.749693, MEe, 1.851652499e+01, E, -2400.000000, NP, 30000 3000
63100, t, 2.524000e-06, KEe, 551821.116259, MEe, 1.839403721e+01, E, -2400.000000, NP, 30000 3000
63200, t, 2.528000e-06, KEe, 553884.074616, MEe, 1.846280249e+01, E, -2400.000000, NP, 30000 3000
63300, t, 2.532000e-06, KEe, 555520.187994, MEe, 1.851733960e+01, E, -2400.000000, NP, 30000 3000
63400, t, 2.536000e-06, KEe, 553499.512610, MEe, 1.844998375e+01, E, -2400.000000, NP, 30000 3000
63500, t, 2.540000e-06, KEe, 555256.887494, MEe, 1.850856292e+01, E, -2400.000000, NP, 30000 3000
63600, t, 2.544000e-06, KEe, 553590.806141, MEe, 1.845302687e+01, E, -2400.000000, NP, 30000 3000
63700, t, 2.548000e-06, KEe, 557447.696197, MEe, 1.858158987e+01, E, -2400.000000, NP, 30000 3000
63800, t, 2.552000e-06, KEe, 555646.304920, MEe, 1.852154350e+01, E, -2400.000000, NP, 30000 3000
63900, t, 2.556000e-06, KEe, 556292.989510, MEe, 1.854309965e+01, E, -2400.000000, NP, 30000 3000
64000, t, 2.560000e-06, KEe, 556180.113648, MEe, 1.853933712e+01, E, -2400.000000, NP, 30000 3000
64100, t, 2.564000e-06, KEe, 556464.799869, MEe, 1.854882666e+01, E, -2400.000000, NP, 30000 3000
64200, t, 2.568000e-06, KEe, 554757.799153, MEe, 1.849192664e+01, E, -2400.000000, NP, 30000 3000
64300, t, 2.572000e-06, KEe, 553385.714798, MEe, 1.844619049e+01, E, -2400.000000, NP, 30000 3000
64400, t, 2.576000e-06, KEe, 552007.056336, MEe, 1.840023521e+01, E, -2400.000000, NP, 30000 3000
64500, t, 2.580000e-06, KEe, 552018.300087, MEe, 1.840061000e+01, E, -2400.000000, NP, 30000 3000
64600, t, 2.584000e-06, KEe, 552474.715745, MEe, 1.841582386e+01, E, -2400.000000, NP, 30000 3000
64700, t, 2.588000e-06, KEe, 552807.941347, MEe, 1.842693138e+01, E, -2400.000000, NP, 30000 3000
64800, t, 2.592000e-06, KEe, 556501.604478, MEe, 1.855005348e+01, E, -2400.000000, NP, 30000 3000
64900, t, 2.596000e-06, KEe, 558302.634058, MEe, 1.861008780e+01, E, -2400.000000, NP, 30000 3000
65000, t, 2.600000e-06, KEe, 557813.440853, MEe, 1.859378136e+01, E, -2400.000000, NP, 30000 3000
65100, t, 2.604000e-06, KEe, 553424.344595, MEe, 1.844747815e+01, E, -2400.000000, NP, 30000 3000
65200, t, 2.608000e-06, KEe, 554260.981769, MEe, 1.847536606e+01, E, -2400.000000, NP, 30000 3000
65300, t, 2.612000e-06, KEe, 555387.813489, MEe, 1.851292712e+01, E, -2400.000000, NP, 30000 3000
65400, t, 2.616000e-06, KEe, 556454.079652, MEe, 1.854846932e+01, E, -2400.000000, NP, 30000 3000
65500, t, 2.620000e-06, KEe, 555352.181034, MEe, 1.851173937e+01, E, -2400.000000, NP, 30000 3000
65600, t, 2.624000e-06, KEe, 558395.759134, MEe, 1.861319197e+01, E, -2400.000000, NP, 30000 3000
65700, t, 2.628000e-06, KEe, 556390.061012, MEe, 1.854633537e+01, E, -2400.000000, NP, 30000 3000
65800, t, 2.632000e-06, KEe, 550933.444531, MEe, 1.836444815e+01, E, -2400.000000, NP, 30000 3000
65900, t, 2.636000e-06, KEe, 550025.206953, MEe, 1.833417357e+01, E, -2400.000000, NP, 30000 3000
66000, t, 2.640000e-06, KEe, 551873.112005, MEe, 1.839577040e+01, E, -2400.000000, NP, 30000 3000
66100, t, 2.644000e-06, KEe, 554789.779894, MEe, 1.849299266e+01, E, -2400.000000, NP, 30000 3000
66200, t, 2.648000e-06, KEe, 552116.445336, MEe, 1.840388151e+01, E, -2400.000000, NP, 30000 3000
66300, t, 2.652000e-06, KEe, 553736.324921, MEe, 1.845787750e+01, E, -2400.000000, NP, 30000 3000
66400, t, 2.656000e-06, KEe, 554440.030374, MEe, 1.848133435e+01, E, -2400.000000, NP, 30000 3000
66500, t, 2.660000e-06, KEe, 552955.182949, MEe, 1.843183943e+01, E, -2400.000000, NP, 30000 3000
66600, t, 2.664000e-06, KEe, 553731.068426, MEe, 1.845770228e+01, E, -2400.000000, NP, 30000 3000
66700, t, 2.668000e-06, KEe, 553447.633840, MEe, 1.844825446e+01, E, -2400.000000, NP, 30000 3000
66800, t, 2.672000e-06, KEe, 553042.167845, MEe, 1.843473893e+01, E, -2400.000000, NP, 30000 3000
66900, t, 2.676000e-06, KEe, 553762.250204, MEe, 1.845874167e+01, E, -2400.000000, NP, 30000 3000
67000, t, 2.680000e-06, KEe, 553420.878644, MEe, 1.844736262e+01, E, -2400.000000, NP, 30000 3000
67100, t, 2.684000e-06, KEe, 552388.582162, MEe, 1.841295274e+01, E, -2400.000000, NP, 30000 3000
67200, t, 2.688000e-06, KEe, 549078.793933, MEe, 1.830262646e+01, E, -2400.000000, NP, 30000 3000
67300, t, 2.692000e-06, KEe, 550146.136356, MEe, 1.833820455e+01, E, -2400.000000, NP, 30000 3000
67400, t, 2.696000e-06, KEe, 550907.511483, MEe, 1.836358372e+01, E, -2400.000000, NP, 30000 3000
67500, t, 2.700000e-06, KEe, 551795.455404, MEe, 1.839318185e+01, E, -2400.000000, NP, 30000 3000
67600, t, 2.704000e-06, KEe, 556290.490527, MEe, 1.854301635e+01, E, -2400.000000, NP, 30000 3000
67700, t, 2.708000e-06, KEe, 556957.035713, MEe, 1.856523452e+01, E, -2400.000000, NP, 30000 3000
67800, t, 2.712000e-06, KEe, 554978.737309, MEe, 1.849929124e+01, E, -2400.000000, NP, 30000 3000
67900, t, 2.716000e-06, KEe, 557304.526908, MEe, 1.857681756e+01, E, -2400.000000, NP, 30000 3000
68000, t, 2.720000e-06, KEe, 556940.402315, MEe, 1.856468008e+01, E, -2400.000000, NP, 30000 3000
68100, t, 2.724000e-06, KEe, 558260.043889, MEe, 1.860866813e+01, E, -2400.000000, NP, 30000 3000
68200, t, 2.728000e-06, KEe, 555445.217081, MEe, 1.851484057e+01, E, -2400.000000, NP, 30000 3000
68300, t, 2.732000e-06, KEe, 555173.544431, MEe, 1.850578481e+01, E, -2400.000000, NP, 30000 3000
68400, t, 2.736000e-06, KEe, 553589.414766, MEe, 1.845298049e+01, E, -2400.000000, NP, 30000 3000
68500, t, 2.740000e-06, KEe, 553163.934778, MEe, 1.843879783e+01, E, -2400.000000, NP, 30000 3000
68600, t, 2.744000e-06, KEe, 551133.841377, MEe, 1.837112805e+01, E, -2400.000000, NP, 30000 3000
68700, t, 2.748000e-06, KEe, 551089.847084, MEe, 1.836966157e+01, E, -2400.000000, NP, 30000 3000
68800, t, 2.752000e-06, KEe, 552671.709627, MEe, 1.842239032e+01, E, -2400.000000, NP, 30000 3000
68900, t, 2.756000e-06, KEe, 553474.977053, MEe, 1.844916590e+01, E, -2400.000000, NP, 30000 3000
69000, t, 2.760000e-06, KEe, 555850.539787, MEe, 1.852835133e+01, E, -2400.000000, NP, 30000 3000
69100, t, 2.764000e-06, KEe, 556241.085842, MEe, 1.854136953e+01, E, -2400.000000, NP, 30000 3000
69200, t, 2.768000e-06, KEe, 557641.214843, MEe, 1.858804049e+01, E, -2400.000000, NP, 30000 3000
69300, t, 2.772000e-06, KEe, 559298.537254, MEe, 1.864328458e+01, E, -2400.000000, NP, 30000 3000
69400, t, 2.776000e-06, KEe, 557142.378500, MEe, 1.857141262e+01, E, -2400.000000, NP, 30000 3000
69500, t, 2.780000e-06, KEe, 553594.558932, MEe, 1.845315196e+01, E, -2400.000000, NP, 30000 3000
69600, t, 2.784000e-06, KEe, 552982.065677, MEe, 1.843273552e+01, E, -2400.000000, NP, 30000 3000
69700, t, 2.788000e-06, KEe, 556422.877540, MEe, 1.854742925e+01, E, -2400.000000, NP, 30000 3000
69800, t, 2.792000e-06, KEe, 555088.306160, MEe, 1.850294354e+01, E, -2400.000000, NP, 30000 3000
69900, t, 2.796000e-06, KEe, 552475.637052, MEe, 1.841585457e+01, E, -2400.000000, NP, 30000 3000
70000, t, 2.800000e-06, KEe, 553421.820312, MEe, 1.844739401e+01, E, -2400.000000, NP, 30000 3000
70100, t, 2.804000e-06, KEe, 558028.576756, MEe, 1.860095256e+01, E, -2400.000000, NP, 30000 3000
70200, t, 2.808000e-06, KEe, 559974.382885, MEe, 1.866581276e+01, E, -2400.000000, NP, 30000 3000
70300, t, 2.812000e-06, KEe, 557496.736474, MEe, 1.858322455e+01, E, -2400.000000, NP, 30000 3000
70400, t, 2.816000e-06, KEe, 553505.011385, MEe, 1.845016705e+01, E, -2400.000000, NP, 30000 3000
70500, t, 2.820000e-06, KEe, 550872.003496, MEe, 1.836240012e+01, E, -2400.000000, NP, 30000 3000
70600, t, 2.824000e-06, KEe, 552712.117910, MEe, 1.842373726e+01, E, -2400.000000, NP, 30000 3000
70700, t, 2.828000e-06, KEe, 551862.972207, MEe, 1.839543241e+01, E, -2400.000000, NP, 30000 3000
70800, t, 2.832000e-06, KEe, 553558.828811, MEe, 1.845196096e+01, E, -2400.000000, NP, 30000 3000
70900, t, 2.836000e-06, KEe, 555064.872338, MEe, 1.850216241e+01, E, -2400.000000, NP, 30000 3000
71000, t, 2.840000e-06, KEe, 551943.811329, MEe, 1.839812704e+01, E, -2400.000000, NP, 30000 3000
71100, t, 2.844000e-06, KEe, 553068.522979, MEe, 1.843561743e+01, E, -2400.000000, NP, 30000 3000
71200, t, 2.848000e-06, KEe, 551113.256320, MEe, 1.837044188e+01, E, -2400.000000, NP, 30000 3000
71300, t, 2.852000e-06, KEe, 552502.258236, MEe, 1.841674194e+01, E, -2400.000000, NP, 30000 3000
71400, t, 2.856000e-06, KEe, 553095.249246, MEe, 1.843650831e+01, E, -2400.000000, NP, 30000 3000
71500, t, 2.860000e-06, KEe, 552810.241065, MEe, 1.842700804e+01, E, -2400.000000, NP, 30000 3000
71600, t, 2.864000e-06, KEe, 554798.376074, MEe, 1.849327920e+01, E, -2400.000000, NP, 30000 3000
71700, t, 2.868000e-06, KEe, 551946.167771, MEe, 1.839820559e+01, E, -2400.000000, NP, 30000 3000
71800, t, 2.872000e-06, KEe, 555788.557473, MEe, 1.852628525e+01, E, -2400.000000, NP, 30000 3000
71900, t, 2.876000e-06, KEe, 559254.718441, MEe, 1.864182395e+01, E, -2400.000000, NP, 30000 3000
72000, t, 2.880000e-06, KEe, 558704.211920, MEe, 1.862347373e+01, E, -2400.000000, NP, 30000 3000
72100, t, 2.884000e-06, KEe, 558692.872064, MEe, 1.862309574e+01, E, -2400.000000, NP, 30000 3000
72200, t, 2.888000e-06, KEe, 556524.322415, MEe, 1.855081075e+01, E, -2400.000000, NP, 30000 3000
72300, t, 2.892000e-06, KEe, 560028.670694, MEe, 1.866762236e+01, E, -2400.000000, NP, 30000 3000
72400, t, 2.896000e-06, KEe, 560824.144819, MEe, 1.869413816e+01, E, -2400.000000, NP, 30000 3000
72500, t, 2.900000e-06, KEe, 559596.240434, MEe, 1.865320801e+01, E, -2400.000000, NP, 30000 3000
72600, t, 2.904000e-06, KEe, 553818.592269, MEe, 1.846061974e+01, E, -2400.000000, NP, 30000 3000
72700, t, 2.908000e-06, KEe, 557848.538658, MEe, 1.859495129e+01, E, -2400.000000, NP, 30000 3000
72800, t, 2.912000e-06, KEe, 555918.846125, MEe, 1.853062820e+01, E, -2400.000000, NP, 30000 3000
72900, t, 2.916000e-06, KEe, 553061.818806, MEe, 1.843539396e+01, E, -2400.000000, NP, 30000 3000
73000, t, 2.920000e-06, KEe, 554935.906381, MEe, 1.849786355e+01, E, -2400.000000, NP, 30000 3000
73100, t, 2.924000e-06, KEe, 551877.329557, MEe, 1.839591099e+01, E, -2400.000000, NP, 30000 3000
73200, t, 2.928000e-06, KEe, 555493.305105, MEe, 1.851644350e+01, E, -2400.000000, NP, 30000 3000
73300, t, 2.932000e-06, KEe, 555999.529965, MEe, 1.853331767e+01, E, -2400.000000, NP, 30000 3000
73400, t, 2.936000e-06, KEe, 557307.639088, MEe, 1.857692130e+01, E, -2400.000000, NP, 30000 3000
73500, t, 2.940000e-06, KEe, 556985.065097, MEe, 1.856616884e+01, E, -2400.000000, NP, 30000 3000
73600, t, 2.944000e-06, KEe, 555827.600573, MEe, 1.852758669e+01, E, -2400.000000, NP, 30000 3000
73700, t, 2.948000e-06, KEe, 554397.982891, MEe, 1.847993276e+01, E, -2400.000000, NP, 30000 3000
73800, t, 2.952000e-06, KEe, 555105.665832, MEe, 1.850352219e+01, E, -2400.000000, NP, 30000 3000
73900, t, 2.956000e-06, KEe, 551843.516664, MEe, 1.839478389e+01, E, -2400.000000, NP, 30000 3000
74000, t, 2.960000e-06, KEe, 554063.795896, MEe, 1.846879320e+01, E, -2400.000000, NP, 30000 3000
74100, t, 2.964000e-06, KEe, 558563.642531, MEe, 1.861878808e+01, E, -2400.000000, NP, 30000 3000
74200, t, 2.968000e-06, KEe, 558476.513187, MEe, 1.861588377e+01, E, -2400.000000, NP, 30000 3000
74300, t, 2.972000e-06, KEe, 556603.878152, MEe, 1.855346261e+01, E, -2400.000000, NP, 30000 3000
74400, t, 2.976000e-06, KEe, 555386.192654, MEe, 1.851287309e+01, E, -2400.000000, NP, 30000 3000
74500, t, 2.980000e-06, KEe, 558221.575668, MEe, 1.860738586e+01, E, -2400.000000, NP, 30000 3000
74600, t, 2.984000e-06, KEe, 556877.366580, MEe, 1.856257889e+01, E, -2400.000000, NP, 30000 3000
74700, t, 2.988000e-06, KEe, 554962.523487, MEe, 1.849875078e+01, E, -2400.000000, NP, 30000 3000
74800, t, 2.992000e-06, KEe, 556833.188596, MEe, 1.856110629e+01, E, -2400.000000, NP, 30000 3000
74900, t, 2.996000e-06, KEe, 556565.642153, MEe, 1.855218807e+01, E, -2400.000000, NP, 30000 3000
75000, t, 3.000000e-06, KEe, 556904.090205, MEe, 1.856346967e+01, E, -2400.000000, NP, 30000 3000
75100, t, 3.004000e-06, KEe, 556490.094020, MEe, 1.854966980e+01, E, -2400.000000, NP, 30000 3000
75200, t, 3.008000e-06, KEe, 554104.879131, MEe, 1.847016264e+01, E, -2400.000000, NP, 30000 3000
75300, t, 3.012000e-06, KEe, 555361.511327, MEe, 1.851205038e+01, E, -2400.000000, NP, 30000 3000
75400, t, 3.016000e-06, KEe, 555950.582980, MEe, 1.853168610e+01, E, -2400.000000, NP, 30000 3000
75500, t, 3.020000e-06, KEe, 556138.853639, MEe, 1.853796179e+01, E, -2400.000000, NP, 30000 3000
75600, t, 3.024000e-06, KEe, 556051.857540, MEe, 1.853506192e+01, E, -2400.000000, NP, 30000 3000
75700, t, 3.028000e-06, KEe, 552797.557436, MEe, 1.842658525e+01, E, -2400.000000, NP, 30000 3000
75800, t, 3.032000e-06, KEe, 556369.153412, MEe, 1.854563845e+01, E, -2400.000000, NP, 30000 3000
75900, t, 3.036000e-06, KEe, 555901.834274, MEe, 1.853006114e+01, E, -2400.000000, NP, 30000 3000
76000, t, 3.040000e-06, KEe, 557179.173097, MEe, 1.857263910e+01, E, -2400.000000, NP, 30000 3000
76100, t, 3.044000e-06, KEe, 554261.525950, MEe, 1.847538420e+01, E, -2400.000000, NP, 30000 3000
76200, t, 3.048000e-06, KEe, 554834.980871, MEe, 1.849449936e+01, E, -2400.000000, NP, 30000 3000
76300, t, 3.052000e-06, KEe, 555257.595336, MEe, 1.850858651e+01, E, -2400.000000, NP, 30000 3000
76400, t, 3.056000e-06, KEe, 558498.814545, MEe, 1.861662715e+01, E, -2400.000000, NP, 30000 3000
76500, t, 3.060000e-06, KEe, 556936.539391, MEe, 1.856455131e+01, E, -2400.000000, NP, 30000 3000
76600, t, 3.064000e-06, KEe, 551726.537218, MEe, 1.839088457e+01, E, -2400.000000, NP, 30000 3000
76700, t, 3.068000e-06, KEe, 552305.940161, MEe, 1.841019801e+01, E, -2400.000000, NP, 30000 3000
76800, t, 3.072000e-06, KEe, 553804.411580, MEe, 1.846014705e+01, E, -2400.000000, NP, 30000 3000
76900, t, 3.076000e-06, KEe, 556741.459034, MEe, 1.855804863e+01, E, -2400.000000, NP, 30000 3000
77000, t, 3.080000e-06, KEe, 554394.754107, MEe, 1.847982514e+01, E, -2400.000000, NP, 30000 3000
77100, t, 3.084000e-06, KEe, 556566.121360, MEe, 1.855220405e+01, E, -2400.000000, NP, 30000 3000
77200, t, 3.088000e-06, KEe, 551977.971025, MEe, 1.839926570e+01, E, -2400.000000, NP, 30000 3000
77300, t, 3.092000e-06, KEe, 553296.894891, MEe, 1.844322983e+01, E, -2400.000000, NP, 30000 3000
77400, t, 3.096000e-06, KEe, 552919.457033, MEe, 1.843064857e+01, E, -2400.000000, NP, 30000 3000
77500, t, 3.100000e-06, KEe, 549731.372319, MEe, 1.832437908e+01, E, -2400.000000, NP, 30000 3000
77600, t, 3.104000e-06, KEe, 553718.488520, MEe, 1.845728295e+01, E, -2400.000000, NP, 30000 3000
77700, t, 3.108000e-06, KEe, 553647.850289, MEe, 1.845492834e+01, E, -2400.000000, NP, 30000 3000
77800, t, 3.112000e-06, KEe, 557237.189233, MEe, 1.857457297e+01, E, -2400.000000, NP, 30000 3000
77900, t, 3.116000e-06, KEe, 552271.028065, MEe, 1.840903427e+01, E, -2400.000000, NP, 30000 3000
78000, t, 3.120000e-06, KEe, 552444.270394, MEe, 1.841480901e+01, E, -2400.000000, NP, 30000 3000
78100, t, 3.124000e-06, KEe, 553867.558969, MEe, 1.846225197e+01, E, -2400.000000, NP, 30000 3000
78200, t, 3.128000e-06, KEe, 556605.917648, MEe, 1.855353059e+01, E, -2400.000000, NP, 30000 3000
78300, t, 3.132000e-06, KEe, 554406.352969, MEe, 1.848021177e+01, E, -2400.000000, NP, 30000 3000
78400, t, 3.136000e-06, KEe, 555465.987614, MEe, 1.851553292e+01, E, -2400.000000, NP, 30000 3000
78500, t, 3.140000e-06, KEe, 550996.287006, MEe, 1.836654290e+01, E, -2400.000000, NP, 30000 3000
78600, t, 3.144000e-06, KEe, 551661.733719, MEe, 1.838872446e+01, E, -2400.000000, NP, 30000 3000
78700, t, 3.148000e-06, KEe, 552886.479769, MEe, 1.842954933e+01, E, -2400.000000, NP, 30000 3000
78800, t, 3.152000e-06, KEe, 550559.443606, MEe, 1.835198145e+01, E, -2400.000000, NP, 30000 3000
78900, t, 3.156000e-06, KEe, 552667.572517, MEe, 1.842225242e+01, E, -2400.000000, NP, 30000 3000
79000, t, 3.160000e-06, KEe, 550179.153466, MEe, 1.833930512e+01, E, -2400.000000, NP, 30000 3000
79100, t, 3.164000e-06, KEe, 551279.153730, MEe, 1.837597179e+01, E, -2400.000000, NP, 30000 3000
79200, t, 3.168000e-06, KEe, 553470.857344, MEe, 1.844902858e+01, E, -2400.000000, NP, 30000 3000
79300, t, 3.172000e-06, KEe, 552402.176469, MEe, 1.841340588e+01, E, -2400.000000, NP, 30000 3000
79400, t, 3.176000e-06, KEe, 550407.551536, MEe, 1.834691838e+01, E, -2400.000000, NP, 30000 3000
79500, t, 3.180000e-06, KEe, 547597.309681, MEe, 1.825324366e+01, E, -2400.000000, NP, 30000 3000
79600, t, 3.184000e-06, KEe, 550236.250720, MEe, 1.834120836e+01, E, -2400.000000, NP, 30000 3000
79700, t, 3.188000e-06, KEe, 551959.725203, MEe, 1.839865751e+01, E, -2400.000000, NP, 30000 3000
79800, t, 3.192000e-06, KEe, 547913.751759, MEe, 1.826379173e+01, E, -2400.000000, NP, 30000 3000
79900, t, 3.196000e-06, KEe, 551725.827100, MEe, 1.839086090e+01, E, -2400.000000, NP, 30000 3000
80000, t, 3.200000e-06, KEe, 555737.469395, MEe, 1.852458231e+01, E, -2400.000000, NP, 30000 3000
