RandMax 2147483647
reading box length: 1.000000e-06 (m)
reading number of particle types: 2
reading number of particles of type 0: 60000
reading number of particles of type 1: 6000
reading temperature of particle type 0: 0.000000 (eV)
reading temperature of particle type 1: 0.025900 (eV)
reading flow velocity of particle type 0: 0.000000 (eV)
reading flow velocity of particle type 1: 0.000000 (eV)
reading charge of particle type 0: -1.000000 (elementary charge)
reading charge of particle type 1: 0.000000 (elementary charge)
reading mass of particle type 0: 0.000549 (amu)
reading mass of particle type 1: 28.000000 (amu)
reading number of time steps: 80000
reading vsigma max samples: 1000
reading time step dt: 5.000000e-11
reading electric field: -6.000000e+03 (V/m)
reading electric frequency: 0.000000e+00 (Hz)
reading magnetic field: 0.000000e+00 0.000000e+00 0.000000e+00 (Tesla)
reading vdf dump spec: 1000 1000000 0
reading extrapolation option: 0
reading memory allocation: 0.000000e+00 (GB)
reading auto dump spec: 0
reading output stride spec: 100
reading carry remainder spec: 0
found cross_sections/Ar.dat file for particle 0 with 1 in indeck, differential model found: Aubin
found cross_sections/Ar->Ar(3d'[3/2]1).dat file for particle 0 with 1 in indeck
found cross_sections/Ar->Ar(3d'[3/2]2).dat file for particle 0 with 1 in indeck
found cross_sections/Ar->Ar(3d'[5/2]2).dat file for particle 0 with 1 in indeck
found cross_sections/Ar->Ar(3d'[5/2]3).dat file for particle 0 with 1 in indeck
found cross_sections/Ar->Ar(3d[1/2]0).dat file for particle 0 with 1 in indeck
found cross_sections/Ar->Ar(3d[1/2]1).dat file for particle 0 with 1 in indeck
found cross_sections/Ar->Ar(3d[3/2]1).dat file for particle 0 with 1 in indeck
found cross_sections/Ar->Ar(3d[3/2]2).dat file for particle 0 with 1 in indeck
found cross_sections/Ar->Ar(3d[5/2]2).dat file for particle 0 with 1 in indeck
found cross_sections/Ar->Ar(3d[5/2]3).dat file for particle 0 with 1 in indeck
found cross_sections/Ar->Ar(3d[7/2]3).dat file for particle 0 with 1 in indeck
found cross_sections/Ar->Ar(3d[7/2]4).dat file for particle 0 with 1 in indeck
found cross_sections/Ar->Ar(4p'[1/2]0).dat file for particle 0 with 1 in indeck
found cross_sections/Ar->Ar(4p'[1/2]1).dat file for particle 0 with 1 in indeck
found cross_sections/Ar->Ar(4p'[3/2]1).dat file for particle 0 with 1 in indeck
found cross_sections/Ar->Ar(4p'[3/2]2).dat file for particle 0 with 1 in indeck
found cross_sections/Ar->Ar(4p[1/2]0).dat file for particle 0 with 1 in indeck
found cross_sections/Ar->Ar(4p[1/2]1).dat file for particle 0 with 1 in indeck
found cross_sections/Ar->Ar(4p[3/2]1).dat file for particle 0 with 1 in indeck
found cross_sections/Ar->Ar(4p[3/2]2).dat file for particle 0 with 1 in indeck
found cross_sections/Ar->Ar(4p[5/2]2).dat file for particle 0 with 1 in indeck
found cross_sections/Ar->Ar(4p[5/2]3).dat file for particle 0 with 1 in indeck
found cross_sections/Ar->Ar(4s'[1/2]0).dat file for particle 0 with 1 in indeck
found cross_sections/Ar->Ar(4s'[1/2]1).dat file for particle 0 with 1 in indeck
found cross_sections/Ar->Ar(4s[3/2]1).dat file for particle 0 with 1 in indeck
found cross_sections/Ar->Ar(4s[3/2]2).dat file for particle 0 with 1 in indeck
found cross_sections/Ar->Ar(5s'[1/2]0).dat file for particle 0 with 1 in indeck
found cross_sections/Ar->Ar(5s'[1/2]1).dat file for particle 0 with 1 in indeck
found cross_sections/Ar->Ar(5s[3/2]1).dat file for particle 0 with 1 in indeck
found cross_sections/Ar->Ar(5s[3/2]2).dat file for particle 0 with 1 in indeck
found cross_sections/Ar->Ar(Rydberg).dat file for particle 0 with 1 in indeck
found cross_sections/Ar->Ar^+.dat file for particle 0 with 1 in indeck, differential model found: Uniform
reading cross_sections/Ar.dat
reading cross_sections/Ar->Ar(3d'[3/2]1).dat
reading cross_sections/Ar->Ar(3d'[3/2]2).dat
reading cross_sections/Ar->Ar(3d'[5/2]2).dat
reading cross_sections/Ar->Ar(3d'[5/2]3).dat
reading cross_sections/Ar->Ar(3d[1/2]0).dat
reading cross_sections/Ar->Ar(3d[1/2]1).dat
reading cross_sections/Ar->Ar(3d[3/2]1).dat
reading cross_sections/Ar->Ar(3d[3/2]2).dat
reading cross_sections/Ar->Ar(3d[5/2]2).dat
reading cross_sections/Ar->Ar(3d[5/2]3).dat
reading cross_sections/Ar->Ar(3d[7/2]3).dat
reading cross_sections/Ar->Ar(3d[7/2]4).dat
reading cross_sections/Ar->Ar(4p'[1/2]0).dat
reading cross_sections/Ar->Ar(4p'[1/2]1).dat
reading cross_sections/Ar->Ar(4p'[3/2]1).dat
reading cross_sections/Ar->Ar(4p'[3/2]2).dat
reading cross_sections/Ar->Ar(4p[1/2]0).dat
reading cross_sections/Ar->Ar(4p[1/2]1).dat
reading cross_sections/Ar->Ar(4p[3/2]1).dat
reading cross_sections/Ar->Ar(4p[3/2]2).dat
reading cross_sections/Ar->Ar(4p[5/2]2).dat
reading cross_sections/Ar->Ar(4p[5/2]3).dat
reading cross_sections/Ar->Ar(4s'[1/2]0).dat
reading cross_sections/Ar->Ar(4s'[1/2]1).dat
reading cross_sections/Ar->Ar(4s[3/2]1).dat
reading cross_sections/Ar->Ar(4s[3/2]2).dat
reading cross_sections/Ar->Ar(5s'[1/2]0).dat
reading cross_sections/Ar->Ar(5s'[1/2]1).dat
reading cross_sections/Ar->Ar(5s[3/2]1).dat
reading cross_sections/Ar->Ar(5s[3/2]2).dat
reading cross_sections/Ar->Ar(Rydberg).dat
reading cross_sections/Ar->Ar^+.dat
Memory per particle: 72 bytes
Memory for all initial particles: 4.426e-03 GB
Allocating space for 264000 particles
------------------------------------
0, t, 0.000000e+00, KEe, 0.000000, MEe, 0.000000000e+00, E, -6000.000000, NP, 60000 6000
100, t, 5.000000e-09, KEe, 1090703.331585, MEe, 1.817838886e+01, E, -6000.000000, NP, 60000 6000
200, t, 1.000000e-08, KEe, 1312997.404391, MEe, 2.188329007e+01, E, -6000.000000, NP, 60000 6000
300, t, 1.500000e-08, KEe, 1344281.094946, MEe, 2.240468492e+01, E, -6000.000000, NP, 60000 6000
400, t, 2.000000e-08, KEe, 1341237.423922, MEe, 2.235395707e+01, E, -6000.000000, NP, 60000 6000
500, t, 2.500000e-08, KEe, 1348964.201971, MEe, 2.248273670e+01, E, -6000.000000, NP, 60000 6000
600, t, 3.000000e-08, KEe, 1342368.516703, MEe, 2.237280861e+01, E, -6000.000000, NP, 60000 6000
700, t, 3.500000e-08, KEe, 1348269.306785, MEe, 2.247115511e+01, E, -6000.000000, NP, 60000 6000
800, t, 4.000000e-08, KEe, 1348799.384140, MEe, 2.247998974e+01, E, -6000.000000, NP, 60000 6000
900, t, 4.500000e-08, KEe, 1336575.266748, MEe, 2.227625445e+01, E, -6000.000000, NP, 60000 6000
1000, t, 5.000000e-08, KEe, 1348041.694345, MEe, 2.246736157e+01, E, -6000.000000, NP, 60000 6000
1100, t, 5.500000e-08, KEe, 1348895.081147, MEe, 2.248158469e+01, E, -6000.000000, NP, 60000 6000
1200, t, 6.000000e-08, KEe, 1345767.023999, MEe, 2.242945040e+01, E, -6000.000000, NP, 60000 6000
1300, t, 6.500000e-08, KEe, 1351226.475605, MEe, 2.252044126e+01, E, -6000.000000, NP, 60000 6000
1400, t, 7.000000e-08, KEe, 1350493.067693, MEe, 2.250821779e+01, E, -6000.000000, NP, 60000 6000
1500, t, 7.500000e-08, KEe, 1349362.638048, MEe, 2.248937730e+01, E, -6000.000000, NP, 60000 6000
1600, t, 8.000000e-08, KEe, 1351303.154470, MEe, 2.252171924e+01, E, -6000.000000, NP, 60000 6000
1700, t, 8.500000e-08, KEe, 1354311.995617, MEe, 2.257186659e+01, E, -6000.000000, NP, 60000 6000
1800, t, 9.000000e-08, KEe, 1346707.527278, MEe, 2.244512545e+01, E, -6000.000000, NP, 60000 6000
1900, t, 9.500000e-08, KEe, 1349152.651957, MEe, 2.248587753e+01, E, -6000.000000, NP, 60000 6000
2000, t, 1.000000e-07, KEe, 1347021.984678, MEe, 2.245036641e+01, E, -6000.000000, NP, 60000 6000
2100, t, 1.050000e-07, KEe, 1345929.613591, MEe, 2.243216023e+01, E, -6000.000000, NP, 60000 6000
2200, t, 1.100000e-07, KEe, 1353318.962016, MEe, 2.255531603e+01, E, -6000.000000, NP, 60000 6000
2300, t, 1.150000e-07, KEe, 1346101.692086, MEe, 2.243502820e+01, E, -6000.000000, NP, 60000 6000
2400, t, 1.200000e-07, KEe, 1349615.118531, MEe, 2.249358531e+01, E, -6000.000000, NP, 60000 6000
2500, t, 1.250000e-07, KEe, 1341223.737254, MEe, 2.235372895e+01, E, -6000.000000, NP, 60000 6000
2600, t, 1.300000e-07, KEe, 1338834.788606, MEe, 2.231391314e+01, E, -6000.000000, NP, 60000 6000
2700, t, 1.350000e-07, KEe, 1348423.044970, MEe, 2.247371742e+01, E, -6000.000000, NP, 60000 6000
2800, t, 1.400000e-07, KEe, 1340706.931029, MEe, 2.234511552e+01, E, -6000.000000, NP, 60000 6000
2900, t, 1.450000e-07, KEe, 1350393.635018, MEe, 2.250656058e+01, E, -6000.000000, NP, 60000 6000
3000, t, 1.500000e-07, KEe, 1350919.648918, MEe, 2.251532748e+01, E, -6000.000000, NP, 60000 6000
3100, t, 1.550000e-07, KEe, 1342027.079942, MEe, 2.236711800e+01, E, -6000.000000, NP, 60000 6000
3200, t, 1.600000e-07, KEe, 1348346.802415, MEe, 2.247244671e+01, E, -6000.000000, NP, 60000 6000
3300, t, 1.650000e-07, KEe, 1350226.734912, MEe, 2.250377892e+01, E, -6000.000000, NP, 60000 6000
3400, t, 1.700000e-07, KEe, 1348048.120647, MEe, 2.246746868e+01, E, -6000.000000, NP, 60000 6000
3500, t, 1.750000e-07, KEe, 1350768.652614, MEe, 2.251281088e+01, E, -6000.000000, NP, 60000 6000
3600, t, 1.800000e-07, KEe, 1346810.257868, MEe, 2.244683763e+01, E, -6000.000000, NP, 60000 6000
3700, t, 1.850000e-07, KEe, 1349065.924813, MEe, 2.248443208e+01, E, -6000.000000, NP, 60000 6000
3800, t, 1.900000e-07, KEe, 1346025.240605, MEe, 2.243375401e+01, E, -6000.000000, NP, 60000 6000
3900, t, 1.950000e-07, KEe, 1343333.326112, MEe, 2.238888877e+01, E, -6000.000000, NP, 60000 6000
4000, t, 2.000000e-07, KEe, 1341214.558548, MEe, 2.235357598e+01, E, -6000.000000, NP, 60000 6000
4100, t, 2.050000e-07, KEe, 1345005.709002, MEe, 2.241676182e+01, E, -6000.000000, NP, 60000 6000
4200, t, 2.100000e-07, KEe, 1343796.786953, MEe, 2.239661312e+01, E, -6000.000000, NP, 60000 6000
4300, t, 2.150000e-07, KEe, 1349258.657289, MEe, 2.248764429e+01, E, -6000.000000, NP, 60000 6000
4400, t, 2.200000e-07, KEe, 1351394.627266, MEe, 2.252324379e+01, E, -6000.000000, NP, 60000 6000
4500, t, 2.250000e-07, KEe, 1356528.532491, MEe, 2.260880887e+01, E, -6000.000000, NP, 60000 6000
4600, t, 2.300000e-07, KEe, 1345800.255395, MEe, 2.243000426e+01, E, -6000.000000, NP, 60000 6000
4700, t, 2.350000e-07, KEe, 1348085.056453, MEe, 2.246808427e+01, E, -6000.000000, NP, 60000 6000
4800, t, 2.400000e-07, KEe, 1346644.166147, MEe, 2.244406944e+01, E, -6000.000000, NP, 60000 6000
4900, t, 2.450000e-07, KEe, 1349487.846263, MEe, 2.249146410e+01, E, -6000.000000, NP, 60000 6000
5000, t, 2.500000e-07, KEe, 1349429.843571, MEe, 2.249049739e+01, E, -6000.000000, NP, 60000 6000
5100, t, 2.550000e-07, KEe, 1352073.994016, MEe, 2.253456657e+01, E, -6000.000000, NP, 60000 6000
5200, t, 2.600000e-07, KEe, 1345451.120490, MEe, 2.242418534e+01, E, -6000.000000, NP, 60000 6000
5300, t, 2.650000e-07, KEe, 1346050.504692, MEe, 2.243417508e+01, E, -6000.000000, NP, 60000 6000
5400, t, 2.700000e-07, KEe, 1347805.473547, MEe, 2.246342456e+01, E, -6000.000000, NP, 60000 6000
5500, t, 2.750000e-07, KEe, 1337379.290923, MEe, 2.228965485e+01, E, -6000.000000, NP, 60000 6000
5600, t, 2.800000e-07, KEe, 1337720.209915, MEe, 2.229533683e+01, E, -6000.000000, NP, 60000 6000
5700, t, 2.850000e-07, KEe, 1347669.967353, MEe, 2.246116612e+01, E, -6000.000000, NP, 60000 6000
5800, t, 2.900000e-07, KEe, 1346385.187488, MEe, 2.243975312e+01, E, -6000.000000, NP, 60000 6000
5900, t, 2.950000e-07, KEe, 1346391.998635, MEe, 2.243986664e+01, E, -6000.000000, NP, 60000 6000
6000, t, 3.000000e-07, KEe, 1346536.000345, MEe, 2.244226667e+01, E, -6000.000000, NP, 60000 6000
6100, t, 3.050000e-07, KEe, 1340703.301718, MEe, 2.234505503e+01, E, -6000.000000, NP, 60000 6000
6200, t, 3.100000e-07, KEe, 1351506.461793, MEe, 2.252510770e+01, E, -6000.000000, NP, 60000 6000
6300, t, 3.150000e-07, KEe, 1349089.675572, MEe, 2.248482793e+01, E, -6000.000000, NP, 60000 6000
6400, t, 3.200000e-07, KEe, 1356122.701123, MEe, 2.260204502e+01, E, -6000.000000, NP, 60000 6000
6500, t, 3.250000e-07, KEe, 1344723.306106, MEe, 2.241205510e+01, E, -6000.000000, NP, 60000 6000
6600, t, 3.300000e-07, KEe, 1340469.960528, MEe, 2.234116601e+01, E, -6000.000000, NP, 60000 6000
6700, t, 3.350000e-07, KEe, 1343152.777541, MEe, 2.238587963e+01, E, -6000.000000, NP, 60000 6000
6800, t, 3.400000e-07, KEe, 1346778.018376, MEe, 2.244630031e+01, E, -6000.000000, NP, 60000 6000
6900, t, 3.450000e-07, KEe, 1343652.545417, MEe, 2.239420909e+01, E, -6000.000000, NP, 60000 6000
7000, t, 3.500000e-07, KEe, 1344890.411469, MEe, 2.241484019e+01, E, -6000.000000, NP, 60000 6000
7100, t, 3.550000e-07, KEe, 1344907.648402, MEe, 2.241512747e+01, E, -6000.000000, NP, 60000 6000
7200, t, 3.600000e-07, KEe, 1347777.103267, MEe, 2.246295172e+01, E, -6000.000000, NP, 60000 6000
7300, t, 3.650000e-07, KEe, 1351347.761041, MEe, 2.252246268e+01, E, -6000.000000, NP, 60000 6000
7400, t, 3.700000e-07, KEe, 1349668.402407, MEe, 2.249447337e+01, E, -6000.000000, NP, 60000 6000
7500, t, 3.750000e-07, KEe, 1344809.700518, MEe, 2.241349501e+01, E, -6000.000000, NP, 60000 6000
7600, t, 3.800000e-07, KEe, 1345222.740886, MEe, 2.242037901e+01, E, -6000.000000, NP, 60000 6000
7700, t, 3.850000e-07, KEe, 1340826.187470, MEe, 2.234710312e+01, E, -6000.000000, NP, 60000 6000
7800, t, 3.900000e-07, KEe, 1344008.296290, MEe, 2.240013827e+01, E, -6000.000000, NP, 60000 6000
7900, t, 3.950000e-07, KEe, 1352887.404131, MEe, 2.254812340e+01, E, -6000.000000, NP, 60000 6000
8000, t, 4.000000e-07, KEe, 1352301.223097, MEe, 2.253835372e+01, E, -6000.000000, NP, 60000 6000
8100, t, 4.050000e-07, KEe, 1346644.513167, MEe, 2.244407522e+01, E, -6000.000000, NP, 60000 6000
8200, t, 4.100000e-07, KEe, 1352823.326739, MEe, 2.254705545e+01, E, -6000.000000, NP, 60000 6000
8300, t, 4.150000e-07, KEe, 1349575.032341, MEe, 2.249291721e+01, E, -6000.000000, NP, 60000 6000
8400, t, 4.200000e-07, KEe, 1343945.172645, MEe, 2.239908621e+01, E, -6000.000000, NP, 60000 6000
8500, t, 4.250000e-07, KEe, 1345414.813244, MEe, 2.242358022e+01, E, -6000.000000, NP, 60000 6000
8600, t, 4.300000e-07, KEe, 1347616.873310, MEe, 2.246028122e+01, E, -6000.000000, NP, 60000 6000
8700, t, 4.350000e-07, KEe, 1350917.735421, MEe, 2.251529559e+01, E, -6000.000000, NP, 60000 6000
8800, t, 4.400000e-07, KEe, 1345529.542596, MEe, 2.242549238e+01, E, -6000.000000, NP, 60000 6000
8900, t, 4.450000e-07, KEe, 1353691.772954, MEe, 2.256152955e+01, E, -6000.000000, NP, 60000 6000
9000, t, 4.500000e-07, KEe, 1347743.420828, MEe, 2.246239035e+01, E, -6000.000000, NP, 60000 6000
9100, t, 4.550000e-07, KEe, 1348922.099933, MEe, 2.248203500e+01, E, -6000.000000, NP, 60000 6000
9200, t, 4.600000e-07, KEe, 1348519.651701, MEe, 2.247532753e+01, E, -6000.000000, NP, 60000 6000
9300, t, 4.650000e-07, KEe, 1346048.767299, MEe, 2.243414612e+01, E, -6000.000000, NP, 60000 6000
9400, t, 4.700000e-07, KEe, 1342869.863495, MEe, 2.238116439e+01, E, -6000.000000, NP, 60000 6000
9500, t, 4.750000e-07, KEe, 1343123.665942, MEe, 2.238539443e+01, E, -6000.000000, NP, 60000 6000
9600, t, 4.800000e-07, KEe, 1344010.792841, MEe, 2.240017988e+01, E, -6000.000000, NP, 60000 6000
9700, t, 4.850000e-07, KEe, 1347798.319921, MEe, 2.246330533e+01, E, -6000.000000, NP, 60000 6000
9800, t, 4.900000e-07, KEe, 1345747.776625, MEe, 2.242912961e+01, E, -6000.000000, NP, 60000 6000
9900, t, 4.950000e-07, KEe, 1341557.294309, MEe, 2.235928824e+01, E, -6000.000000, NP, 60000 6000
10000, t, 5.000000e-07, KEe, 1343289.110981, MEe, 2.238815185e+01, E, -6000.000000, NP, 60000 6000
10100, t, 5.050000e-07, KEe, 1344987.072069, MEe, 2.241645120e+01, E, -6000.000000, NP, 60000 6000
10200, t, 5.100000e-07, KEe, 1341726.463940, MEe, 2.236210773e+01, E, -6000.000000, NP, 60000 6000
10300, t, 5.150000e-07, KEe, 1346903.594992, MEe, 2.244839325e+01, E, -6000.000000, NP, 60000 6000
10400, t, 5.200000e-07, KEe, 1344875.010581, MEe, 2.241458351e+01, E, -6000.000000, NP, 60000 6000
10500, t, 5.250000e-07, KEe, 1344586.441174, MEe, 2.240977402e+01, E, -6000.000000, NP, 60000 6000
10600, t, 5.300000e-07, KEe, 1353392.681434, MEe, 2.255654469e+01, E, -6000.000000, NP, 60000 6000
10700, t, 5.350000e-07, KEe, 1344504.783384, MEe, 2.240841306e+01, E, -6000.000000, NP, 60000 6000
10800, t, 5.400000e-07, KEe, 1348330.965310, MEe, 2.247218276e+01, E, -6000.000000, NP, 60000 6000
10900, t, 5.450000e-07, KEe, 1351479.663681, MEe, 2.252466106e+01, E, -6000.000000, NP, 60000 6000
11000, t, 5.500000e-07, KEe, 1353907.881679, MEe, 2.256513136e+01, E, -6000.000000, NP, 60000 6000
11100, t, 5.550000e-07, KEe, 1352731.107599, MEe, 2.254551846e+01, E, -6000.000000, NP, 60000 6000
11200, t, 5.600000e-07, KEe, 1345606.515513, MEe, 2.242677526e+01, E, -6000.000000, NP, 60000 6000
11300, t, 5.650000e-07, KEe, 1343984.031276, MEe, 2.239973385e+01, E, -6000.000000, NP, 60000 6000
11400, t, 5.700000e-07, KEe, 1341348.230207, MEe, 2.235580384e+01, E, -6000.000000, NP, 60000 6000
11500, t, 5.750000e-07, KEe, 1341976.603763, MEe, 2.236627673e+01, E, -6000.000000, NP, 60000 6000
11600, t, 5.800000e-07, KEe, 1337578.683444, MEe, 2.229297806e+01, E, -6000.000000, NP, 60000 6000
11700, t, 5.850000e-07, KEe, 1348634.161102, MEe, 2.247723602e+01, E, -6000.000000, NP, 60000 6000
11800, t, 5.900000e-07, KEe, 1348815.387978, MEe, 2.248025647e+01, E, -6000.000000, NP, 60000 6000
11900, t, 5.950000e-07, KEe, 1345981.763040, MEe, 2.243302938e+01, E, -6000.000000, NP, 60000 6000
12000, t, 6.000000e-07, KEe, 1350811.945916, MEe, 2.251353243e+01, E, -6000.000000, NP, 60000 6000
12100, t, 6.050000e-07, KEe, 1343455.789653, MEe, 2.239092983e+01, E, -6000.000000, NP, 60000 6000
12200, t, 6.100000e-07, KEe, 1345194.100464, MEe, 2.241990167e+01, E, -6000.000000, NP, 60000 6000
12300, t, 6.150000e-07, KEe, 1343779.656132, MEe, 2.239632760e+01, E, -6000.000000, NP, 60000 6000
12400, t, 6.200000e-07, KEe, 1342030.345461, MEe, 2.236717242e+01, E, -6000.000000, NP, 60000 6000
12500, t, 6.250000e-07, KEe, 1343563.340025, MEe, 2.239272233e+01, E, -6000.000000, NP, 60000 6000
12600, t, 6.300000e-07, KEe, 1341129.128981, MEe, 2.235215215e+01, E, -6000.000000, NP, 60000 6000
12700, t, 6.350000e-07, KEe, 1351619.245389, MEe, 2.252698742e+01, E, -6000.000000, NP, 60000 6000
12800, t, 6.400000e-07, KEe, 1359822.968837, MEe, 2.266371615e+01, E, -6000.000000, NP, 60000 6000
12900, t, 6.450000e-07, KEe, 1351887.825419, MEe, 2.253146376e+01, E, -6000.000000, NP, 60000 6000
13000, t, 6.500000e-07, KEe, 1350072.721047, MEe, 2.250121202e+01, E, -6000.000000, NP, 60000 6000
13100, t, 6.550000e-07, KEe, 1348545.513849, MEe, 2.247575856e+01, E, -6000.000000, NP, 60000 6000
13200, t, 6.600000e-07, KEe, 1344103.663192, MEe, 2.240172772e+01, E, -6000.000000, NP, 60000 6000
13300, t, 6.650000e-07, KEe, 1345808.328027, MEe, 2.243013880e+01, E, -6000.000000, NP, 60000 6000
13400, t, 6.700000e-07, KEe, 1351710.739016, MEe, 2.252851232e+01, E, -6000.000000, NP, 60000 6000
13500, t, 6.750000e-07, KEe, 1350493.719182, MEe, 2.250822865e+01, E, -6000.000000, NP, 60000 6000
13600, t, 6.800000e-07, KEe, 1344602.602543, MEe, 2.241004338e+01, E, -6000.000000, NP, 60000 6000
13700, t, 6.850000e-07, KEe, 1338550.631157, MEe, 2.230917719e+01, E, -6000.000000, NP, 60000 6000
13800, t, 6.900000e-07, KEe, 1351378.741588, MEe, 2.252297903e+01, E, -6000.000000, NP, 60000 6000
13900, t, 6.950000e-07, KEe, 1344177.638755, MEe, 2.240296065e+01, E, -6000.000000, NP, 60000 6000
14000, t, 7.000000e-07, KEe, 1339514.840716, MEe, 2.232524735e+01, E, -6000.000000, NP, 60000 6000
14100, t, 7.050000e-07, KEe, 1346401.104476, MEe, 2.244001841e+01, E, -6000.000000, NP, 60000 6000
14200, t, 7.100000e-07, KEe, 1353336.763365, MEe, 2.255561272e+01, E, -6000.000000, NP, 60000 6000
14300, t, 7.150000e-07, KEe, 1346231.476035, MEe, 2.243719127e+01, E, -6000.000000, NP, 60000 6000
14400, t, 7.200000e-07, KEe, 1356148.085738, MEe, 2.260246810e+01, E, -6000.000000, NP, 60000 6000
14500, t, 7.250000e-07, KEe, 1351680.909821, MEe, 2.252801516e+01, E, -6000.000000, NP, 60000 6000
14600, t, 7.300000e-07, KEe, 1351389.212729, MEe, 2.252315355e+01, E, -6000.000000, NP, 60000 6000
14700, t, 7.350000e-07, KEe, 1351876.237560, MEe, 2.253127063e+01, E, -6000.000000, NP, 60000 6000
14800, t, 7.400000e-07, KEe, 1353641.781131, MEe, 2.256069635e+01, E, -6000.000000, NP, 60000 6000
14900, t, 7.450000e-07, KEe, 1347040.358501, MEe, 2.245067264e+01, E, -6000.000000, NP, 60000 6000
15000, t, 7.500000e-07, KEe, 1346252.703378, MEe, 2.243754506e+01, E, -6000.000000, NP, 60000 6000
15100, t, 7.550000e-07, KEe, 1348269.569393, MEe, 2.247115949e+01, E, -6000.000000, NP, 60000 6000
15200, t, 7.600000e-07, KEe, 1348106.925584, MEe, 2.246844876e+01, E, -6000.000000, NP, 60000 6000
15300, t, 7.650000e-07, KEe, 1345358.374911, MEe, 2.242263958e+01, E, -6000.000000, NP, 60000 6000
15400, t, 7.700000e-07, KEe, 1346775.858423, MEe, 2.244626431e+01, E, -6000.000000, NP, 60000 6000
15500, t, 7.750000e-07, KEe, 1347880.681062, MEe, 2.246467802e+01, E, -6000.000000, NP, 60000 6000
15600, t, 7.800000e-07, KEe, 1344963.969905, MEe, 2.241606617e+01, E, -6000.000000, NP, 60000 6000
15700, t, 7.850000e-07, KEe, 1345756.071979, MEe, 2.242926787e+01, E, -6000.000000, NP, 60000 6000
15800, t, 7.900000e-07, KEe, 1352177.851045, MEe, 2.253629752e+01, E, -6000.000000, NP, 60000 6000
15900, t, 7.950000e-07, KEe, 1348031.284345, MEe, 2.246718807e+01, E, -6000.000000, NP, 60000 6000
16000, t, 8.000000e-07, KEe, 1344587.139188, MEe, 2.240978565e+01, E, -6000.000000, NP, 60000 6000
16100, t, 8.050000e-07, KEe, 1350691.706287, MEe, 2.251152844e+01, E, -6000.000000, NP, 60000 6000
16200, t, 8.100000e-07, KEe, 1345518.199797, MEe, 2.242530333e+01, E, -6000.000000, NP, 60000 6000
16300, t, 8.150000e-07, KEe, 1346827.356377, MEe, 2.244712261e+01, E, -6000.000000, NP, 60000 6000
16400, t, 8.200000e-07, KEe, 1349886.116058, MEe, 2.249810193e+01, E, -6000.000000, NP, 60000 6000
16500, t, 8.250000e-07, KEe, 1340726.651343, MEe, 2.234544419e+01, E, -6000.000000, NP, 60000 6000
16600, t, 8.300000e-07, KEe, 1338801.361531, MEe, 2.231335603e+01, E, -6000.000000, NP, 60000 6000
16700, t, 8.350000e-07, KEe, 1345266.655545, MEe, 2.242111093e+01, E, -6000.000000, NP, 60000 6000
16800, t, 8.400000e-07, KEe, 1342361.969604, MEe, 2.237269949e+01, E, -6000.000000, NP, 60000 6000
16900, t, 8.450000e-07, KEe, 1355195.196552, MEe, 2.258658661e+01, E, -6000.000000, NP, 60000 6000
17000, t, 8.500000e-07, KEe, 1346743.438153, MEe, 2.244572397e+01, E, -6000.000000, NP, 60000 6000
17100, t, 8.550000e-07, KEe, 1356207.338156, MEe, 2.260345564e+01, E, -6000.000000, NP, 60000 6000
17200, t, 8.600000e-07, KEe, 1350782.687973, MEe, 2.251304480e+01, E, -6000.000000, NP, 60000 6000
17300, t, 8.650000e-07, KEe, 1351746.470893, MEe, 2.252910785e+01, E, -6000.000000, NP, 60000 6000
17400, t, 8.700000e-07, KEe, 1345497.043004, MEe, 2.242495072e+01, E, -6000.000000, NP, 60000 6000
17500, t, 8.750000e-07, KEe, 1345614.801887, MEe, 2.242691336e+01, E, -6000.000000, NP, 60000 6000
17600, t, 8.800000e-07, KEe, 1347382.747225, MEe, 2.245637912e+01, E, -6000.000000, NP, 60000 6000
17700, t, 8.850000e-07, KEe, 1352156.201008, MEe, 2.253593668e+01, E, -6000.000000, NP, 60000 6000
17800, t, 8.900000e-07, KEe, 1349415.948856, MEe, 2.249026581e+01, E, -6000.000000, NP, 60000 6000
17900, t, 8.950000e-07, KEe, 1355558.751696, MEe, 2.259264586e+01, E, -6000.000000, NP, 60000 6000
18000, t, 9.000000e-07, KEe, 1343440.126903, MEe, 2.239066878e+01, E, -6000.000000, NP, 60000 6000
18100, t, 9.050000e-07, KEe, 1339027.350098, MEe, 2.231712250e+01, E, -6000.000000, NP, 60000 6000
18200, t, 9.100000e-07, KEe, 1343877.017230, MEe, 2.239795029e+01, E, -6000.000000, NP, 60000 6000
18300, t, 9.150000e-07, KEe, 1347076.276331, MEe, 2.245127127e+01, E, -6000.000000, NP, 60000 6000
18400, t, 9.200000e-07, KEe, 1350829.390584, MEe, 2.251382318e+01, E, -6000.000000, NP, 60000 6000
18500, t, 9.250000e-07, KEe, 1348008.248667, MEe, 2.246680414e+01, E, -6000.000000, NP, 60000 6000
18600, t, 9.300000e-07, KEe, 1351583.120967, MEe, 2.252638535e+01, E, -6000.000000, NP, 60000 6000
18700, t, 9.350000e-07, KEe, 1343063.064123, MEe, 2.238438440e+01, E, -6000.000000, NP, 60000 6000
18800, t, 9.400000e-07, KEe, 1349453.022244, MEe, 2.249088370e+01, E, -6000.000000, NP, 60000 6000
18900, t, 9.450000e-07, KEe, 1358575.036943, MEe, 2.264291728e+01, E, -6000.000000, NP, 60000 6000
19000, t, 9.500000e-07, KEe, 1348015.788659, MEe, 2.246692981e+01, E, -6000.000000, NP, 60000 6000
19100, t, 9.550000e-07, KEe, 1348250.358454, MEe, 2.247083931e+01, E, -6000.000000, NP, 60000 6000
19200, t, 9.600000e-07, KEe, 1344934.436733, MEe, 2.241557395e+01, E, -6000.000000, NP, 60000 6000
19300, t, 9.650000e-07, KEe, 1346415.303378, MEe, 2.244025506e+01, E, -6000.000000, NP, 60000 6000
19400, t, 9.700000e-07, KEe, 1344031.221132, MEe, 2.240052035e+01, E, -6000.000000, NP, 60000 6000
19500, t, 9.750000e-07, KEe, 1355513.211699, MEe, 2.259188686e+01, E, -6000.000000, NP, 60000 6000
19600, t, 9.800000e-07, KEe, 1346469.053031, MEe, 2.244115088e+01, E, -6000.000000, NP, 60000 6000
19700, t, 9.850000e-07, KEe, 1347911.507352, MEe, 2.246519179e+01, E, -6000.000000, NP, 60000 6000
19800, t, 9.900000e-07, KEe, 1347531.466609, MEe, 2.245885778e+01, E, -6000.000000, NP, 60000 6000
19900, t, 9.950000e-07, KEe, 1348705.857333, MEe, 2.247843096e+01, E, -6000.000000, NP, 60000 6000
20000, t, 1.000000e-06, KEe, 1348581.031221, MEe, 2.247635052e+01, E, -6000.000000, NP, 60000 6000
20100, t, 1.005000e-06, KEe, 1352431.321078, MEe, 2.254052202e+01, E, -6000.000000, NP, 60000 6000
20200, t, 1.010000e-06, KEe, 1350104.136342, MEe, 2.250173561e+01, E, -6000.000000, NP, 60000 6000
20300, t, 1.015000e-06, KEe, 1345720.658326, MEe, 2.242867764e+01, E, -6000.000000, NP, 60000 6000
20400, t, 1.020000e-06, KEe, 1345963.779699, MEe, 2.243272966e+01, E, -6000.000000, NP, 60000 6000
20500, t, 1.025000e-06, KEe, 1344085.221036, MEe, 2.240142035e+01, E, -6000.000000, NP, 60000 6000
20600, t, 1.030000e-06, KEe, 1342907.768650, MEe, 2.238179614e+01, E, -6000.000000, NP, 60000 6000
20700, t, 1.035000e-06, KEe, 1342020.144323, MEe, 2.236700241e+01, E, -6000.000000, NP, 60000 6000
20800, t, 1.040000e-06, KEe, 1351181.555674, MEe, 2.251969259e+01, E, -6000.000000, NP, 60000 6000
20900, t, 1.045000e-06, KEe, 1343598.713544, MEe, 2.239331189e+01, E, -6000.000000, NP, 60000 6000
21000, t, 1.050000e-06, KEe, 1353745.935073, MEe, 2.256243225e+01, E, -6000.000000, NP, 60000 6000
21100, t, 1.055000e-06, KEe, 1356136.139254, MEe, 2.260226899e+01, E, -6000.000000, NP, 60000 6000
21200, t, 1.060000e-06, KEe, 1356317.638660, MEe, 2.260529398e+01, E, -6000.000000, NP, 60000 6000
21300, t, 1.065000e-06, KEe, 1349735.846335, MEe, 2.249559744e+01, E, -6000.000000, NP, 60000 6000
21400, t, 1.070000e-06, KEe, 1351167.928266, MEe, 2.251946547e+01, E, -6000.000000, NP, 60000 6000
21500, t, 1.075000e-06, KEe, 1342142.390839, MEe, 2.236903985e+01, E, -6000.000000, NP, 60000 6000
21600, t, 1.080000e-06, KEe, 1351314.527113, MEe, 2.252190879e+01, E, -6000.000000, NP, 60000 6000
21700, t, 1.085000e-06, KEe, 1347626.787769, MEe, 2.246044646e+01, E, -6000.000000, NP, 60000 6000
21800, t, 1.090000e-06, KEe, 1349816.123124, MEe, 2.249693539e+01, E, -6000.000000, NP, 60000 6000
21900, t, 1.095000e-06, KEe, 1349244.413211, MEe, 2.248740689e+01, E, -6000.000000, NP, 60000 6000
22000, t, 1.100000e-06, KEe, 1349571.807043, MEe, 2.249286345e+01, E, -6000.000000, NP, 60000 6000
22100, t, 1.105000e-06, KEe, 1351948.424918, MEe, 2.253247375e+01, E, -6000.000000, NP, 60000 6000
22200, t, 1.110000e-06, KEe, 1346214.383290, MEe, 2.243690639e+01, E, -6000.000000, NP, 60000 6000
22300, t, 1.115000e-06, KEe, 1357446.534080, MEe, 2.262410890e+01, E, -6000.000000, NP, 60000 6000
22400, t, 1.120000e-06, KEe, 1345678.438822, MEe, 2.242797398e+01, E, -6000.000000, NP, 60000 6000
22500, t, 1.125000e-06, KEe, 1347880.566324, MEe, 2.246467611e+01, E, -6000.000000, NP, 60000 6000
22600, t, 1.130000e-06, KEe, 1353302.469792, MEe, 2.255504116e+01, E, -6000.000000, NP, 60000 6000
22700, t, 1.135000e-06, KEe, 1343970.322298, MEe, 2.239950537e+01, E, -6000.000000, NP, 60000 6000
22800, t, 1.140000e-06, KEe, 1344512.537651, MEe, 2.240854229e+01, E, -6000.000000, NP, 60000 6000
22900, t, 1.145000e-06, KEe, 1354242.432867, MEe, 2.257070721e+01, E, -6000.000000, NP, 60000 6000
23000, t, 1.150000e-06, KEe, 1356462.524790, MEe, 2.260770875e+01, E, -6000.000000, NP, 60000 6000
23100, t, 1.155000e-06, KEe, 1354701.686135, MEe, 2.257836144e+01, E, -6000.000000, NP, 60000 6000
23200, t, 1.160000e-06, KEe, 1344741.490748, MEe, 2.241235818e+01, E, -6000.000000, NP, 60000 6000
23300, t, 1.165000e-06, KEe, 1343724.138463, MEe, 2.239540231e+01, E, -6000.000000, NP, 60000 6000
23400, t, 1.170000e-06, KEe, 1350644.003505, MEe, 2.251073339e+01, E, -6000.000000, NP, 60000 6000
23500, t, 1.175000e-06, KEe, 1345971.863301, MEe, 2.243286439e+01, E, -6000.000000, NP, 60000 6000
23600, t, 1.180000e-06, KEe, 1348269.774092, MEe, 2.247116290e+01, E, -6000.000000, NP, 60000 6000
23700, t, 1.185000e-06, KEe, 1358078.929086, MEe, 2.263464882e+01, E, -6000.000000, NP, 60000 6000
23800, t, 1.190000e-06, KEe, 1342298.250864, MEe, 2.237163751e+01, E, -6000.000000, NP, 60000 6000
23900, t, 1.195000e-06, KEe, 1346069.876528, MEe, 2.243449794e+01, E, -6000.000000, NP, 60000 6000
24000, t, 1.200000e-06, KEe, 1348856.210166, MEe, 2.248093684e+01, E, -6000.000000, NP, 60000 6000
24100, t, 1.205000e-06, KEe, 1349751.059426, MEe, 2.249585099e+01, E, -6000.000000, NP, 60000 6000
24200, t, 1.210000e-06, KEe, 1352954.596200, MEe, 2.254924327e+01, E, -6000.000000, NP, 60000 6000
24300, t, 1.215000e-06, KEe, 1356909.472821, MEe, 2.261515788e+01, E, -6000.000000, NP, 60000 6000
24400, t, 1.220000e-06, KEe, 1350788.852338, MEe, 2.251314754e+01, E, -6000.000000, NP, 60000 6000
24500, t, 1.225000e-06, KEe, 1342948.027968, MEe, 2.238246713e+01, E, -6000.000000, NP, 60000 6000
24600, t, 1.230000e-06, KEe, 1345248.303714, MEe, 2.242080506e+01, E, -6000.000000, NP, 60000 6000
24700, t, 1.235000e-06, KEe, 1351625.528989, MEe, 2.252709215e+01, E, -6000.000000, NP, 60000 6000
24800, t, 1.240000e-06, KEe, 1353149.194912, MEe, 2.255248658e+01, E, -6000.000000, NP, 60000 6000
24900, t, 1.245000e-06, KEe, 1345477.582823, MEe, 2.242462638e+01, E, -6000.000000, NP, 60000 6000
25000, t, 1.250000e-06, KEe, 1352515.309948, MEe, 2.254192183e+01, E, -6000.000000, NP, 60000 6000
25100, t, 1.255000e-06, KEe, 1352054.872582, MEe, 2.253424788e+01, E, -6000.000000, NP, 60000 6000
25200, t, 1.260000e-06, KEe, 1355648.005294, MEe, 2.259413342e+01, E, -6000.000000, NP, 60000 6000
25300, t, 1.265000e-06, KEe, 1356190.136269, MEe, 2.260316894e+01, E, -6000.000000, NP, 60000 6000
25400, t, 1.270000e-06, KEe, 1349248.179329, MEe, 2.248746966e+01, E, -6000.000000, NP, 60000 6000
25500, t, 1.275000e-06, KEe, 1350292.095774, MEe, 2.250486826e+01, E, -6000.000000, NP, 60000 6000
25600, t, 1.280000e-06, KEe, 1345957.166841, MEe, 2.243261945e+01, E, -6000.000000, NP, 60000 6000
25700, t, 1.285000e-06, KEe, 1346157.268969, MEe, 2.243595448e+01, E, -6000.000000, NP, 60000 6000
25800, t, 1.290000e-06, KEe, 1351364.922086, MEe, 2.252274870e+01, E, -6000.000000, NP, 60000 6000
25900, t, 1.295000e-06, KEe, 1351850.230622, MEe, 2.253083718e+01, E, -6000.000000, NP, 60000 6000
26000, t, 1.300000e-06, KEe, 1351696.685136, MEe, 2.252827809e+01, E, -6000.000000, NP, 60000 6000
26100, t, 1.305000e-06, KEe, 1351511.607492, MEe, 2.252519346e+01, E, -6000.000000, NP, 60000 6000
26200, t, 1.310000e-06, KEe, 1354307.173267, MEe, 2.257178622e+01, E, -6000.000000, NP, 60000 6000
26300, t, 1.315000e-06, KEe, 1348790.483697, MEe, 2.247984139e+01, E, -6000.000000, NP, 60000 6000
26400, t, 1.320000e-06, KEe, 1349377.601196, MEe, 2.248962669e+01, E, -6000.000000, NP, 60000 6000
26500, t, 1.325000e-06, KEe, 1339397.860864, MEe, 2.232329768e+01, E, -6000.000000, NP, 60000 6000
26600, t, 1.330000e-06, KEe, 1347521.142478, MEe, 2.245868571e+01, E, -6000.000000, NP, 60000 6000
26700, t, 1.335000e-06, KEe, 1351720.939046, MEe, 2.252868232e+01, E, -6000.000000, NP, 60000 6000
26800, t, 1.340000e-06, KEe, 1342831.813763, MEe, 2.238053023e+01, E, -6000.000000, NP, 60000 6000
26900, t, 1.345000e-06, KEe, 1343883.813158, MEe, 2.239806355e+01, E, -6000.000000, NP, 60000 6000
27000, t, 1.350000e-06, KEe, 1343948.449446, MEe, 2.239914082e+01, E, -6000.000000, NP, 60000 6000
27100, t, 1.355000e-06, KEe, 1351343.528025, MEe, 2.252239213e+01, E, -6000.000000, NP, 60000 6000
27200, t, 1.360000e-06, KEe, 1346023.408137, MEe, 2.243372347e+01, E, -6000.000000, NP, 60000 6000
27300, t, 1.365000e-06, KEe, 1342932.685684, MEe, 2.238221143e+01, E, -6000.000000, NP, 60000 6000
27400, t, 1.370000e-06, KEe, 1354277.027474, MEe, 2.257128379e+01, E, -6000.000000, NP, 60000 6000
27500, t, 1.375000e-06, KEe, 1351341.899335, MEe, 2.252236499e+01, E, -6000.000000, NP, 60000 6000
27600, t, 1.380000e-06, KEe, 1350317.467663, MEe, 2.250529113e+01, E, -6000.000000, NP, 60000 6000
27700, t, 1.385000e-06, KEe, 1345596.869595, MEe, 2.242661449e+01, E, -6000.000000, NP, 60000 6000
27800, t, 1.390000e-06, KEe, 1356716.447558, MEe, 2.261194079e+01, E, -6000.000000, NP, 60000 6000
27900, t, 1.395000e-06, KEe, 1348200.500171, MEe, 2.247000834e+01, E, -6000.000000, NP, 60000 6000
28000, t, 1.400000e-06, KEe, 1354957.712280, MEe, 2.258262854e+01, E, -6000.000000, NP, 60000 6000
28100, t, 1.405000e-06, KEe, 1340832.783064, MEe, 2.234721305e+01, E, -6000.000000, NP, 60000 6000
28200, t, 1.410000e-06, KEe, 1346810.370866, MEe, 2.244683951e+01, E, -6000.000000, NP, 60000 6000
28300, t, 1.415000e-06, KEe, 1347714.546587, MEe, 2.246190911e+01, E, -6000.000000, NP, 60000 6000
28400, t, 1.420000e-06, KEe, 1346529.167894, MEe, 2.244215280e+01, E, -6000.000000, NP, 60000 6000
28500, t, 1.425000e-06, KEe, 1353068.935208, MEe, 2.255114892e+01, E, -6000.000000, NP, 60000 6000
28600, t, 1.430000e-06, KEe, 1345284.729982, MEe, 2.242141217e+01, E, -6000.000000, NP, 60000 6000
28700, t, 1.435000e-06, KEe, 1357721.435511, MEe, 2.262869059e+01, E, -6000.000000, NP, 60000 6000
28800, t, 1.440000e-06, KEe, 1342720.277649, MEe, 2.237867129e+01, E, -6000.000000, NP, 60000 6000
28900, t, 1.445000e-06, KEe, 1351794.768892, MEe, 2.252991281e+01, E, -6000.000000, NP, 60000 6000
29000, t, 1.450000e-06, KEe, 1358503.767787, MEe, 2.264172946e+01, E, -6000.000000, NP, 60000 6000
29100, t, 1.455000e-06, KEe, 1356978.523871, MEe, 2.261630873e+01, E, -6000.000000, NP, 60000 6000
29200, t, 1.460000e-06, KEe, 1349899.048562, MEe, 2.249831748e+01, E, -6000.000000, NP, 60000 6000
29300, t, 1.465000e-06, KEe, 1345946.493841, MEe, 2.243244156e+01, E, -6000.000000, NP, 60000 6000
29400, t, 1.470000e-06, KEe, 1342516.939120, MEe, 2.237528232e+01, E, -6000.000000, NP, 60000 6000
29500, t, 1.475000e-06, KEe, 1349580.324965, MEe, 2.249300542e+01, E, -6000.000000, NP, 60000 6000
29600, t, 1.480000e-06, KEe, 1342962.840661, MEe, 2.238271401e+01, E, -6000.000000, NP, 60000 6000
29700, t, 1.485000e-06, KEe, 1353405.739583, MEe, 2.255676233e+01, E, -6000.000000, NP, 60000 6000
29800, t, 1.490000e-06, KEe, 1353294.018661, MEe, 2.255490031e+01, E, -6000.000000, NP, 60000 6000
29900, t, 1.495000e-06, KEe, 1347918.811391, MEe, 2.246531352e+01, E, -6000.000000, NP, 60000 6000
30000, t, 1.500000e-06, KEe, 1349656.688947, MEe, 2.249427815e+01, E, -6000.000000, NP, 60000 6000
30100, t, 1.505000e-06, KEe, 1346409.133264, MEe, 2.244015222e+01, E, -6000.000000, NP, 60000 6000
30200, t, 1.510000e-06, KEe, 1343759.831047, MEe, 2.239599718e+01, E, -6000.000000, NP, 60000 6000
30300, t, 1.515000e-06, KEe, 1340019.456193, MEe, 2.233365760e+01, E, -6000.000000, NP, 60000 6000
30400, t, 1.520000e-06, KEe, 1342629.736167, MEe, 2.237716227e+01, E, -6000.000000, NP, 60000 6000
30500, t, 1.525000e-06, KEe, 1348484.625316, MEe, 2.247474376e+01, E, -6000.000000, NP, 60000 6000
30600, t, 1.530000e-06, KEe, 1346752.838365, MEe, 2.244588064e+01, E, -6000.000000, NP, 60000 6000
30700, t, 1.535000e-06, KEe, 1350489.990037, MEe, 2.250816650e+01, E, -6000.000000, NP, 60000 6000
30800, t, 1.540000e-06, KEe, 1351301.042722, MEe, 2.252168405e+01, E, -6000.000000, NP, 60000 6000
30900, t, 1.545000e-06, KEe, 1351372.720424, MEe, 2.252287867e+01, E, -6000.000000, NP, 60000 6000
31000, t, 1.550000e-06, KEe, 1352602.800146, MEe, 2.254338000e+01, E, -6000.000000, NP, 60000 6000
31100, t, 1.555000e-06, KEe, 1353484.357470, MEe, 2.255807262e+01, E, -6000.000000, NP, 60000 6000
31200, t, 1.560000e-06, KEe, 1357905.249484, MEe, 2.263175416e+01, E, -6000.000000, NP, 60000 6000
31300, t, 1.565000e-06, KEe, 1348276.279861, MEe, 2.247127133e+01, E, -6000.000000, NP, 60000 6000
31400, t, 1.570000e-06, KEe, 1342464.516097, MEe, 2.237440860e+01, E, -6000.000000, NP, 60000 6000
31500, t, 1.575000e-06, KEe, 1344986.382293, MEe, 2.241643970e+01, E, -6000.000000, NP, 60000 6000
31600, t, 1.580000e-06, KEe, 1344459.379428, MEe, 2.240765632e+01, E, -6000.000000, NP, 60000 6000
31700, t, 1.585000e-06, KEe, 1353366.729511, MEe, 2.255611216e+01, E, -6000.000000, NP, 60000 6000
31800, t, 1.590000e-06, KEe, 1344108.133657, MEe, 2.240180223e+01, E, -6000.000000, NP, 60000 6000
31900, t, 1.595000e-06, KEe, 1340319.508471, MEe, 2.233865847e+01, E, -6000.000000, NP, 60000 6000
32000, t, 1.600000e-06, KEe, 1346626.525009, MEe, 2.244377542e+01, E, -6000.000000, NP, 60000 6000
32100, t, 1.605000e-06, KEe, 1347735.630694, MEe, 2.246226051e+01, E, -6000.000000, NP, 60000 6000
32200, t, 1.610000e-06, KEe, 1356780.286970, MEe, 2.261300478e+01, E, -6000.000000, NP, 60000 6000
32300, t, 1.615000e-06, KEe, 1341532.627761, MEe, 2.235887713e+01, E, -6000.000000, NP, 60000 6000
32400, t, 1.620000e-06, KEe, 1346118.758712, MEe, 2.243531265e+01, E, -6000.000000, NP, 60000 6000
32500, t, 1.625000e-06, KEe, 1343746.397092, MEe, 2.239577328e+01, E, -6000.000000, NP, 60000 6000
32600, t, 1.630000e-06, KEe, 1347675.870817, MEe, 2.246126451e+01, E, -6000.000000, NP, 60000 6000
32700, t, 1.635000e-06, KEe, 1347903.155380, MEe, 2.246505259e+01, E, -6000.000000, NP, 60000 6000
32800, t, 1.640000e-06, KEe, 1346002.760896, MEe, 2.243337935e+01, E, -6000.000000, NP, 60000 6000
32900, t, 1.645000e-06, KEe, 1347324.264134, MEe, 2.245540440e+01, E, -6000.000000, NP, 60000 6000
33000, t, 1.650000e-06, KEe, 1352670.146591, MEe, 2.254450244e+01, E, -6000.000000, NP, 60000 6000
33100, t, 1.655000e-06, KEe, 1347490.631995, MEe, 2.245817720e+01, E, -6000.000000, NP, 60000 6000
33200, t, 1.660000e-06, KEe, 1346176.072224, MEe, 2.243626787e+01, E, -6000.000000, NP, 60000 6000
33300, t, 1.665000e-06, KEe, 1341022.477173, MEe, 2.235037462e+01, E, -6000.000000, NP, 60000 6000
33400, t, 1.670000e-06, KEe, 1343199.490992, MEe, 2.238665818e+01, E, -6000.000000, NP, 60000 6000
33500, t, 1.675000e-06, KEe, 1349000.728427, MEe, 2.248334547e+01, E, -6000.000000, NP, 60000 6000
33600, t, 1.680000e-06, KEe, 1348917.491402, MEe, 2.248195819e+01, E, -6000.000000, NP, 60000 6000
33700, t, 1.685000e-06, KEe, 1338927.870229, MEe, 2.231546450e+01, E, -6000.000000, NP, 60000 6000
33800, t, 1.690000e-06, KEe, 1338978.786163, MEe, 2.231631310e+01, E, -6000.000000, NP, 60000 6000
33900, t, 1.695000e-06, KEe, 1350874.201352, MEe, 2.251457002e+01, E, -6000.000000, NP, 60000 6000
34000, t, 1.700000e-06, KEe, 1348002.075574, MEe, 2.246670126e+01, E, -6000.000000, NP, 60000 6000
34100, t, 1.705000e-06, KEe, 1353902.541842, MEe, 2.256504236e+01, E, -6000.000000, NP, 60000 6000
34200, t, 1.710000e-06, KEe, 1351034.704651, MEe, 2.251724508e+01, E, -6000.000000, NP, 60000 6000
34300, t, 1.715000e-06, KEe, 1341711.427065, MEe, 2.236185712e+01, E, -6000.000000, NP, 60000 6000
34400, t, 1.720000e-06, KEe, 1340380.827538, MEe, 2.233968046e+01, E, -6000.000000, NP, 60000 6000
34500, t, 1.725000e-06, KEe, 1340325.270081, MEe, 2.233875450e+01, E, -6000.000000, NP, 60000 6000
34600, t, 1.730000e-06, KEe, 1352891.240255, MEe, 2.254818734e+01, E, -6000.000000, NP, 60000 6000
34700, t, 1.735000e-06, KEe, 1346684.081863, MEe, 2.244473470e+01, E, -6000.000000, NP, 60000 6000
34800, t, 1.740000e-06, KEe, 1351290.687297, MEe, 2.252151145e+01, E, -6000.000000, NP, 60000 6000
34900, t, 1.745000e-06, KEe, 1342111.449949, MEe, 2.236852417e+01, E, -6000.000000, NP, 60000 6000
35000, t, 1.750000e-06, KEe, 1342674.670558, MEe, 2.237791118e+01, E, -6000.000000, NP, 60000 6000
35100, t, 1.755000e-06, KEe, 1333703.364217, MEe, 2.222838940e+01, E, -6000.000000, NP, 60000 6000
35200, t, 1.760000e-06, KEe, 1344594.723271, MEe, 2.240991205e+01, E, -6000.000000, NP, 60000 6000
35300, t, 1.765000e-06, KEe, 1354280.584257, MEe, 2.257134307e+01, E, -6000.000000, NP, 60000 6000
35400, t, 1.770000e-06, KEe, 1343549.918565, MEe, 2.239249864e+01, E, -6000.000000, NP, 60000 6000
35500, t, 1.775000e-06, KEe, 1347692.044648, MEe, 2.246153408e+01, E, -6000.000000, NP, 60000 6000
35600, t, 1.780000e-06, KEe, 1338724.400606, MEe, 2.231207334e+01, E, -6000.000000, NP, 60000 6000
35700, t, 1.785000e-06, KEe, 1346921.526773, MEe, 2.244869211e+01, E, -6000.000000, NP, 60000 6000
35800, t, 1.790000e-06, KEe, 1350195.365557, MEe, 2.250325609e+01, E, -6000.000000, NP, 60000 6000
35900, t, 1.795000e-06, KEe, 1349523.761108, MEe, 2.249206269e+01, E, -6000.000000, NP, 60000 6000
36000, t, 1.800000e-06, KEe, 1350592.758012, MEe, 2.250987930e+01, E, -6000.000000, NP, 60000 6000
36100, t, 1.805000e-06, KEe, 1345330.413286, MEe, 2.242217355e+01, E, -6000.000000, NP, 60000 6000
36200, t, 1.810000e-06, KEe, 1346082.177357, MEe, 2.243470296e+01, E, -6000.000000, NP, 60000 6000
36300, t, 1.815000e-06, KEe, 1351205.706268, MEe, 2.252009510e+01, E, -6000.000000, NP, 60000 6000
36400, t, 1.820000e-06, KEe, 1351714.612437, MEe, 2.252857687e+01, E, -6000.000000, NP, 60000 6000
36500, t, 1.825000e-06, KEe, 1357914.511572, MEe, 2.263190853e+01, E, -6000.000000, NP, 60000 6000
36600, t, 1.830000e-06, KEe, 1347754.797896, MEe, 2.246257996e+01, E, -6000.000000, NP, 60000 6000
36700, t, 1.835000e-06, KEe, 1348378.756393, MEe, 2.247297927e+01, E, -6000.000000, NP, 60000 6000
36800, t, 1.840000e-06, KEe, 1351641.208893, MEe, 2.252735348e+01, E, -6000.000000, NP, 60000 6000
36900, t, 1.845000e-06, KEe, 1349290.891339, MEe, 2.248818152e+01, E, -6000.000000, NP, 60000 6000
37000, t, 1.850000e-06, KEe, 1345877.439528, MEe, 2.243129066e+01, E, -6000.000000, NP, 60000 6000
37100, t, 1.855000e-06, KEe, 1348479.546636, MEe, 2.247465911e+01, E, -6000.000000, NP, 60000 6000
37200, t, 1.860000e-06, KEe, 1351899.663022, MEe, 2.253166105e+01, E, -6000.000000, NP, 60000 6000
37300, t, 1.865000e-06, KEe, 1345794.972391, MEe, 2.242991621e+01, E, -6000.000000, NP, 60000 6000
37400, t, 1.870000e-06, KEe, 1341959.410838, MEe, 2.236599018e+01, E, -6000.000000, NP, 60000 6000
37500, t, 1.875000e-06, KEe, 1346675.728057, MEe, 2.244459547e+01, E, -6000.000000, NP, 60000 6000
37600, t, 1.880000e-06, KEe, 1341343.381352, MEe, 2.235572302e+01, E, -6000.000000, NP, 60000 6000
37700, t, 1.885000e-06, KEe, 1348407.207766, MEe, 2.247345346e+01, E, -6000.000000, NP, 60000 6000
37800, t, 1.890000e-06, KEe, 1340755.241313, MEe, 2.234592069e+01, E, -6000.000000, NP, 60000 6000
37900, t, 1.895000e-06, KEe, 1350049.333408, MEe, 2.250082222e+01, E, -6000.000000, NP, 60000 6000
38000, t, 1.900000e-06, KEe, 1349050.125508, MEe, 2.248416876e+01, E, -6000.000000, NP, 60000 6000
38100, t, 1.905000e-06, KEe, 1340527.848323, MEe, 2.234213081e+01, E, -6000.000000, NP, 60000 6000
38200, t, 1.910000e-06, KEe, 1347508.592298, MEe, 2.245847654e+01, E, -6000.000000, NP, 60000 6000
38300, t, 1.915000e-06, KEe, 1350483.755292, MEe, 2.250806259e+01, E, -6000.000000, NP, 60000 6000
38400, t, 1.920000e-06, KEe, 1350278.202160, MEe, 2.250463670e+01, E, -6000.000000, NP, 60000 6000
38500, t, 1.925000e-06, KEe, 1346107.327300, MEe, 2.243512212e+01, E, -6000.000000, NP, 60000 6000
38600, t, 1.930000e-06, KEe, 1352916.355840, MEe, 2.254860593e+01, E, -6000.000000, NP, 60000 6000
38700, t, 1.935000e-06, KEe, 1355290.993672, MEe, 2.258818323e+01, E, -6000.000000, NP, 60000 6000
38800, t, 1.940000e-06, KEe, 1349352.707389, MEe, 2.248921179e+01, E, -6000.000000, NP, 60000 6000
38900, t, 1.945000e-06, KEe, 1353376.959624, MEe, 2.255628266e+01, E, -6000.000000, NP, 60000 6000
39000, t, 1.950000e-06, KEe, 1345844.565640, MEe, 2.243074276e+01, E, -6000.000000, NP, 60000 6000
39100, t, 1.955000e-06, KEe, 1344393.779131, MEe, 2.240656299e+01, E, -6000.000000, NP, 60000 6000
39200, t, 1.960000e-06, KEe, 1345523.846772, MEe, 2.242539745e+01, E, -6000.000000, NP, 60000 6000
39300, t, 1.965000e-06, KEe, 1345094.562282, MEe, 2.241824270e+01, E, -6000.000000, NP, 60000 6000
39400, t, 1.970000e-06, KEe, 1343996.744960, MEe, 2.239994575e+01, E, -6000.000000, NP, 60000 6000
39500, t, 1.975000e-06, KEe, 1344861.220113, MEe, 2.241435367e+01, E, -6000.000000, NP, 60000 6000
39600, t, 1.980000e-06, KEe, 1348700.882329, MEe, 2.247834804e+01, E, -6000.000000, NP, 60000 6000
39700, t, 1.985000e-06, KEe, 1352301.322678, MEe, 2.253835538e+01, E, -6000.000000, NP, 60000 6000
39800, t, 1.990000e-06, KEe, 1349030.938698, MEe, 2.248384898e+01, E, -6000.000000, NP, 60000 6000
39900, t, 1.995000e-06, KEe, 1343113.517579, MEe, 2.238522529e+01, E, -6000.000000, NP, 60000 6000
40000, t, 2.000000e-06, KEe, 1354199.588303, MEe, 2.256999314e+01, E, -6000.000000, NP, 60000 6000
40100, t, 2.005000e-06, KEe, 1358863.011451, MEe, 2.264771686e+01, E, -6000.000000, NP, 60000 6000
40200, t, 2.010000e-06, KEe, 1350725.040645, MEe, 2.251208401e+01, E, -6000.000000, NP, 60000 6000
40300, t, 2.015000e-06, KEe, 1344465.045039, MEe, 2.240775075e+01, E, -6000.000000, NP, 60000 6000
40400, t, 2.020000e-06, KEe, 1345046.556276, MEe, 2.241744260e+01, E, -6000.000000, NP, 60000 6000
40500, t, 2.025000e-06, KEe, 1349969.582105, MEe, 2.249949304e+01, E, -6000.000000, NP, 60000 6000
40600, t, 2.030000e-06, KEe, 1354537.593242, MEe, 2.257562655e+01, E, -6000.000000, NP, 60000 6000
40700, t, 2.035000e-06, KEe, 1350382.835137, MEe, 2.250638059e+01, E, -6000.000000, NP, 60000 6000
40800, t, 2.040000e-06, KEe, 1351167.510074, MEe, 2.251945850e+01, E, -6000.000000, NP, 60000 6000
40900, t, 2.045000e-06, KEe, 1355644.708536, MEe, 2.259407848e+01, E, -6000.000000, NP, 60000 6000
41000, t, 2.050000e-06, KEe, 1347311.504777, MEe, 2.245519175e+01, E, -6000.000000, NP, 60000 6000
41100, t, 2.055000e-06, KEe, 1349397.437271, MEe, 2.248995729e+01, E, -6000.000000, NP, 60000 6000
41200, t, 2.060000e-06, KEe, 1351759.815771, MEe, 2.252933026e+01, E, -6000.000000, NP, 60000 6000
41300, t, 2.065000e-06, KEe, 1347489.189747, MEe, 2.245815316e+01, E, -6000.000000, NP, 60000 6000
41400, t, 2.070000e-06, KEe, 1346547.650653, MEe, 2.244246084e+01, E, -6000.000000, NP, 60000 6000
41500, t, 2.075000e-06, KEe, 1351528.819031, MEe, 2.252548032e+01, E, -6000.000000, NP, 60000 6000
41600, t, 2.080000e-06, KEe, 1347554.538406, MEe, 2.245924231e+01, E, -6000.000000, NP, 60000 6000
41700, t, 2.085000e-06, KEe, 1349357.619534, MEe, 2.248929366e+01, E, -6000.000000, NP, 60000 6000
41800, t, 2.090000e-06, KEe, 1348606.966444, MEe, 2.247678277e+01, E, -6000.000000, NP, 60000 6000
41900, t, 2.095000e-06, KEe, 1355802.642556, MEe, 2.259671071e+01, E, -6000.000000, NP, 60000 6000
42000, t, 2.100000e-06, KEe, 1340602.966985, MEe, 2.234338278e+01, E, -6000.000000, NP, 60000 6000
42100, t, 2.105000e-06, KEe, 1346990.211324, MEe, 2.244983686e+01, E, -6000.000000, NP, 60000 6000
42200, t, 2.110000e-06, KEe, 1345491.132198, MEe, 2.242485220e+01, E, -6000.000000, NP, 60000 6000
42300, t, 2.115000e-06, KEe, 1353094.119211, MEe, 2.255156865e+01, E, -6000.000000, NP, 60000 6000
42400, t, 2.120000e-06, KEe, 1344264.539664, MEe, 2.240440899e+01, E, -6000.000000, NP, 60000 6000
42500, t, 2.125000e-06, KEe, 1352971.463050, MEe, 2.254952438e+01, E, -6000.000000, NP, 60000 6000
42600, t, 2.130000e-06, KEe, 1356041.940107, MEe, 2.260069900e+01, E, -6000.000000, NP, 60000 6000
42700, t, 2.135000e-06, KEe, 1350063.204374, MEe, 2.250105341e+01, E, -6000.000000, NP, 60000 6000
42800, t, 2.140000e-06, KEe, 1351056.176652, MEe, 2.251760294e+01, E, -6000.000000, NP, 60000 6000
42900, t, 2.145000e-06, KEe, 1354107.701221, MEe, 2.256846169e+01, E, -6000.000000, NP, 60000 6000
43000, t, 2.150000e-06, KEe, 1349288.060517, MEe, 2.248813434e+01, E, -6000.000000, NP, 60000 6000
43100, t, 2.155000e-06, KEe, 1344988.548984, MEe, 2.241647582e+01, E, -6000.000000, NP, 60000 6000
43200, t, 2.160000e-06, KEe, 1346616.300172, MEe, 2.244360500e+01, E, -6000.000000, NP, 60000 6000
43300, t, 2.165000e-06, KEe, 1348231.070388, MEe, 2.247051784e+01, E, -6000.000000, NP, 60000 6000
43400, t, 2.170000e-06, KEe, 1347058.261165, MEe, 2.245097102e+01, E, -6000.000000, NP, 60000 6000
43500, t, 2.175000e-06, KEe, 1345602.234630, MEe, 2.242670391e+01, E, -6000.000000, NP, 60000 6000
43600, t, 2.180000e-06, KEe, 1342531.092787, MEe, 2.237551821e+01, E, -6000.000000, NP, 60000 6000
43700, t, 2.185000e-06, KEe, 1348519.299123, MEe, 2.247532165e+01, E, -6000.000000, NP, 60000 6000
43800, t, 2.190000e-06, KEe, 1335793.382722, MEe, 2.226322305e+01, E, -6000.000000, NP, 60000 6000
43900, t, 2.195000e-06, KEe, 1350376.555880, MEe, 2.250627593e+01, E, -6000.000000, NP, 60000 6000
44000, t, 2.200000e-06, KEe, 1347206.076107, MEe, 2.245343460e+01, E, -6000.000000, NP, 60000 6000
44100, t, 2.205000e-06, KEe, 1354900.877112, MEe, 2.258168129e+01, E, -6000.000000, NP, 60000 6000
44200, t, 2.210000e-06, KEe, 1344945.598917, MEe, 2.241575998e+01, E, -6000.000000, NP, 60000 6000
44300, t, 2.215000e-06, KEe, 1346917.233491, MEe, 2.244862056e+01, E, -6000.000000, NP, 60000 6000
44400, t, 2.220000e-06, KEe, 1350861.633632, MEe, 2.251436056e+01, E, -6000.000000, NP, 60000 6000
44500, t, 2.225000e-06, KEe, 1346124.074059, MEe, 2.243540123e+01, E, -6000.000000, NP, 60000 6000
44600, t, 2.230000e-06, KEe, 1344570.945860, MEe, 2.240951576e+01, E, -6000.000000, NP, 60000 6000
44700, t, 2.235000e-06, KEe, 1352167.982326, MEe, 2.253613304e+01, E, -6000.000000, NP, 60000 6000
44800, t, 2.240000e-06, KEe, 1356203.228812, MEe, 2.260338715e+01, E, -6000.000000, NP, 60000 6000
44900, t, 2.245000e-06, KEe, 1354648.085072, MEe, 2.257746808e+01, E, -6000.000000, NP, 60000 6000
45000, t, 2.250000e-06, KEe, 1352631.501403, MEe, 2.254385836e+01, E, -6000.000000, NP, 60000 6000
45100, t, 2.255000e-06, KEe, 1347970.156291, MEe, 2.246616927e+01, E, -6000.000000, NP, 60000 6000
45200, t, 2.260000e-06, KEe, 1343775.796589, MEe, 2.239626328e+01, E, -6000.000000, NP, 60000 6000
45300, t, 2.265000e-06, KEe, 1349961.623407, MEe, 2.249936039e+01, E, -6000.000000, NP, 60000 6000
45400, t, 2.270000e-06, KEe, 1343800.762855, MEe, 2.239667938e+01, E, -6000.000000, NP, 60000 6000
45500, t, 2.275000e-06, KEe, 1346949.198451, MEe, 2.244915331e+01, E, -6000.000000, NP, 60000 6000
45600, t, 2.280000e-06, KEe, 1346854.338019, MEe, 2.244757230e+01, E, -6000.000000, NP, 60000 6000
45700, t, 2.285000e-06, KEe, 1344722.664664, MEe, 2.241204441e+01, E, -6000.000000, NP, 60000 6000
45800, t, 2.290000e-06, KEe, 1350746.213865, MEe, 2.251243690e+01, E, -6000.000000, NP, 60000 6000
45900, t, 2.295000e-06, KEe, 1347376.731363, MEe, 2.245627886e+01, E, -6000.000000, NP, 60000 6000
46000, t, 2.300000e-06, KEe, 1349561.579503, MEe, 2.249269299e+01, E, -6000.000000, NP, 60000 6000
46100, t, 2.305000e-06, KEe, 1351056.546189, MEe, 2.251760910e+01, E, -6000.000000, NP, 60000 6000
46200, t, 2.310000e-06, KEe, 1343095.706081, MEe, 2.238492843e+01, E, -6000.000000, NP, 60000 6000
46300, t, 2.315000e-06, KEe, 1347275.097250, MEe, 2.245458495e+01, E, -6000.000000, NP, 60000 6000
46400, t, 2.320000e-06, KEe, 1342476.933510, MEe, 2.237461556e+01, E, -6000.000000, NP, 60000 6000
46500, t, 2.325000e-06, KEe, 1351498.470048, MEe, 2.252497450e+01, E, -6000.000000, NP, 60000 6000
46600, t, 2.330000e-06, KEe, 1352576.610675, MEe, 2.254294351e+01, E, -6000.000000, NP, 60000 6000
46700, t, 2.335000e-06, KEe, 1348423.544509, MEe, 2.247372574e+01, E, -6000.000000, NP, 60000 6000
46800, t, 2.340000e-06, KEe, 1342280.571040, MEe, 2.237134285e+01, E, -6000.000000, NP, 60000 6000
46900, t, 2.345000e-06, KEe, 1347804.082303, MEe, 2.246340137e+01, E, -6000.000000, NP, 60000 6000
47000, t, 2.350000e-06, KEe, 1348959.728827, MEe, 2.248266215e+01, E, -6000.000000, NP, 60000 6000
47100, t, 2.355000e-06, KEe, 1345109.322647, MEe, 2.241848871e+01, E, -6000.000000, NP, 60000 6000
47200, t, 2.360000e-06, KEe, 1357526.899159, MEe, 2.262544832e+01, E, -6000.000000, NP, 60000 6000
47300, t, 2.365000e-06, KEe, 1350862.043459, MEe, 2.251436739e+01, E, -6000.000000, NP, 60000 6000
47400, t, 2.370000e-06, KEe, 1352834.007355, MEe, 2.254723346e+01, E, -6000.000000, NP, 60000 6000
47500, t, 2.375000e-06, KEe, 1349434.823074, MEe, 2.249058038e+01, E, -6000.000000, NP, 60000 6000
47600, t, 2.380000e-06, KEe, 1358736.896248, MEe, 2.264561494e+01, E, -6000.000000, NP, 60000 6000
47700, t, 2.385000e-06, KEe, 1348003.589605, MEe, 2.246672649e+01, E, -6000.000000, NP, 60000 6000
47800, t, 2.390000e-06, KEe, 1345287.640360, MEe, 2.242146067e+01, E, -6000.000000, NP, 60000 6000
47900, t, 2.395000e-06, KEe, 1345666.245521, MEe, 2.242777076e+01, E, -6000.000000, NP, 60000 6000
48000, t, 2.400000e-06, KEe, 1358050.215020, MEe, 2.263417025e+01, E, -6000.000000, NP, 60000 6000
48100, t, 2.405000e-06, KEe, 1342040.034569, MEe, 2.236733391e+01, E, -6000.000000, NP, 60000 6000
48200, t, 2.410000e-06, KEe, 1340793.041825, MEe, 2.234655070e+01, E, -6000.000000, NP, 60000 6000
48300, t, 2.415000e-06, KEe, 1347626.772873, MEe, 2.246044621e+01, E, -6000.000000, NP, 60000 6000
48400, t, 2.420000e-06, KEe, 1349323.771319, MEe, 2.248872952e+01, E, -6000.000000, NP, 60000 6000
48500, t, 2.425000e-06, KEe, 1351798.575344, MEe, 2.252997626e+01, E, -6000.000000, NP, 60000 6000
48600, t, 2.430000e-06, KEe, 1345568.502813, MEe, 2.242614171e+01, E, -6000.000000, NP, 60000 6000
48700, t, 2.435000e-06, KEe, 1345597.630440, MEe, 2.242662717e+01, E, -6000.000000, NP, 60000 6000
48800, t, 2.440000e-06, KEe, 1348995.230053, MEe, 2.248325383e+01, E, -6000.000000, NP, 60000 6000
48900, t, 2.445000e-06, KEe, 1344650.702098, MEe, 2.241084503e+01, E, -6000.000000, NP, 60000 6000
49000, t, 2.450000e-06, KEe, 1345064.478185, MEe, 2.241774130e+01, E, -6000.000000, NP, 60000 6000
49100, t, 2.455000e-06, KEe, 1347060.576422, MEe, 2.245100961e+01, E, -6000.000000, NP, 60000 6000
49200, t, 2.460000e-06, KEe, 1342176.847542, MEe, 2.236961413e+01, E, -6000.000000, NP, 60000 6000
49300, t, 2.465000e-06, KEe, 1343884.403495, MEe, 2.239807339e+01, E, -6000.000000, NP, 60000 6000
49400, t, 2.470000e-06, KEe, 1350339.789229, MEe, 2.250566315e+01, E, -6000.000000, NP, 60000 6000
49500, t, 2.475000e-06, KEe, 1337139.877408, MEe, 2.228566462e+01, E, -6000.000000, NP, 60000 6000
49600, t, 2.480000e-06, KEe, 1337295.245976, MEe, 2.228825410e+01, E, -6000.000000, NP, 60000 6000
49700, t, 2.485000e-06, KEe, 1345394.902232, MEe, 2.242324837e+01, E, -6000.000000, NP, 60000 6000
49800, t, 2.490000e-06, KEe, 1345114.408683, MEe, 2.241857348e+01, E, -6000.000000, NP, 60000 6000
49900, t, 2.495000e-06, KEe, 1348252.213356, MEe, 2.247087022e+01, E, -6000.000000, NP, 60000 6000
50000, t, 2.500000e-06, KEe, 1345263.726835, MEe, 2.242106211e+01, E, -6000.000000, NP, 60000 6000
50100, t, 2.505000e-06, KEe, 1345567.616638, MEe, 2.242612694e+01, E, -6000.000000, NP, 60000 6000
50200, t, 2.510000e-06, KEe, 1354564.096221, MEe, 2.257606827e+01, E, -6000.000000, NP, 60000 6000
50300, t, 2.515000e-06, KEe, 1342863.721418, MEe, 2.238106202e+01, E, -6000.000000, NP, 60000 6000
50400, t, 2.520000e-06, KEe, 1347311.096732, MEe, 2.245518495e+01, E, -6000.000000, NP, 60000 6000
50500, t, 2.525000e-06, KEe, 1354281.109212, MEe, 2.257135182e+01, E, -6000.000000, NP, 60000 6000
50600, t, 2.530000e-06, KEe, 1350489.390319, MEe, 2.250815651e+01, E, -6000.000000, NP, 60000 6000
50700, t, 2.535000e-06, KEe, 1351600.220509, MEe, 2.252667034e+01, E, -6000.000000, NP, 60000 6000
50800, t, 2.540000e-06, KEe, 1353117.566220, MEe, 2.255195944e+01, E, -6000.000000, NP, 60000 6000
50900, t, 2.545000e-06, KEe, 1342635.073307, MEe, 2.237725122e+01, E, -6000.000000, NP, 60000 6000
51000, t, 2.550000e-06, KEe, 1346002.495250, MEe, 2.243337492e+01, E, -6000.000000, NP, 60000 6000
51100, t, 2.555000e-06, KEe, 1346700.992237, MEe, 2.244501654e+01, E, -6000.000000, NP, 60000 6000
51200, t, 2.560000e-06, KEe, 1336855.457328, MEe, 2.228092429e+01, E, -6000.000000, NP, 60000 6000
51300, t, 2.565000e-06, KEe, 1343013.746118, MEe, 2.238356244e+01, E, -6000.000000, NP, 60000 6000
51400, t, 2.570000e-06, KEe, 1344995.834547, MEe, 2.241659724e+01, E, -6000.000000, NP, 60000 6000
51500, t, 2.575000e-06, KEe, 1352500.468697, MEe, 2.254167448e+01, E, -6000.000000, NP, 60000 6000
51600, t, 2.580000e-06, KEe, 1352378.737027, MEe, 2.253964562e+01, E, -6000.000000, NP, 60000 6000
51700, t, 2.585000e-06, KEe, 1356131.161020, MEe, 2.260218602e+01, E, -6000.000000, NP, 60000 6000
51800, t, 2.590000e-06, KEe, 1348109.071693, MEe, 2.246848453e+01, E, -6000.000000, NP, 60000 6000
51900, t, 2.595000e-06, KEe, 1358245.717905, MEe, 2.263742863e+01, E, -6000.000000, NP, 60000 6000
52000, t, 2.600000e-06, KEe, 1354242.631366, MEe, 2.257071052e+01, E, -6000.000000, NP, 60000 6000
52100, t, 2.605000e-06, KEe, 1351261.252775, MEe, 2.252102088e+01, E, -6000.000000, NP, 60000 6000
52200, t, 2.610000e-06, KEe, 1343415.756921, MEe, 2.239026262e+01, E, -6000.000000, NP, 60000 6000
52300, t, 2.615000e-06, KEe, 1344580.248215, MEe, 2.240967080e+01, E, -6000.000000, NP, 60000 6000
52400, t, 2.620000e-06, KEe, 1342030.594334, MEe, 2.236717657e+01, E, -6000.000000, NP, 60000 6000
52500, t, 2.625000e-06, KEe, 1342781.661890, MEe, 2.237969436e+01, E, -6000.000000, NP, 60000 6000
52600, t, 2.630000e-06, KEe, 1342440.983388, MEe, 2.237401639e+01, E, -6000.000000, NP, 60000 6000
52700, t, 2.635000e-06, KEe, 1351039.329502, MEe, 2.251732216e+01, E, -6000.000000, NP, 60000 6000
52800, t, 2.640000e-06, KEe, 1344198.847925, MEe, 2.240331413e+01, E, -6000.000000, NP, 60000 6000
52900, t, 2.645000e-06, KEe, 1339039.432615, MEe, 2.231732388e+01, E, -6000.000000, NP, 60000 6000
53000, t, 2.650000e-06, KEe, 1354425.823744, MEe, 2.257376373e+01, E, -6000.000000, NP, 60000 6000
53100, t, 2.655000e-06, KEe, 1355325.820748, MEe, 2.258876368e+01, E, -6000.000000, NP, 60000 6000
53200, t, 2.660000e-06, KEe, 1349516.710588, MEe, 2.249194518e+01, E, -6000.000000, NP, 60000 6000
53300, t, 2.665000e-06, KEe, 1350333.676678, MEe, 2.250556128e+01, E, -6000.000000, NP, 60000 6000
53400, t, 2.670000e-06, KEe, 1357377.528642, MEe, 2.262295881e+01, E, -6000.000000, NP, 60000 6000
53500, t, 2.675000e-06, KEe, 1351996.957282, MEe, 2.253328262e+01, E, -6000.000000, NP, 60000 6000
53600, t, 2.680000e-06, KEe, 1355434.410944, MEe, 2.259057352e+01, E, -6000.000000, NP, 60000 6000
53700, t, 2.685000e-06, KEe, 1344241.899117, MEe, 2.240403165e+01, E, -6000.000000, NP, 60000 6000
53800, t, 2.690000e-06, KEe, 1355405.745714, MEe, 2.259009576e+01, E, -6000.000000, NP, 60000 6000
53900, t, 2.695000e-06, KEe, 1347655.225844, MEe, 2.246092043e+01, E, -6000.000000, NP, 60000 6000
54000, t, 2.700000e-06, KEe, 1349186.103908, MEe, 2.248643507e+01, E, -6000.000000, NP, 60000 6000
54100, t, 2.705000e-06, KEe, 1346570.293254, MEe, 2.244283822e+01, E, -6000.000000, NP, 60000 6000
54200, t, 2.710000e-06, KEe, 1345220.667189, MEe, 2.242034445e+01, E, -6000.000000, NP, 60000 6000
54300, t, 2.715000e-06, KEe, 1352562.755959, MEe, 2.254271260e+01, E, -6000.000000, NP, 60000 6000
54400, t, 2.720000e-06, KEe, 1348872.777365, MEe, 2.248121296e+01, E, -6000.000000, NP, 60000 6000
54500, t, 2.725000e-06, KEe, 1349765.874157, MEe, 2.249609790e+01, E, -6000.000000, NP, 60000 6000
54600, t, 2.730000e-06, KEe, 1350883.926414, MEe, 2.251473211e+01, E, -6000.000000, NP, 60000 6000
54700, t, 2.735000e-06, KEe, 1348027.123870, MEe, 2.246711873e+01, E, -6000.000000, NP, 60000 6000
54800, t, 2.740000e-06, KEe, 1342879.669490, MEe, 2.238132782e+01, E, -6000.000000, NP, 60000 6000
54900, t, 2.745000e-06, KEe, 1347394.055509, MEe, 2.245656759e+01, E, -6000.000000, NP, 60000 6000
55000, t, 2.750000e-06, KEe, 1344065.282368, MEe, 2.240108804e+01, E, -6000.000000, NP, 60000 6000
55100, t, 2.755000e-06, KEe, 1353437.901861, MEe, 2.255729836e+01, E, -6000.000000, NP, 60000 6000
55200, t, 2.760000e-06, KEe, 1347764.474568, MEe, 2.246274124e+01, E, -6000.000000, NP, 60000 6000
55300, t, 2.765000e-06, KEe, 1340398.884480, MEe, 2.233998141e+01, E, -6000.000000, NP, 60000 6000
55400, t, 2.770000e-06, KEe, 1335624.745796, MEe, 2.226041243e+01, E, -6000.000000, NP, 60000 6000
55500, t, 2.775000e-06, KEe, 1347295.814919, MEe, 2.245493025e+01, E, -6000.000000, NP, 60000 6000
55600, t, 2.780000e-06, KEe, 1351054.175160, MEe, 2.251756959e+01, E, -6000.000000, NP, 60000 6000
55700, t, 2.785000e-06, KEe, 1348236.006596, MEe, 2.247060011e+01, E, -6000.000000, NP, 60000 6000
55800, t, 2.790000e-06, KEe, 1349235.055400, MEe, 2.248725092e+01, E, -6000.000000, NP, 60000 6000
55900, t, 2.795000e-06, KEe, 1348587.003233, MEe, 2.247645005e+01, E, -6000.000000, NP, 60000 6000
56000, t, 2.800000e-06, KEe, 1344192.015650, MEe, 2.240320026e+01, E, -6000.000000, NP, 60000 6000
56100, t, 2.805000e-06, KEe, 1343902.936749, MEe, 2.239838228e+01, E, -6000.000000, NP, 60000 6000
56200, t, 2.810000e-06, KEe, 1345164.757354, MEe, 2.241941262e+01, E, -6000.000000, NP, 60000 6000
56300, t, 2.815000e-06, KEe, 1345871.675721, MEe, 2.243119460e+01, E, -6000.000000, NP, 60000 6000
56400, t, 2.820000e-06, KEe, 1356948.440966, MEe, 2.261580735e+01, E, -6000.000000, NP, 60000 6000
56500, t, 2.825000e-06, KEe, 1352073.609062, MEe, 2.253456015e+01, E, -6000.000000, NP, 60000 6000
56600, t, 2.830000e-06, KEe, 1347033.083443, MEe, 2.245055139e+01, E, -6000.000000, NP, 60000 6000
56700, t, 2.835000e-06, KEe, 1351970.686632, MEe, 2.253284478e+01, E, -6000.000000, NP, 60000 6000
56800, t, 2.840000e-06, KEe, 1345812.343003, MEe, 2.243020572e+01, E, -6000.000000, NP, 60000 6000
56900, t, 2.845000e-06, KEe, 1347404.036427, MEe, 2.245673394e+01, E, -6000.000000, NP, 60000 6000
57000, t, 2.850000e-06, KEe, 1352011.957554, MEe, 2.253353263e+01, E, -6000.000000, NP, 60000 6000
57100, t, 2.855000e-06, KEe, 1349178.677107, MEe, 2.248631129e+01, E, -6000.000000, NP, 60000 6000
57200, t, 2.860000e-06, KEe, 1354924.332755, MEe, 2.258207221e+01, E, -6000.000000, NP, 60000 6000
57300, t, 2.865000e-06, KEe, 1346565.391350, MEe, 2.244275652e+01, E, -6000.000000, NP, 60000 6000
57400, t, 2.870000e-06, KEe, 1358591.304647, MEe, 2.264318841e+01, E, -6000.000000, NP, 60000 6000
57500, t, 2.875000e-06, KEe, 1352847.181177, MEe, 2.254745302e+01, E, -6000.000000, NP, 60000 6000
57600, t, 2.880000e-06, KEe, 1352572.589942, MEe, 2.254287650e+01, E, -6000.000000, NP, 60000 6000
57700, t, 2.885000e-06, KEe, 1342283.503892, MEe, 2.237139173e+01, E, -6000.000000, NP, 60000 6000
57800, t, 2.890000e-06, KEe, 1351814.420050, MEe, 2.253024033e+01, E, -6000.000000, NP, 60000 6000
57900, t, 2.895000e-06, KEe, 1341601.496494, MEe, 2.236002494e+01, E, -6000.000000, NP, 60000 6000
58000, t, 2.900000e-06, KEe, 1349770.514429, MEe, 2.249617524e+01, E, -6000.000000, NP, 60000 6000
58100, t, 2.905000e-06, KEe, 1347796.625566, MEe, 2.246327709e+01, E, -6000.000000, NP, 60000 6000
58200, t, 2.910000e-06, KEe, 1352757.104883, MEe, 2.254595175e+01, E, -6000.000000, NP, 60000 6000
58300, t, 2.915000e-06, KEe, 1346372.020734, MEe, 2.243953368e+01, E, -6000.000000, NP, 60000 6000
58400, t, 2.920000e-06, KEe, 1335735.198655, MEe, 2.226225331e+01, E, -6000.000000, NP, 60000 6000
58500, t, 2.925000e-06, KEe, 1342151.476265, MEe, 2.236919127e+01, E, -6000.000000, NP, 60000 6000
58600, t, 2.930000e-06, KEe, 1341583.796748, MEe, 2.235972995e+01, E, -6000.000000, NP, 60000 6000
58700, t, 2.935000e-06, KEe, 1353906.572578, MEe, 2.256510954e+01, E, -6000.000000, NP, 60000 6000
58800, t, 2.940000e-06, KEe, 1352133.587094, MEe, 2.253555978e+01, E, -6000.000000, NP, 60000 6000
58900, t, 2.945000e-06, KEe, 1352563.943227, MEe, 2.254273239e+01, E, -6000.000000, NP, 60000 6000
59000, t, 2.950000e-06, KEe, 1350548.865988, MEe, 2.250914777e+01, E, -6000.000000, NP, 60000 6000
59100, t, 2.955000e-06, KEe, 1353308.141442, MEe, 2.255513569e+01, E, -6000.000000, NP, 60000 6000
59200, t, 2.960000e-06, KEe, 1349974.618347, MEe, 2.249957697e+01, E, -6000.000000, NP, 60000 6000
59300, t, 2.965000e-06, KEe, 1354123.374116, MEe, 2.256872290e+01, E, -6000.000000, NP, 60000 6000
59400, t, 2.970000e-06, KEe, 1349289.742951, MEe, 2.248816238e+01, E, -6000.000000, NP, 60000 6000
59500, t, 2.975000e-06, KEe, 1348671.865533, MEe, 2.247786443e+01, E, -6000.000000, NP, 60000 6000
59600, t, 2.980000e-06, KEe, 1344622.636422, MEe, 2.241037727e+01, E, -6000.000000, NP, 60000 6000
59700, t, 2.985000e-06, KEe, 1349655.517015, MEe, 2.249425862e+01, E, -6000.000000, NP, 60000 6000
59800, t, 2.990000e-06, KEe, 1348899.820130, MEe, 2.248166367e+01, E, -6000.000000, NP, 60000 6000
59900, t, 2.995000e-06, KEe, 1344878.957348, MEe, 2.241464929e+01, E, -6000.000000, NP, 60000 6000
60000, t, 3.000000e-06, KEe, 1344543.380593, MEe, 2.240905634e+01, E, -6000.000000, NP, 60000 6000
60100, t, 3.005000e-06, KEe, 1348853.648202, MEe, 2.248089414e+01, E, -6000.000000, NP, 60000 6000
60200, t, 3.010000e-06, KEe, 1347196.107480, MEe, 2.245326846e+01, E, -6000.000000, NP, 60000 6000
60300, t, 3.015000e-06, KEe, 1351233.178508, MEe, 2.252055298e+01, E, -6000.000000, NP, 60000 6000
60400, t, 3.020000e-06, KEe, 1349925.365465, MEe, 2.249875609e+01, E, -6000.000000, NP, 60000 6000
60500, t, 3.025000e-06, KEe, 1344213.861895, MEe, 2.240356436e+01, E, -6000.000000, NP, 60000 6000
60600, t, 3.030000e-06, KEe, 1341488.417110, MEe, 2.235814029e+01, E, -6000.000000, NP, 60000 6000
60700, t, 3.035000e-06, KEe, 1345940.538724, MEe, 2.243234231e+01, E, -6000.000000, NP, 60000 6000
60800, t, 3.040000e-06, KEe, 1338665.593172, MEe, 2.231109322e+01, E, -6000.000000, NP, 60000 6000
60900, t, 3.045000e-06, KEe, 1350296.012935, MEe, 2.250493355e+01, E, -6000.000000, NP, 60000 6000
61000, t, 3.050000e-06, KEe, 1348773.928123, MEe, 2.247956547e+01, E, -6000.000000, NP, 60000 6000
61100, t, 3.055000e-06, KEe, 1344306.709765, MEe, 2.240511183e+01, E, -6000.000000, NP, 60000 6000
61200, t, 3.060000e-06, KEe, 1351880.218499, MEe, 2.253133697e+01, E, -6000.000000, NP, 60000 6000
61300, t, 3.065000e-06, KEe, 1345667.919568, MEe, 2.242779866e+01, E, -6000.000000, NP, 60000 6000
61400, t, 3.070000e-06, KEe, 1349047.392530, MEe, 2.248412321e+01, E, -6000.000000, NP, 60000 6000
61500, t, 3.075000e-06, KEe, 1350239.623254, MEe, 2.250399372e+01, E, -6000.000000, NP, 60000 6000
61600, t, 3.080000e-06, KEe, 1348101.116253, MEe, 2.246835194e+01, E, -6000.000000, NP, 60000 6000
61700, t, 3.085000e-06, KEe, 1350778.916181, MEe, 2.251298194e+01, E, -6000.000000, NP, 60000 6000
61800, t, 3.090000e-06, KEe, 1345436.568861, MEe, 2.242394281e+01, E, -6000.000000, NP, 60000 6000
61900, t, 3.095000e-06, KEe, 1355511.082287, MEe, 2.259185137e+01, E, -6000.000000, NP, 60000 6000
62000, t, 3.100000e-06, KEe, 1344327.678127, MEe, 2.240546130e+01, E, -6000.000000, NP, 60000 6000
62100, t, 3.105000e-06, KEe, 1346074.736344, MEe, 2.243457894e+01, E, -6000.000000, NP, 60000 6000
62200, t, 3.110000e-06, KEe, 1344587.354761, MEe, 2.240978925e+01, E, -6000.000000, NP, 60000 6000
62300, t, 3.115000e-06, KEe, 1355865.910084, MEe, 2.259776517e+01, E, -6000.000000, NP, 60000 6000
62400, t, 3.120000e-06, KEe, 1346121.971555, MEe, 2.243536619e+01, E, -6000.000000, NP, 60000 6000
62500, t, 3.125000e-06, KEe, 1352893.513362, MEe, 2.254822522e+01, E, -6000.000000, NP, 60000 6000
62600, t, 3.130000e-06, KEe, 1349701.006641, MEe, 2.249501678e+01, E, -6000.000000, NP, 60000 6000
62700, t, 3.135000e-06, KEe, 1338093.489939, MEe, 2.230155817e+01, E, -6000.000000, NP, 60000 6000
62800, t, 3.140000e-06, KEe, 1345009.191458, MEe, 2.241681986e+01, E, -6000.000000, NP, 60000 6000
62900, t, 3.145000e-06, KEe, 1345845.544363, MEe, 2.243075907e+01, E, -6000.000000, NP, 60000 6000
63000, t, 3.150000e-06, KEe, 1350720.011997, MEe, 2.251200020e+01, E, -6000.000000, NP, 60000 6000
63100, t, 3.155000e-06, KEe, 1350579.658702, MEe, 2.250966098e+01, E, -6000.000000, NP, 60000 6000
63200, t, 3.160000e-06, KEe, 1352374.552987, MEe, 2.253957588e+01, E, -6000.000000, NP, 60000 6000
63300, t, 3.165000e-06, KEe, 1340387.833172, MEe, 2.233979722e+01, E, -6000.000000, NP, 60000 6000
63400, t, 3.170000e-06, KEe, 1343041.888467, MEe, 2.238403147e+01, E, -6000.000000, NP, 60000 6000
63500, t, 3.175000e-06, KEe, 1346116.459295, MEe, 2.243527432e+01, E, -6000.000000, NP, 60000 6000
63600, t, 3.180000e-06, KEe, 1344987.875264, MEe, 2.241646459e+01, E, -6000.000000, NP, 60000 6000
63700, t, 3.185000e-06, KEe, 1351559.415169, MEe, 2.252599025e+01, E, -6000.000000, NP, 60000 6000
63800, t, 3.190000e-06, KEe, 1349377.736484, MEe, 2.248962894e+01, E, -6000.000000, NP, 60000 6000
63900, t, 3.195000e-06, KEe, 1344999.270939, MEe, 2.241665452e+01, E, -6000.000000, NP, 60000 6000
64000, t, 3.200000e-06, KEe, 1350342.422073, MEe, 2.250570703e+01, E, -6000.000000, NP, 60000 6000
64100, t, 3.205000e-06, KEe, 1342633.105163, MEe, 2.237721842e+01, E, -6000.000000, NP, 60000 6000
64200, t, 3.210000e-06, KEe, 1346705.478324, MEe, 2.244509131e+01, E, -6000.000000, NP, 60000 6000
64300, t, 3.215000e-06, KEe, 1349455.413477, MEe, 2.249092356e+01, E, -6000.000000, NP, 60000 6000
64400, t, 3.220000e-06, KEe, 1341959.863776, MEe, 2.236599773e+01, E, -6000.000000, NP, 60000 6000
64500, t, 3.225000e-06, KEe, 1346174.460354, MEe, 2.243624101e+01, E, -6000.000000, NP, 60000 6000
64600, t, 3.230000e-06, KEe, 1351459.168822, MEe, 2.252431948e+01, E, -6000.000000, NP, 60000 6000
64700, t, 3.235000e-06, KEe, 1350323.668989, MEe, 2.250539448e+01, E, -6000.000000, NP, 60000 6000
64800, t, 3.240000e-06, KEe, 1342333.484723, MEe, 2.237222475e+01, E, -6000.000000, NP, 60000 6000
64900, t, 3.245000e-06, KEe, 1342758.940237, MEe, 2.237931567e+01, E, -6000.000000, NP, 60000 6000
65000, t, 3.250000e-06, KEe, 1348617.872352, MEe, 2.247696454e+01, E, -6000.000000, NP, 60000 6000
65100, t, 3.255000e-06, KEe, 1348202.211137, MEe, 2.247003685e+01, E, -6000.000000, NP, 60000 6000
65200, t, 3.260000e-06, KEe, 1347004.279538, MEe, 2.245007133e+01, E, -6000.000000, NP, 60000 6000
65300, t, 3.265000e-06, KEe, 1345636.068563, MEe, 2.242726781e+01, E, -6000.000000, NP, 60000 6000
65400, t, 3.270000e-06, KEe, 1351572.821443, MEe, 2.252621369e+01, E, -6000.000000, NP, 60000 6000
65500, t, 3.275000e-06, KEe, 1346253.612943, MEe, 2.243756022e+01, E, -6000.000000, NP, 60000 6000
65600, t, 3.280000e-06, KEe, 1345613.983473, MEe, 2.242689972e+01, E, -6000.000000, NP, 60000 6000
65700, t, 3.285000e-06, KEe, 1351909.693442, MEe, 2.253182822e+01, E, -6000.000000, NP, 60000 6000
65800, t, 3.290000e-06, KEe, 1353300.313991, MEe, 2.255500523e+01, E, -6000.000000, NP, 60000 6000
65900, t, 3.295000e-06, KEe, 1352524.224287, MEe, 2.254207040e+01, E, -6000.000000, NP, 60000 6000
66000, t, 3.300000e-06, KEe, 1354726.235968, MEe, 2.257877060e+01, E, -6000.000000, NP, 60000 6000
66100, t, 3.305000e-06, KEe, 1348620.322610, MEe, 2.247700538e+01, E, -6000.000000, NP, 60000 6000
66200, t, 3.310000e-06, KEe, 1343360.052643, MEe, 2.238933421e+01, E, -6000.000000, NP, 60000 6000
66300, t, 3.315000e-06, KEe, 1346833.589585, MEe, 2.244722649e+01, E, -6000.000000, NP, 60000 6000
66400, t, 3.320000e-06, KEe, 1338822.793969, MEe, 2.231371323e+01, E, -6000.000000, NP, 60000 6000
66500, t, 3.325000e-06, KEe, 1351908.460691, MEe, 2.253180768e+01, E, -6000.000000, NP, 60000 6000
66600, t, 3.330000e-06, KEe, 1346051.371422, MEe, 2.243418952e+01, E, -6000.000000, NP, 60000 6000
66700, t, 3.335000e-06, KEe, 1347725.793829, MEe, 2.246209656e+01, E, -6000.000000, NP, 60000 6000
66800, t, 3.340000e-06, KEe, 1353717.213831, MEe, 2.256195356e+01, E, -6000.000000, NP, 60000 6000
66900, t, 3.345000e-06, KEe, 1345978.001573, MEe, 2.243296669e+01, E, -6000.000000, NP, 60000 6000
67000, t, 3.350000e-06, KEe, 1348308.455975, MEe, 2.247180760e+01, E, -6000.000000, NP, 60000 6000
67100, t, 3.355000e-06, KEe, 1355422.880276, MEe, 2.259038134e+01, E, -6000.000000, NP, 60000 6000
67200, t, 3.360000e-06, KEe, 1355012.883757, MEe, 2.258354806e+01, E, -6000.000000, NP, 60000 6000
67300, t, 3.365000e-06, KEe, 1350605.899772, MEe, 2.251009833e+01, E, -6000.000000, NP, 60000 6000
67400, t, 3.370000e-06, KEe, 1350058.091604, MEe, 2.250096819e+01, E, -6000.000000, NP, 60000 6000
67500, t, 3.375000e-06, KEe, 1353362.488867, MEe, 2.255604148e+01, E, -6000.000000, NP, 60000 6000
67600, t, 3.380000e-06, KEe, 1350846.793292, MEe, 2.251411322e+01, E, -6000.000000, NP, 60000 6000
67700, t, 3.385000e-06, KEe, 1353071.308126, MEe, 2.255118847e+01, E, -6000.000000, NP, 60000 6000
67800, t, 3.390000e-06, KEe, 1351022.209932, MEe, 2.251703683e+01, E, -6000.000000, NP, 60000 6000
67900, t, 3.395000e-06, KEe, 1347800.613355, MEe, 2.246334356e+01, E, -6000.000000, NP, 60000 6000
68000, t, 3.400000e-06, KEe, 1345323.510286, MEe, 2.242205850e+01, E, -6000.000000, NP, 60000 6000
68100, t, 3.405000e-06, KEe, 1345272.517975, MEe, 2.242120863e+01, E, -6000.000000, NP, 60000 6000
68200, t, 3.410000e-06, KEe, 1352976.955083, MEe, 2.254961592e+01, E, -6000.000000, NP, 60000 6000
68300, t, 3.415000e-06, KEe, 1352152.821547, MEe, 2.253588036e+01, E, -6000.000000, NP, 60000 6000
68400, t, 3.420000e-06, KEe, 1347622.422003, MEe, 2.246037370e+01, E, -6000.000000, NP, 60000 6000
68500, t, 3.425000e-06, KEe, 1350285.571230, MEe, 2.250475952e+01, E, -6000.000000, NP, 60000 6000
68600, t, 3.430000e-06, KEe, 1346426.108988, MEe, 2.244043515e+01, E, -6000.000000, NP, 60000 6000
68700, t, 3.435000e-06, KEe, 1348646.530827, MEe, 2.247744218e+01, E, -6000.000000, NP, 60000 6000
68800, t, 3.440000e-06, KEe, 1348896.716970, MEe, 2.248161195e+01, E, -6000.000000, NP, 60000 6000
68900, t, 3.445000e-06, KEe, 1351199.254381, MEe, 2.251998757e+01, E, -6000.000000, NP, 60000 6000
69000, t, 3.450000e-06, KEe, 1348401.171484, MEe, 2.247335286e+01, E, -6000.000000, NP, 60000 6000
69100, t, 3.455000e-06, KEe, 1345938.650602, MEe, 2.243231084e+01, E, -6000.000000, NP, 60000 6000
69200, t, 3.460000e-06, KEe, 1341040.326302, MEe, 2.235067211e+01, E, -6000.000000, NP, 60000 6000
69300, t, 3.465000e-06, KEe, 1350840.125504, MEe, 2.251400209e+01, E, -6000.000000, NP, 60000 6000
69400, t, 3.470000e-06, KEe, 1349949.829287, MEe, 2.249916382e+01, E, -6000.000000, NP, 60000 6000
69500, t, 3.475000e-06, KEe, 1353157.248577, MEe, 2.255262081e+01, E, -6000.000000, NP, 60000 6000
69600, t, 3.480000e-06, KEe, 1346245.833153, MEe, 2.243743055e+01, E, -6000.000000, NP, 60000 6000
69700, t, 3.485000e-06, KEe, 1347359.044150, MEe, 2.245598407e+01, E, -6000.000000, NP, 60000 6000
69800, t, 3.490000e-06, KEe, 1345991.420897, MEe, 2.243319035e+01, E, -6000.000000, NP, 60000 6000
69900, t, 3.495000e-06, KEe, 1351775.735825, MEe, 2.252959560e+01, E, -6000.000000, NP, 60000 6000
70000, t, 3.500000e-06, KEe, 1356650.107132, MEe, 2.261083512e+01, E, -6000.000000, NP, 60000 6000
70100, t, 3.505000e-06, KEe, 1343005.239126, MEe, 2.238342065e+01, E, -6000.000000, NP, 60000 6000
70200, t, 3.510000e-06, KEe, 1335117.353204, MEe, 2.225195589e+01, E, -6000.000000, NP, 60000 6000
70300, t, 3.515000e-06, KEe, 1344290.828691, MEe, 2.240484714e+01, E, -6000.000000, NP, 60000 6000
70400, t, 3.520000e-06, KEe, 1346200.806030, MEe, 2.243668010e+01, E, -6000.000000, NP, 60000 6000
70500, t, 3.525000e-06, KEe, 1352133.710158, MEe, 2.253556184e+01, E, -6000.000000, NP, 60000 6000
70600, t, 3.530000e-06, KEe, 1355172.762039, MEe, 2.258621270e+01, E, -6000.000000, NP, 60000 6000
70700, t, 3.535000e-06, KEe, 1349002.557430, MEe, 2.248337596e+01, E, -6000.000000, NP, 60000 6000
70800, t, 3.540000e-06, KEe, 1347593.074206, MEe, 2.245988457e+01, E, -6000.000000, NP, 60000 6000
70900, t, 3.545000e-06, KEe, 1348360.530376, MEe, 2.247267551e+01, E, -6000.000000, NP, 60000 6000
71000, t, 3.550000e-06, KEe, 1350600.281885, MEe, 2.251000470e+01, E, -6000.000000, NP, 60000 6000
71100, t, 3.555000e-06, KEe, 1344462.715236, MEe, 2.240771192e+01, E, -6000.000000, NP, 60000 6000
71200, t, 3.560000e-06, KEe, 1349086.218354, MEe, 2.248477031e+01, E, -6000.000000, NP, 60000 6000
71300, t, 3.565000e-06, KEe, 1346580.472609, MEe, 2.244300788e+01, E, -6000.000000, NP, 60000 6000
71400, t, 3.570000e-06, KEe, 1350757.700807, MEe, 2.251262835e+01, E, -6000.000000, NP, 60000 6000
71500, t, 3.575000e-06, KEe, 1347322.169175, MEe, 2.245536949e+01, E, -6000.000000, NP, 60000 6000
71600, t, 3.580000e-06, KEe, 1348769.953902, MEe, 2.247949923e+01, E, -6000.000000, NP, 60000 6000
71700, t, 3.585000e-06, KEe, 1346504.508349, MEe, 2.244174181e+01, E, -6000.000000, NP, 60000 6000
71800, t, 3.590000e-06, KEe, 1349541.760642, MEe, 2.249236268e+01, E, -6000.000000, NP, 60000 6000
71900, t, 3.595000e-06, KEe, 1350494.004830, MEe, 2.250823341e+01, E, -6000.000000, NP, 60000 6000
72000, t, 3.600000e-06, KEe, 1348057.914138, MEe, 2.246763190e+01, E, -6000.000000, NP, 60000 6000
72100, t, 3.605000e-06, KEe, 1346180.971474, MEe, 2.243634952e+01, E, -6000.000000, NP, 60000 6000
72200, t, 3.610000e-06, KEe, 1354317.703505, MEe, 2.257196173e+01, E, -6000.000000, NP, 60000 6000
72300, t, 3.615000e-06, KEe, 1342152.893315, MEe, 2.236921489e+01, E, -6000.000000, NP, 60000 6000
72400, t, 3.620000e-06, KEe, 1345857.394731, MEe, 2.243095658e+01, E, -6000.000000, NP, 60000 6000
72500, t, 3.625000e-06, KEe, 1350590.076678, MEe, 2.250983461e+01, E, -6000.000000, NP, 60000 6000
72600, t, 3.630000e-06, KEe, 1356595.207744, MEe, 2.260992013e+01, E, -6000.000000, NP, 60000 6000
72700, t, 3.635000e-06, KEe, 1351928.875242, MEe, 2.253214792e+01, E, -6000.000000, NP, 60000 6000
72800, t, 3.640000e-06, KEe, 1346095.554520, MEe, 2.243492591e+01, E, -6000.000000, NP, 60000 6000
72900, t, 3.645000e-06, KEe, 1346014.675830, MEe, 2.243357793e+01, E, -6000.000000, NP, 60000 6000
73000, t, 3.650000e-06, KEe, 1349807.553270, MEe, 2.249679255e+01, E, -6000.000000, NP, 60000 6000
73100, t, 3.655000e-06, KEe, 1346585.889235, MEe, 2.244309815e+01, E, -6000.000000, NP, 60000 6000
73200, t, 3.660000e-06, KEe, 1354946.057260, MEe, 2.258243429e+01, E, -6000.000000, NP, 60000 6000
73300, t, 3.665000e-06, KEe, 1345099.811441, MEe, 2.241833019e+01, E, -6000.000000, NP, 60000 6000
73400, t, 3.670000e-06, KEe, 1347634.291933, MEe, 2.246057153e+01, E, -6000.000000, NP, 60000 6000
73500, t, 3.675000e-06, KEe, 1347470.048039, MEe, 2.245783413e+01, E, -6000.000000, NP, 60000 6000
73600, t, 3.680000e-06, KEe, 1346318.563282, MEe, 2.243864272e+01, E, -6000.000000, NP, 60000 6000
73700, t, 3.685000e-06, KEe, 1351754.172871, MEe, 2.252923621e+01, E, -6000.000000, NP, 60000 6000
73800, t, 3.690000e-06, KEe, 1349507.369105, MEe, 2.249178949e+01, E, -6000.000000, NP, 60000 6000
73900, t, 3.695000e-06, KEe, 1344865.844072, MEe, 2.241443073e+01, E, -6000.000000, NP, 60000 6000
74000, t, 3.700000e-06, KEe, 1347971.806729, MEe, 2.246619678e+01, E, -6000.000000, NP, 60000 6000
74100, t, 3.705000e-06, KEe, 1344554.914927, MEe, 2.240924858e+01, E, -6000.000000, NP, 60000 6000
74200, t, 3.710000e-06, KEe, 1340175.611384, MEe, 2.233626019e+01, E, -6000.000000, NP, 60000 6000
74300, t, 3.715000e-06, KEe, 1345658.844155, MEe, 2.242764740e+01, E, -6000.000000, NP, 60000 6000
74400, t, 3.720000e-06, KEe, 1343830.671571, MEe, 2.239717786e+01, E, -6000.000000, NP, 60000 6000
74500, t, 3.725000e-06, KEe, 1348981.363680, MEe, 2.248302273e+01, E, -6000.000000, NP, 60000 6000
74600, t, 3.730000e-06, KEe, 1355998.705693, MEe, 2.259997843e+01, E, -6000.000000, NP, 60000 6000
74700, t, 3.735000e-06, KEe, 1346152.179093, MEe, 2.243586965e+01, E, -6000.000000, NP, 60000 6000
74800, t, 3.740000e-06, KEe, 1351191.118998, MEe, 2.251985198e+01, E, -6000.000000, NP, 60000 6000
74900, t, 3.745000e-06, KEe, 1349836.766472, MEe, 2.249727944e+01, E, -6000.000000, NP, 60000 6000
75000, t, 3.750000e-06, KEe, 1350894.198999, MEe, 2.251490332e+01, E, -6000.000000, NP, 60000 6000
75100, t, 3.755000e-06, KEe, 1351462.780802, MEe, 2.252437968e+01, E, -6000.000000, NP, 60000 6000
75200, t, 3.760000e-06, KEe, 1344965.818751, MEe, 2.241609698e+01, E, -6000.000000, NP, 60000 6000
75300, t, 3.765000e-06, KEe, 1346353.323504, MEe, 2.243922206e+01, E, -6000.000000, NP, 60000 6000
75400, t, 3.770000e-06, KEe, 1347433.628312, MEe, 2.245722714e+01, E, -6000.000000, NP, 60000 6000
75500, t, 3.775000e-06, KEe, 1344538.307252, MEe, 2.240897179e+01, E, -6000.000000, NP, 60000 6000
75600, t, 3.780000e-06, KEe, 1346339.249449, MEe, 2.243898749e+01, E, -6000.000000, NP, 60000 6000
75700, t, 3.785000e-06, KEe, 1343213.832215, MEe, 2.238689720e+01, E, -6000.000000, NP, 60000 6000
75800, t, 3.790000e-06, KEe, 1347157.914256, MEe, 2.245263190e+01, E, -6000.000000, NP, 60000 6000
75900, t, 3.795000e-06, KEe, 1345960.346098, MEe, 2.243267243e+01, E, -6000.000000, NP, 60000 6000
76000, t, 3.800000e-06, KEe, 1351901.354328, MEe, 2.253168924e+01, E, -6000.000000, NP, 60000 6000
76100, t, 3.805000e-06, KEe, 1349582.446271, MEe, 2.249304077e+01, E, -6000.000000, NP, 60000 6000
76200, t, 3.810000e-06, KEe, 1341651.400989, MEe, 2.236085668e+01, E, -6000.000000, NP, 60000 6000
76300, t, 3.815000e-06, KEe, 1340152.166646, MEe, 2.233586944e+01, E, -6000.000000, NP, 60000 6000
76400, t, 3.820000e-06, KEe, 1351058.315580, MEe, 2.251763859e+01, E, -6000.000000, NP, 60000 6000
76500, t, 3.825000e-06, KEe, 1347473.062892, MEe, 2.245788438e+01, E, -6000.000000, NP, 60000 6000
76600, t, 3.830000e-06, KEe, 1351918.512488, MEe, 2.253197521e+01, E, -6000.000000, NP, 60000 6000
76700, t, 3.835000e-06, KEe, 1350464.597959, MEe, 2.250774330e+01, E, -6000.000000, NP, 60000 6000
76800, t, 3.840000e-06, KEe, 1342252.814046, MEe, 2.237088023e+01, E, -6000.000000, NP, 60000 6000
76900, t, 3.845000e-06, KEe, 1350877.196069, MEe, 2.251461993e+01, E, -6000.000000, NP, 60000 6000
77000, t, 3.850000e-06, KEe, 1347123.145163, MEe, 2.245205242e+01, E, -6000.000000, NP, 60000 6000
77100, t, 3.855000e-06, KEe, 1350272.361430, MEe, 2.250453936e+01, E, -6000.000000, NP, 60000 6000
77200, t, 3.860000e-06, KEe, 1350608.422697, MEe, 2.251014038e+01, E, -6000.000000, NP, 60000 6000
77300, t, 3.865000e-06, KEe, 1346777.963908, MEe, 2.244629940e+01, E, -6000.000000, NP, 60000 6000
77400, t, 3.870000e-06, KEe, 1341810.266122, MEe, 2.236350444e+01, E, -6000.000000, NP, 60000 6000
77500, t, 3.875000e-06, KEe, 1348216.562088, MEe, 2.247027603e+01, E, -6000.000000, NP, 60000 6000
77600, t, 3.880000e-06, KEe, 1353966.094196, MEe, 2.256610157e+01, E, -6000.000000, NP, 60000 6000
77700, t, 3.885000e-06, KEe, 1351342.586821, MEe, 2.252237645e+01, E, -6000.000000, NP, 60000 6000
77800, t, 3.890000e-06, KEe, 1354124.932012, MEe, 2.256874887e+01, E, -6000.000000, NP, 60000 6000
77900, t, 3.895000e-06, KEe, 1343376.865758, MEe, 2.238961443e+01, E, -6000.000000, NP, 60000 6000
78000, t, 3.900000e-06, KEe, 1352781.470454, MEe, 2.254635784e+01, E, -6000.000000, NP, 60000 6000
78100, t, 3.905000e-06, KEe, 1346091.524337, MEe, 2.243485874e+01, E, -6000.000000, NP, 60000 6000
78200, t, 3.910000e-06, KEe, 1344350.026711, MEe, 2.240583378e+01, E, -6000.000000, NP, 60000 6000
78300, t, 3.915000e-06, KEe, 1352514.007851, MEe, 2.254190013e+01, E, -6000.000000, NP, 60000 6000
78400, t, 3.920000e-06, KEe, 1344283.410459, MEe, 2.240472351e+01, E, -6000.000000, NP, 60000 6000
78500, t, 3.925000e-06, KEe, 1353712.559625, MEe, 2.256187599e+01, E, -6000.000000, NP, 60000 6000
78600, t, 3.930000e-06, KEe, 1344456.356925, MEe, 2.240760595e+01, E, -6000.000000, NP, 60000 6000
78700, t, 3.935000e-06, KEe, 1348605.124489, MEe, 2.247675207e+01, E, -6000.000000, NP, 60000 6000
78800, t, 3.940000e-06, KEe, 1343709.246545, MEe, 2.239515411e+01, E, -6000.000000, NP, 60000 6000
78900, t, 3.945000e-06, KEe, 1354630.525497, MEe, 2.257717542e+01, E, -6000.000000, NP, 60000 6000
79000, t, 3.950000e-06, KEe, 1356670.192366, MEe, 2.261116987e+01, E, -6000.000000, NP, 60000 6000
79100, t, 3.955000e-06, KEe, 1348534.429298, MEe, 2.247557382e+01, E, -6000.000000, NP, 60000 6000
79200, t, 3.960000e-06, KEe, 1347194.601906, MEe, 2.245324337e+01, E, -6000.000000, NP, 60000 6000
79300, t, 3.965000e-06, KEe, 1349960.188205, MEe, 2.249933647e+01, E, -6000.000000, NP, 60000 6000
79400, t, 3.970000e-06, KEe, 1350105.804719, MEe, 2.250176341e+01, E, -6000.000000, NP, 60000 6000
79500, t, 3.975000e-06, KEe, 1350929.844032, MEe, 2.251549740e+01, E, -6000.000000, NP, 60000 6000
79600, t, 3.980000e-06, KEe, 1351727.194534, MEe, 2.252878658e+01, E, -6000.000000, NP, 60000 6000
79700, t, 3.985000e-06, KEe, 1353444.769322, MEe, 2.255741282e+01, E, -6000.000000, NP, 60000 6000
79800, t, 3.990000e-06, KEe, 1348054.427040, MEe, 2.246757378e+01, E, -6000.000000, NP, 60000 6000
79900, t, 3.995000e-06, KEe, 1350969.133908, MEe, 2.251615223e+01, E, -6000.000000, NP, 60000 6000
80000, t, 4.000000e-06, KEe, 1345062.370835, MEe, 2.241770618e+01, E, -6000.000000, NP, 60000 6000
