RandMax 2147483647
reading box length: 1.000000e-06 (m)
reading number of particle types: 2
reading number of particles of type 0: 30000
reading number of particles of type 1: 3000
reading temperature of particle type 0: 0.000000 (eV)
reading temperature of particle type 1: 0.025900 (eV)
reading flow velocity of particle type 0: 0.000000 (eV)
reading flow velocity of particle type 1: 0.000000 (eV)
reading charge of particle type 0: -1.000000 (elementary charge)
reading charge of particle type 1: 0.000000 (elementary charge)
reading mass of particle type 0: 0.000549 (amu)
reading mass of particle type 1: 28.000000 (amu)
reading number of time steps: 80000
reading vsigma max samples: 1000
reading time step dt: 4.000000e-11
reading electric field: -2.100000e+03 (V/m)
reading electric frequency: 0.000000e+00 (Hz)
reading magnetic field: 0.000000e+00 0.000000e+00 0.000000e+00 (Tesla)
reading vdf dump spec: 1000 1000000 0
reading extrapolation option: 0
reading memory allocation: 0.000000e+00 (GB)
reading auto dump spec: 0
reading output stride spec: 100
reading carry remainder spec: 0
found cross_sections/Ar.dat file for particle 0 with 1 in indeck, differential model found: Aubin
found cross_sections/Ar->Ar(3d'[3/2]1).dat file for particle 0 with 1 in indeck
found cross_sections/Ar->Ar(3d'[3/2]2).dat file for particle 0 with 1 in indeck
found cross_sections/Ar->Ar(3d'[5/2]2).dat file for particle 0 with 1 in indeck
found cross_sections/Ar->Ar(3d'[5/2]3).dat file for particle 0 with 1 in indeck
found cross_sections/Ar->Ar(3d[1/2]0).dat file for particle 0 with 1 in indeck
found cross_sections/Ar->Ar(3d[1/2]1).dat file for particle 0 with 1 in indeck
found cross_sections/Ar->Ar(3d[3/2]1).dat file for particle 0 with 1 in indeck
found cross_sections/Ar->Ar(3d[3/2]2).dat file for particle 0 with 1 in indeck
found cross_sections/Ar->Ar(3d[5/2]2).dat file for particle 0 with 1 in indeck
found cross_sections/Ar->Ar(3d[5/2]3).dat file for particle 0 with 1 in indeck
found cross_sections/Ar->Ar(3d[7/2]3).dat file for particle 0 with 1 in indeck
found cross_sections/Ar->Ar(3d[7/2]4).dat file for particle 0 with 1 in indeck
found cross_sections/Ar->Ar(4p'[1/2]0).dat file for particle 0 with 1 in indeck
found cross_sections/Ar->Ar(4p'[1/2]1).dat file for particle 0 with 1 in indeck
found cross_sections/Ar->Ar(4p'[3/2]1).dat file for particle 0 with 1 in indeck
found cross_sections/Ar->Ar(4p'[3/2]2).dat file for particle 0 with 1 in indeck
found cross_sections/Ar->Ar(4p[1/2]0).dat file for particle 0 with 1 in indeck
found cross_sections/Ar->Ar(4p[1/2]1).dat file for particle 0 with 1 in indeck
found cross_sections/Ar->Ar(4p[3/2]1).dat file for particle 0 with 1 in indeck
found cross_sections/Ar->Ar(4p[3/2]2).dat file for particle 0 with 1 in indeck
found cross_sections/Ar->Ar(4p[5/2]2).dat file for particle 0 with 1 in indeck
found cross_sections/Ar->Ar(4p[5/2]3).dat file for particle 0 with 1 in indeck
found cross_sections/Ar->Ar(4s'[1/2]0).dat file for particle 0 with 1 in indeck
found cross_sections/Ar->Ar(4s'[1/2]1).dat file for particle 0 with 1 in indeck
found cross_sections/Ar->Ar(4s[3/2]1).dat file for particle 0 with 1 in indeck
found cross_sections/Ar->Ar(4s[3/2]2).dat file for particle 0 with 1 in indeck
found cross_sections/Ar->Ar(5s'[1/2]0).dat file for particle 0 with 1 in indeck
found cross_sections/Ar->Ar(5s'[1/2]1).dat file for particle 0 with 1 in indeck
found cross_sections/Ar->Ar(5s[3/2]1).dat file for particle 0 with 1 in indeck
found cross_sections/Ar->Ar(5s[3/2]2).dat file for particle 0 with 1 in indeck
found cross_sections/Ar->Ar(Rydberg).dat file for particle 0 with 1 in indeck
found cross_sections/Ar->Ar^+.dat file for particle 0 with 1 in indeck, differential model found: Uniform
reading cross_sections/Ar.dat
reading cross_sections/Ar->Ar(3d'[3/2]1).dat
reading cross_sections/Ar->Ar(3d'[3/2]2).dat
reading cross_sections/Ar->Ar(3d'[5/2]2).dat
reading cross_sections/Ar->Ar(3d'[5/2]3).dat
reading cross_sections/Ar->Ar(3d[1/2]0).dat
reading cross_sections/Ar->Ar(3d[1/2]1).dat
reading cross_sections/Ar->Ar(3d[3/2]1).dat
reading cross_sections/Ar->Ar(3d[3/2]2).dat
reading cross_sections/Ar->Ar(3d[5/2]2).dat
reading cross_sections/Ar->Ar(3d[5/2]3).dat
reading cross_sections/Ar->Ar(3d[7/2]3).dat
reading cross_sections/Ar->Ar(3d[7/2]4).dat
reading cross_sections/Ar->Ar(4p'[1/2]0).dat
reading cross_sections/Ar->Ar(4p'[1/2]1).dat
reading cross_sections/Ar->Ar(4p'[3/2]1).dat
reading cross_sections/Ar->Ar(4p'[3/2]2).dat
reading cross_sections/Ar->Ar(4p[1/2]0).dat
reading cross_sections/Ar->Ar(4p[1/2]1).dat
reading cross_sections/Ar->Ar(4p[3/2]1).dat
reading cross_sections/Ar->Ar(4p[3/2]2).dat
reading cross_sections/Ar->Ar(4p[5/2]2).dat
reading cross_sections/Ar->Ar(4p[5/2]3).dat
reading cross_sections/Ar->Ar(4s'[1/2]0).dat
reading cross_sections/Ar->Ar(4s'[1/2]1).dat
reading cross_sections/Ar->Ar(4s[3/2]1).dat
reading cross_sections/Ar->Ar(4s[3/2]2).dat
reading cross_sections/Ar->Ar(5s'[1/2]0).dat
reading cross_sections/Ar->Ar(5s'[1/2]1).dat
reading cross_sections/Ar->Ar(5s[3/2]1).dat
reading cross_sections/Ar->Ar(5s[3/2]2).dat
reading cross_sections/Ar->Ar(Rydberg).dat
reading cross_sections/Ar->Ar^+.dat
Memory per particle: 72 bytes
Memory for all initial particles: 2.213e-03 GB
Allocating space for 132000 particles
------------------------------------
0, t, 0.000000e+00, KEe, 0.000000, MEe, 0.000000000e+00, E, -2100.000000, NP, 30000 3000
100, t, 4.000000e-09, KEe, 168308.206077, MEe, 5.610273536e+00, E, -2100.000000, NP, 30000 3000
200, t, 8.000000e-09, KEe, 336741.783586, MEe, 1.122472612e+01, E, -2100.000000, NP, 30000 3000
300, t, 1.200000e-08, KEe, 406763.277142, MEe, 1.355877590e+01, E, -2100.000000, NP, 30000 3000
400, t, 1.600000e-08, KEe, 446336.936027, MEe, 1.487789787e+01, E, -2100.000000, NP, 30000 3000
500, t, 2.000000e-08, KEe, 467065.148689, MEe, 1.556883829e+01, E, -2100.000000, NP, 30000 3000
600, t, 2.400000e-08, KEe, 481672.316380, MEe, 1.605574388e+01, E, -2100.000000, NP, 30000 3000
700, t, 2.800000e-08, KEe, 487749.599617, MEe, 1.625831999e+01, E, -2100.000000, NP, 30000 3000
800, t, 3.200000e-08, KEe, 491682.694778, MEe, 1.638942316e+01, E, -2100.000000, NP, 30000 3000
900, t, 3.600000e-08, KEe, 493037.137042, MEe, 1.643457123e+01, E, -2100.000000, NP, 30000 3000
1000, t, 4.000000e-08, KEe, 492204.409041, MEe, 1.640681363e+01, E, -2100.000000, NP, 30000 3000
1100, t, 4.400000e-08, KEe, 492587.368779, MEe, 1.641957896e+01, E, -2100.000000, NP, 30000 3000
1200, t, 4.800000e-08, KEe, 492484.090379, MEe, 1.641613635e+01, E, -2100.000000, NP, 30000 3000
1300, t, 5.200000e-08, KEe, 491341.486632, MEe, 1.637804955e+01, E, -2100.000000, NP, 30000 3000
1400, t, 5.600000e-08, KEe, 491534.008561, MEe, 1.638446695e+01, E, -2100.000000, NP, 30000 3000
1500, t, 6.000000e-08, KEe, 493514.456098, MEe, 1.645048187e+01, E, -2100.000000, NP, 30000 3000
1600, t, 6.400000e-08, KEe, 493433.124645, MEe, 1.644777082e+01, E, -2100.000000, NP, 30000 3000
1700, t, 6.800000e-08, KEe, 491406.982303, MEe, 1.638023274e+01, E, -2100.000000, NP, 30000 3000
1800, t, 7.200000e-08, KEe, 490591.411419, MEe, 1.635304705e+01, E, -2100.000000, NP, 30000 3000
1900, t, 7.600000e-08, KEe, 491252.537211, MEe, 1.637508457e+01, E, -2100.000000, NP, 30000 3000
2000, t, 8.000000e-08, KEe, 492855.654863, MEe, 1.642852183e+01, E, -2100.000000, NP, 30000 3000
2100, t, 8.400000e-08, KEe, 493525.213724, MEe, 1.645084046e+01, E, -2100.000000, NP, 30000 3000
2200, t, 8.800000e-08, KEe, 494669.919564, MEe, 1.648899732e+01, E, -2100.000000, NP, 30000 3000
2300, t, 9.200000e-08, KEe, 493636.565947, MEe, 1.645455220e+01, E, -2100.000000, NP, 30000 3000
2400, t, 9.600000e-08, KEe, 492395.922368, MEe, 1.641319741e+01, E, -2100.000000, NP, 30000 3000
2500, t, 1.000000e-07, KEe, 491660.986162, MEe, 1.638869954e+01, E, -2100.000000, NP, 30000 3000
2600, t, 1.040000e-07, KEe, 489542.703776, MEe, 1.631809013e+01, E, -2100.000000, NP, 30000 3000
2700, t, 1.080000e-07, KEe, 491168.883762, MEe, 1.637229613e+01, E, -2100.000000, NP, 30000 3000
2800, t, 1.120000e-07, KEe, 489831.360797, MEe, 1.632771203e+01, E, -2100.000000, NP, 30000 3000
2900, t, 1.160000e-07, KEe, 491155.836354, MEe, 1.637186121e+01, E, -2100.000000, NP, 30000 3000
3000, t, 1.200000e-07, KEe, 490886.624930, MEe, 1.636288750e+01, E, -2100.000000, NP, 30000 3000
3100, t, 1.240000e-07, KEe, 491532.252370, MEe, 1.638440841e+01, E, -2100.000000, NP, 30000 3000
3200, t, 1.280000e-07, KEe, 492258.750615, MEe, 1.640862502e+01, E, -2100.000000, NP, 30000 3000
3300, t, 1.320000e-07, KEe, 494251.110078, MEe, 1.647503700e+01, E, -2100.000000, NP, 30000 3000
3400, t, 1.360000e-07, KEe, 493806.212136, MEe, 1.646020707e+01, E, -2100.000000, NP, 30000 3000
3500, t, 1.400000e-07, KEe, 494188.892965, MEe, 1.647296310e+01, E, -2100.000000, NP, 30000 3000
3600, t, 1.440000e-07, KEe, 494190.424015, MEe, 1.647301413e+01, E, -2100.000000, NP, 30000 3000
3700, t, 1.480000e-07, KEe, 493520.178030, MEe, 1.645067260e+01, E, -2100.000000, NP, 30000 3000
3800, t, 1.520000e-07, KEe, 493755.870597, MEe, 1.645852902e+01, E, -2100.000000, NP, 30000 3000
3900, t, 1.560000e-07, KEe, 489288.861559, MEe, 1.630962872e+01, E, -2100.000000, NP, 30000 3000
4000, t, 1.600000e-07, KEe, 487030.101356, MEe, 1.623433671e+01, E, -2100.000000, NP, 30000 3000
4100, t, 1.640000e-07, KEe, 489384.693672, MEe, 1.631282312e+01, E, -2100.000000, NP, 30000 3000
4200, t, 1.680000e-07, KEe, 491833.943430, MEe, 1.639446478e+01, E, -2100.000000, NP, 30000 3000
4300, t, 1.720000e-07, KEe, 493976.059081, MEe, 1.646586864e+01, E, -2100.000000, NP, 30000 3000
4400, t, 1.760000e-07, KEe, 493303.884200, MEe, 1.644346281e+01, E, -2100.000000, NP, 30000 3000
4500, t, 1.800000e-07, KEe, 495616.505458, MEe, 1.652055018e+01, E, -2100.000000, NP, 30000 3000
4600, t, 1.840000e-07, KEe, 493287.959170, MEe, 1.644293197e+01, E, -2100.000000, NP, 30000 3000
4700, t, 1.880000e-07, KEe, 494999.295455, MEe, 1.649997652e+01, E, -2100.000000, NP, 30000 3000
4800, t, 1.920000e-07, KEe, 493259.552165, MEe, 1.644198507e+01, E, -2100.000000, NP, 30000 3000
4900, t, 1.960000e-07, KEe, 491463.179538, MEe, 1.638210598e+01, E, -2100.000000, NP, 30000 3000
5000, t, 2.000000e-07, KEe, 491731.062837, MEe, 1.639103543e+01, E, -2100.000000, NP, 30000 3000
5100, t, 2.040000e-07, KEe, 491988.616186, MEe, 1.639962054e+01, E, -2100.000000, NP, 30000 3000
5200, t, 2.080000e-07, KEe, 494154.010428, MEe, 1.647180035e+01, E, -2100.000000, NP, 30000 3000
5300, t, 2.120000e-07, KEe, 494338.811417, MEe, 1.647796038e+01, E, -2100.000000, NP, 30000 3000
5400, t, 2.160000e-07, KEe, 492951.448067, MEe, 1.643171494e+01, E, -2100.000000, NP, 30000 3000
5500, t, 2.200000e-07, KEe, 496331.706314, MEe, 1.654439021e+01, E, -2100.000000, NP, 30000 3000
5600, t, 2.240000e-07, KEe, 498544.360288, MEe, 1.661814534e+01, E, -2100.000000, NP, 30000 3000
5700, t, 2.280000e-07, KEe, 497253.767959, MEe, 1.657512560e+01, E, -2100.000000, NP, 30000 3000
5800, t, 2.320000e-07, KEe, 496092.322816, MEe, 1.653641076e+01, E, -2100.000000, NP, 30000 3000
5900, t, 2.360000e-07, KEe, 497734.231475, MEe, 1.659114105e+01, E, -2100.000000, NP, 30000 3000
6000, t, 2.400000e-07, KEe, 494495.724054, MEe, 1.648319080e+01, E, -2100.000000, NP, 30000 3000
6100, t, 2.440000e-07, KEe, 494552.848728, MEe, 1.648509496e+01, E, -2100.000000, NP, 30000 3000
6200, t, 2.480000e-07, KEe, 497669.655648, MEe, 1.658898852e+01, E, -2100.000000, NP, 30000 3000
6300, t, 2.520000e-07, KEe, 495284.558852, MEe, 1.650948530e+01, E, -2100.000000, NP, 30000 3000
6400, t, 2.560000e-07, KEe, 490408.643788, MEe, 1.634695479e+01, E, -2100.000000, NP, 30000 3000
6500, t, 2.600000e-07, KEe, 489828.495201, MEe, 1.632761651e+01, E, -2100.000000, NP, 30000 3000
6600, t, 2.640000e-07, KEe, 492199.447305, MEe, 1.640664824e+01, E, -2100.000000, NP, 30000 3000
6700, t, 2.680000e-07, KEe, 492002.742843, MEe, 1.640009143e+01, E, -2100.000000, NP, 30000 3000
6800, t, 2.720000e-07, KEe, 491481.532067, MEe, 1.638271774e+01, E, -2100.000000, NP, 30000 3000
6900, t, 2.760000e-07, KEe, 491291.167460, MEe, 1.637637225e+01, E, -2100.000000, NP, 30000 3000
7000, t, 2.800000e-07, KEe, 491690.325299, MEe, 1.638967751e+01, E, -2100.000000, NP, 30000 3000
7100, t, 2.840000e-07, KEe, 493455.652709, MEe, 1.644852176e+01, E, -2100.000000, NP, 30000 3000
7200, t, 2.880000e-07, KEe, 494042.023349, MEe, 1.646806744e+01, E, -2100.000000, NP, 30000 3000
7300, t, 2.920000e-07, KEe, 493363.175493, MEe, 1.644543918e+01, E, -2100.000000, NP, 30000 3000
7400, t, 2.960000e-07, KEe, 493538.655836, MEe, 1.645128853e+01, E, -2100.000000, NP, 30000 3000
7500, t, 3.000000e-07, KEe, 492095.839034, MEe, 1.640319463e+01, E, -2100.000000, NP, 30000 3000
7600, t, 3.040000e-07, KEe, 492899.923921, MEe, 1.642999746e+01, E, -2100.000000, NP, 30000 3000
7700, t, 3.080000e-07, KEe, 493072.305547, MEe, 1.643574352e+01, E, -2100.000000, NP, 30000 3000
7800, t, 3.120000e-07, KEe, 491551.751759, MEe, 1.638505839e+01, E, -2100.000000, NP, 30000 3000
7900, t, 3.160000e-07, KEe, 490171.348702, MEe, 1.633904496e+01, E, -2100.000000, NP, 30000 3000
8000, t, 3.200000e-07, KEe, 490511.864923, MEe, 1.635039550e+01, E, -2100.000000, NP, 30000 3000
8100, t, 3.240000e-07, KEe, 489672.242210, MEe, 1.632240807e+01, E, -2100.000000, NP, 30000 3000
8200, t, 3.280000e-07, KEe, 491126.331913, MEe, 1.637087773e+01, E, -2100.000000, NP, 30000 3000
8300, t, 3.320000e-07, KEe, 492359.632282, MEe, 1.641198774e+01, E, -2100.000000, NP, 30000 3000
8400, t, 3.360000e-07, KEe, 492997.941135, MEe, 1.643326470e+01, E, -2100.000000, NP, 30000 3000
8500, t, 3.400000e-07, KEe, 490922.012082, MEe, 1.636406707e+01, E, -2100.000000, NP, 30000 3000
8600, t, 3.440000e-07, KEe, 494234.306864, MEe, 1.647447690e+01, E, -2100.000000, NP, 30000 3000
8700, t, 3.480000e-07, KEe, 493158.036099, MEe, 1.643860120e+01, E, -2100.000000, NP, 30000 3000
8800, t, 3.520000e-07, KEe, 493509.720162, MEe, 1.645032401e+01, E, -2100.000000, NP, 30000 3000
8900, t, 3.560000e-07, KEe, 493526.228910, MEe, 1.645087430e+01, E, -2100.000000, NP, 30000 3000
9000, t, 3.600000e-07, KEe, 494146.248511, MEe, 1.647154162e+01, E, -2100.000000, NP, 30000 3000
9100, t, 3.640000e-07, KEe, 494581.619847, MEe, 1.648605399e+01, E, -2100.000000, NP, 30000 3000
9200, t, 3.680000e-07, KEe, 493884.912611, MEe, 1.646283042e+01, E, -2100.000000, NP, 30000 3000
9300, t, 3.720000e-07, KEe, 491104.038617, MEe, 1.637013462e+01, E, -2100.000000, NP, 30000 3000
9400, t, 3.760000e-07, KEe, 492474.523589, MEe, 1.641581745e+01, E, -2100.000000, NP, 30000 3000
9500, t, 3.800000e-07, KEe, 491321.364708, MEe, 1.637737882e+01, E, -2100.000000, NP, 30000 3000
9600, t, 3.840000e-07, KEe, 493568.155348, MEe, 1.645227184e+01, E, -2100.000000, NP, 30000 3000
9700, t, 3.880000e-07, KEe, 494000.081433, MEe, 1.646666938e+01, E, -2100.000000, NP, 30000 3000
9800, t, 3.920000e-07, KEe, 494220.478832, MEe, 1.647401596e+01, E, -2100.000000, NP, 30000 3000
9900, t, 3.960000e-07, KEe, 492155.559986, MEe, 1.640518533e+01, E, -2100.000000, NP, 30000 3000
10000, t, 4.000000e-07, KEe, 493099.582455, MEe, 1.643665275e+01, E, -2100.000000, NP, 30000 3000
10100, t, 4.040000e-07, KEe, 492888.940161, MEe, 1.642963134e+01, E, -2100.000000, NP, 30000 3000
10200, t, 4.080000e-07, KEe, 490747.384667, MEe, 1.635824616e+01, E, -2100.000000, NP, 30000 3000
10300, t, 4.120000e-07, KEe, 494256.396311, MEe, 1.647521321e+01, E, -2100.000000, NP, 30000 3000
10400, t, 4.160000e-07, KEe, 494914.494578, MEe, 1.649714982e+01, E, -2100.000000, NP, 30000 3000
10500, t, 4.200000e-07, KEe, 495592.524503, MEe, 1.651975082e+01, E, -2100.000000, NP, 30000 3000
10600, t, 4.240000e-07, KEe, 496125.449407, MEe, 1.653751498e+01, E, -2100.000000, NP, 30000 3000
10700, t, 4.280000e-07, KEe, 495516.796677, MEe, 1.651722656e+01, E, -2100.000000, NP, 30000 3000
10800, t, 4.320000e-07, KEe, 497277.031132, MEe, 1.657590104e+01, E, -2100.000000, NP, 30000 3000
10900, t, 4.360000e-07, KEe, 493453.462467, MEe, 1.644844875e+01, E, -2100.000000, NP, 30000 3000
11000, t, 4.400000e-07, KEe, 494619.852116, MEe, 1.648732840e+01, E, -2100.000000, NP, 30000 3000
11100, t, 4.440000e-07, KEe, 492965.867116, MEe, 1.643219557e+01, E, -2100.000000, NP, 30000 3000
11200, t, 4.480000e-07, KEe, 493024.283698, MEe, 1.643414279e+01, E, -2100.000000, NP, 30000 3000
11300, t, 4.520000e-07, KEe, 495476.303833, MEe, 1.651587679e+01, E, -2100.000000, NP, 30000 3000
11400, t, 4.560000e-07, KEe, 495180.838030, MEe, 1.650602793e+01, E, -2100.000000, NP, 30000 3000
11500, t, 4.600000e-07, KEe, 493028.207945, MEe, 1.643427360e+01, E, -2100.000000, NP, 30000 3000
11600, t, 4.640000e-07, KEe, 494610.364301, MEe, 1.648701214e+01, E, -2100.000000, NP, 30000 3000
11700, t, 4.680000e-07, KEe, 492983.454805, MEe, 1.643278183e+01, E, -2100.000000, NP, 30000 3000
11800, t, 4.720000e-07, KEe, 494766.078717, MEe, 1.649220262e+01, E, -2100.000000, NP, 30000 3000
11900, t, 4.760000e-07, KEe, 495213.928714, MEe, 1.650713096e+01, E, -2100.000000, NP, 30000 3000
12000, t, 4.800000e-07, KEe, 496450.189777, MEe, 1.654833966e+01, E, -2100.000000, NP, 30000 3000
12100, t, 4.840000e-07, KEe, 496651.277233, MEe, 1.655504257e+01, E, -2100.000000, NP, 30000 3000
12200, t, 4.880000e-07, KEe, 497240.121294, MEe, 1.657467071e+01, E, -2100.000000, NP, 30000 3000
12300, t, 4.920000e-07, KEe, 493035.040182, MEe, 1.643450134e+01, E, -2100.000000, NP, 30000 3000
12400, t, 4.960000e-07, KEe, 490499.494958, MEe, 1.634998317e+01, E, -2100.000000, NP, 30000 3000
12500, t, 5.000000e-07, KEe, 488327.591418, MEe, 1.627758638e+01, E, -2100.000000, NP, 30000 3000
12600, t, 5.040000e-07, KEe, 489184.994217, MEe, 1.630616647e+01, E, -2100.000000, NP, 30000 3000
12700, t, 5.080000e-07, KEe, 493026.353558, MEe, 1.643421179e+01, E, -2100.000000, NP, 30000 3000
12800, t, 5.120000e-07, KEe, 492963.944112, MEe, 1.643213147e+01, E, -2100.000000, NP, 30000 3000
12900, t, 5.160000e-07, KEe, 489228.775865, MEe, 1.630762586e+01, E, -2100.000000, NP, 30000 3000
13000, t, 5.200000e-07, KEe, 491323.394468, MEe, 1.637744648e+01, E, -2100.000000, NP, 30000 3000
13100, t, 5.240000e-07, KEe, 488998.663131, MEe, 1.629995544e+01, E, -2100.000000, NP, 30000 3000
13200, t, 5.280000e-07, KEe, 491715.191118, MEe, 1.639050637e+01, E, -2100.000000, NP, 30000 3000
13300, t, 5.320000e-07, KEe, 493388.026086, MEe, 1.644626754e+01, E, -2100.000000, NP, 30000 3000
13400, t, 5.360000e-07, KEe, 495469.323408, MEe, 1.651564411e+01, E, -2100.000000, NP, 30000 3000
13500, t, 5.400000e-07, KEe, 493756.398704, MEe, 1.645854662e+01, E, -2100.000000, NP, 30000 3000
13600, t, 5.440000e-07, KEe, 495054.018812, MEe, 1.650180063e+01, E, -2100.000000, NP, 30000 3000
13700, t, 5.480000e-07, KEe, 495452.681976, MEe, 1.651508940e+01, E, -2100.000000, NP, 30000 3000
13800, t, 5.520000e-07, KEe, 496808.355764, MEe, 1.656027853e+01, E, -2100.000000, NP, 30000 3000
13900, t, 5.560000e-07, KEe, 496911.188233, MEe, 1.656370627e+01, E, -2100.000000, NP, 30000 3000
14000, t, 5.600000e-07, KEe, 493851.172316, MEe, 1.646170574e+01, E, -2100.000000, NP, 30000 3000
14100, t, 5.640000e-07, KEe, 492933.017087, MEe, 1.643110057e+01, E, -2100.000000, NP, 30000 3000
14200, t, 5.680000e-07, KEe, 491176.084452, MEe, 1.637253615e+01, E, -2100.000000, NP, 30000 3000
14300, t, 5.720000e-07, KEe, 492089.281754, MEe, 1.640297606e+01, E, -2100.000000, NP, 30000 3000
14400, t, 5.760000e-07, KEe, 492234.559939, MEe, 1.640781866e+01, E, -2100.000000, NP, 30000 3000
14500, t, 5.800000e-07, KEe, 491717.528599, MEe, 1.639058429e+01, E, -2100.000000, NP, 30000 3000
14600, t, 5.840000e-07, KEe, 493270.856318, MEe, 1.644236188e+01, E, -2100.000000, NP, 30000 3000
14700, t, 5.880000e-07, KEe, 493517.142290, MEe, 1.645057141e+01, E, -2100.000000, NP, 30000 3000
14800, t, 5.920000e-07, KEe, 492072.273316, MEe, 1.640240911e+01, E, -2100.000000, NP, 30000 3000
14900, t, 5.960000e-07, KEe, 491487.654997, MEe, 1.638292183e+01, E, -2100.000000, NP, 30000 3000
15000, t, 6.000000e-07, KEe, 492631.330321, MEe, 1.642104434e+01, E, -2100.000000, NP, 30000 3000
15100, t, 6.040000e-07, KEe, 492240.128891, MEe, 1.640800430e+01, E, -2100.000000, NP, 30000 3000
15200, t, 6.080000e-07, KEe, 492295.744892, MEe, 1.640985816e+01, E, -2100.000000, NP, 30000 3000
15300, t, 6.120000e-07, KEe, 492026.380362, MEe, 1.640087935e+01, E, -2100.000000, NP, 30000 3000
15400, t, 6.160000e-07, KEe, 491734.045276, MEe, 1.639113484e+01, E, -2100.000000, NP, 30000 3000
15500, t, 6.200000e-07, KEe, 496734.171978, MEe, 1.655780573e+01, E, -2100.000000, NP, 30000 3000
15600, t, 6.240000e-07, KEe, 495124.365209, MEe, 1.650414551e+01, E, -2100.000000, NP, 30000 3000
15700, t, 6.280000e-07, KEe, 494028.349989, MEe, 1.646761167e+01, E, -2100.000000, NP, 30000 3000
15800, t, 6.320000e-07, KEe, 492576.735117, MEe, 1.641922450e+01, E, -2100.000000, NP, 30000 3000
15900, t, 6.360000e-07, KEe, 495520.234210, MEe, 1.651734114e+01, E, -2100.000000, NP, 30000 3000
16000, t, 6.400000e-07, KEe, 494761.077969, MEe, 1.649203593e+01, E, -2100.000000, NP, 30000 3000
16100, t, 6.440000e-07, KEe, 493621.251821, MEe, 1.645404173e+01, E, -2100.000000, NP, 30000 3000
16200, t, 6.480000e-07, KEe, 490375.983607, MEe, 1.634586612e+01, E, -2100.000000, NP, 30000 3000
16300, t, 6.520000e-07, KEe, 490705.213572, MEe, 1.635684045e+01, E, -2100.000000, NP, 30000 3000
16400, t, 6.560000e-07, KEe, 493181.393776, MEe, 1.643937979e+01, E, -2100.000000, NP, 30000 3000
16500, t, 6.600000e-07, KEe, 495132.825848, MEe, 1.650442753e+01, E, -2100.000000, NP, 30000 3000
16600, t, 6.640000e-07, KEe, 495438.274399, MEe, 1.651460915e+01, E, -2100.000000, NP, 30000 3000
16700, t, 6.680000e-07, KEe, 492427.690591, MEe, 1.641425635e+01, E, -2100.000000, NP, 30000 3000
16800, t, 6.720000e-07, KEe, 494483.164670, MEe, 1.648277216e+01, E, -2100.000000, NP, 30000 3000
16900, t, 6.760000e-07, KEe, 494417.241344, MEe, 1.648057471e+01, E, -2100.000000, NP, 30000 3000
17000, t, 6.800000e-07, KEe, 492720.113200, MEe, 1.642400377e+01, E, -2100.000000, NP, 30000 3000
17100, t, 6.840000e-07, KEe, 492231.869885, MEe, 1.640772900e+01, E, -2100.000000, NP, 30000 3000
17200, t, 6.880000e-07, KEe, 495020.756462, MEe, 1.650069188e+01, E, -2100.000000, NP, 30000 3000
17300, t, 6.920000e-07, KEe, 495684.189438, MEe, 1.652280631e+01, E, -2100.000000, NP, 30000 3000
17400, t, 6.960000e-07, KEe, 494043.275342, MEe, 1.646810918e+01, E, -2100.000000, NP, 30000 3000
17500, t, 7.000000e-07, KEe, 490912.132318, MEe, 1.636373774e+01, E, -2100.000000, NP, 30000 3000
17600, t, 7.040000e-07, KEe, 489546.753114, MEe, 1.631822510e+01, E, -2100.000000, NP, 30000 3000
17700, t, 7.080000e-07, KEe, 492846.641301, MEe, 1.642822138e+01, E, -2100.000000, NP, 30000 3000
17800, t, 7.120000e-07, KEe, 492556.569784, MEe, 1.641855233e+01, E, -2100.000000, NP, 30000 3000
17900, t, 7.160000e-07, KEe, 490397.413747, MEe, 1.634658046e+01, E, -2100.000000, NP, 30000 3000
18000, t, 7.200000e-07, KEe, 491464.795141, MEe, 1.638215984e+01, E, -2100.000000, NP, 30000 3000
18100, t, 7.240000e-07, KEe, 493882.405004, MEe, 1.646274683e+01, E, -2100.000000, NP, 30000 3000
18200, t, 7.280000e-07, KEe, 495730.787513, MEe, 1.652435958e+01, E, -2100.000000, NP, 30000 3000
18300, t, 7.320000e-07, KEe, 497458.748684, MEe, 1.658195829e+01, E, -2100.000000, NP, 30000 3000
18400, t, 7.360000e-07, KEe, 498467.809638, MEe, 1.661559365e+01, E, -2100.000000, NP, 30000 3000
18500, t, 7.400000e-07, KEe, 495586.734105, MEe, 1.651955780e+01, E, -2100.000000, NP, 30000 3000
18600, t, 7.440000e-07, KEe, 496347.401312, MEe, 1.654491338e+01, E, -2100.000000, NP, 30000 3000
18700, t, 7.480000e-07, KEe, 496124.762086, MEe, 1.653749207e+01, E, -2100.000000, NP, 30000 3000
18800, t, 7.520000e-07, KEe, 496759.306055, MEe, 1.655864354e+01, E, -2100.000000, NP, 30000 3000
18900, t, 7.560000e-07, KEe, 493038.816702, MEe, 1.643462722e+01, E, -2100.000000, NP, 30000 3000
19000, t, 7.600000e-07, KEe, 494114.674273, MEe, 1.647048914e+01, E, -2100.000000, NP, 30000 3000
19100, t, 7.640000e-07, KEe, 493788.214664, MEe, 1.645960716e+01, E, -2100.000000, NP, 30000 3000
19200, t, 7.680000e-07, KEe, 494053.476273, MEe, 1.646844921e+01, E, -2100.000000, NP, 30000 3000
19300, t, 7.720000e-07, KEe, 491206.194589, MEe, 1.637353982e+01, E, -2100.000000, NP, 30000 3000
19400, t, 7.760000e-07, KEe, 492832.640416, MEe, 1.642775468e+01, E, -2100.000000, NP, 30000 3000
19500, t, 7.800000e-07, KEe, 491230.710993, MEe, 1.637435703e+01, E, -2100.000000, NP, 30000 3000
19600, t, 7.840000e-07, KEe, 491251.594069, MEe, 1.637505314e+01, E, -2100.000000, NP, 30000 3000
19700, t, 7.880000e-07, KEe, 491072.273918, MEe, 1.636907580e+01, E, -2100.000000, NP, 30000 3000
19800, t, 7.920000e-07, KEe, 492237.920580, MEe, 1.640793069e+01, E, -2100.000000, NP, 30000 3000
19900, t, 7.960000e-07, KEe, 491119.891647, MEe, 1.637066305e+01, E, -2100.000000, NP, 30000 3000
20000, t, 8.000000e-07, KEe, 495437.672085, MEe, 1.651458907e+01, E, -2100.000000, NP, 30000 3000
20100, t, 8.040000e-07, KEe, 494572.599958, MEe, 1.648575333e+01, E, -2100.000000, NP, 30000 3000
20200, t, 8.080000e-07, KEe, 490413.319417, MEe, 1.634711065e+01, E, -2100.000000, NP, 30000 3000
20300, t, 8.120000e-07, KEe, 492925.298272, MEe, 1.643084328e+01, E, -2100.000000, NP, 30000 3000
20400, t, 8.160000e-07, KEe, 492346.954434, MEe, 1.641156515e+01, E, -2100.000000, NP, 30000 3000
20500, t, 8.200000e-07, KEe, 490000.236866, MEe, 1.633334123e+01, E, -2100.000000, NP, 30000 3000
20600, t, 8.240000e-07, KEe, 491134.783550, MEe, 1.637115945e+01, E, -2100.000000, NP, 30000 3000
20700, t, 8.280000e-07, KEe, 493001.084646, MEe, 1.643336949e+01, E, -2100.000000, NP, 30000 3000
20800, t, 8.320000e-07, KEe, 490462.191476, MEe, 1.634873972e+01, E, -2100.000000, NP, 30000 3000
20900, t, 8.360000e-07, KEe, 490963.414813, MEe, 1.636544716e+01, E, -2100.000000, NP, 30000 3000
21000, t, 8.400000e-07, KEe, 496196.479188, MEe, 1.653988264e+01, E, -2100.000000, NP, 30000 3000
21100, t, 8.440000e-07, KEe, 493757.121697, MEe, 1.645857072e+01, E, -2100.000000, NP, 30000 3000
21200, t, 8.480000e-07, KEe, 494645.208946, MEe, 1.648817363e+01, E, -2100.000000, NP, 30000 3000
21300, t, 8.520000e-07, KEe, 493335.888777, MEe, 1.644452963e+01, E, -2100.000000, NP, 30000 3000
21400, t, 8.560000e-07, KEe, 495042.951252, MEe, 1.650143171e+01, E, -2100.000000, NP, 30000 3000
21500, t, 8.600000e-07, KEe, 495312.723828, MEe, 1.651042413e+01, E, -2100.000000, NP, 30000 3000
21600, t, 8.640000e-07, KEe, 495319.003831, MEe, 1.651063346e+01, E, -2100.000000, NP, 30000 3000
21700, t, 8.680000e-07, KEe, 494787.270592, MEe, 1.649290902e+01, E, -2100.000000, NP, 30000 3000
21800, t, 8.720000e-07, KEe, 493671.814144, MEe, 1.645572714e+01, E, -2100.000000, NP, 30000 3000
21900, t, 8.760000e-07, KEe, 494063.505204, MEe, 1.646878351e+01, E, -2100.000000, NP, 30000 3000
22000, t, 8.800000e-07, KEe, 494761.629317, MEe, 1.649205431e+01, E, -2100.000000, NP, 30000 3000
22100, t, 8.840000e-07, KEe, 495424.732046, MEe, 1.651415773e+01, E, -2100.000000, NP, 30000 3000
22200, t, 8.880000e-07, KEe, 496304.692540, MEe, 1.654348975e+01, E, -2100.000000, NP, 30000 3000
22300, t, 8.920000e-07, KEe, 497383.245221, MEe, 1.657944151e+01, E, -2100.000000, NP, 30000 3000
22400, t, 8.960000e-07, KEe, 497413.610796, MEe, 1.658045369e+01, E, -2100.000000, NP, 30000 3000
22500, t, 9.000000e-07, KEe, 494279.355486, MEe, 1.647597852e+01, E, -2100.000000, NP, 30000 3000
22600, t, 9.040000e-07, KEe, 494914.122122, MEe, 1.649713740e+01, E, -2100.000000, NP, 30000 3000
22700, t, 9.080000e-07, KEe, 494315.538389, MEe, 1.647718461e+01, E, -2100.000000, NP, 30000 3000
22800, t, 9.120000e-07, KEe, 495025.882704, MEe, 1.650086276e+01, E, -2100.000000, NP, 30000 3000
22900, t, 9.160000e-07, KEe, 495799.963197, MEe, 1.652666544e+01, E, -2100.000000, NP, 30000 3000
23000, t, 9.200000e-07, KEe, 495369.793981, MEe, 1.651232647e+01, E, -2100.000000, NP, 30000 3000
23100, t, 9.240000e-07, KEe, 496136.012021, MEe, 1.653786707e+01, E, -2100.000000, NP, 30000 3000
23200, t, 9.280000e-07, KEe, 497988.713070, MEe, 1.659962377e+01, E, -2100.000000, NP, 30000 3000
23300, t, 9.320000e-07, KEe, 496616.785013, MEe, 1.655389283e+01, E, -2100.000000, NP, 30000 3000
23400, t, 9.360000e-07, KEe, 494557.799403, MEe, 1.648525998e+01, E, -2100.000000, NP, 30000 3000
23500, t, 9.400000e-07, KEe, 493296.299717, MEe, 1.644320999e+01, E, -2100.000000, NP, 30000 3000
23600, t, 9.440000e-07, KEe, 492718.810357, MEe, 1.642396035e+01, E, -2100.000000, NP, 30000 3000
23700, t, 9.480000e-07, KEe, 492500.881464, MEe, 1.641669605e+01, E, -2100.000000, NP, 30000 3000
23800, t, 9.520000e-07, KEe, 488654.917288, MEe, 1.628849724e+01, E, -2100.000000, NP, 30000 3000
23900, t, 9.560000e-07, KEe, 490042.057287, MEe, 1.633473524e+01, E, -2100.000000, NP, 30000 3000
24000, t, 9.600000e-07, KEe, 492813.391715, MEe, 1.642711306e+01, E, -2100.000000, NP, 30000 3000
24100, t, 9.640000e-07, KEe, 493587.593412, MEe, 1.645291978e+01, E, -2100.000000, NP, 30000 3000
24200, t, 9.680000e-07, KEe, 491910.178747, MEe, 1.639700596e+01, E, -2100.000000, NP, 30000 3000
24300, t, 9.720000e-07, KEe, 493102.610019, MEe, 1.643675367e+01, E, -2100.000000, NP, 30000 3000
24400, t, 9.760000e-07, KEe, 494125.653483, MEe, 1.647085512e+01, E, -2100.000000, NP, 30000 3000
24500, t, 9.800000e-07, KEe, 491913.331123, MEe, 1.639711104e+01, E, -2100.000000, NP, 30000 3000
24600, t, 9.840000e-07, KEe, 491922.097467, MEe, 1.639740325e+01, E, -2100.000000, NP, 30000 3000
24700, t, 9.880000e-07, KEe, 494507.039620, MEe, 1.648356799e+01, E, -2100.000000, NP, 30000 3000
24800, t, 9.920000e-07, KEe, 497518.600062, MEe, 1.658395334e+01, E, -2100.000000, NP, 30000 3000
24900, t, 9.960000e-07, KEe, 493550.489657, MEe, 1.645168299e+01, E, -2100.000000, NP, 30000 3000
25000, t, 1.000000e-06, KEe, 496511.060088, MEe, 1.655036867e+01, E, -2100.000000, NP, 30000 3000
25100, t, 1.004000e-06, KEe, 492673.149533, MEe, 1.642243832e+01, E, -2100.000000, NP, 30000 3000
25200, t, 1.008000e-06, KEe, 494873.140879, MEe, 1.649577136e+01, E, -2100.000000, NP, 30000 3000
25300, t, 1.012000e-06, KEe, 491842.576638, MEe, 1.639475255e+01, E, -2100.000000, NP, 30000 3000
25400, t, 1.016000e-06, KEe, 493214.078950, MEe, 1.644046930e+01, E, -2100.000000, NP, 30000 3000
25500, t, 1.020000e-06, KEe, 492966.606426, MEe, 1.643222021e+01, E, -2100.000000, NP, 30000 3000
25600, t, 1.024000e-06, KEe, 494881.763368, MEe, 1.649605878e+01, E, -2100.000000, NP, 30000 3000
25700, t, 1.028000e-06, KEe, 492540.636178, MEe, 1.641802121e+01, E, -2100.000000, NP, 30000 3000
25800, t, 1.032000e-06, KEe, 494641.853303, MEe, 1.648806178e+01, E, -2100.000000, NP, 30000 3000
25900, t, 1.036000e-06, KEe, 494928.137719, MEe, 1.649760459e+01, E, -2100.000000, NP, 30000 3000
26000, t, 1.040000e-06, KEe, 493923.757556, MEe, 1.646412525e+01, E, -2100.000000, NP, 30000 3000
26100, t, 1.044000e-06, KEe, 495076.702771, MEe, 1.650255676e+01, E, -2100.000000, NP, 30000 3000
26200, t, 1.048000e-06, KEe, 496950.557881, MEe, 1.656501860e+01, E, -2100.000000, NP, 30000 3000
26300, t, 1.052000e-06, KEe, 495640.436045, MEe, 1.652134787e+01, E, -2100.000000, NP, 30000 3000
26400, t, 1.056000e-06, KEe, 494713.467104, MEe, 1.649044890e+01, E, -2100.000000, NP, 30000 3000
26500, t, 1.060000e-06, KEe, 492619.535863, MEe, 1.642065120e+01, E, -2100.000000, NP, 30000 3000
26600, t, 1.064000e-06, KEe, 491810.823743, MEe, 1.639369412e+01, E, -2100.000000, NP, 30000 3000
26700, t, 1.068000e-06, KEe, 491961.633849, MEe, 1.639872113e+01, E, -2100.000000, NP, 30000 3000
26800, t, 1.072000e-06, KEe, 497744.040273, MEe, 1.659146801e+01, E, -2100.000000, NP, 30000 3000
26900, t, 1.076000e-06, KEe, 499434.964077, MEe, 1.664783214e+01, E, -2100.000000, NP, 30000 3000
27000, t, 1.080000e-06, KEe, 496020.233543, MEe, 1.653400778e+01, E, -2100.000000, NP, 30000 3000
27100, t, 1.084000e-06, KEe, 493550.298897, MEe, 1.645167663e+01, E, -2100.000000, NP, 30000 3000
27200, t, 1.088000e-06, KEe, 493863.577700, MEe, 1.646211926e+01, E, -2100.000000, NP, 30000 3000
27300, t, 1.092000e-06, KEe, 491680.601077, MEe, 1.638935337e+01, E, -2100.000000, NP, 30000 3000
27400, t, 1.096000e-06, KEe, 493198.279025, MEe, 1.643994263e+01, E, -2100.000000, NP, 30000 3000
27500, t, 1.100000e-06, KEe, 491082.794484, MEe, 1.636942648e+01, E, -2100.000000, NP, 30000 3000
27600, t, 1.104000e-06, KEe, 490900.049443, MEe, 1.636333498e+01, E, -2100.000000, NP, 30000 3000
27700, t, 1.108000e-06, KEe, 490830.213449, MEe, 1.636100711e+01, E, -2100.000000, NP, 30000 3000
27800, t, 1.112000e-06, KEe, 492420.427397, MEe, 1.641401425e+01, E, -2100.000000, NP, 30000 3000
27900, t, 1.116000e-06, KEe, 494255.291027, MEe, 1.647517637e+01, E, -2100.000000, NP, 30000 3000
28000, t, 1.120000e-06, KEe, 492994.506657, MEe, 1.643315022e+01, E, -2100.000000, NP, 30000 3000
28100, t, 1.124000e-06, KEe, 491389.785186, MEe, 1.637965951e+01, E, -2100.000000, NP, 30000 3000
28200, t, 1.128000e-06, KEe, 492860.856511, MEe, 1.642869522e+01, E, -2100.000000, NP, 30000 3000
28300, t, 1.132000e-06, KEe, 493637.010645, MEe, 1.645456702e+01, E, -2100.000000, NP, 30000 3000
28400, t, 1.136000e-06, KEe, 497272.533255, MEe, 1.657575111e+01, E, -2100.000000, NP, 30000 3000
28500, t, 1.140000e-06, KEe, 495440.401457, MEe, 1.651468005e+01, E, -2100.000000, NP, 30000 3000
28600, t, 1.144000e-06, KEe, 492607.410961, MEe, 1.642024703e+01, E, -2100.000000, NP, 30000 3000
28700, t, 1.148000e-06, KEe, 489957.023442, MEe, 1.633190078e+01, E, -2100.000000, NP, 30000 3000
28800, t, 1.152000e-06, KEe, 490075.298234, MEe, 1.633584327e+01, E, -2100.000000, NP, 30000 3000
28900, t, 1.156000e-06, KEe, 492171.682386, MEe, 1.640572275e+01, E, -2100.000000, NP, 30000 3000
29000, t, 1.160000e-06, KEe, 494991.667857, MEe, 1.649972226e+01, E, -2100.000000, NP, 30000 3000
29100, t, 1.164000e-06, KEe, 494369.038478, MEe, 1.647896795e+01, E, -2100.000000, NP, 30000 3000
29200, t, 1.168000e-06, KEe, 496190.134763, MEe, 1.653967116e+01, E, -2100.000000, NP, 30000 3000
29300, t, 1.172000e-06, KEe, 495913.066505, MEe, 1.653043555e+01, E, -2100.000000, NP, 30000 3000
29400, t, 1.176000e-06, KEe, 494715.184198, MEe, 1.649050614e+01, E, -2100.000000, NP, 30000 3000
29500, t, 1.180000e-06, KEe, 496527.185762, MEe, 1.655090619e+01, E, -2100.000000, NP, 30000 3000
29600, t, 1.184000e-06, KEe, 493729.720531, MEe, 1.645765735e+01, E, -2100.000000, NP, 30000 3000
29700, t, 1.188000e-06, KEe, 495415.618267, MEe, 1.651385394e+01, E, -2100.000000, NP, 30000 3000
29800, t, 1.192000e-06, KEe, 494217.276295, MEe, 1.647390921e+01, E, -2100.000000, NP, 30000 3000
29900, t, 1.196000e-06, KEe, 490891.800045, MEe, 1.636306000e+01, E, -2100.000000, NP, 30000 3000
30000, t, 1.200000e-06, KEe, 491998.337225, MEe, 1.639994457e+01, E, -2100.000000, NP, 30000 3000
30100, t, 1.204000e-06, KEe, 490726.125398, MEe, 1.635753751e+01, E, -2100.000000, NP, 30000 3000
30200, t, 1.208000e-06, KEe, 493308.295308, MEe, 1.644360984e+01, E, -2100.000000, NP, 30000 3000
30300, t, 1.212000e-06, KEe, 494359.271812, MEe, 1.647864239e+01, E, -2100.000000, NP, 30000 3000
30400, t, 1.216000e-06, KEe, 493244.524867, MEe, 1.644148416e+01, E, -2100.000000, NP, 30000 3000
30500, t, 1.220000e-06, KEe, 490334.166391, MEe, 1.634447221e+01, E, -2100.000000, NP, 30000 3000
30600, t, 1.224000e-06, KEe, 488537.605065, MEe, 1.628458684e+01, E, -2100.000000, NP, 30000 3000
30700, t, 1.228000e-06, KEe, 493404.532218, MEe, 1.644681774e+01, E, -2100.000000, NP, 30000 3000
30800, t, 1.232000e-06, KEe, 495550.727399, MEe, 1.651835758e+01, E, -2100.000000, NP, 30000 3000
30900, t, 1.236000e-06, KEe, 496434.853669, MEe, 1.654782846e+01, E, -2100.000000, NP, 30000 3000
31000, t, 1.240000e-06, KEe, 495220.641141, MEe, 1.650735470e+01, E, -2100.000000, NP, 30000 3000
31100, t, 1.244000e-06, KEe, 490478.778568, MEe, 1.634929262e+01, E, -2100.000000, NP, 30000 3000
31200, t, 1.248000e-06, KEe, 489727.410262, MEe, 1.632424701e+01, E, -2100.000000, NP, 30000 3000
31300, t, 1.252000e-06, KEe, 490173.670899, MEe, 1.633912236e+01, E, -2100.000000, NP, 30000 3000
31400, t, 1.256000e-06, KEe, 495834.338253, MEe, 1.652781128e+01, E, -2100.000000, NP, 30000 3000
31500, t, 1.260000e-06, KEe, 493926.601036, MEe, 1.646422003e+01, E, -2100.000000, NP, 30000 3000
31600, t, 1.264000e-06, KEe, 492474.092132, MEe, 1.641580307e+01, E, -2100.000000, NP, 30000 3000
31700, t, 1.268000e-06, KEe, 497838.641897, MEe, 1.659462140e+01, E, -2100.000000, NP, 30000 3000
31800, t, 1.272000e-06, KEe, 497566.048065, MEe, 1.658553494e+01, E, -2100.000000, NP, 30000 3000
31900, t, 1.276000e-06, KEe, 498556.293476, MEe, 1.661854312e+01, E, -2100.000000, NP, 30000 3000
32000, t, 1.280000e-06, KEe, 496135.244452, MEe, 1.653784148e+01, E, -2100.000000, NP, 30000 3000
32100, t, 1.284000e-06, KEe, 496778.796317, MEe, 1.655929321e+01, E, -2100.000000, NP, 30000 3000
32200, t, 1.288000e-06, KEe, 495217.328945, MEe, 1.650724430e+01, E, -2100.000000, NP, 30000 3000
32300, t, 1.292000e-06, KEe, 494592.544552, MEe, 1.648641815e+01, E, -2100.000000, NP, 30000 3000
32400, t, 1.296000e-06, KEe, 495672.717181, MEe, 1.652242391e+01, E, -2100.000000, NP, 30000 3000
32500, t, 1.300000e-06, KEe, 494663.284806, MEe, 1.648877616e+01, E, -2100.000000, NP, 30000 3000
32600, t, 1.304000e-06, KEe, 495372.614051, MEe, 1.651242047e+01, E, -2100.000000, NP, 30000 3000
32700, t, 1.308000e-06, KEe, 495720.227845, MEe, 1.652400759e+01, E, -2100.000000, NP, 30000 3000
32800, t, 1.312000e-06, KEe, 493575.136316, MEe, 1.645250454e+01, E, -2100.000000, NP, 30000 3000
32900, t, 1.316000e-06, KEe, 491956.885894, MEe, 1.639856286e+01, E, -2100.000000, NP, 30000 3000
33000, t, 1.320000e-06, KEe, 492117.287597, MEe, 1.640390959e+01, E, -2100.000000, NP, 30000 3000
33100, t, 1.324000e-06, KEe, 491068.841920, MEe, 1.636896140e+01, E, -2100.000000, NP, 30000 3000
33200, t, 1.328000e-06, KEe, 491658.492828, MEe, 1.638861643e+01, E, -2100.000000, NP, 30000 3000
33300, t, 1.332000e-06, KEe, 492144.168620, MEe, 1.640480562e+01, E, -2100.000000, NP, 30000 3000
33400, t, 1.336000e-06, KEe, 493683.517183, MEe, 1.645611724e+01, E, -2100.000000, NP, 30000 3000
33500, t, 1.340000e-06, KEe, 498158.111281, MEe, 1.660527038e+01, E, -2100.000000, NP, 30000 3000
33600, t, 1.344000e-06, KEe, 498026.520058, MEe, 1.660088400e+01, E, -2100.000000, NP, 30000 3000
33700, t, 1.348000e-06, KEe, 495558.982390, MEe, 1.651863275e+01, E, -2100.000000, NP, 30000 3000
33800, t, 1.352000e-06, KEe, 489641.774367, MEe, 1.632139248e+01, E, -2100.000000, NP, 30000 3000
33900, t, 1.356000e-06, KEe, 489906.724811, MEe, 1.633022416e+01, E, -2100.000000, NP, 30000 3000
34000, t, 1.360000e-06, KEe, 489750.489533, MEe, 1.632501632e+01, E, -2100.000000, NP, 30000 3000
34100, t, 1.364000e-06, KEe, 493690.830388, MEe, 1.645636101e+01, E, -2100.000000, NP, 30000 3000
34200, t, 1.368000e-06, KEe, 493721.288316, MEe, 1.645737628e+01, E, -2100.000000, NP, 30000 3000
34300, t, 1.372000e-06, KEe, 495015.707376, MEe, 1.650052358e+01, E, -2100.000000, NP, 30000 3000
34400, t, 1.376000e-06, KEe, 495766.048763, MEe, 1.652553496e+01, E, -2100.000000, NP, 30000 3000
34500, t, 1.380000e-06, KEe, 495161.449459, MEe, 1.650538165e+01, E, -2100.000000, NP, 30000 3000
34600, t, 1.384000e-06, KEe, 492347.901282, MEe, 1.641159671e+01, E, -2100.000000, NP, 30000 3000
34700, t, 1.388000e-06, KEe, 494020.193448, MEe, 1.646733978e+01, E, -2100.000000, NP, 30000 3000
34800, t, 1.392000e-06, KEe, 493580.438356, MEe, 1.645268128e+01, E, -2100.000000, NP, 30000 3000
34900, t, 1.396000e-06, KEe, 493067.345357, MEe, 1.643557818e+01, E, -2100.000000, NP, 30000 3000
35000, t, 1.400000e-06, KEe, 493334.107026, MEe, 1.644447023e+01, E, -2100.000000, NP, 30000 3000
35100, t, 1.404000e-06, KEe, 491942.830945, MEe, 1.639809436e+01, E, -2100.000000, NP, 30000 3000
35200, t, 1.408000e-06, KEe, 492136.997667, MEe, 1.640456659e+01, E, -2100.000000, NP, 30000 3000
35300, t, 1.412000e-06, KEe, 492393.738942, MEe, 1.641312463e+01, E, -2100.000000, NP, 30000 3000
35400, t, 1.416000e-06, KEe, 491598.269634, MEe, 1.638660899e+01, E, -2100.000000, NP, 30000 3000
35500, t, 1.420000e-06, KEe, 494444.477734, MEe, 1.648148259e+01, E, -2100.000000, NP, 30000 3000
35600, t, 1.424000e-06, KEe, 497930.280733, MEe, 1.659767602e+01, E, -2100.000000, NP, 30000 3000
35700, t, 1.428000e-06, KEe, 492501.961066, MEe, 1.641673204e+01, E, -2100.000000, NP, 30000 3000
35800, t, 1.432000e-06, KEe, 490553.105617, MEe, 1.635177019e+01, E, -2100.000000, NP, 30000 3000
35900, t, 1.436000e-06, KEe, 494428.257037, MEe, 1.648094190e+01, E, -2100.000000, NP, 30000 3000
36000, t, 1.440000e-06, KEe, 494242.644094, MEe, 1.647475480e+01, E, -2100.000000, NP, 30000 3000
36100, t, 1.444000e-06, KEe, 493976.531021, MEe, 1.646588437e+01, E, -2100.000000, NP, 30000 3000
36200, t, 1.448000e-06, KEe, 494968.394178, MEe, 1.649894647e+01, E, -2100.000000, NP, 30000 3000
36300, t, 1.452000e-06, KEe, 497407.704261, MEe, 1.658025681e+01, E, -2100.000000, NP, 30000 3000
36400, t, 1.456000e-06, KEe, 498193.308537, MEe, 1.660644362e+01, E, -2100.000000, NP, 30000 3000
36500, t, 1.460000e-06, KEe, 498095.739088, MEe, 1.660319130e+01, E, -2100.000000, NP, 30000 3000
36600, t, 1.464000e-06, KEe, 496254.865485, MEe, 1.654182885e+01, E, -2100.000000, NP, 30000 3000
36700, t, 1.468000e-06, KEe, 494965.486668, MEe, 1.649884956e+01, E, -2100.000000, NP, 30000 3000
36800, t, 1.472000e-06, KEe, 490797.863069, MEe, 1.635992877e+01, E, -2100.000000, NP, 30000 3000
36900, t, 1.476000e-06, KEe, 490679.698788, MEe, 1.635598996e+01, E, -2100.000000, NP, 30000 3000
37000, t, 1.480000e-06, KEe, 490309.201451, MEe, 1.634364005e+01, E, -2100.000000, NP, 30000 3000
37100, t, 1.484000e-06, KEe, 489290.093315, MEe, 1.630966978e+01, E, -2100.000000, NP, 30000 3000
37200, t, 1.488000e-06, KEe, 492321.013879, MEe, 1.641070046e+01, E, -2100.000000, NP, 30000 3000
37300, t, 1.492000e-06, KEe, 493111.480891, MEe, 1.643704936e+01, E, -2100.000000, NP, 30000 3000
37400, t, 1.496000e-06, KEe, 491733.920965, MEe, 1.639113070e+01, E, -2100.000000, NP, 30000 3000
37500, t, 1.500000e-06, KEe, 489730.628840, MEe, 1.632435429e+01, E, -2100.000000, NP, 30000 3000
37600, t, 1.504000e-06, KEe, 490350.554881, MEe, 1.634501850e+01, E, -2100.000000, NP, 30000 3000
37700, t, 1.508000e-06, KEe, 492847.690738, MEe, 1.642825636e+01, E, -2100.000000, NP, 30000 3000
37800, t, 1.512000e-06, KEe, 495022.296105, MEe, 1.650074320e+01, E, -2100.000000, NP, 30000 3000
37900, t, 1.516000e-06, KEe, 493030.694536, MEe, 1.643435648e+01, E, -2100.000000, NP, 30000 3000
38000, t, 1.520000e-06, KEe, 491881.409429, MEe, 1.639604698e+01, E, -2100.000000, NP, 30000 3000
38100, t, 1.524000e-06, KEe, 494145.705955, MEe, 1.647152353e+01, E, -2100.000000, NP, 30000 3000
38200, t, 1.528000e-06, KEe, 494032.952107, MEe, 1.646776507e+01, E, -2100.000000, NP, 30000 3000
38300, t, 1.532000e-06, KEe, 492716.852674, MEe, 1.642389509e+01, E, -2100.000000, NP, 30000 3000
38400, t, 1.536000e-06, KEe, 492257.788787, MEe, 1.640859296e+01, E, -2100.000000, NP, 30000 3000
38500, t, 1.540000e-06, KEe, 494197.692946, MEe, 1.647325643e+01, E, -2100.000000, NP, 30000 3000
38600, t, 1.544000e-06, KEe, 493232.915023, MEe, 1.644109717e+01, E, -2100.000000, NP, 30000 3000
38700, t, 1.548000e-06, KEe, 493421.610428, MEe, 1.644738701e+01, E, -2100.000000, NP, 30000 3000
38800, t, 1.552000e-06, KEe, 497658.294137, MEe, 1.658860980e+01, E, -2100.000000, NP, 30000 3000
38900, t, 1.556000e-06, KEe, 494075.886452, MEe, 1.646919622e+01, E, -2100.000000, NP, 30000 3000
39000, t, 1.560000e-06, KEe, 494852.260596, MEe, 1.649507535e+01, E, -2100.000000, NP, 30000 3000
39100, t, 1.564000e-06, KEe, 492724.237047, MEe, 1.642414123e+01, E, -2100.000000, NP, 30000 3000
39200, t, 1.568000e-06, KEe, 494298.162293, MEe, 1.647660541e+01, E, -2100.000000, NP, 30000 3000
39300, t, 1.572000e-06, KEe, 494184.787623, MEe, 1.647282625e+01, E, -2100.000000, NP, 30000 3000
39400, t, 1.576000e-06, KEe, 492887.108431, MEe, 1.642957028e+01, E, -2100.000000, NP, 30000 3000
39500, t, 1.580000e-06, KEe, 493779.439077, MEe, 1.645931464e+01, E, -2100.000000, NP, 30000 3000
39600, t, 1.584000e-06, KEe, 495043.857158, MEe, 1.650146191e+01, E, -2100.000000, NP, 30000 3000
39700, t, 1.588000e-06, KEe, 493257.055679, MEe, 1.644190186e+01, E, -2100.000000, NP, 30000 3000
39800, t, 1.592000e-06, KEe, 490914.383061, MEe, 1.636381277e+01, E, -2100.000000, NP, 30000 3000
39900, t, 1.596000e-06, KEe, 492960.787317, MEe, 1.643202624e+01, E, -2100.000000, NP, 30000 3000
40000, t, 1.600000e-06, KEe, 495633.425097, MEe, 1.652111417e+01, E, -2100.000000, NP, 30000 3000
40100, t, 1.604000e-06, KEe, 497965.504921, MEe, 1.659885016e+01, E, -2100.000000, NP, 30000 3000
40200, t, 1.608000e-06, KEe, 498283.034484, MEe, 1.660943448e+01, E, -2100.000000, NP, 30000 3000
40300, t, 1.612000e-06, KEe, 496751.612912, MEe, 1.655838710e+01, E, -2100.000000, NP, 30000 3000
40400, t, 1.616000e-06, KEe, 494702.177477, MEe, 1.649007258e+01, E, -2100.000000, NP, 30000 3000
40500, t, 1.620000e-06, KEe, 493495.428845, MEe, 1.644984763e+01, E, -2100.000000, NP, 30000 3000
40600, t, 1.624000e-06, KEe, 495180.512405, MEe, 1.650601708e+01, E, -2100.000000, NP, 30000 3000
40700, t, 1.628000e-06, KEe, 495490.253985, MEe, 1.651634180e+01, E, -2100.000000, NP, 30000 3000
40800, t, 1.632000e-06, KEe, 494683.327863, MEe, 1.648944426e+01, E, -2100.000000, NP, 30000 3000
40900, t, 1.636000e-06, KEe, 493435.485531, MEe, 1.644784952e+01, E, -2100.000000, NP, 30000 3000
41000, t, 1.640000e-06, KEe, 495216.298287, MEe, 1.650720994e+01, E, -2100.000000, NP, 30000 3000
41100, t, 1.644000e-06, KEe, 494264.286768, MEe, 1.647547623e+01, E, -2100.000000, NP, 30000 3000
41200, t, 1.648000e-06, KEe, 494014.752923, MEe, 1.646715843e+01, E, -2100.000000, NP, 30000 3000
41300, t, 1.652000e-06, KEe, 495389.028725, MEe, 1.651296762e+01, E, -2100.000000, NP, 30000 3000
41400, t, 1.656000e-06, KEe, 494515.371513, MEe, 1.648384572e+01, E, -2100.000000, NP, 30000 3000
41500, t, 1.660000e-06, KEe, 493725.286952, MEe, 1.645750957e+01, E, -2100.000000, NP, 30000 3000
41600, t, 1.664000e-06, KEe, 492576.687008, MEe, 1.641922290e+01, E, -2100.000000, NP, 30000 3000
41700, t, 1.668000e-06, KEe, 493777.535372, MEe, 1.645925118e+01, E, -2100.000000, NP, 30000 3000
41800, t, 1.672000e-06, KEe, 494435.714253, MEe, 1.648119048e+01, E, -2100.000000, NP, 30000 3000
41900, t, 1.676000e-06, KEe, 492320.394223, MEe, 1.641067981e+01, E, -2100.000000, NP, 30000 3000
42000, t, 1.680000e-06, KEe, 492622.544766, MEe, 1.642075149e+01, E, -2100.000000, NP, 30000 3000
42100, t, 1.684000e-06, KEe, 491711.192798, MEe, 1.639037309e+01, E, -2100.000000, NP, 30000 3000
42200, t, 1.688000e-06, KEe, 493002.997032, MEe, 1.643343323e+01, E, -2100.000000, NP, 30000 3000
42300, t, 1.692000e-06, KEe, 494457.900493, MEe, 1.648193002e+01, E, -2100.000000, NP, 30000 3000
42400, t, 1.696000e-06, KEe, 495218.594025, MEe, 1.650728647e+01, E, -2100.000000, NP, 30000 3000
42500, t, 1.700000e-06, KEe, 492979.056943, MEe, 1.643263523e+01, E, -2100.000000, NP, 30000 3000
42600, t, 1.704000e-06, KEe, 494506.197112, MEe, 1.648353990e+01, E, -2100.000000, NP, 30000 3000
42700, t, 1.708000e-06, KEe, 496687.941267, MEe, 1.655626471e+01, E, -2100.000000, NP, 30000 3000
42800, t, 1.712000e-06, KEe, 494877.194854, MEe, 1.649590650e+01, E, -2100.000000, NP, 30000 3000
42900, t, 1.716000e-06, KEe, 496107.490773, MEe, 1.653691636e+01, E, -2100.000000, NP, 30000 3000
43000, t, 1.720000e-06, KEe, 495647.919400, MEe, 1.652159731e+01, E, -2100.000000, NP, 30000 3000
43100, t, 1.724000e-06, KEe, 493921.320906, MEe, 1.646404403e+01, E, -2100.000000, NP, 30000 3000
43200, t, 1.728000e-06, KEe, 496958.572542, MEe, 1.656528575e+01, E, -2100.000000, NP, 30000 3000
43300, t, 1.732000e-06, KEe, 493576.284238, MEe, 1.645254281e+01, E, -2100.000000, NP, 30000 3000
43400, t, 1.736000e-06, KEe, 491773.093381, MEe, 1.639243645e+01, E, -2100.000000, NP, 30000 3000
43500, t, 1.740000e-06, KEe, 490772.405869, MEe, 1.635908020e+01, E, -2100.000000, NP, 30000 3000
43600, t, 1.744000e-06, KEe, 494673.350881, MEe, 1.648911170e+01, E, -2100.000000, NP, 30000 3000
43700, t, 1.748000e-06, KEe, 497149.066591, MEe, 1.657163555e+01, E, -2100.000000, NP, 30000 3000
43800, t, 1.752000e-06, KEe, 496025.757306, MEe, 1.653419191e+01, E, -2100.000000, NP, 30000 3000
43900, t, 1.756000e-06, KEe, 493715.054335, MEe, 1.645716848e+01, E, -2100.000000, NP, 30000 3000
44000, t, 1.760000e-06, KEe, 492335.421431, MEe, 1.641118071e+01, E, -2100.000000, NP, 30000 3000
44100, t, 1.764000e-06, KEe, 492408.272083, MEe, 1.641360907e+01, E, -2100.000000, NP, 30000 3000
44200, t, 1.768000e-06, KEe, 494372.234506, MEe, 1.647907448e+01, E, -2100.000000, NP, 30000 3000
44300, t, 1.772000e-06, KEe, 493379.251403, MEe, 1.644597505e+01, E, -2100.000000, NP, 30000 3000
44400, t, 1.776000e-06, KEe, 490893.728592, MEe, 1.636312429e+01, E, -2100.000000, NP, 30000 3000
44500, t, 1.780000e-06, KEe, 492273.665028, MEe, 1.640912217e+01, E, -2100.000000, NP, 30000 3000
44600, t, 1.784000e-06, KEe, 492770.110000, MEe, 1.642567033e+01, E, -2100.000000, NP, 30000 3000
44700, t, 1.788000e-06, KEe, 492556.363656, MEe, 1.641854546e+01, E, -2100.000000, NP, 30000 3000
44800, t, 1.792000e-06, KEe, 491722.699735, MEe, 1.639075666e+01, E, -2100.000000, NP, 30000 3000
44900, t, 1.796000e-06, KEe, 492232.269070, MEe, 1.640774230e+01, E, -2100.000000, NP, 30000 3000
45000, t, 1.800000e-06, KEe, 495292.656040, MEe, 1.650975520e+01, E, -2100.000000, NP, 30000 3000
45100, t, 1.804000e-06, KEe, 494900.023557, MEe, 1.649666745e+01, E, -2100.000000, NP, 30000 3000
45200, t, 1.808000e-06, KEe, 495342.524971, MEe, 1.651141750e+01, E, -2100.000000, NP, 30000 3000
45300, t, 1.812000e-06, KEe, 493134.865497, MEe, 1.643782885e+01, E, -2100.000000, NP, 30000 3000
45400, t, 1.816000e-06, KEe, 492007.508027, MEe, 1.640025027e+01, E, -2100.000000, NP, 30000 3000
45500, t, 1.820000e-06, KEe, 491218.039167, MEe, 1.637393464e+01, E, -2100.000000, NP, 30000 3000
45600, t, 1.824000e-06, KEe, 491913.986667, MEe, 1.639713289e+01, E, -2100.000000, NP, 30000 3000
45700, t, 1.828000e-06, KEe, 490555.990474, MEe, 1.635186635e+01, E, -2100.000000, NP, 30000 3000
45800, t, 1.832000e-06, KEe, 491408.667741, MEe, 1.638028892e+01, E, -2100.000000, NP, 30000 3000
45900, t, 1.836000e-06, KEe, 493422.899949, MEe, 1.644743000e+01, E, -2100.000000, NP, 30000 3000
46000, t, 1.840000e-06, KEe, 494248.998357, MEe, 1.647496661e+01, E, -2100.000000, NP, 30000 3000
46100, t, 1.844000e-06, KEe, 494005.996026, MEe, 1.646686653e+01, E, -2100.000000, NP, 30000 3000
46200, t, 1.848000e-06, KEe, 493201.774959, MEe, 1.644005917e+01, E, -2100.000000, NP, 30000 3000
46300, t, 1.852000e-06, KEe, 493951.839162, MEe, 1.646506131e+01, E, -2100.000000, NP, 30000 3000
46400, t, 1.856000e-06, KEe, 492979.413092, MEe, 1.643264710e+01, E, -2100.000000, NP, 30000 3000
46500, t, 1.860000e-06, KEe, 490497.968805, MEe, 1.634993229e+01, E, -2100.000000, NP, 30000 3000
46600, t, 1.864000e-06, KEe, 491265.649159, MEe, 1.637552164e+01, E, -2100.000000, NP, 30000 3000
46700, t, 1.868000e-06, KEe, 492052.442750, MEe, 1.640174809e+01, E, -2100.000000, NP, 30000 3000
46800, t, 1.872000e-06, KEe, 490901.463057, MEe, 1.636338210e+01, E, -2100.000000, NP, 30000 3000
46900, t, 1.876000e-06, KEe, 495611.775775, MEe, 1.652039253e+01, E, -2100.000000, NP, 30000 3000
47000, t, 1.880000e-06, KEe, 493634.426369, MEe, 1.645448088e+01, E, -2100.000000, NP, 30000 3000
47100, t, 1.884000e-06, KEe, 490503.178573, MEe, 1.635010595e+01, E, -2100.000000, NP, 30000 3000
47200, t, 1.888000e-06, KEe, 492315.970544, MEe, 1.641053235e+01, E, -2100.000000, NP, 30000 3000
47300, t, 1.892000e-06, KEe, 494048.267867, MEe, 1.646827560e+01, E, -2100.000000, NP, 30000 3000
47400, t, 1.896000e-06, KEe, 495489.862005, MEe, 1.651632873e+01, E, -2100.000000, NP, 30000 3000
47500, t, 1.900000e-06, KEe, 492805.148012, MEe, 1.642683827e+01, E, -2100.000000, NP, 30000 3000
47600, t, 1.904000e-06, KEe, 492710.175719, MEe, 1.642367252e+01, E, -2100.000000, NP, 30000 3000
47700, t, 1.908000e-06, KEe, 492765.792412, MEe, 1.642552641e+01, E, -2100.000000, NP, 30000 3000
47800, t, 1.912000e-06, KEe, 496373.085503, MEe, 1.654576952e+01, E, -2100.000000, NP, 30000 3000
47900, t, 1.916000e-06, KEe, 494647.813733, MEe, 1.648826046e+01, E, -2100.000000, NP, 30000 3000
48000, t, 1.920000e-06, KEe, 495735.407680, MEe, 1.652451359e+01, E, -2100.000000, NP, 30000 3000
48100, t, 1.924000e-06, KEe, 494821.557875, MEe, 1.649405193e+01, E, -2100.000000, NP, 30000 3000
48200, t, 1.928000e-06, KEe, 494371.172085, MEe, 1.647903907e+01, E, -2100.000000, NP, 30000 3000
48300, t, 1.932000e-06, KEe, 494439.845862, MEe, 1.648132820e+01, E, -2100.000000, NP, 30000 3000
48400, t, 1.936000e-06, KEe, 494822.079360, MEe, 1.649406931e+01, E, -2100.000000, NP, 30000 3000
48500, t, 1.940000e-06, KEe, 492190.259042, MEe, 1.640634197e+01, E, -2100.000000, NP, 30000 3000
48600, t, 1.944000e-06, KEe, 492809.690625, MEe, 1.642698969e+01, E, -2100.000000, NP, 30000 3000
48700, t, 1.948000e-06, KEe, 492176.344506, MEe, 1.640587815e+01, E, -2100.000000, NP, 30000 3000
48800, t, 1.952000e-06, KEe, 495026.853772, MEe, 1.650089513e+01, E, -2100.000000, NP, 30000 3000
48900, t, 1.956000e-06, KEe, 495112.568350, MEe, 1.650375228e+01, E, -2100.000000, NP, 30000 3000
49000, t, 1.960000e-06, KEe, 494035.589151, MEe, 1.646785297e+01, E, -2100.000000, NP, 30000 3000
49100, t, 1.964000e-06, KEe, 496232.985240, MEe, 1.654109951e+01, E, -2100.000000, NP, 30000 3000
49200, t, 1.968000e-06, KEe, 494791.655684, MEe, 1.649305519e+01, E, -2100.000000, NP, 30000 3000
49300, t, 1.972000e-06, KEe, 496612.506335, MEe, 1.655375021e+01, E, -2100.000000, NP, 30000 3000
49400, t, 1.976000e-06, KEe, 495156.314736, MEe, 1.650521049e+01, E, -2100.000000, NP, 30000 3000
49500, t, 1.980000e-06, KEe, 492400.114762, MEe, 1.641333716e+01, E, -2100.000000, NP, 30000 3000
49600, t, 1.984000e-06, KEe, 495253.993420, MEe, 1.650846645e+01, E, -2100.000000, NP, 30000 3000
49700, t, 1.988000e-06, KEe, 494494.164798, MEe, 1.648313883e+01, E, -2100.000000, NP, 30000 3000
49800, t, 1.992000e-06, KEe, 493894.642774, MEe, 1.646315476e+01, E, -2100.000000, NP, 30000 3000
49900, t, 1.996000e-06, KEe, 494277.687938, MEe, 1.647592293e+01, E, -2100.000000, NP, 30000 3000
50000, t, 2.000000e-06, KEe, 495874.847450, MEe, 1.652916158e+01, E, -2100.000000, NP, 30000 3000
50100, t, 2.004000e-06, KEe, 493428.652878, MEe, 1.644762176e+01, E, -2100.000000, NP, 30000 3000
50200, t, 2.008000e-06, KEe, 496211.244199, MEe, 1.654037481e+01, E, -2100.000000, NP, 30000 3000
50300, t, 2.012000e-06, KEe, 494768.980957, MEe, 1.649229937e+01, E, -2100.000000, NP, 30000 3000
50400, t, 2.016000e-06, KEe, 497346.257486, MEe, 1.657820858e+01, E, -2100.000000, NP, 30000 3000
50500, t, 2.020000e-06, KEe, 494390.527397, MEe, 1.647968425e+01, E, -2100.000000, NP, 30000 3000
50600, t, 2.024000e-06, KEe, 496167.711015, MEe, 1.653892370e+01, E, -2100.000000, NP, 30000 3000
50700, t, 2.028000e-06, KEe, 493427.334158, MEe, 1.644757781e+01, E, -2100.000000, NP, 30000 3000
50800, t, 2.032000e-06, KEe, 491704.273439, MEe, 1.639014245e+01, E, -2100.000000, NP, 30000 3000
50900, t, 2.036000e-06, KEe, 491025.839617, MEe, 1.636752799e+01, E, -2100.000000, NP, 30000 3000
51000, t, 2.040000e-06, KEe, 492860.847814, MEe, 1.642869493e+01, E, -2100.000000, NP, 30000 3000
51100, t, 2.044000e-06, KEe, 491025.981485, MEe, 1.636753272e+01, E, -2100.000000, NP, 30000 3000
51200, t, 2.048000e-06, KEe, 491210.803598, MEe, 1.637369345e+01, E, -2100.000000, NP, 30000 3000
51300, t, 2.052000e-06, KEe, 491288.863137, MEe, 1.637629544e+01, E, -2100.000000, NP, 30000 3000
51400, t, 2.056000e-06, KEe, 495045.833606, MEe, 1.650152779e+01, E, -2100.000000, NP, 30000 3000
51500, t, 2.060000e-06, KEe, 493775.373290, MEe, 1.645917911e+01, E, -2100.000000, NP, 30000 3000
51600, t, 2.064000e-06, KEe, 488061.650484, MEe, 1.626872168e+01, E, -2100.000000, NP, 30000 3000
51700, t, 2.068000e-06, KEe, 492224.388233, MEe, 1.640747961e+01, E, -2100.000000, NP, 30000 3000
51800, t, 2.072000e-06, KEe, 493445.054583, MEe, 1.644816849e+01, E, -2100.000000, NP, 30000 3000
51900, t, 2.076000e-06, KEe, 494863.982373, MEe, 1.649546608e+01, E, -2100.000000, NP, 30000 3000
52000, t, 2.080000e-06, KEe, 493611.805916, MEe, 1.645372686e+01, E, -2100.000000, NP, 30000 3000
52100, t, 2.084000e-06, KEe, 493542.091406, MEe, 1.645140305e+01, E, -2100.000000, NP, 30000 3000
52200, t, 2.088000e-06, KEe, 496401.169813, MEe, 1.654670566e+01, E, -2100.000000, NP, 30000 3000
52300, t, 2.092000e-06, KEe, 496826.303068, MEe, 1.656087677e+01, E, -2100.000000, NP, 30000 3000
52400, t, 2.096000e-06, KEe, 496435.284661, MEe, 1.654784282e+01, E, -2100.000000, NP, 30000 3000
52500, t, 2.100000e-06, KEe, 497547.606824, MEe, 1.658492023e+01, E, -2100.000000, NP, 30000 3000
52600, t, 2.104000e-06, KEe, 495708.233985, MEe, 1.652360780e+01, E, -2100.000000, NP, 30000 3000
52700, t, 2.108000e-06, KEe, 494813.372522, MEe, 1.649377908e+01, E, -2100.000000, NP, 30000 3000
52800, t, 2.112000e-06, KEe, 492897.523003, MEe, 1.642991743e+01, E, -2100.000000, NP, 30000 3000
52900, t, 2.116000e-06, KEe, 490752.062685, MEe, 1.635840209e+01, E, -2100.000000, NP, 30000 3000
53000, t, 2.120000e-06, KEe, 492426.867014, MEe, 1.641422890e+01, E, -2100.000000, NP, 30000 3000
53100, t, 2.124000e-06, KEe, 492978.465617, MEe, 1.643261552e+01, E, -2100.000000, NP, 30000 3000
53200, t, 2.128000e-06, KEe, 497094.140578, MEe, 1.656980469e+01, E, -2100.000000, NP, 30000 3000
53300, t, 2.132000e-06, KEe, 493920.963786, MEe, 1.646403213e+01, E, -2100.000000, NP, 30000 3000
53400, t, 2.136000e-06, KEe, 492205.575080, MEe, 1.640685250e+01, E, -2100.000000, NP, 30000 3000
53500, t, 2.140000e-06, KEe, 492701.814922, MEe, 1.642339383e+01, E, -2100.000000, NP, 30000 3000
53600, t, 2.144000e-06, KEe, 492184.081481, MEe, 1.640613605e+01, E, -2100.000000, NP, 30000 3000
53700, t, 2.148000e-06, KEe, 490993.430661, MEe, 1.636644769e+01, E, -2100.000000, NP, 30000 3000
53800, t, 2.152000e-06, KEe, 490325.409957, MEe, 1.634418033e+01, E, -2100.000000, NP, 30000 3000
53900, t, 2.156000e-06, KEe, 491875.544034, MEe, 1.639585147e+01, E, -2100.000000, NP, 30000 3000
54000, t, 2.160000e-06, KEe, 492737.784984, MEe, 1.642459283e+01, E, -2100.000000, NP, 30000 3000
54100, t, 2.164000e-06, KEe, 493968.270263, MEe, 1.646560901e+01, E, -2100.000000, NP, 30000 3000
54200, t, 2.168000e-06, KEe, 491908.803394, MEe, 1.639696011e+01, E, -2100.000000, NP, 30000 3000
54300, t, 2.172000e-06, KEe, 491503.261990, MEe, 1.638344207e+01, E, -2100.000000, NP, 30000 3000
54400, t, 2.176000e-06, KEe, 492537.020091, MEe, 1.641790067e+01, E, -2100.000000, NP, 30000 3000
54500, t, 2.180000e-06, KEe, 492473.802683, MEe, 1.641579342e+01, E, -2100.000000, NP, 30000 3000
54600, t, 2.184000e-06, KEe, 490967.130339, MEe, 1.636557101e+01, E, -2100.000000, NP, 30000 3000
54700, t, 2.188000e-06, KEe, 488561.870948, MEe, 1.628539570e+01, E, -2100.000000, NP, 30000 3000
54800, t, 2.192000e-06, KEe, 489836.573308, MEe, 1.632788578e+01, E, -2100.000000, NP, 30000 3000
54900, t, 2.196000e-06, KEe, 490509.301331, MEe, 1.635031004e+01, E, -2100.000000, NP, 30000 3000
55000, t, 2.200000e-06, KEe, 490947.803279, MEe, 1.636492678e+01, E, -2100.000000, NP, 30000 3000
55100, t, 2.204000e-06, KEe, 494550.107789, MEe, 1.648500359e+01, E, -2100.000000, NP, 30000 3000
55200, t, 2.208000e-06, KEe, 493943.883639, MEe, 1.646479612e+01, E, -2100.000000, NP, 30000 3000
55300, t, 2.212000e-06, KEe, 493750.381074, MEe, 1.645834604e+01, E, -2100.000000, NP, 30000 3000
55400, t, 2.216000e-06, KEe, 494638.406411, MEe, 1.648794688e+01, E, -2100.000000, NP, 30000 3000
55500, t, 2.220000e-06, KEe, 492647.180549, MEe, 1.642157268e+01, E, -2100.000000, NP, 30000 3000
55600, t, 2.224000e-06, KEe, 492790.000224, MEe, 1.642633334e+01, E, -2100.000000, NP, 30000 3000
55700, t, 2.228000e-06, KEe, 490181.167948, MEe, 1.633937226e+01, E, -2100.000000, NP, 30000 3000
55800, t, 2.232000e-06, KEe, 490379.280427, MEe, 1.634597601e+01, E, -2100.000000, NP, 30000 3000
55900, t, 2.236000e-06, KEe, 489420.010886, MEe, 1.631400036e+01, E, -2100.000000, NP, 30000 3000
56000, t, 2.240000e-06, KEe, 492284.383333, MEe, 1.640947944e+01, E, -2100.000000, NP, 30000 3000
56100, t, 2.244000e-06, KEe, 493403.192726, MEe, 1.644677309e+01, E, -2100.000000, NP, 30000 3000
56200, t, 2.248000e-06, KEe, 494171.197463, MEe, 1.647237325e+01, E, -2100.000000, NP, 30000 3000
56300, t, 2.252000e-06, KEe, 499233.544218, MEe, 1.664111814e+01, E, -2100.000000, NP, 30000 3000
56400, t, 2.256000e-06, KEe, 499056.991244, MEe, 1.663523304e+01, E, -2100.000000, NP, 30000 3000
56500, t, 2.260000e-06, KEe, 497046.128070, MEe, 1.656820427e+01, E, -2100.000000, NP, 30000 3000
56600, t, 2.264000e-06, KEe, 495946.344292, MEe, 1.653154481e+01, E, -2100.000000, NP, 30000 3000
56700, t, 2.268000e-06, KEe, 495302.480985, MEe, 1.651008270e+01, E, -2100.000000, NP, 30000 3000
56800, t, 2.272000e-06, KEe, 495362.445400, MEe, 1.651208151e+01, E, -2100.000000, NP, 30000 3000
56900, t, 2.276000e-06, KEe, 496159.592359, MEe, 1.653865308e+01, E, -2100.000000, NP, 30000 3000
57000, t, 2.280000e-06, KEe, 495695.231413, MEe, 1.652317438e+01, E, -2100.000000, NP, 30000 3000
57100, t, 2.284000e-06, KEe, 497125.715735, MEe, 1.657085719e+01, E, -2100.000000, NP, 30000 3000
57200, t, 2.288000e-06, KEe, 495034.090894, MEe, 1.650113636e+01, E, -2100.000000, NP, 30000 3000
57300, t, 2.292000e-06, KEe, 493699.496161, MEe, 1.645664987e+01, E, -2100.000000, NP, 30000 3000
57400, t, 2.296000e-06, KEe, 492313.301362, MEe, 1.641044338e+01, E, -2100.000000, NP, 30000 3000
57500, t, 2.300000e-06, KEe, 493929.029072, MEe, 1.646430097e+01, E, -2100.000000, NP, 30000 3000
57600, t, 2.304000e-06, KEe, 496183.660489, MEe, 1.653945535e+01, E, -2100.000000, NP, 30000 3000
57700, t, 2.308000e-06, KEe, 497004.837161, MEe, 1.656682791e+01, E, -2100.000000, NP, 30000 3000
57800, t, 2.312000e-06, KEe, 496626.218958, MEe, 1.655420730e+01, E, -2100.000000, NP, 30000 3000
57900, t, 2.316000e-06, KEe, 494954.689047, MEe, 1.649848963e+01, E, -2100.000000, NP, 30000 3000
58000, t, 2.320000e-06, KEe, 492805.162163, MEe, 1.642683874e+01, E, -2100.000000, NP, 30000 3000
58100, t, 2.324000e-06, KEe, 492586.579350, MEe, 1.641955265e+01, E, -2100.000000, NP, 30000 3000
58200, t, 2.328000e-06, KEe, 491065.546080, MEe, 1.636885154e+01, E, -2100.000000, NP, 30000 3000
58300, t, 2.332000e-06, KEe, 490121.518599, MEe, 1.633738395e+01, E, -2100.000000, NP, 30000 3000
58400, t, 2.336000e-06, KEe, 492380.884853, MEe, 1.641269616e+01, E, -2100.000000, NP, 30000 3000
58500, t, 2.340000e-06, KEe, 493018.015489, MEe, 1.643393385e+01, E, -2100.000000, NP, 30000 3000
58600, t, 2.344000e-06, KEe, 494309.787282, MEe, 1.647699291e+01, E, -2100.000000, NP, 30000 3000
58700, t, 2.348000e-06, KEe, 491861.391772, MEe, 1.639537973e+01, E, -2100.000000, NP, 30000 3000
58800, t, 2.352000e-06, KEe, 490999.548832, MEe, 1.636665163e+01, E, -2100.000000, NP, 30000 3000
58900, t, 2.356000e-06, KEe, 493017.694557, MEe, 1.643392315e+01, E, -2100.000000, NP, 30000 3000
59000, t, 2.360000e-06, KEe, 499166.813073, MEe, 1.663889377e+01, E, -2100.000000, NP, 30000 3000
59100, t, 2.364000e-06, KEe, 498586.412182, MEe, 1.661954707e+01, E, -2100.000000, NP, 30000 3000
59200, t, 2.368000e-06, KEe, 496502.325093, MEe, 1.655007750e+01, E, -2100.000000, NP, 30000 3000
59300, t, 2.372000e-06, KEe, 495834.964598, MEe, 1.652783215e+01, E, -2100.000000, NP, 30000 3000
59400, t, 2.376000e-06, KEe, 494912.336325, MEe, 1.649707788e+01, E, -2100.000000, NP, 30000 3000
59500, t, 2.380000e-06, KEe, 494232.121397, MEe, 1.647440405e+01, E, -2100.000000, NP, 30000 3000
59600, t, 2.384000e-06, KEe, 494527.164254, MEe, 1.648423881e+01, E, -2100.000000, NP, 30000 3000
59700, t, 2.388000e-06, KEe, 491231.161124, MEe, 1.637437204e+01, E, -2100.000000, NP, 30000 3000
59800, t, 2.392000e-06, KEe, 492111.391527, MEe, 1.640371305e+01, E, -2100.000000, NP, 30000 3000
59900, t, 2.396000e-06, KEe, 494868.366978, MEe, 1.649561223e+01, E, -2100.000000, NP, 30000 3000
60000, t, 2.400000e-06, KEe, 495325.491358, MEe, 1.651084971e+01, E, -2100.000000, NP, 30000 3000
60100, t, 2.404000e-06, KEe, 496180.039378, MEe, 1.653933465e+01, E, -2100.000000, NP, 30000 3000
60200, t, 2.408000e-06, KEe, 496152.242847, MEe, 1.653840809e+01, E, -2100.000000, NP, 30000 3000
60300, t, 2.412000e-06, KEe, 496791.242022, MEe, 1.655970807e+01, E, -2100.000000, NP, 30000 3000
60400, t, 2.416000e-06, KEe, 493915.983746, MEe, 1.646386612e+01, E, -2100.000000, NP, 30000 3000
60500, t, 2.420000e-06, KEe, 491213.218107, MEe, 1.637377394e+01, E, -2100.000000, NP, 30000 3000
60600, t, 2.424000e-06, KEe, 491994.532878, MEe, 1.639981776e+01, E, -2100.000000, NP, 30000 3000
60700, t, 2.428000e-06, KEe, 493220.543278, MEe, 1.644068478e+01, E, -2100.000000, NP, 30000 3000
60800, t, 2.432000e-06, KEe, 493712.464023, MEe, 1.645708213e+01, E, -2100.000000, NP, 30000 3000
60900, t, 2.436000e-06, KEe, 495007.396066, MEe, 1.650024654e+01, E, -2100.000000, NP, 30000 3000
61000, t, 2.440000e-06, KEe, 495398.027586, MEe, 1.651326759e+01, E, -2100.000000, NP, 30000 3000
61100, t, 2.444000e-06, KEe, 493216.274659, MEe, 1.644054249e+01, E, -2100.000000, NP, 30000 3000
61200, t, 2.448000e-06, KEe, 493793.706540, MEe, 1.645979022e+01, E, -2100.000000, NP, 30000 3000
61300, t, 2.452000e-06, KEe, 493058.039399, MEe, 1.643526798e+01, E, -2100.000000, NP, 30000 3000
61400, t, 2.456000e-06, KEe, 488668.260457, MEe, 1.628894202e+01, E, -2100.000000, NP, 30000 3000
61500, t, 2.460000e-06, KEe, 492742.221022, MEe, 1.642474070e+01, E, -2100.000000, NP, 30000 3000
61600, t, 2.464000e-06, KEe, 491399.561733, MEe, 1.637998539e+01, E, -2100.000000, NP, 30000 3000
61700, t, 2.468000e-06, KEe, 491639.674750, MEe, 1.638798916e+01, E, -2100.000000, NP, 30000 3000
61800, t, 2.472000e-06, KEe, 490664.136521, MEe, 1.635547122e+01, E, -2100.000000, NP, 30000 3000
61900, t, 2.476000e-06, KEe, 490444.786884, MEe, 1.634815956e+01, E, -2100.000000, NP, 30000 3000
62000, t, 2.480000e-06, KEe, 490645.624795, MEe, 1.635485416e+01, E, -2100.000000, NP, 30000 3000
62100, t, 2.484000e-06, KEe, 490121.474554, MEe, 1.633738249e+01, E, -2100.000000, NP, 30000 3000
62200, t, 2.488000e-06, KEe, 491847.905671, MEe, 1.639493019e+01, E, -2100.000000, NP, 30000 3000
62300, t, 2.492000e-06, KEe, 493180.707452, MEe, 1.643935692e+01, E, -2100.000000, NP, 30000 3000
62400, t, 2.496000e-06, KEe, 492003.318475, MEe, 1.640011062e+01, E, -2100.000000, NP, 30000 3000
62500, t, 2.500000e-06, KEe, 493413.371760, MEe, 1.644711239e+01, E, -2100.000000, NP, 30000 3000
62600, t, 2.504000e-06, KEe, 494606.394775, MEe, 1.648687983e+01, E, -2100.000000, NP, 30000 3000
62700, t, 2.508000e-06, KEe, 495092.638403, MEe, 1.650308795e+01, E, -2100.000000, NP, 30000 3000
62800, t, 2.512000e-06, KEe, 497143.347345, MEe, 1.657144491e+01, E, -2100.000000, NP, 30000 3000
62900, t, 2.516000e-06, KEe, 497934.708946, MEe, 1.659782363e+01, E, -2100.000000, NP, 30000 3000
63000, t, 2.520000e-06, KEe, 497305.504673, MEe, 1.657685016e+01, E, -2100.000000, NP, 30000 3000
63100, t, 2.524000e-06, KEe, 494805.247251, MEe, 1.649350824e+01, E, -2100.000000, NP, 30000 3000
63200, t, 2.528000e-06, KEe, 496858.498326, MEe, 1.656194994e+01, E, -2100.000000, NP, 30000 3000
63300, t, 2.532000e-06, KEe, 496549.263214, MEe, 1.655164211e+01, E, -2100.000000, NP, 30000 3000
63400, t, 2.536000e-06, KEe, 494349.403660, MEe, 1.647831346e+01, E, -2100.000000, NP, 30000 3000
63500, t, 2.540000e-06, KEe, 493258.468928, MEe, 1.644194896e+01, E, -2100.000000, NP, 30000 3000
63600, t, 2.544000e-06, KEe, 493220.824042, MEe, 1.644069413e+01, E, -2100.000000, NP, 30000 3000
63700, t, 2.548000e-06, KEe, 494471.275832, MEe, 1.648237586e+01, E, -2100.000000, NP, 30000 3000
63800, t, 2.552000e-06, KEe, 492071.323139, MEe, 1.640237744e+01, E, -2100.000000, NP, 30000 3000
63900, t, 2.556000e-06, KEe, 491000.947863, MEe, 1.636669826e+01, E, -2100.000000, NP, 30000 3000
64000, t, 2.560000e-06, KEe, 491466.990139, MEe, 1.638223300e+01, E, -2100.000000, NP, 30000 3000
64100, t, 2.564000e-06, KEe, 492295.406918, MEe, 1.640984690e+01, E, -2100.000000, NP, 30000 3000
64200, t, 2.568000e-06, KEe, 495010.776431, MEe, 1.650035921e+01, E, -2100.000000, NP, 30000 3000
64300, t, 2.572000e-06, KEe, 497121.161966, MEe, 1.657070540e+01, E, -2100.000000, NP, 30000 3000
64400, t, 2.576000e-06, KEe, 496765.874275, MEe, 1.655886248e+01, E, -2100.000000, NP, 30000 3000
64500, t, 2.580000e-06, KEe, 495048.019432, MEe, 1.650160065e+01, E, -2100.000000, NP, 30000 3000
64600, t, 2.584000e-06, KEe, 496401.311732, MEe, 1.654671039e+01, E, -2100.000000, NP, 30000 3000
64700, t, 2.588000e-06, KEe, 497539.357068, MEe, 1.658464524e+01, E, -2100.000000, NP, 30000 3000
64800, t, 2.592000e-06, KEe, 495758.130850, MEe, 1.652527103e+01, E, -2100.000000, NP, 30000 3000
64900, t, 2.596000e-06, KEe, 494304.703410, MEe, 1.647682345e+01, E, -2100.000000, NP, 30000 3000
65000, t, 2.600000e-06, KEe, 491159.781426, MEe, 1.637199271e+01, E, -2100.000000, NP, 30000 3000
65100, t, 2.604000e-06, KEe, 491227.738938, MEe, 1.637425796e+01, E, -2100.000000, NP, 30000 3000
65200, t, 2.608000e-06, KEe, 492959.387710, MEe, 1.643197959e+01, E, -2100.000000, NP, 30000 3000
65300, t, 2.612000e-06, KEe, 495416.612019, MEe, 1.651388707e+01, E, -2100.000000, NP, 30000 3000
65400, t, 2.616000e-06, KEe, 493598.875870, MEe, 1.645329586e+01, E, -2100.000000, NP, 30000 3000
65500, t, 2.620000e-06, KEe, 494562.532005, MEe, 1.648541773e+01, E, -2100.000000, NP, 30000 3000
65600, t, 2.624000e-06, KEe, 495968.352843, MEe, 1.653227843e+01, E, -2100.000000, NP, 30000 3000
65700, t, 2.628000e-06, KEe, 491265.639730, MEe, 1.637552132e+01, E, -2100.000000, NP, 30000 3000
65800, t, 2.632000e-06, KEe, 490453.394537, MEe, 1.634844648e+01, E, -2100.000000, NP, 30000 3000
65900, t, 2.636000e-06, KEe, 490439.016532, MEe, 1.634796722e+01, E, -2100.000000, NP, 30000 3000
66000, t, 2.640000e-06, KEe, 491056.277641, MEe, 1.636854259e+01, E, -2100.000000, NP, 30000 3000
66100, t, 2.644000e-06, KEe, 491532.120323, MEe, 1.638440401e+01, E, -2100.000000, NP, 30000 3000
66200, t, 2.648000e-06, KEe, 494477.267214, MEe, 1.648257557e+01, E, -2100.000000, NP, 30000 3000
66300, t, 2.652000e-06, KEe, 493139.512331, MEe, 1.643798374e+01, E, -2100.000000, NP, 30000 3000
66400, t, 2.656000e-06, KEe, 492423.894086, MEe, 1.641412980e+01, E, -2100.000000, NP, 30000 3000
66500, t, 2.660000e-06, KEe, 491950.557388, MEe, 1.639835191e+01, E, -2100.000000, NP, 30000 3000
66600, t, 2.664000e-06, KEe, 494480.683731, MEe, 1.648268946e+01, E, -2100.000000, NP, 30000 3000
66700, t, 2.668000e-06, KEe, 497626.070498, MEe, 1.658753568e+01, E, -2100.000000, NP, 30000 3000
66800, t, 2.672000e-06, KEe, 494780.582771, MEe, 1.649268609e+01, E, -2100.000000, NP, 30000 3000
66900, t, 2.676000e-06, KEe, 491500.075420, MEe, 1.638333585e+01, E, -2100.000000, NP, 30000 3000
67000, t, 2.680000e-06, KEe, 492722.686530, MEe, 1.642408955e+01, E, -2100.000000, NP, 30000 3000
67100, t, 2.684000e-06, KEe, 492929.938056, MEe, 1.643099794e+01, E, -2100.000000, NP, 30000 3000
67200, t, 2.688000e-06, KEe, 493166.436557, MEe, 1.643888122e+01, E, -2100.000000, NP, 30000 3000
67300, t, 2.692000e-06, KEe, 491348.670078, MEe, 1.637828900e+01, E, -2100.000000, NP, 30000 3000
67400, t, 2.696000e-06, KEe, 490685.004579, MEe, 1.635616682e+01, E, -2100.000000, NP, 30000 3000
67500, t, 2.700000e-06, KEe, 491747.832681, MEe, 1.639159442e+01, E, -2100.000000, NP, 30000 3000
67600, t, 2.704000e-06, KEe, 492320.405408, MEe, 1.641068018e+01, E, -2100.000000, NP, 30000 3000
67700, t, 2.708000e-06, KEe, 495428.907437, MEe, 1.651429691e+01, E, -2100.000000, NP, 30000 3000
67800, t, 2.712000e-06, KEe, 492704.522757, MEe, 1.642348409e+01, E, -2100.000000, NP, 30000 3000
67900, t, 2.716000e-06, KEe, 494376.580394, MEe, 1.647921935e+01, E, -2100.000000, NP, 30000 3000
68000, t, 2.720000e-06, KEe, 497849.129418, MEe, 1.659497098e+01, E, -2100.000000, NP, 30000 3000
68100, t, 2.724000e-06, KEe, 495357.963066, MEe, 1.651193210e+01, E, -2100.000000, NP, 30000 3000
68200, t, 2.728000e-06, KEe, 491937.353062, MEe, 1.639791177e+01, E, -2100.000000, NP, 30000 3000
68300, t, 2.732000e-06, KEe, 491343.510542, MEe, 1.637811702e+01, E, -2100.000000, NP, 30000 3000
68400, t, 2.736000e-06, KEe, 494177.483397, MEe, 1.647258278e+01, E, -2100.000000, NP, 30000 3000
68500, t, 2.740000e-06, KEe, 494371.164682, MEe, 1.647903882e+01, E, -2100.000000, NP, 30000 3000
68600, t, 2.744000e-06, KEe, 495274.494349, MEe, 1.650914981e+01, E, -2100.000000, NP, 30000 3000
68700, t, 2.748000e-06, KEe, 495395.147854, MEe, 1.651317160e+01, E, -2100.000000, NP, 30000 3000
68800, t, 2.752000e-06, KEe, 491147.225814, MEe, 1.637157419e+01, E, -2100.000000, NP, 30000 3000
68900, t, 2.756000e-06, KEe, 487368.657676, MEe, 1.624562192e+01, E, -2100.000000, NP, 30000 3000
69000, t, 2.760000e-06, KEe, 489394.322839, MEe, 1.631314409e+01, E, -2100.000000, NP, 30000 3000
69100, t, 2.764000e-06, KEe, 491275.214549, MEe, 1.637584048e+01, E, -2100.000000, NP, 30000 3000
69200, t, 2.768000e-06, KEe, 492244.359476, MEe, 1.640814532e+01, E, -2100.000000, NP, 30000 3000
69300, t, 2.772000e-06, KEe, 492006.074777, MEe, 1.640020249e+01, E, -2100.000000, NP, 30000 3000
69400, t, 2.776000e-06, KEe, 490456.718254, MEe, 1.634855728e+01, E, -2100.000000, NP, 30000 3000
69500, t, 2.780000e-06, KEe, 488486.398181, MEe, 1.628287994e+01, E, -2100.000000, NP, 30000 3000
69600, t, 2.784000e-06, KEe, 490871.838893, MEe, 1.636239463e+01, E, -2100.000000, NP, 30000 3000
69700, t, 2.788000e-06, KEe, 493359.882241, MEe, 1.644532941e+01, E, -2100.000000, NP, 30000 3000
69800, t, 2.792000e-06, KEe, 493954.155674, MEe, 1.646513852e+01, E, -2100.000000, NP, 30000 3000
69900, t, 2.796000e-06, KEe, 493212.926746, MEe, 1.644043089e+01, E, -2100.000000, NP, 30000 3000
70000, t, 2.800000e-06, KEe, 495269.783200, MEe, 1.650899277e+01, E, -2100.000000, NP, 30000 3000
70100, t, 2.804000e-06, KEe, 491688.931135, MEe, 1.638963104e+01, E, -2100.000000, NP, 30000 3000
70200, t, 2.808000e-06, KEe, 492246.400089, MEe, 1.640821334e+01, E, -2100.000000, NP, 30000 3000
70300, t, 2.812000e-06, KEe, 494308.155258, MEe, 1.647693851e+01, E, -2100.000000, NP, 30000 3000
70400, t, 2.816000e-06, KEe, 495127.649798, MEe, 1.650425499e+01, E, -2100.000000, NP, 30000 3000
70500, t, 2.820000e-06, KEe, 492937.327112, MEe, 1.643124424e+01, E, -2100.000000, NP, 30000 3000
70600, t, 2.824000e-06, KEe, 494848.465616, MEe, 1.649494885e+01, E, -2100.000000, NP, 30000 3000
70700, t, 2.828000e-06, KEe, 495473.497022, MEe, 1.651578323e+01, E, -2100.000000, NP, 30000 3000
70800, t, 2.832000e-06, KEe, 494902.100427, MEe, 1.649673668e+01, E, -2100.000000, NP, 30000 3000
70900, t, 2.836000e-06, KEe, 496943.888697, MEe, 1.656479629e+01, E, -2100.000000, NP, 30000 3000
71000, t, 2.840000e-06, KEe, 495222.416032, MEe, 1.650741387e+01, E, -2100.000000, NP, 30000 3000
71100, t, 2.844000e-06, KEe, 497338.461620, MEe, 1.657794872e+01, E, -2100.000000, NP, 30000 3000
71200, t, 2.848000e-06, KEe, 496373.024318, MEe, 1.654576748e+01, E, -2100.000000, NP, 30000 3000
71300, t, 2.852000e-06, KEe, 492175.354449, MEe, 1.640584515e+01, E, -2100.000000, NP, 30000 3000
71400, t, 2.856000e-06, KEe, 493378.111272, MEe, 1.644593704e+01, E, -2100.000000, NP, 30000 3000
71500, t, 2.860000e-06, KEe, 492144.551891, MEe, 1.640481840e+01, E, -2100.000000, NP, 30000 3000
71600, t, 2.864000e-06, KEe, 490267.173443, MEe, 1.634223911e+01, E, -2100.000000, NP, 30000 3000
71700, t, 2.868000e-06, KEe, 490325.750199, MEe, 1.634419167e+01, E, -2100.000000, NP, 30000 3000
71800, t, 2.872000e-06, KEe, 491168.734938, MEe, 1.637229116e+01, E, -2100.000000, NP, 30000 3000
71900, t, 2.876000e-06, KEe, 491317.304061, MEe, 1.637724347e+01, E, -2100.000000, NP, 30000 3000
72000, t, 2.880000e-06, KEe, 491317.705909, MEe, 1.637725686e+01, E, -2100.000000, NP, 30000 3000
72100, t, 2.884000e-06, KEe, 493264.388666, MEe, 1.644214629e+01, E, -2100.000000, NP, 30000 3000
72200, t, 2.888000e-06, KEe, 492940.947965, MEe, 1.643136493e+01, E, -2100.000000, NP, 30000 3000
72300, t, 2.892000e-06, KEe, 492090.753321, MEe, 1.640302511e+01, E, -2100.000000, NP, 30000 3000
72400, t, 2.896000e-06, KEe, 488540.470701, MEe, 1.628468236e+01, E, -2100.000000, NP, 30000 3000
72500, t, 2.900000e-06, KEe, 488390.158700, MEe, 1.627967196e+01, E, -2100.000000, NP, 30000 3000
72600, t, 2.904000e-06, KEe, 489988.115099, MEe, 1.633293717e+01, E, -2100.000000, NP, 30000 3000
72700, t, 2.908000e-06, KEe, 493191.975108, MEe, 1.643973250e+01, E, -2100.000000, NP, 30000 3000
72800, t, 2.912000e-06, KEe, 493036.809035, MEe, 1.643456030e+01, E, -2100.000000, NP, 30000 3000
72900, t, 2.916000e-06, KEe, 492150.869767, MEe, 1.640502899e+01, E, -2100.000000, NP, 30000 3000
73000, t, 2.920000e-06, KEe, 494618.973018, MEe, 1.648729910e+01, E, -2100.000000, NP, 30000 3000
73100, t, 2.924000e-06, KEe, 494199.840398, MEe, 1.647332801e+01, E, -2100.000000, NP, 30000 3000
73200, t, 2.928000e-06, KEe, 495241.792558, MEe, 1.650805975e+01, E, -2100.000000, NP, 30000 3000
73300, t, 2.932000e-06, KEe, 494566.436587, MEe, 1.648554789e+01, E, -2100.000000, NP, 30000 3000
73400, t, 2.936000e-06, KEe, 494597.518748, MEe, 1.648658396e+01, E, -2100.000000, NP, 30000 3000
73500, t, 2.940000e-06, KEe, 493148.451561, MEe, 1.643828172e+01, E, -2100.000000, NP, 30000 3000
73600, t, 2.944000e-06, KEe, 492764.567613, MEe, 1.642548559e+01, E, -2100.000000, NP, 30000 3000
73700, t, 2.948000e-06, KEe, 492641.817874, MEe, 1.642139393e+01, E, -2100.000000, NP, 30000 3000
73800, t, 2.952000e-06, KEe, 494970.534366, MEe, 1.649901781e+01, E, -2100.000000, NP, 30000 3000
73900, t, 2.956000e-06, KEe, 492927.067659, MEe, 1.643090226e+01, E, -2100.000000, NP, 30000 3000
74000, t, 2.960000e-06, KEe, 491283.031064, MEe, 1.637610104e+01, E, -2100.000000, NP, 30000 3000
74100, t, 2.964000e-06, KEe, 490767.928405, MEe, 1.635893095e+01, E, -2100.000000, NP, 30000 3000
74200, t, 2.968000e-06, KEe, 492021.482822, MEe, 1.640071609e+01, E, -2100.000000, NP, 30000 3000
74300, t, 2.972000e-06, KEe, 491096.583691, MEe, 1.636988612e+01, E, -2100.000000, NP, 30000 3000
74400, t, 2.976000e-06, KEe, 492165.466695, MEe, 1.640551556e+01, E, -2100.000000, NP, 30000 3000
74500, t, 2.980000e-06, KEe, 493434.321879, MEe, 1.644781073e+01, E, -2100.000000, NP, 30000 3000
74600, t, 2.984000e-06, KEe, 494476.909207, MEe, 1.648256364e+01, E, -2100.000000, NP, 30000 3000
74700, t, 2.988000e-06, KEe, 493741.821437, MEe, 1.645806071e+01, E, -2100.000000, NP, 30000 3000
74800, t, 2.992000e-06, KEe, 494131.812676, MEe, 1.647106042e+01, E, -2100.000000, NP, 30000 3000
74900, t, 2.996000e-06, KEe, 490739.988867, MEe, 1.635799963e+01, E, -2100.000000, NP, 30000 3000
75000, t, 3.000000e-06, KEe, 491114.068988, MEe, 1.637046897e+01, E, -2100.000000, NP, 30000 3000
75100, t, 3.004000e-06, KEe, 490153.060705, MEe, 1.633843536e+01, E, -2100.000000, NP, 30000 3000
75200, t, 3.008000e-06, KEe, 491451.919222, MEe, 1.638173064e+01, E, -2100.000000, NP, 30000 3000
75300, t, 3.012000e-06, KEe, 494536.642295, MEe, 1.648455474e+01, E, -2100.000000, NP, 30000 3000
75400, t, 3.016000e-06, KEe, 496905.233490, MEe, 1.656350778e+01, E, -2100.000000, NP, 30000 3000
75500, t, 3.020000e-06, KEe, 494597.679968, MEe, 1.648658933e+01, E, -2100.000000, NP, 30000 3000
75600, t, 3.024000e-06, KEe, 497693.525365, MEe, 1.658978418e+01, E, -2100.000000, NP, 30000 3000
75700, t, 3.028000e-06, KEe, 497429.866505, MEe, 1.658099555e+01, E, -2100.000000, NP, 30000 3000
75800, t, 3.032000e-06, KEe, 496835.542647, MEe, 1.656118475e+01, E, -2100.000000, NP, 30000 3000
75900, t, 3.036000e-06, KEe, 493230.444049, MEe, 1.644101480e+01, E, -2100.000000, NP, 30000 3000
76000, t, 3.040000e-06, KEe, 493355.191856, MEe, 1.644517306e+01, E, -2100.000000, NP, 30000 3000
76100, t, 3.044000e-06, KEe, 495452.555470, MEe, 1.651508518e+01, E, -2100.000000, NP, 30000 3000
76200, t, 3.048000e-06, KEe, 494004.115105, MEe, 1.646680384e+01, E, -2100.000000, NP, 30000 3000
76300, t, 3.052000e-06, KEe, 491610.653827, MEe, 1.638702179e+01, E, -2100.000000, NP, 30000 3000
76400, t, 3.056000e-06, KEe, 493649.873551, MEe, 1.645499579e+01, E, -2100.000000, NP, 30000 3000
76500, t, 3.060000e-06, KEe, 494371.913249, MEe, 1.647906377e+01, E, -2100.000000, NP, 30000 3000
76600, t, 3.064000e-06, KEe, 492063.997293, MEe, 1.640213324e+01, E, -2100.000000, NP, 30000 3000
76700, t, 3.068000e-06, KEe, 491729.501701, MEe, 1.639098339e+01, E, -2100.000000, NP, 30000 3000
76800, t, 3.072000e-06, KEe, 493243.117412, MEe, 1.644143725e+01, E, -2100.000000, NP, 30000 3000
76900, t, 3.076000e-06, KEe, 493793.318767, MEe, 1.645977729e+01, E, -2100.000000, NP, 30000 3000
77000, t, 3.080000e-06, KEe, 493421.295855, MEe, 1.644737653e+01, E, -2100.000000, NP, 30000 3000
77100, t, 3.084000e-06, KEe, 498423.397037, MEe, 1.661411323e+01, E, -2100.000000, NP, 30000 3000
77200, t, 3.088000e-06, KEe, 496391.408175, MEe, 1.654638027e+01, E, -2100.000000, NP, 30000 3000
77300, t, 3.092000e-06, KEe, 495231.361592, MEe, 1.650771205e+01, E, -2100.000000, NP, 30000 3000
77400, t, 3.096000e-06, KEe, 495573.995629, MEe, 1.651913319e+01, E, -2100.000000, NP, 30000 3000
77500, t, 3.100000e-06, KEe, 493863.966066, MEe, 1.646213220e+01, E, -2100.000000, NP, 30000 3000
77600, t, 3.104000e-06, KEe, 494119.278388, MEe, 1.647064261e+01, E, -2100.000000, NP, 30000 3000
77700, t, 3.108000e-06, KEe, 495365.979241, MEe, 1.651219931e+01, E, -2100.000000, NP, 30000 3000
77800, t, 3.112000e-06, KEe, 495811.126051, MEe, 1.652703754e+01, E, -2100.000000, NP, 30000 3000
77900, t, 3.116000e-06, KEe, 491314.493484, MEe, 1.637714978e+01, E, -2100.000000, NP, 30000 3000
78000, t, 3.120000e-06, KEe, 490461.287469, MEe, 1.634870958e+01, E, -2100.000000, NP, 30000 3000
78100, t, 3.124000e-06, KEe, 491924.197804, MEe, 1.639747326e+01, E, -2100.000000, NP, 30000 3000
78200, t, 3.128000e-06, KEe, 490761.055354, MEe, 1.635870185e+01, E, -2100.000000, NP, 30000 3000
78300, t, 3.132000e-06, KEe, 494163.520651, MEe, 1.647211736e+01, E, -2100.000000, NP, 30000 3000
78400, t, 3.136000e-06, KEe, 495961.739982, MEe, 1.653205800e+01, E, -2100.000000, NP, 30000 3000
78500, t, 3.140000e-06, KEe, 494915.349700, MEe, 1.649717832e+01, E, -2100.000000, NP, 30000 3000
78600, t, 3.144000e-06, KEe, 493865.292333, MEe, 1.646217641e+01, E, -2100.000000, NP, 30000 3000
78700, t, 3.148000e-06, KEe, 491285.839623, MEe, 1.637619465e+01, E, -2100.000000, NP, 30000 3000
78800, t, 3.152000e-06, KEe, 492133.981122, MEe, 1.640446604e+01, E, -2100.000000, NP, 30000 3000
78900, t, 3.156000e-06, KEe, 492370.541253, MEe, 1.641235138e+01, E, -2100.000000, NP, 30000 3000
79000, t, 3.160000e-06, KEe, 496001.070688, MEe, 1.653336902e+01, E, -2100.000000, NP, 30000 3000
79100, t, 3.164000e-06, KEe, 496299.617529, MEe, 1.654332058e+01, E, -2100.000000, NP, 30000 3000
79200, t, 3.168000e-06, KEe, 496972.909048, MEe, 1.656576363e+01, E, -2100.000000, NP, 30000 3000
79300, t, 3.172000e-06, KEe, 492958.295266, MEe, 1.643194318e+01, E, -2100.000000, NP, 30000 3000
79400, t, 3.176000e-06, KEe, 489968.969649, MEe, 1.633229899e+01, E, -2100.000000, NP, 30000 3000
79500, t, 3.180000e-06, KEe, 486105.150302, MEe, 1.620350501e+01, E, -2100.000000, NP, 30000 3000
79600, t, 3.184000e-06, KEe, 488424.622207, MEe, 1.628082074e+01, E, -2100.000000, NP, 30000 3000
79700, t, 3.188000e-06, KEe, 490345.240979, MEe, 1.634484137e+01, E, -2100.000000, NP, 30000 3000
79800, t, 3.192000e-06, KEe, 489924.682248, MEe, 1.633082274e+01, E, -2100.000000, NP, 30000 3000
79900, t, 3.196000e-06, KEe, 491023.707685, MEe, 1.636745692e+01, E, -2100.000000, NP, 30000 3000
80000, t, 3.200000e-06, KEe, 491936.627470, MEe, 1.639788758e+01, E, -2100.000000, NP, 30000 3000
