RandMax 2147483647
reading box length: 1.000000e-06 (m)
reading number of particle types: 2
reading number of particles of type 0: 30000
reading number of particles of type 1: 3000
reading temperature of particle type 0: 0.000000 (eV)
reading temperature of particle type 1: 0.025900 (eV)
reading flow velocity of particle type 0: 0.000000 (eV)
reading flow velocity of particle type 1: 0.000000 (eV)
reading charge of particle type 0: -1.000000 (elementary charge)
reading charge of particle type 1: 0.000000 (elementary charge)
reading mass of particle type 0: 0.000549 (amu)
reading mass of particle type 1: 28.000000 (amu)
reading number of time steps: 100000
reading vsigma max samples: 1000
reading time step dt: 8.000000e-08
reading electric field: -3.000000e-01 (V/m)
reading electric frequency: 0.000000e+00 (Hz)
reading magnetic field: 0.000000e+00 0.000000e+00 0.000000e+00 (Tesla)
reading vdf dump spec: 1000 1000000 0
reading extrapolation option: 0
reading memory allocation: 0.000000e+00 (GB)
reading auto dump spec: 0
reading output stride spec: 100
reading carry remainder spec: 0
found cross_sections/Ar.dat file for particle 0 with 1 in indeck, differential model found: Aubin
found cross_sections/Ar->Ar(3d'[3/2]1).dat file for particle 0 with 1 in indeck
found cross_sections/Ar->Ar(3d'[3/2]2).dat file for particle 0 with 1 in indeck
found cross_sections/Ar->Ar(3d'[5/2]2).dat file for particle 0 with 1 in indeck
found cross_sections/Ar->Ar(3d'[5/2]3).dat file for particle 0 with 1 in indeck
found cross_sections/Ar->Ar(3d[1/2]0).dat file for particle 0 with 1 in indeck
found cross_sections/Ar->Ar(3d[1/2]1).dat file for particle 0 with 1 in indeck
found cross_sections/Ar->Ar(3d[3/2]1).dat file for particle 0 with 1 in indeck
found cross_sections/Ar->Ar(3d[3/2]2).dat file for particle 0 with 1 in indeck
found cross_sections/Ar->Ar(3d[5/2]2).dat file for particle 0 with 1 in indeck
found cross_sections/Ar->Ar(3d[5/2]3).dat file for particle 0 with 1 in indeck
found cross_sections/Ar->Ar(3d[7/2]3).dat file for particle 0 with 1 in indeck
found cross_sections/Ar->Ar(3d[7/2]4).dat file for particle 0 with 1 in indeck
found cross_sections/Ar->Ar(4p'[1/2]0).dat file for particle 0 with 1 in indeck
found cross_sections/Ar->Ar(4p'[1/2]1).dat file for particle 0 with 1 in indeck
found cross_sections/Ar->Ar(4p'[3/2]1).dat file for particle 0 with 1 in indeck
found cross_sections/Ar->Ar(4p'[3/2]2).dat file for particle 0 with 1 in indeck
found cross_sections/Ar->Ar(4p[1/2]0).dat file for particle 0 with 1 in indeck
found cross_sections/Ar->Ar(4p[1/2]1).dat file for particle 0 with 1 in indeck
found cross_sections/Ar->Ar(4p[3/2]1).dat file for particle 0 with 1 in indeck
found cross_sections/Ar->Ar(4p[3/2]2).dat file for particle 0 with 1 in indeck
found cross_sections/Ar->Ar(4p[5/2]2).dat file for particle 0 with 1 in indeck
found cross_sections/Ar->Ar(4p[5/2]3).dat file for particle 0 with 1 in indeck
found cross_sections/Ar->Ar(4s'[1/2]0).dat file for particle 0 with 1 in indeck
found cross_sections/Ar->Ar(4s'[1/2]1).dat file for particle 0 with 1 in indeck
found cross_sections/Ar->Ar(4s[3/2]1).dat file for particle 0 with 1 in indeck
found cross_sections/Ar->Ar(4s[3/2]2).dat file for particle 0 with 1 in indeck
found cross_sections/Ar->Ar(5s'[1/2]0).dat file for particle 0 with 1 in indeck
found cross_sections/Ar->Ar(5s'[1/2]1).dat file for particle 0 with 1 in indeck
found cross_sections/Ar->Ar(5s[3/2]1).dat file for particle 0 with 1 in indeck
found cross_sections/Ar->Ar(5s[3/2]2).dat file for particle 0 with 1 in indeck
found cross_sections/Ar->Ar(Rydberg).dat file for particle 0 with 1 in indeck
found cross_sections/Ar->Ar^+.dat file for particle 0 with 1 in indeck, differential model found: Uniform
reading cross_sections/Ar.dat
reading cross_sections/Ar->Ar(3d'[3/2]1).dat
reading cross_sections/Ar->Ar(3d'[3/2]2).dat
reading cross_sections/Ar->Ar(3d'[5/2]2).dat
reading cross_sections/Ar->Ar(3d'[5/2]3).dat
reading cross_sections/Ar->Ar(3d[1/2]0).dat
reading cross_sections/Ar->Ar(3d[1/2]1).dat
reading cross_sections/Ar->Ar(3d[3/2]1).dat
reading cross_sections/Ar->Ar(3d[3/2]2).dat
reading cross_sections/Ar->Ar(3d[5/2]2).dat
reading cross_sections/Ar->Ar(3d[5/2]3).dat
reading cross_sections/Ar->Ar(3d[7/2]3).dat
reading cross_sections/Ar->Ar(3d[7/2]4).dat
reading cross_sections/Ar->Ar(4p'[1/2]0).dat
reading cross_sections/Ar->Ar(4p'[1/2]1).dat
reading cross_sections/Ar->Ar(4p'[3/2]1).dat
reading cross_sections/Ar->Ar(4p'[3/2]2).dat
reading cross_sections/Ar->Ar(4p[1/2]0).dat
reading cross_sections/Ar->Ar(4p[1/2]1).dat
reading cross_sections/Ar->Ar(4p[3/2]1).dat
reading cross_sections/Ar->Ar(4p[3/2]2).dat
reading cross_sections/Ar->Ar(4p[5/2]2).dat
reading cross_sections/Ar->Ar(4p[5/2]3).dat
reading cross_sections/Ar->Ar(4s'[1/2]0).dat
reading cross_sections/Ar->Ar(4s'[1/2]1).dat
reading cross_sections/Ar->Ar(4s[3/2]1).dat
reading cross_sections/Ar->Ar(4s[3/2]2).dat
reading cross_sections/Ar->Ar(5s'[1/2]0).dat
reading cross_sections/Ar->Ar(5s'[1/2]1).dat
reading cross_sections/Ar->Ar(5s[3/2]1).dat
reading cross_sections/Ar->Ar(5s[3/2]2).dat
reading cross_sections/Ar->Ar(Rydberg).dat
reading cross_sections/Ar->Ar^+.dat
Memory per particle: 72 bytes
Memory for all initial particles: 2.213e-03 GB
Allocating space for 132000 particles
------------------------------------
0, t, 0.000000e+00, KEe, 0.000000, MEe, 0.000000000e+00, E, -0.300000, NP, 30000 3000
100, t, 8.000000e-06, KEe, 530.318971, MEe, 1.767729902e-02, E, -0.300000, NP, 30000 3000
200, t, 1.600000e-05, KEe, 1101.199040, MEe, 3.670663468e-02, E, -0.300000, NP, 30000 3000
300, t, 2.400000e-05, KEe, 1998.648260, MEe, 6.662160868e-02, E, -0.300000, NP, 30000 3000
400, t, 3.200000e-05, KEe, 3127.910295, MEe, 1.042636765e-01, E, -0.300000, NP, 30000 3000
500, t, 4.000000e-05, KEe, 4299.331957, MEe, 1.433110652e-01, E, -0.300000, NP, 30000 3000
600, t, 4.800000e-05, KEe, 5415.408927, MEe, 1.805136309e-01, E, -0.300000, NP, 30000 3000
700, t, 5.600000e-05, KEe, 6454.442733, MEe, 2.151480911e-01, E, -0.300000, NP, 30000 3000
800, t, 6.400000e-05, KEe, 7405.361859, MEe, 2.468453953e-01, E, -0.300000, NP, 30000 3000
900, t, 7.200000e-05, KEe, 8236.089046, MEe, 2.745363015e-01, E, -0.300000, NP, 30000 3000
1000, t, 8.000000e-05, KEe, 9026.534415, MEe, 3.008844805e-01, E, -0.300000, NP, 30000 3000
1100, t, 8.800000e-05, KEe, 9672.674612, MEe, 3.224224871e-01, E, -0.300000, NP, 30000 3000
1200, t, 9.600000e-05, KEe, 10290.443962, MEe, 3.430147987e-01, E, -0.300000, NP, 30000 3000
1300, t, 1.040000e-04, KEe, 10865.665270, MEe, 3.621888423e-01, E, -0.300000, NP, 30000 3000
1400, t, 1.120000e-04, KEe, 11406.214658, MEe, 3.802071553e-01, E, -0.300000, NP, 30000 3000
1500, t, 1.200000e-04, KEe, 11858.238918, MEe, 3.952746306e-01, E, -0.300000, NP, 30000 3000
1600, t, 1.280000e-04, KEe, 12291.292329, MEe, 4.097097443e-01, E, -0.300000, NP, 30000 3000
1700, t, 1.360000e-04, KEe, 12673.739567, MEe, 4.224579856e-01, E, -0.300000, NP, 30000 3000
1800, t, 1.440000e-04, KEe, 13046.231942, MEe, 4.348743981e-01, E, -0.300000, NP, 30000 3000
1900, t, 1.520000e-04, KEe, 13423.966507, MEe, 4.474655502e-01, E, -0.300000, NP, 30000 3000
2000, t, 1.600000e-04, KEe, 13800.301195, MEe, 4.600100398e-01, E, -0.300000, NP, 30000 3000
2100, t, 1.680000e-04, KEe, 14099.425560, MEe, 4.699808520e-01, E, -0.300000, NP, 30000 3000
2200, t, 1.760000e-04, KEe, 14400.620538, MEe, 4.800206846e-01, E, -0.300000, NP, 30000 3000
2300, t, 1.840000e-04, KEe, 14664.265496, MEe, 4.888088499e-01, E, -0.300000, NP, 30000 3000
2400, t, 1.920000e-04, KEe, 14946.165077, MEe, 4.982055026e-01, E, -0.300000, NP, 30000 3000
2500, t, 2.000000e-04, KEe, 15221.058077, MEe, 5.073686026e-01, E, -0.300000, NP, 30000 3000
2600, t, 2.080000e-04, KEe, 15474.944847, MEe, 5.158314949e-01, E, -0.300000, NP, 30000 3000
2700, t, 2.160000e-04, KEe, 15712.001669, MEe, 5.237333890e-01, E, -0.300000, NP, 30000 3000
2800, t, 2.240000e-04, KEe, 15918.713734, MEe, 5.306237911e-01, E, -0.300000, NP, 30000 3000
2900, t, 2.320000e-04, KEe, 16117.438547, MEe, 5.372479516e-01, E, -0.300000, NP, 30000 3000
3000, t, 2.400000e-04, KEe, 16352.197743, MEe, 5.450732581e-01, E, -0.300000, NP, 30000 3000
3100, t, 2.480000e-04, KEe, 16546.940780, MEe, 5.515646927e-01, E, -0.300000, NP, 30000 3000
3200, t, 2.560000e-04, KEe, 16765.332112, MEe, 5.588444037e-01, E, -0.300000, NP, 30000 3000
3300, t, 2.640000e-04, KEe, 16932.988904, MEe, 5.644329635e-01, E, -0.300000, NP, 30000 3000
3400, t, 2.720000e-04, KEe, 17124.023505, MEe, 5.708007835e-01, E, -0.300000, NP, 30000 3000
3500, t, 2.800000e-04, KEe, 17286.087624, MEe, 5.762029208e-01, E, -0.300000, NP, 30000 3000
3600, t, 2.880000e-04, KEe, 17429.773068, MEe, 5.809924356e-01, E, -0.300000, NP, 30000 3000
3700, t, 2.960000e-04, KEe, 17588.568995, MEe, 5.862856332e-01, E, -0.300000, NP, 30000 3000
3800, t, 3.040000e-04, KEe, 17757.724478, MEe, 5.919241493e-01, E, -0.300000, NP, 30000 3000
3900, t, 3.120000e-04, KEe, 17902.490956, MEe, 5.967496985e-01, E, -0.300000, NP, 30000 3000
4000, t, 3.200000e-04, KEe, 18025.084481, MEe, 6.008361494e-01, E, -0.300000, NP, 30000 3000
4100, t, 3.280000e-04, KEe, 18130.789611, MEe, 6.043596537e-01, E, -0.300000, NP, 30000 3000
4200, t, 3.360000e-04, KEe, 18266.016512, MEe, 6.088672171e-01, E, -0.300000, NP, 30000 3000
4300, t, 3.440000e-04, KEe, 18385.584629, MEe, 6.128528210e-01, E, -0.300000, NP, 30000 3000
4400, t, 3.520000e-04, KEe, 18513.824795, MEe, 6.171274932e-01, E, -0.300000, NP, 30000 3000
4500, t, 3.600000e-04, KEe, 18669.904036, MEe, 6.223301345e-01, E, -0.300000, NP, 30000 3000
4600, t, 3.680000e-04, KEe, 18810.069216, MEe, 6.270023072e-01, E, -0.300000, NP, 30000 3000
4700, t, 3.760000e-04, KEe, 18933.098217, MEe, 6.311032739e-01, E, -0.300000, NP, 30000 3000
4800, t, 3.840000e-04, KEe, 19050.328518, MEe, 6.350109506e-01, E, -0.300000, NP, 30000 3000
4900, t, 3.920000e-04, KEe, 19170.601928, MEe, 6.390200643e-01, E, -0.300000, NP, 30000 3000
5000, t, 4.000000e-04, KEe, 19292.547146, MEe, 6.430849049e-01, E, -0.300000, NP, 30000 3000
5100, t, 4.080000e-04, KEe, 19409.982877, MEe, 6.469994292e-01, E, -0.300000, NP, 30000 3000
5200, t, 4.160000e-04, KEe, 19522.698897, MEe, 6.507566299e-01, E, -0.300000, NP, 30000 3000
5300, t, 4.240000e-04, KEe, 19599.256716, MEe, 6.533085572e-01, E, -0.300000, NP, 30000 3000
5400, t, 4.320000e-04, KEe, 19641.332920, MEe, 6.547110973e-01, E, -0.300000, NP, 30000 3000
5500, t, 4.400000e-04, KEe, 19777.904570, MEe, 6.592634857e-01, E, -0.300000, NP, 30000 3000
5600, t, 4.480000e-04, KEe, 19819.900780, MEe, 6.606633593e-01, E, -0.300000, NP, 30000 3000
5700, t, 4.560000e-04, KEe, 19880.219008, MEe, 6.626739669e-01, E, -0.300000, NP, 30000 3000
5800, t, 4.640000e-04, KEe, 19973.955547, MEe, 6.657985182e-01, E, -0.300000, NP, 30000 3000
5900, t, 4.720000e-04, KEe, 20016.806770, MEe, 6.672268923e-01, E, -0.300000, NP, 30000 3000
6000, t, 4.800000e-04, KEe, 20105.541058, MEe, 6.701847019e-01, E, -0.300000, NP, 30000 3000
6100, t, 4.880000e-04, KEe, 20182.224847, MEe, 6.727408282e-01, E, -0.300000, NP, 30000 3000
6200, t, 4.960000e-04, KEe, 20287.841282, MEe, 6.762613761e-01, E, -0.300000, NP, 30000 3000
6300, t, 5.040000e-04, KEe, 20370.611997, MEe, 6.790203999e-01, E, -0.300000, NP, 30000 3000
6400, t, 5.120000e-04, KEe, 20429.296897, MEe, 6.809765632e-01, E, -0.300000, NP, 30000 3000
6500, t, 5.200000e-04, KEe, 20515.868670, MEe, 6.838622890e-01, E, -0.300000, NP, 30000 3000
6600, t, 5.280000e-04, KEe, 20559.223035, MEe, 6.853074345e-01, E, -0.300000, NP, 30000 3000
6700, t, 5.360000e-04, KEe, 20595.618408, MEe, 6.865206136e-01, E, -0.300000, NP, 30000 3000
6800, t, 5.440000e-04, KEe, 20646.510862, MEe, 6.882170287e-01, E, -0.300000, NP, 30000 3000
6900, t, 5.520000e-04, KEe, 20692.065507, MEe, 6.897355169e-01, E, -0.300000, NP, 30000 3000
7000, t, 5.600000e-04, KEe, 20741.422914, MEe, 6.913807638e-01, E, -0.300000, NP, 30000 3000
7100, t, 5.680000e-04, KEe, 20778.724171, MEe, 6.926241390e-01, E, -0.300000, NP, 30000 3000
7200, t, 5.760000e-04, KEe, 20825.013528, MEe, 6.941671176e-01, E, -0.300000, NP, 30000 3000
7300, t, 5.840000e-04, KEe, 20851.699337, MEe, 6.950566446e-01, E, -0.300000, NP, 30000 3000
7400, t, 5.920000e-04, KEe, 20892.187949, MEe, 6.964062650e-01, E, -0.300000, NP, 30000 3000
7500, t, 6.000000e-04, KEe, 20932.277223, MEe, 6.977425741e-01, E, -0.300000, NP, 30000 3000
7600, t, 6.080000e-04, KEe, 20958.926824, MEe, 6.986308941e-01, E, -0.300000, NP, 30000 3000
7700, t, 6.160000e-04, KEe, 21002.923647, MEe, 7.000974549e-01, E, -0.300000, NP, 30000 3000
7800, t, 6.240000e-04, KEe, 21037.052721, MEe, 7.012350907e-01, E, -0.300000, NP, 30000 3000
7900, t, 6.320000e-04, KEe, 21111.752889, MEe, 7.037250963e-01, E, -0.300000, NP, 30000 3000
8000, t, 6.400000e-04, KEe, 21170.236494, MEe, 7.056745498e-01, E, -0.300000, NP, 30000 3000
8100, t, 6.480000e-04, KEe, 21200.671745, MEe, 7.066890582e-01, E, -0.300000, NP, 30000 3000
8200, t, 6.560000e-04, KEe, 21203.766167, MEe, 7.067922056e-01, E, -0.300000, NP, 30000 3000
8300, t, 6.640000e-04, KEe, 21246.771996, MEe, 7.082257332e-01, E, -0.300000, NP, 30000 3000
8400, t, 6.720000e-04, KEe, 21282.457314, MEe, 7.094152438e-01, E, -0.300000, NP, 30000 3000
8500, t, 6.800000e-04, KEe, 21308.092221, MEe, 7.102697407e-01, E, -0.300000, NP, 30000 3000
8600, t, 6.880000e-04, KEe, 21344.044979, MEe, 7.114681660e-01, E, -0.300000, NP, 30000 3000
8700, t, 6.960000e-04, KEe, 21382.059753, MEe, 7.127353251e-01, E, -0.300000, NP, 30000 3000
8800, t, 7.040000e-04, KEe, 21448.676526, MEe, 7.149558842e-01, E, -0.300000, NP, 30000 3000
8900, t, 7.120000e-04, KEe, 21455.494325, MEe, 7.151831442e-01, E, -0.300000, NP, 30000 3000
9000, t, 7.200000e-04, KEe, 21488.294201, MEe, 7.162764734e-01, E, -0.300000, NP, 30000 3000
9100, t, 7.280000e-04, KEe, 21549.522536, MEe, 7.183174179e-01, E, -0.300000, NP, 30000 3000
9200, t, 7.360000e-04, KEe, 21601.525040, MEe, 7.200508347e-01, E, -0.300000, NP, 30000 3000
9300, t, 7.440000e-04, KEe, 21667.470285, MEe, 7.222490095e-01, E, -0.300000, NP, 30000 3000
9400, t, 7.520000e-04, KEe, 21710.779342, MEe, 7.236926447e-01, E, -0.300000, NP, 30000 3000
9500, t, 7.600000e-04, KEe, 21733.079654, MEe, 7.244359885e-01, E, -0.300000, NP, 30000 3000
9600, t, 7.680000e-04, KEe, 21749.142946, MEe, 7.249714315e-01, E, -0.300000, NP, 30000 3000
9700, t, 7.760000e-04, KEe, 21776.453149, MEe, 7.258817716e-01, E, -0.300000, NP, 30000 3000
9800, t, 7.840000e-04, KEe, 21767.767564, MEe, 7.255922521e-01, E, -0.300000, NP, 30000 3000
9900, t, 7.920000e-04, KEe, 21798.371920, MEe, 7.266123973e-01, E, -0.300000, NP, 30000 3000
10000, t, 8.000000e-04, KEe, 21842.197724, MEe, 7.280732575e-01, E, -0.300000, NP, 30000 3000
10100, t, 8.080000e-04, KEe, 21861.731561, MEe, 7.287243854e-01, E, -0.300000, NP, 30000 3000
10200, t, 8.160000e-04, KEe, 21879.000100, MEe, 7.293000033e-01, E, -0.300000, NP, 30000 3000
10300, t, 8.240000e-04, KEe, 21902.761600, MEe, 7.300920533e-01, E, -0.300000, NP, 30000 3000
10400, t, 8.320000e-04, KEe, 21933.255343, MEe, 7.311085114e-01, E, -0.300000, NP, 30000 3000
10500, t, 8.400000e-04, KEe, 21950.157677, MEe, 7.316719226e-01, E, -0.300000, NP, 30000 3000
10600, t, 8.480000e-04, KEe, 21954.728607, MEe, 7.318242869e-01, E, -0.300000, NP, 30000 3000
10700, t, 8.560000e-04, KEe, 21970.783517, MEe, 7.323594506e-01, E, -0.300000, NP, 30000 3000
10800, t, 8.640000e-04, KEe, 21993.710305, MEe, 7.331236768e-01, E, -0.300000, NP, 30000 3000
10900, t, 8.720000e-04, KEe, 21988.837011, MEe, 7.329612337e-01, E, -0.300000, NP, 30000 3000
11000, t, 8.800000e-04, KEe, 22002.145860, MEe, 7.334048620e-01, E, -0.300000, NP, 30000 3000
11100, t, 8.880000e-04, KEe, 21979.851264, MEe, 7.326617088e-01, E, -0.300000, NP, 30000 3000
11200, t, 8.960000e-04, KEe, 21970.597848, MEe, 7.323532616e-01, E, -0.300000, NP, 30000 3000
11300, t, 9.040000e-04, KEe, 22007.561101, MEe, 7.335853700e-01, E, -0.300000, NP, 30000 3000
11400, t, 9.120000e-04, KEe, 22020.335177, MEe, 7.340111726e-01, E, -0.300000, NP, 30000 3000
11500, t, 9.200000e-04, KEe, 22065.379334, MEe, 7.355126445e-01, E, -0.300000, NP, 30000 3000
11600, t, 9.280000e-04, KEe, 22086.037511, MEe, 7.362012504e-01, E, -0.300000, NP, 30000 3000
11700, t, 9.360000e-04, KEe, 22105.953136, MEe, 7.368651045e-01, E, -0.300000, NP, 30000 3000
11800, t, 9.440000e-04, KEe, 22113.723626, MEe, 7.371241209e-01, E, -0.300000, NP, 30000 3000
11900, t, 9.520000e-04, KEe, 22144.865009, MEe, 7.381621670e-01, E, -0.300000, NP, 30000 3000
12000, t, 9.600000e-04, KEe, 22149.431347, MEe, 7.383143782e-01, E, -0.300000, NP, 30000 3000
12100, t, 9.680000e-04, KEe, 22159.842715, MEe, 7.386614238e-01, E, -0.300000, NP, 30000 3000
12200, t, 9.760000e-04, KEe, 22184.285775, MEe, 7.394761925e-01, E, -0.300000, NP, 30000 3000
12300, t, 9.840000e-04, KEe, 22195.711150, MEe, 7.398570383e-01, E, -0.300000, NP, 30000 3000
12400, t, 9.920000e-04, KEe, 22174.631509, MEe, 7.391543836e-01, E, -0.300000, NP, 30000 3000
12500, t, 1.000000e-03, KEe, 22182.060801, MEe, 7.394020267e-01, E, -0.300000, NP, 30000 3000
12600, t, 1.008000e-03, KEe, 22209.677326, MEe, 7.403225775e-01, E, -0.300000, NP, 30000 3000
12700, t, 1.016000e-03, KEe, 22245.947266, MEe, 7.415315755e-01, E, -0.300000, NP, 30000 3000
12800, t, 1.024000e-03, KEe, 22234.227875, MEe, 7.411409292e-01, E, -0.300000, NP, 30000 3000
12900, t, 1.032000e-03, KEe, 22263.396858, MEe, 7.421132286e-01, E, -0.300000, NP, 30000 3000
13000, t, 1.040000e-03, KEe, 22262.615207, MEe, 7.420871736e-01, E, -0.300000, NP, 30000 3000
13100, t, 1.048000e-03, KEe, 22267.925966, MEe, 7.422641989e-01, E, -0.300000, NP, 30000 3000
13200, t, 1.056000e-03, KEe, 22272.751062, MEe, 7.424250354e-01, E, -0.300000, NP, 30000 3000
13300, t, 1.064000e-03, KEe, 22300.998273, MEe, 7.433666091e-01, E, -0.300000, NP, 30000 3000
13400, t, 1.072000e-03, KEe, 22315.937343, MEe, 7.438645781e-01, E, -0.300000, NP, 30000 3000
13500, t, 1.080000e-03, KEe, 22357.327350, MEe, 7.452442450e-01, E, -0.300000, NP, 30000 3000
13600, t, 1.088000e-03, KEe, 22367.071307, MEe, 7.455690436e-01, E, -0.300000, NP, 30000 3000
13700, t, 1.096000e-03, KEe, 22393.894059, MEe, 7.464631353e-01, E, -0.300000, NP, 30000 3000
13800, t, 1.104000e-03, KEe, 22417.916242, MEe, 7.472638747e-01, E, -0.300000, NP, 30000 3000
13900, t, 1.112000e-03, KEe, 22425.822448, MEe, 7.475274149e-01, E, -0.300000, NP, 30000 3000
14000, t, 1.120000e-03, KEe, 22419.701788, MEe, 7.473233929e-01, E, -0.300000, NP, 30000 3000
14100, t, 1.128000e-03, KEe, 22420.066465, MEe, 7.473355488e-01, E, -0.300000, NP, 30000 3000
14200, t, 1.136000e-03, KEe, 22447.320795, MEe, 7.482440265e-01, E, -0.300000, NP, 30000 3000
14300, t, 1.144000e-03, KEe, 22441.049240, MEe, 7.480349747e-01, E, -0.300000, NP, 30000 3000
14400, t, 1.152000e-03, KEe, 22439.462850, MEe, 7.479820950e-01, E, -0.300000, NP, 30000 3000
14500, t, 1.160000e-03, KEe, 22449.003235, MEe, 7.483001078e-01, E, -0.300000, NP, 30000 3000
14600, t, 1.168000e-03, KEe, 22462.037459, MEe, 7.487345820e-01, E, -0.300000, NP, 30000 3000
14700, t, 1.176000e-03, KEe, 22468.572405, MEe, 7.489524135e-01, E, -0.300000, NP, 30000 3000
14800, t, 1.184000e-03, KEe, 22480.268233, MEe, 7.493422744e-01, E, -0.300000, NP, 30000 3000
14900, t, 1.192000e-03, KEe, 22475.710267, MEe, 7.491903422e-01, E, -0.300000, NP, 30000 3000
15000, t, 1.200000e-03, KEe, 22486.681996, MEe, 7.495560665e-01, E, -0.300000, NP, 30000 3000
15100, t, 1.208000e-03, KEe, 22489.595161, MEe, 7.496531720e-01, E, -0.300000, NP, 30000 3000
15200, t, 1.216000e-03, KEe, 22469.029462, MEe, 7.489676487e-01, E, -0.300000, NP, 30000 3000
15300, t, 1.224000e-03, KEe, 22482.595840, MEe, 7.494198613e-01, E, -0.300000, NP, 30000 3000
15400, t, 1.232000e-03, KEe, 22447.028424, MEe, 7.482342808e-01, E, -0.300000, NP, 30000 3000
15500, t, 1.240000e-03, KEe, 22423.877520, MEe, 7.474625840e-01, E, -0.300000, NP, 30000 3000
15600, t, 1.248000e-03, KEe, 22444.254453, MEe, 7.481418151e-01, E, -0.300000, NP, 30000 3000
15700, t, 1.256000e-03, KEe, 22493.276655, MEe, 7.497758885e-01, E, -0.300000, NP, 30000 3000
15800, t, 1.264000e-03, KEe, 22452.813849, MEe, 7.484271283e-01, E, -0.300000, NP, 30000 3000
15900, t, 1.272000e-03, KEe, 22467.894334, MEe, 7.489298111e-01, E, -0.300000, NP, 30000 3000
16000, t, 1.280000e-03, KEe, 22457.083843, MEe, 7.485694614e-01, E, -0.300000, NP, 30000 3000
16100, t, 1.288000e-03, KEe, 22471.215184, MEe, 7.490405061e-01, E, -0.300000, NP, 30000 3000
16200, t, 1.296000e-03, KEe, 22492.672006, MEe, 7.497557335e-01, E, -0.300000, NP, 30000 3000
16300, t, 1.304000e-03, KEe, 22472.499831, MEe, 7.490833277e-01, E, -0.300000, NP, 30000 3000
16400, t, 1.312000e-03, KEe, 22470.260874, MEe, 7.490086958e-01, E, -0.300000, NP, 30000 3000
16500, t, 1.320000e-03, KEe, 22472.846721, MEe, 7.490948907e-01, E, -0.300000, NP, 30000 3000
16600, t, 1.328000e-03, KEe, 22490.745017, MEe, 7.496915006e-01, E, -0.300000, NP, 30000 3000
16700, t, 1.336000e-03, KEe, 22463.030839, MEe, 7.487676946e-01, E, -0.300000, NP, 30000 3000
16800, t, 1.344000e-03, KEe, 22479.785846, MEe, 7.493261949e-01, E, -0.300000, NP, 30000 3000
16900, t, 1.352000e-03, KEe, 22481.728872, MEe, 7.493909624e-01, E, -0.300000, NP, 30000 3000
17000, t, 1.360000e-03, KEe, 22466.350945, MEe, 7.488783648e-01, E, -0.300000, NP, 30000 3000
17100, t, 1.368000e-03, KEe, 22481.962952, MEe, 7.493987651e-01, E, -0.300000, NP, 30000 3000
17200, t, 1.376000e-03, KEe, 22504.030103, MEe, 7.501343368e-01, E, -0.300000, NP, 30000 3000
17300, t, 1.384000e-03, KEe, 22487.840802, MEe, 7.495946934e-01, E, -0.300000, NP, 30000 3000
17400, t, 1.392000e-03, KEe, 22506.751722, MEe, 7.502250574e-01, E, -0.300000, NP, 30000 3000
17500, t, 1.400000e-03, KEe, 22485.098359, MEe, 7.495032786e-01, E, -0.300000, NP, 30000 3000
17600, t, 1.408000e-03, KEe, 22497.747883, MEe, 7.499249294e-01, E, -0.300000, NP, 30000 3000
17700, t, 1.416000e-03, KEe, 22470.787166, MEe, 7.490262389e-01, E, -0.300000, NP, 30000 3000
17800, t, 1.424000e-03, KEe, 22470.751940, MEe, 7.490250647e-01, E, -0.300000, NP, 30000 3000
17900, t, 1.432000e-03, KEe, 22474.195000, MEe, 7.491398333e-01, E, -0.300000, NP, 30000 3000
18000, t, 1.440000e-03, KEe, 22489.159550, MEe, 7.496386517e-01, E, -0.300000, NP, 30000 3000
18100, t, 1.448000e-03, KEe, 22467.929278, MEe, 7.489309759e-01, E, -0.300000, NP, 30000 3000
18200, t, 1.456000e-03, KEe, 22439.166271, MEe, 7.479722090e-01, E, -0.300000, NP, 30000 3000
18300, t, 1.464000e-03, KEe, 22468.081293, MEe, 7.489360431e-01, E, -0.300000, NP, 30000 3000
18400, t, 1.472000e-03, KEe, 22460.654608, MEe, 7.486884869e-01, E, -0.300000, NP, 30000 3000
18500, t, 1.480000e-03, KEe, 22413.962600, MEe, 7.471320867e-01, E, -0.300000, NP, 30000 3000
18600, t, 1.488000e-03, KEe, 22408.752708, MEe, 7.469584236e-01, E, -0.300000, NP, 30000 3000
18700, t, 1.496000e-03, KEe, 22408.657696, MEe, 7.469552565e-01, E, -0.300000, NP, 30000 3000
18800, t, 1.504000e-03, KEe, 22427.031006, MEe, 7.475677002e-01, E, -0.300000, NP, 30000 3000
18900, t, 1.512000e-03, KEe, 22435.497719, MEe, 7.478499240e-01, E, -0.300000, NP, 30000 3000
19000, t, 1.520000e-03, KEe, 22452.869959, MEe, 7.484289986e-01, E, -0.300000, NP, 30000 3000
19100, t, 1.528000e-03, KEe, 22456.898167, MEe, 7.485632722e-01, E, -0.300000, NP, 30000 3000
19200, t, 1.536000e-03, KEe, 22476.449790, MEe, 7.492149930e-01, E, -0.300000, NP, 30000 3000
19300, t, 1.544000e-03, KEe, 22466.089655, MEe, 7.488696552e-01, E, -0.300000, NP, 30000 3000
19400, t, 1.552000e-03, KEe, 22455.363277, MEe, 7.485121092e-01, E, -0.300000, NP, 30000 3000
19500, t, 1.560000e-03, KEe, 22470.367625, MEe, 7.490122542e-01, E, -0.300000, NP, 30000 3000
19600, t, 1.568000e-03, KEe, 22476.679709, MEe, 7.492226570e-01, E, -0.300000, NP, 30000 3000
19700, t, 1.576000e-03, KEe, 22493.232745, MEe, 7.497744248e-01, E, -0.300000, NP, 30000 3000
19800, t, 1.584000e-03, KEe, 22514.055257, MEe, 7.504685086e-01, E, -0.300000, NP, 30000 3000
19900, t, 1.592000e-03, KEe, 22492.664562, MEe, 7.497554854e-01, E, -0.300000, NP, 30000 3000
20000, t, 1.600000e-03, KEe, 22524.620770, MEe, 7.508206923e-01, E, -0.300000, NP, 30000 3000
20100, t, 1.608000e-03, KEe, 22523.007486, MEe, 7.507669162e-01, E, -0.300000, NP, 30000 3000
20200, t, 1.616000e-03, KEe, 22495.218326, MEe, 7.498406109e-01, E, -0.300000, NP, 30000 3000
20300, t, 1.624000e-03, KEe, 22517.211981, MEe, 7.505737327e-01, E, -0.300000, NP, 30000 3000
20400, t, 1.632000e-03, KEe, 22511.406966, MEe, 7.503802322e-01, E, -0.300000, NP, 30000 3000
20500, t, 1.640000e-03, KEe, 22499.184264, MEe, 7.499728088e-01, E, -0.300000, NP, 30000 3000
20600, t, 1.648000e-03, KEe, 22535.509172, MEe, 7.511836391e-01, E, -0.300000, NP, 30000 3000
20700, t, 1.656000e-03, KEe, 22536.056994, MEe, 7.512018998e-01, E, -0.300000, NP, 30000 3000
20800, t, 1.664000e-03, KEe, 22519.200428, MEe, 7.506400143e-01, E, -0.300000, NP, 30000 3000
20900, t, 1.672000e-03, KEe, 22530.855102, MEe, 7.510285034e-01, E, -0.300000, NP, 30000 3000
21000, t, 1.680000e-03, KEe, 22543.631682, MEe, 7.514543894e-01, E, -0.300000, NP, 30000 3000
21100, t, 1.688000e-03, KEe, 22532.091472, MEe, 7.510697157e-01, E, -0.300000, NP, 30000 3000
21200, t, 1.696000e-03, KEe, 22532.071831, MEe, 7.510690610e-01, E, -0.300000, NP, 30000 3000
21300, t, 1.704000e-03, KEe, 22536.848015, MEe, 7.512282672e-01, E, -0.300000, NP, 30000 3000
21400, t, 1.712000e-03, KEe, 22545.722741, MEe, 7.515240914e-01, E, -0.300000, NP, 30000 3000
21500, t, 1.720000e-03, KEe, 22577.676285, MEe, 7.525892095e-01, E, -0.300000, NP, 30000 3000
21600, t, 1.728000e-03, KEe, 22587.547799, MEe, 7.529182600e-01, E, -0.300000, NP, 30000 3000
21700, t, 1.736000e-03, KEe, 22581.356856, MEe, 7.527118952e-01, E, -0.300000, NP, 30000 3000
21800, t, 1.744000e-03, KEe, 22582.650292, MEe, 7.527550097e-01, E, -0.300000, NP, 30000 3000
21900, t, 1.752000e-03, KEe, 22557.916968, MEe, 7.519305656e-01, E, -0.300000, NP, 30000 3000
22000, t, 1.760000e-03, KEe, 22582.941021, MEe, 7.527647007e-01, E, -0.300000, NP, 30000 3000
22100, t, 1.768000e-03, KEe, 22599.429058, MEe, 7.533143019e-01, E, -0.300000, NP, 30000 3000
22200, t, 1.776000e-03, KEe, 22613.811973, MEe, 7.537937324e-01, E, -0.300000, NP, 30000 3000
22300, t, 1.784000e-03, KEe, 22600.859088, MEe, 7.533619696e-01, E, -0.300000, NP, 30000 3000
22400, t, 1.792000e-03, KEe, 22611.760122, MEe, 7.537253374e-01, E, -0.300000, NP, 30000 3000
22500, t, 1.800000e-03, KEe, 22612.267244, MEe, 7.537422415e-01, E, -0.300000, NP, 30000 3000
22600, t, 1.808000e-03, KEe, 22624.474544, MEe, 7.541491515e-01, E, -0.300000, NP, 30000 3000
22700, t, 1.816000e-03, KEe, 22631.301293, MEe, 7.543767098e-01, E, -0.300000, NP, 30000 3000
22800, t, 1.824000e-03, KEe, 22654.766091, MEe, 7.551588697e-01, E, -0.300000, NP, 30000 3000
22900, t, 1.832000e-03, KEe, 22647.420324, MEe, 7.549140108e-01, E, -0.300000, NP, 30000 3000
23000, t, 1.840000e-03, KEe, 22634.412650, MEe, 7.544804217e-01, E, -0.300000, NP, 30000 3000
23100, t, 1.848000e-03, KEe, 22603.610222, MEe, 7.534536741e-01, E, -0.300000, NP, 30000 3000
23200, t, 1.856000e-03, KEe, 22614.133516, MEe, 7.538044505e-01, E, -0.300000, NP, 30000 3000
23300, t, 1.864000e-03, KEe, 22625.169525, MEe, 7.541723175e-01, E, -0.300000, NP, 30000 3000
23400, t, 1.872000e-03, KEe, 22617.200373, MEe, 7.539066791e-01, E, -0.300000, NP, 30000 3000
23500, t, 1.880000e-03, KEe, 22642.088172, MEe, 7.547362724e-01, E, -0.300000, NP, 30000 3000
23600, t, 1.888000e-03, KEe, 22639.361572, MEe, 7.546453857e-01, E, -0.300000, NP, 30000 3000
23700, t, 1.896000e-03, KEe, 22600.635255, MEe, 7.533545085e-01, E, -0.300000, NP, 30000 3000
23800, t, 1.904000e-03, KEe, 22603.562526, MEe, 7.534520842e-01, E, -0.300000, NP, 30000 3000
23900, t, 1.912000e-03, KEe, 22607.809968, MEe, 7.535936656e-01, E, -0.300000, NP, 30000 3000
24000, t, 1.920000e-03, KEe, 22592.110944, MEe, 7.530703648e-01, E, -0.300000, NP, 30000 3000
24100, t, 1.928000e-03, KEe, 22599.405800, MEe, 7.533135267e-01, E, -0.300000, NP, 30000 3000
24200, t, 1.936000e-03, KEe, 22606.437173, MEe, 7.535479058e-01, E, -0.300000, NP, 30000 3000
24300, t, 1.944000e-03, KEe, 22601.676390, MEe, 7.533892130e-01, E, -0.300000, NP, 30000 3000
24400, t, 1.952000e-03, KEe, 22574.382068, MEe, 7.524794023e-01, E, -0.300000, NP, 30000 3000
24500, t, 1.960000e-03, KEe, 22570.661101, MEe, 7.523553700e-01, E, -0.300000, NP, 30000 3000
24600, t, 1.968000e-03, KEe, 22600.653344, MEe, 7.533551115e-01, E, -0.300000, NP, 30000 3000
24700, t, 1.976000e-03, KEe, 22585.897993, MEe, 7.528632664e-01, E, -0.300000, NP, 30000 3000
24800, t, 1.984000e-03, KEe, 22580.863288, MEe, 7.526954429e-01, E, -0.300000, NP, 30000 3000
24900, t, 1.992000e-03, KEe, 22595.252003, MEe, 7.531750668e-01, E, -0.300000, NP, 30000 3000
25000, t, 2.000000e-03, KEe, 22576.567887, MEe, 7.525522629e-01, E, -0.300000, NP, 30000 3000
25100, t, 2.008000e-03, KEe, 22593.711895, MEe, 7.531237298e-01, E, -0.300000, NP, 30000 3000
25200, t, 2.016000e-03, KEe, 22550.959280, MEe, 7.516986427e-01, E, -0.300000, NP, 30000 3000
25300, t, 2.024000e-03, KEe, 22515.671205, MEe, 7.505223735e-01, E, -0.300000, NP, 30000 3000
25400, t, 2.032000e-03, KEe, 22493.568979, MEe, 7.497856326e-01, E, -0.300000, NP, 30000 3000
25500, t, 2.040000e-03, KEe, 22485.941682, MEe, 7.495313894e-01, E, -0.300000, NP, 30000 3000
25600, t, 2.048000e-03, KEe, 22461.270520, MEe, 7.487090173e-01, E, -0.300000, NP, 30000 3000
25700, t, 2.056000e-03, KEe, 22499.263881, MEe, 7.499754627e-01, E, -0.300000, NP, 30000 3000
25800, t, 2.064000e-03, KEe, 22526.809754, MEe, 7.508936585e-01, E, -0.300000, NP, 30000 3000
25900, t, 2.072000e-03, KEe, 22504.093807, MEe, 7.501364602e-01, E, -0.300000, NP, 30000 3000
26000, t, 2.080000e-03, KEe, 22493.925294, MEe, 7.497975098e-01, E, -0.300000, NP, 30000 3000
26100, t, 2.088000e-03, KEe, 22517.802160, MEe, 7.505934053e-01, E, -0.300000, NP, 30000 3000
26200, t, 2.096000e-03, KEe, 22530.662193, MEe, 7.510220731e-01, E, -0.300000, NP, 30000 3000
26300, t, 2.104000e-03, KEe, 22533.515159, MEe, 7.511171720e-01, E, -0.300000, NP, 30000 3000
26400, t, 2.112000e-03, KEe, 22555.807123, MEe, 7.518602374e-01, E, -0.300000, NP, 30000 3000
26500, t, 2.120000e-03, KEe, 22546.290229, MEe, 7.515430076e-01, E, -0.300000, NP, 30000 3000
26600, t, 2.128000e-03, KEe, 22557.676226, MEe, 7.519225409e-01, E, -0.300000, NP, 30000 3000
26700, t, 2.136000e-03, KEe, 22535.355645, MEe, 7.511785215e-01, E, -0.300000, NP, 30000 3000
26800, t, 2.144000e-03, KEe, 22565.261456, MEe, 7.521753819e-01, E, -0.300000, NP, 30000 3000
26900, t, 2.152000e-03, KEe, 22583.900230, MEe, 7.527966743e-01, E, -0.300000, NP, 30000 3000
27000, t, 2.160000e-03, KEe, 22576.083927, MEe, 7.525361309e-01, E, -0.300000, NP, 30000 3000
27100, t, 2.168000e-03, KEe, 22586.741853, MEe, 7.528913951e-01, E, -0.300000, NP, 30000 3000
27200, t, 2.176000e-03, KEe, 22585.353605, MEe, 7.528451202e-01, E, -0.300000, NP, 30000 3000
27300, t, 2.184000e-03, KEe, 22568.488037, MEe, 7.522829346e-01, E, -0.300000, NP, 30000 3000
27400, t, 2.192000e-03, KEe, 22549.807119, MEe, 7.516602373e-01, E, -0.300000, NP, 30000 3000
27500, t, 2.200000e-03, KEe, 22566.029720, MEe, 7.522009907e-01, E, -0.300000, NP, 30000 3000
27600, t, 2.208000e-03, KEe, 22589.135246, MEe, 7.529711749e-01, E, -0.300000, NP, 30000 3000
27700, t, 2.216000e-03, KEe, 22603.442669, MEe, 7.534480890e-01, E, -0.300000, NP, 30000 3000
27800, t, 2.224000e-03, KEe, 22661.374530, MEe, 7.553791510e-01, E, -0.300000, NP, 30000 3000
27900, t, 2.232000e-03, KEe, 22617.575499, MEe, 7.539191833e-01, E, -0.300000, NP, 30000 3000
28000, t, 2.240000e-03, KEe, 22583.486069, MEe, 7.527828690e-01, E, -0.300000, NP, 30000 3000
28100, t, 2.248000e-03, KEe, 22540.546130, MEe, 7.513515377e-01, E, -0.300000, NP, 30000 3000
28200, t, 2.256000e-03, KEe, 22550.647000, MEe, 7.516882333e-01, E, -0.300000, NP, 30000 3000
28300, t, 2.264000e-03, KEe, 22553.696318, MEe, 7.517898773e-01, E, -0.300000, NP, 30000 3000
28400, t, 2.272000e-03, KEe, 22552.755099, MEe, 7.517585033e-01, E, -0.300000, NP, 30000 3000
28500, t, 2.280000e-03, KEe, 22578.480302, MEe, 7.526160101e-01, E, -0.300000, NP, 30000 3000
28600, t, 2.288000e-03, KEe, 22563.514496, MEe, 7.521171499e-01, E, -0.300000, NP, 30000 3000
28700, t, 2.296000e-03, KEe, 22567.434316, MEe, 7.522478105e-01, E, -0.300000, NP, 30000 3000
28800, t, 2.304000e-03, KEe, 22570.530986, MEe, 7.523510329e-01, E, -0.300000, NP, 30000 3000
28900, t, 2.312000e-03, KEe, 22539.805205, MEe, 7.513268402e-01, E, -0.300000, NP, 30000 3000
29000, t, 2.320000e-03, KEe, 22533.115176, MEe, 7.511038392e-01, E, -0.300000, NP, 30000 3000
29100, t, 2.328000e-03, KEe, 22561.907361, MEe, 7.520635787e-01, E, -0.300000, NP, 30000 3000
29200, t, 2.336000e-03, KEe, 22565.103247, MEe, 7.521701082e-01, E, -0.300000, NP, 30000 3000
29300, t, 2.344000e-03, KEe, 22559.060943, MEe, 7.519686981e-01, E, -0.300000, NP, 30000 3000
29400, t, 2.352000e-03, KEe, 22543.280768, MEe, 7.514426923e-01, E, -0.300000, NP, 30000 3000
29500, t, 2.360000e-03, KEe, 22570.364963, MEe, 7.523454988e-01, E, -0.300000, NP, 30000 3000
29600, t, 2.368000e-03, KEe, 22550.743240, MEe, 7.516914413e-01, E, -0.300000, NP, 30000 3000
29700, t, 2.376000e-03, KEe, 22554.083988, MEe, 7.518027996e-01, E, -0.300000, NP, 30000 3000
29800, t, 2.384000e-03, KEe, 22547.931210, MEe, 7.515977070e-01, E, -0.300000, NP, 30000 3000
29900, t, 2.392000e-03, KEe, 22529.901347, MEe, 7.509967116e-01, E, -0.300000, NP, 30000 3000
30000, t, 2.400000e-03, KEe, 22505.787468, MEe, 7.501929156e-01, E, -0.300000, NP, 30000 3000
30100, t, 2.408000e-03, KEe, 22511.464613, MEe, 7.503821538e-01, E, -0.300000, NP, 30000 3000
30200, t, 2.416000e-03, KEe, 22520.397234, MEe, 7.506799078e-01, E, -0.300000, NP, 30000 3000
30300, t, 2.424000e-03, KEe, 22514.550918, MEe, 7.504850306e-01, E, -0.300000, NP, 30000 3000
30400, t, 2.432000e-03, KEe, 22521.314005, MEe, 7.507104668e-01, E, -0.300000, NP, 30000 3000
30500, t, 2.440000e-03, KEe, 22498.919871, MEe, 7.499639957e-01, E, -0.300000, NP, 30000 3000
30600, t, 2.448000e-03, KEe, 22497.034263, MEe, 7.499011421e-01, E, -0.300000, NP, 30000 3000
30700, t, 2.456000e-03, KEe, 22509.435105, MEe, 7.503145035e-01, E, -0.300000, NP, 30000 3000
30800, t, 2.464000e-03, KEe, 22488.338486, MEe, 7.496112829e-01, E, -0.300000, NP, 30000 3000
30900, t, 2.472000e-03, KEe, 22485.038683, MEe, 7.495012894e-01, E, -0.300000, NP, 30000 3000
31000, t, 2.480000e-03, KEe, 22481.283090, MEe, 7.493761030e-01, E, -0.300000, NP, 30000 3000
31100, t, 2.488000e-03, KEe, 22517.877187, MEe, 7.505959062e-01, E, -0.300000, NP, 30000 3000
31200, t, 2.496000e-03, KEe, 22529.519783, MEe, 7.509839928e-01, E, -0.300000, NP, 30000 3000
31300, t, 2.504000e-03, KEe, 22561.345281, MEe, 7.520448427e-01, E, -0.300000, NP, 30000 3000
31400, t, 2.512000e-03, KEe, 22552.136042, MEe, 7.517378681e-01, E, -0.300000, NP, 30000 3000
31500, t, 2.520000e-03, KEe, 22556.728194, MEe, 7.518909398e-01, E, -0.300000, NP, 30000 3000
31600, t, 2.528000e-03, KEe, 22554.429988, MEe, 7.518143329e-01, E, -0.300000, NP, 30000 3000
31700, t, 2.536000e-03, KEe, 22582.708232, MEe, 7.527569411e-01, E, -0.300000, NP, 30000 3000
31800, t, 2.544000e-03, KEe, 22572.173017, MEe, 7.524057672e-01, E, -0.300000, NP, 30000 3000
31900, t, 2.552000e-03, KEe, 22586.299892, MEe, 7.528766631e-01, E, -0.300000, NP, 30000 3000
32000, t, 2.560000e-03, KEe, 22607.273901, MEe, 7.535757967e-01, E, -0.300000, NP, 30000 3000
32100, t, 2.568000e-03, KEe, 22622.094055, MEe, 7.540698018e-01, E, -0.300000, NP, 30000 3000
32200, t, 2.576000e-03, KEe, 22631.593725, MEe, 7.543864575e-01, E, -0.300000, NP, 30000 3000
32300, t, 2.584000e-03, KEe, 22627.400838, MEe, 7.542466946e-01, E, -0.300000, NP, 30000 3000
32400, t, 2.592000e-03, KEe, 22644.309008, MEe, 7.548103003e-01, E, -0.300000, NP, 30000 3000
32500, t, 2.600000e-03, KEe, 22633.907265, MEe, 7.544635755e-01, E, -0.300000, NP, 30000 3000
32600, t, 2.608000e-03, KEe, 22664.680495, MEe, 7.554893498e-01, E, -0.300000, NP, 30000 3000
32700, t, 2.616000e-03, KEe, 22661.756202, MEe, 7.553918734e-01, E, -0.300000, NP, 30000 3000
32800, t, 2.624000e-03, KEe, 22672.959133, MEe, 7.557653044e-01, E, -0.300000, NP, 30000 3000
32900, t, 2.632000e-03, KEe, 22660.495289, MEe, 7.553498430e-01, E, -0.300000, NP, 30000 3000
33000, t, 2.640000e-03, KEe, 22674.383329, MEe, 7.558127776e-01, E, -0.300000, NP, 30000 3000
33100, t, 2.648000e-03, KEe, 22641.027725, MEe, 7.547009242e-01, E, -0.300000, NP, 30000 3000
33200, t, 2.656000e-03, KEe, 22622.461699, MEe, 7.540820566e-01, E, -0.300000, NP, 30000 3000
33300, t, 2.664000e-03, KEe, 22617.846990, MEe, 7.539282330e-01, E, -0.300000, NP, 30000 3000
33400, t, 2.672000e-03, KEe, 22593.770351, MEe, 7.531256784e-01, E, -0.300000, NP, 30000 3000
33500, t, 2.680000e-03, KEe, 22568.989197, MEe, 7.522996399e-01, E, -0.300000, NP, 30000 3000
33600, t, 2.688000e-03, KEe, 22552.441089, MEe, 7.517480363e-01, E, -0.300000, NP, 30000 3000
33700, t, 2.696000e-03, KEe, 22540.120459, MEe, 7.513373486e-01, E, -0.300000, NP, 30000 3000
33800, t, 2.704000e-03, KEe, 22553.447102, MEe, 7.517815701e-01, E, -0.300000, NP, 30000 3000
33900, t, 2.712000e-03, KEe, 22543.947423, MEe, 7.514649141e-01, E, -0.300000, NP, 30000 3000
34000, t, 2.720000e-03, KEe, 22530.628145, MEe, 7.510209382e-01, E, -0.300000, NP, 30000 3000
34100, t, 2.728000e-03, KEe, 22529.581202, MEe, 7.509860401e-01, E, -0.300000, NP, 30000 3000
34200, t, 2.736000e-03, KEe, 22547.329484, MEe, 7.515776495e-01, E, -0.300000, NP, 30000 3000
34300, t, 2.744000e-03, KEe, 22525.528128, MEe, 7.508509376e-01, E, -0.300000, NP, 30000 3000
34400, t, 2.752000e-03, KEe, 22528.603465, MEe, 7.509534488e-01, E, -0.300000, NP, 30000 3000
34500, t, 2.760000e-03, KEe, 22556.256718, MEe, 7.518752239e-01, E, -0.300000, NP, 30000 3000
34600, t, 2.768000e-03, KEe, 22536.950991, MEe, 7.512316997e-01, E, -0.300000, NP, 30000 3000
34700, t, 2.776000e-03, KEe, 22523.721160, MEe, 7.507907053e-01, E, -0.300000, NP, 30000 3000
34800, t, 2.784000e-03, KEe, 22510.310836, MEe, 7.503436945e-01, E, -0.300000, NP, 30000 3000
34900, t, 2.792000e-03, KEe, 22530.071378, MEe, 7.510023793e-01, E, -0.300000, NP, 30000 3000
35000, t, 2.800000e-03, KEe, 22518.040948, MEe, 7.506013649e-01, E, -0.300000, NP, 30000 3000
35100, t, 2.808000e-03, KEe, 22537.529900, MEe, 7.512509967e-01, E, -0.300000, NP, 30000 3000
35200, t, 2.816000e-03, KEe, 22575.708921, MEe, 7.525236307e-01, E, -0.300000, NP, 30000 3000
35300, t, 2.824000e-03, KEe, 22575.722012, MEe, 7.525240671e-01, E, -0.300000, NP, 30000 3000
35400, t, 2.832000e-03, KEe, 22588.978095, MEe, 7.529659365e-01, E, -0.300000, NP, 30000 3000
35500, t, 2.840000e-03, KEe, 22600.674046, MEe, 7.533558015e-01, E, -0.300000, NP, 30000 3000
35600, t, 2.848000e-03, KEe, 22620.722580, MEe, 7.540240860e-01, E, -0.300000, NP, 30000 3000
35700, t, 2.856000e-03, KEe, 22616.389209, MEe, 7.538796403e-01, E, -0.300000, NP, 30000 3000
35800, t, 2.864000e-03, KEe, 22626.917161, MEe, 7.542305720e-01, E, -0.300000, NP, 30000 3000
35900, t, 2.872000e-03, KEe, 22605.593812, MEe, 7.535197937e-01, E, -0.300000, NP, 30000 3000
36000, t, 2.880000e-03, KEe, 22605.089495, MEe, 7.535029832e-01, E, -0.300000, NP, 30000 3000
36100, t, 2.888000e-03, KEe, 22595.303630, MEe, 7.531767877e-01, E, -0.300000, NP, 30000 3000
36200, t, 2.896000e-03, KEe, 22605.304286, MEe, 7.535101429e-01, E, -0.300000, NP, 30000 3000
36300, t, 2.904000e-03, KEe, 22623.852015, MEe, 7.541284005e-01, E, -0.300000, NP, 30000 3000
36400, t, 2.912000e-03, KEe, 22604.597659, MEe, 7.534865886e-01, E, -0.300000, NP, 30000 3000
36500, t, 2.920000e-03, KEe, 22588.406632, MEe, 7.529468877e-01, E, -0.300000, NP, 30000 3000
36600, t, 2.928000e-03, KEe, 22596.522015, MEe, 7.532174005e-01, E, -0.300000, NP, 30000 3000
36700, t, 2.936000e-03, KEe, 22604.387375, MEe, 7.534795792e-01, E, -0.300000, NP, 30000 3000
36800, t, 2.944000e-03, KEe, 22611.301193, MEe, 7.537100398e-01, E, -0.300000, NP, 30000 3000
36900, t, 2.952000e-03, KEe, 22620.189860, MEe, 7.540063287e-01, E, -0.300000, NP, 30000 3000
37000, t, 2.960000e-03, KEe, 22639.924787, MEe, 7.546641596e-01, E, -0.300000, NP, 30000 3000
37100, t, 2.968000e-03, KEe, 22651.398300, MEe, 7.550466100e-01, E, -0.300000, NP, 30000 3000
37200, t, 2.976000e-03, KEe, 22616.803702, MEe, 7.538934567e-01, E, -0.300000, NP, 30000 3000
37300, t, 2.984000e-03, KEe, 22613.770044, MEe, 7.537923348e-01, E, -0.300000, NP, 30000 3000
37400, t, 2.992000e-03, KEe, 22658.166969, MEe, 7.552722323e-01, E, -0.300000, NP, 30000 3000
37500, t, 3.000000e-03, KEe, 22679.770674, MEe, 7.559923558e-01, E, -0.300000, NP, 30000 3000
37600, t, 3.008000e-03, KEe, 22703.510737, MEe, 7.567836912e-01, E, -0.300000, NP, 30000 3000
37700, t, 3.016000e-03, KEe, 22710.071276, MEe, 7.570023759e-01, E, -0.300000, NP, 30000 3000
37800, t, 3.024000e-03, KEe, 22689.205714, MEe, 7.563068571e-01, E, -0.300000, NP, 30000 3000
37900, t, 3.032000e-03, KEe, 22691.002462, MEe, 7.563667487e-01, E, -0.300000, NP, 30000 3000
38000, t, 3.040000e-03, KEe, 22715.412124, MEe, 7.571804041e-01, E, -0.300000, NP, 30000 3000
38100, t, 3.048000e-03, KEe, 22704.938218, MEe, 7.568312739e-01, E, -0.300000, NP, 30000 3000
38200, t, 3.056000e-03, KEe, 22738.689054, MEe, 7.579563018e-01, E, -0.300000, NP, 30000 3000
38300, t, 3.064000e-03, KEe, 22719.207283, MEe, 7.573069094e-01, E, -0.300000, NP, 30000 3000
38400, t, 3.072000e-03, KEe, 22689.448284, MEe, 7.563149428e-01, E, -0.300000, NP, 30000 3000
38500, t, 3.080000e-03, KEe, 22659.432100, MEe, 7.553144033e-01, E, -0.300000, NP, 30000 3000
38600, t, 3.088000e-03, KEe, 22657.898870, MEe, 7.552632957e-01, E, -0.300000, NP, 30000 3000
38700, t, 3.096000e-03, KEe, 22633.296814, MEe, 7.544432271e-01, E, -0.300000, NP, 30000 3000
38800, t, 3.104000e-03, KEe, 22620.886547, MEe, 7.540295516e-01, E, -0.300000, NP, 30000 3000
38900, t, 3.112000e-03, KEe, 22642.299059, MEe, 7.547433020e-01, E, -0.300000, NP, 30000 3000
39000, t, 3.120000e-03, KEe, 22644.110435, MEe, 7.548036812e-01, E, -0.300000, NP, 30000 3000
39100, t, 3.128000e-03, KEe, 22640.278932, MEe, 7.546759644e-01, E, -0.300000, NP, 30000 3000
39200, t, 3.136000e-03, KEe, 22634.092873, MEe, 7.544697624e-01, E, -0.300000, NP, 30000 3000
39300, t, 3.144000e-03, KEe, 22620.564329, MEe, 7.540188110e-01, E, -0.300000, NP, 30000 3000
39400, t, 3.152000e-03, KEe, 22614.969988, MEe, 7.538323329e-01, E, -0.300000, NP, 30000 3000
39500, t, 3.160000e-03, KEe, 22631.040948, MEe, 7.543680316e-01, E, -0.300000, NP, 30000 3000
39600, t, 3.168000e-03, KEe, 22632.369599, MEe, 7.544123200e-01, E, -0.300000, NP, 30000 3000
39700, t, 3.176000e-03, KEe, 22606.478473, MEe, 7.535492824e-01, E, -0.300000, NP, 30000 3000
39800, t, 3.184000e-03, KEe, 22573.342084, MEe, 7.524447361e-01, E, -0.300000, NP, 30000 3000
39900, t, 3.192000e-03, KEe, 22601.052873, MEe, 7.533684291e-01, E, -0.300000, NP, 30000 3000
40000, t, 3.200000e-03, KEe, 22573.679441, MEe, 7.524559814e-01, E, -0.300000, NP, 30000 3000
40100, t, 3.208000e-03, KEe, 22585.115625, MEe, 7.528371875e-01, E, -0.300000, NP, 30000 3000
40200, t, 3.216000e-03, KEe, 22578.730401, MEe, 7.526243467e-01, E, -0.300000, NP, 30000 3000
40300, t, 3.224000e-03, KEe, 22621.867708, MEe, 7.540622569e-01, E, -0.300000, NP, 30000 3000
40400, t, 3.232000e-03, KEe, 22613.751863, MEe, 7.537917288e-01, E, -0.300000, NP, 30000 3000
40500, t, 3.240000e-03, KEe, 22597.122537, MEe, 7.532374179e-01, E, -0.300000, NP, 30000 3000
40600, t, 3.248000e-03, KEe, 22587.720446, MEe, 7.529240149e-01, E, -0.300000, NP, 30000 3000
40700, t, 3.256000e-03, KEe, 22582.384832, MEe, 7.527461611e-01, E, -0.300000, NP, 30000 3000
40800, t, 3.264000e-03, KEe, 22607.188136, MEe, 7.535729379e-01, E, -0.300000, NP, 30000 3000
40900, t, 3.272000e-03, KEe, 22615.169672, MEe, 7.538389891e-01, E, -0.300000, NP, 30000 3000
41000, t, 3.280000e-03, KEe, 22627.921849, MEe, 7.542640616e-01, E, -0.300000, NP, 30000 3000
41100, t, 3.288000e-03, KEe, 22627.927694, MEe, 7.542642565e-01, E, -0.300000, NP, 30000 3000
41200, t, 3.296000e-03, KEe, 22639.902095, MEe, 7.546634032e-01, E, -0.300000, NP, 30000 3000
41300, t, 3.304000e-03, KEe, 22642.378394, MEe, 7.547459465e-01, E, -0.300000, NP, 30000 3000
41400, t, 3.312000e-03, KEe, 22657.792577, MEe, 7.552597526e-01, E, -0.300000, NP, 30000 3000
41500, t, 3.320000e-03, KEe, 22666.071188, MEe, 7.555357063e-01, E, -0.300000, NP, 30000 3000
41600, t, 3.328000e-03, KEe, 22670.917386, MEe, 7.556972462e-01, E, -0.300000, NP, 30000 3000
41700, t, 3.336000e-03, KEe, 22635.998674, MEe, 7.545332891e-01, E, -0.300000, NP, 30000 3000
41800, t, 3.344000e-03, KEe, 22614.107747, MEe, 7.538035916e-01, E, -0.300000, NP, 30000 3000
41900, t, 3.352000e-03, KEe, 22634.986989, MEe, 7.544995663e-01, E, -0.300000, NP, 30000 3000
42000, t, 3.360000e-03, KEe, 22618.429683, MEe, 7.539476561e-01, E, -0.300000, NP, 30000 3000
42100, t, 3.368000e-03, KEe, 22606.480421, MEe, 7.535493474e-01, E, -0.300000, NP, 30000 3000
42200, t, 3.376000e-03, KEe, 22586.650477, MEe, 7.528883492e-01, E, -0.300000, NP, 30000 3000
42300, t, 3.384000e-03, KEe, 22574.488836, MEe, 7.524829612e-01, E, -0.300000, NP, 30000 3000
42400, t, 3.392000e-03, KEe, 22571.108805, MEe, 7.523702935e-01, E, -0.300000, NP, 30000 3000
42500, t, 3.400000e-03, KEe, 22556.043442, MEe, 7.518681147e-01, E, -0.300000, NP, 30000 3000
42600, t, 3.408000e-03, KEe, 22531.632382, MEe, 7.510544127e-01, E, -0.300000, NP, 30000 3000
42700, t, 3.416000e-03, KEe, 22525.043442, MEe, 7.508347814e-01, E, -0.300000, NP, 30000 3000
42800, t, 3.424000e-03, KEe, 22529.831982, MEe, 7.509943994e-01, E, -0.300000, NP, 30000 3000
42900, t, 3.432000e-03, KEe, 22537.678116, MEe, 7.512559372e-01, E, -0.300000, NP, 30000 3000
43000, t, 3.440000e-03, KEe, 22553.150293, MEe, 7.517716764e-01, E, -0.300000, NP, 30000 3000
43100, t, 3.448000e-03, KEe, 22555.001564, MEe, 7.518333855e-01, E, -0.300000, NP, 30000 3000
43200, t, 3.456000e-03, KEe, 22565.893792, MEe, 7.521964597e-01, E, -0.300000, NP, 30000 3000
43300, t, 3.464000e-03, KEe, 22574.678610, MEe, 7.524892870e-01, E, -0.300000, NP, 30000 3000
43400, t, 3.472000e-03, KEe, 22570.022904, MEe, 7.523340968e-01, E, -0.300000, NP, 30000 3000
43500, t, 3.480000e-03, KEe, 22593.936807, MEe, 7.531312269e-01, E, -0.300000, NP, 30000 3000
43600, t, 3.488000e-03, KEe, 22581.845191, MEe, 7.527281730e-01, E, -0.300000, NP, 30000 3000
43700, t, 3.496000e-03, KEe, 22576.607710, MEe, 7.525535903e-01, E, -0.300000, NP, 30000 3000
43800, t, 3.504000e-03, KEe, 22576.648775, MEe, 7.525549592e-01, E, -0.300000, NP, 30000 3000
43900, t, 3.512000e-03, KEe, 22572.486182, MEe, 7.524162061e-01, E, -0.300000, NP, 30000 3000
44000, t, 3.520000e-03, KEe, 22545.249258, MEe, 7.515083086e-01, E, -0.300000, NP, 30000 3000
44100, t, 3.528000e-03, KEe, 22553.583478, MEe, 7.517861159e-01, E, -0.300000, NP, 30000 3000
44200, t, 3.536000e-03, KEe, 22574.239258, MEe, 7.524746419e-01, E, -0.300000, NP, 30000 3000
44300, t, 3.544000e-03, KEe, 22577.062582, MEe, 7.525687527e-01, E, -0.300000, NP, 30000 3000
44400, t, 3.552000e-03, KEe, 22597.324011, MEe, 7.532441337e-01, E, -0.300000, NP, 30000 3000
44500, t, 3.560000e-03, KEe, 22589.822682, MEe, 7.529940894e-01, E, -0.300000, NP, 30000 3000
44600, t, 3.568000e-03, KEe, 22579.521846, MEe, 7.526507282e-01, E, -0.300000, NP, 30000 3000
44700, t, 3.576000e-03, KEe, 22597.094628, MEe, 7.532364876e-01, E, -0.300000, NP, 30000 3000
44800, t, 3.584000e-03, KEe, 22588.379368, MEe, 7.529459789e-01, E, -0.300000, NP, 30000 3000
44900, t, 3.592000e-03, KEe, 22612.700033, MEe, 7.537566678e-01, E, -0.300000, NP, 30000 3000
45000, t, 3.600000e-03, KEe, 22588.177840, MEe, 7.529392613e-01, E, -0.300000, NP, 30000 3000
45100, t, 3.608000e-03, KEe, 22577.638408, MEe, 7.525879469e-01, E, -0.300000, NP, 30000 3000
45200, t, 3.616000e-03, KEe, 22551.652200, MEe, 7.517217400e-01, E, -0.300000, NP, 30000 3000
45300, t, 3.624000e-03, KEe, 22575.277119, MEe, 7.525092373e-01, E, -0.300000, NP, 30000 3000
45400, t, 3.632000e-03, KEe, 22567.172023, MEe, 7.522390674e-01, E, -0.300000, NP, 30000 3000
45500, t, 3.640000e-03, KEe, 22585.204071, MEe, 7.528401357e-01, E, -0.300000, NP, 30000 3000
45600, t, 3.648000e-03, KEe, 22583.782289, MEe, 7.527927430e-01, E, -0.300000, NP, 30000 3000
45700, t, 3.656000e-03, KEe, 22584.752665, MEe, 7.528250888e-01, E, -0.300000, NP, 30000 3000
45800, t, 3.664000e-03, KEe, 22564.976935, MEe, 7.521658978e-01, E, -0.300000, NP, 30000 3000
45900, t, 3.672000e-03, KEe, 22561.302628, MEe, 7.520434209e-01, E, -0.300000, NP, 30000 3000
46000, t, 3.680000e-03, KEe, 22563.950049, MEe, 7.521316683e-01, E, -0.300000, NP, 30000 3000
46100, t, 3.688000e-03, KEe, 22572.687213, MEe, 7.524229071e-01, E, -0.300000, NP, 30000 3000
46200, t, 3.696000e-03, KEe, 22547.161536, MEe, 7.515720512e-01, E, -0.300000, NP, 30000 3000
46300, t, 3.704000e-03, KEe, 22547.182900, MEe, 7.515727633e-01, E, -0.300000, NP, 30000 3000
46400, t, 3.712000e-03, KEe, 22547.568790, MEe, 7.515856263e-01, E, -0.300000, NP, 30000 3000
46500, t, 3.720000e-03, KEe, 22544.641711, MEe, 7.514880570e-01, E, -0.300000, NP, 30000 3000
46600, t, 3.728000e-03, KEe, 22579.568104, MEe, 7.526522701e-01, E, -0.300000, NP, 30000 3000
46700, t, 3.736000e-03, KEe, 22589.815686, MEe, 7.529938562e-01, E, -0.300000, NP, 30000 3000
46800, t, 3.744000e-03, KEe, 22581.626475, MEe, 7.527208825e-01, E, -0.300000, NP, 30000 3000
46900, t, 3.752000e-03, KEe, 22578.270778, MEe, 7.526090259e-01, E, -0.300000, NP, 30000 3000
47000, t, 3.760000e-03, KEe, 22560.584881, MEe, 7.520194960e-01, E, -0.300000, NP, 30000 3000
47100, t, 3.768000e-03, KEe, 22575.299946, MEe, 7.525099982e-01, E, -0.300000, NP, 30000 3000
47200, t, 3.776000e-03, KEe, 22574.118711, MEe, 7.524706237e-01, E, -0.300000, NP, 30000 3000
47300, t, 3.784000e-03, KEe, 22536.898421, MEe, 7.512299474e-01, E, -0.300000, NP, 30000 3000
47400, t, 3.792000e-03, KEe, 22544.221679, MEe, 7.514740560e-01, E, -0.300000, NP, 30000 3000
47500, t, 3.800000e-03, KEe, 22547.286691, MEe, 7.515762230e-01, E, -0.300000, NP, 30000 3000
47600, t, 3.808000e-03, KEe, 22564.579063, MEe, 7.521526354e-01, E, -0.300000, NP, 30000 3000
47700, t, 3.816000e-03, KEe, 22565.383047, MEe, 7.521794349e-01, E, -0.300000, NP, 30000 3000
47800, t, 3.824000e-03, KEe, 22560.159685, MEe, 7.520053228e-01, E, -0.300000, NP, 30000 3000
47900, t, 3.832000e-03, KEe, 22570.674244, MEe, 7.523558081e-01, E, -0.300000, NP, 30000 3000
48000, t, 3.840000e-03, KEe, 22585.512141, MEe, 7.528504047e-01, E, -0.300000, NP, 30000 3000
48100, t, 3.848000e-03, KEe, 22582.850665, MEe, 7.527616888e-01, E, -0.300000, NP, 30000 3000
48200, t, 3.856000e-03, KEe, 22582.446329, MEe, 7.527482110e-01, E, -0.300000, NP, 30000 3000
48300, t, 3.864000e-03, KEe, 22586.590163, MEe, 7.528863388e-01, E, -0.300000, NP, 30000 3000
48400, t, 3.872000e-03, KEe, 22621.709616, MEe, 7.540569872e-01, E, -0.300000, NP, 30000 3000
48500, t, 3.880000e-03, KEe, 22603.472478, MEe, 7.534490826e-01, E, -0.300000, NP, 30000 3000
48600, t, 3.888000e-03, KEe, 22600.312344, MEe, 7.533437448e-01, E, -0.300000, NP, 30000 3000
48700, t, 3.896000e-03, KEe, 22614.339916, MEe, 7.538113305e-01, E, -0.300000, NP, 30000 3000
48800, t, 3.904000e-03, KEe, 22599.208523, MEe, 7.533069508e-01, E, -0.300000, NP, 30000 3000
48900, t, 3.912000e-03, KEe, 22554.540796, MEe, 7.518180265e-01, E, -0.300000, NP, 30000 3000
49000, t, 3.920000e-03, KEe, 22562.537133, MEe, 7.520845711e-01, E, -0.300000, NP, 30000 3000
49100, t, 3.928000e-03, KEe, 22559.200358, MEe, 7.519733453e-01, E, -0.300000, NP, 30000 3000
49200, t, 3.936000e-03, KEe, 22551.216711, MEe, 7.517072237e-01, E, -0.300000, NP, 30000 3000
49300, t, 3.944000e-03, KEe, 22535.785233, MEe, 7.511928411e-01, E, -0.300000, NP, 30000 3000
49400, t, 3.952000e-03, KEe, 22512.190957, MEe, 7.504063652e-01, E, -0.300000, NP, 30000 3000
49500, t, 3.960000e-03, KEe, 22533.473493, MEe, 7.511157831e-01, E, -0.300000, NP, 30000 3000
49600, t, 3.968000e-03, KEe, 22544.052011, MEe, 7.514684004e-01, E, -0.300000, NP, 30000 3000
49700, t, 3.976000e-03, KEe, 22567.341543, MEe, 7.522447181e-01, E, -0.300000, NP, 30000 3000
49800, t, 3.984000e-03, KEe, 22556.715458, MEe, 7.518905153e-01, E, -0.300000, NP, 30000 3000
49900, t, 3.992000e-03, KEe, 22562.296088, MEe, 7.520765363e-01, E, -0.300000, NP, 30000 3000
50000, t, 4.000000e-03, KEe, 22575.393945, MEe, 7.525131315e-01, E, -0.300000, NP, 30000 3000
50100, t, 4.008000e-03, KEe, 22566.075122, MEe, 7.522025041e-01, E, -0.300000, NP, 30000 3000
50200, t, 4.016000e-03, KEe, 22573.636680, MEe, 7.524545560e-01, E, -0.300000, NP, 30000 3000
50300, t, 4.024000e-03, KEe, 22556.686532, MEe, 7.518895511e-01, E, -0.300000, NP, 30000 3000
50400, t, 4.032000e-03, KEe, 22553.597390, MEe, 7.517865797e-01, E, -0.300000, NP, 30000 3000
50500, t, 4.040000e-03, KEe, 22536.392801, MEe, 7.512130934e-01, E, -0.300000, NP, 30000 3000
50600, t, 4.048000e-03, KEe, 22564.832484, MEe, 7.521610828e-01, E, -0.300000, NP, 30000 3000
50700, t, 4.056000e-03, KEe, 22591.088848, MEe, 7.530362949e-01, E, -0.300000, NP, 30000 3000
50800, t, 4.064000e-03, KEe, 22596.369165, MEe, 7.532123055e-01, E, -0.300000, NP, 30000 3000
50900, t, 4.072000e-03, KEe, 22577.461849, MEe, 7.525820616e-01, E, -0.300000, NP, 30000 3000
51000, t, 4.080000e-03, KEe, 22571.579417, MEe, 7.523859806e-01, E, -0.300000, NP, 30000 3000
51100, t, 4.088000e-03, KEe, 22573.624271, MEe, 7.524541424e-01, E, -0.300000, NP, 30000 3000
51200, t, 4.096000e-03, KEe, 22573.060930, MEe, 7.524353643e-01, E, -0.300000, NP, 30000 3000
51300, t, 4.104000e-03, KEe, 22544.304487, MEe, 7.514768162e-01, E, -0.300000, NP, 30000 3000
51400, t, 4.112000e-03, KEe, 22524.421854, MEe, 7.508140618e-01, E, -0.300000, NP, 30000 3000
51500, t, 4.120000e-03, KEe, 22509.568026, MEe, 7.503189342e-01, E, -0.300000, NP, 30000 3000
51600, t, 4.128000e-03, KEe, 22501.401119, MEe, 7.500467040e-01, E, -0.300000, NP, 30000 3000
51700, t, 4.136000e-03, KEe, 22521.015975, MEe, 7.507005325e-01, E, -0.300000, NP, 30000 3000
51800, t, 4.144000e-03, KEe, 22535.820657, MEe, 7.511940219e-01, E, -0.300000, NP, 30000 3000
51900, t, 4.152000e-03, KEe, 22538.420458, MEe, 7.512806819e-01, E, -0.300000, NP, 30000 3000
52000, t, 4.160000e-03, KEe, 22560.401358, MEe, 7.520133786e-01, E, -0.300000, NP, 30000 3000
52100, t, 4.168000e-03, KEe, 22549.754144, MEe, 7.516584715e-01, E, -0.300000, NP, 30000 3000
52200, t, 4.176000e-03, KEe, 22545.028161, MEe, 7.515009387e-01, E, -0.300000, NP, 30000 3000
52300, t, 4.184000e-03, KEe, 22537.419073, MEe, 7.512473024e-01, E, -0.300000, NP, 30000 3000
52400, t, 4.192000e-03, KEe, 22511.332058, MEe, 7.503777353e-01, E, -0.300000, NP, 30000 3000
52500, t, 4.200000e-03, KEe, 22503.141828, MEe, 7.501047276e-01, E, -0.300000, NP, 30000 3000
52600, t, 4.208000e-03, KEe, 22490.256205, MEe, 7.496752068e-01, E, -0.300000, NP, 30000 3000
52700, t, 4.216000e-03, KEe, 22474.602300, MEe, 7.491534100e-01, E, -0.300000, NP, 30000 3000
52800, t, 4.224000e-03, KEe, 22417.674653, MEe, 7.472558218e-01, E, -0.300000, NP, 30000 3000
52900, t, 4.232000e-03, KEe, 22444.427381, MEe, 7.481475794e-01, E, -0.300000, NP, 30000 3000
53000, t, 4.240000e-03, KEe, 22454.563705, MEe, 7.484854568e-01, E, -0.300000, NP, 30000 3000
53100, t, 4.248000e-03, KEe, 22451.965426, MEe, 7.483988475e-01, E, -0.300000, NP, 30000 3000
53200, t, 4.256000e-03, KEe, 22432.314017, MEe, 7.477438006e-01, E, -0.300000, NP, 30000 3000
53300, t, 4.264000e-03, KEe, 22403.161104, MEe, 7.467720368e-01, E, -0.300000, NP, 30000 3000
53400, t, 4.272000e-03, KEe, 22420.833678, MEe, 7.473611226e-01, E, -0.300000, NP, 30000 3000
53500, t, 4.280000e-03, KEe, 22424.007694, MEe, 7.474669231e-01, E, -0.300000, NP, 30000 3000
53600, t, 4.288000e-03, KEe, 22440.027401, MEe, 7.480009134e-01, E, -0.300000, NP, 30000 3000
53700, t, 4.296000e-03, KEe, 22478.695533, MEe, 7.492898511e-01, E, -0.300000, NP, 30000 3000
53800, t, 4.304000e-03, KEe, 22495.737618, MEe, 7.498579206e-01, E, -0.300000, NP, 30000 3000
53900, t, 4.312000e-03, KEe, 22489.791921, MEe, 7.496597307e-01, E, -0.300000, NP, 30000 3000
54000, t, 4.320000e-03, KEe, 22488.483527, MEe, 7.496161176e-01, E, -0.300000, NP, 30000 3000
54100, t, 4.328000e-03, KEe, 22489.954651, MEe, 7.496651550e-01, E, -0.300000, NP, 30000 3000
54200, t, 4.336000e-03, KEe, 22486.403966, MEe, 7.495467989e-01, E, -0.300000, NP, 30000 3000
54300, t, 4.344000e-03, KEe, 22493.435671, MEe, 7.497811890e-01, E, -0.300000, NP, 30000 3000
54400, t, 4.352000e-03, KEe, 22482.549793, MEe, 7.494183264e-01, E, -0.300000, NP, 30000 3000
54500, t, 4.360000e-03, KEe, 22470.750561, MEe, 7.490250187e-01, E, -0.300000, NP, 30000 3000
54600, t, 4.368000e-03, KEe, 22519.083094, MEe, 7.506361031e-01, E, -0.300000, NP, 30000 3000
54700, t, 4.376000e-03, KEe, 22531.570367, MEe, 7.510523456e-01, E, -0.300000, NP, 30000 3000
54800, t, 4.384000e-03, KEe, 22539.389404, MEe, 7.513129801e-01, E, -0.300000, NP, 30000 3000
54900, t, 4.392000e-03, KEe, 22547.239410, MEe, 7.515746470e-01, E, -0.300000, NP, 30000 3000
55000, t, 4.400000e-03, KEe, 22552.715477, MEe, 7.517571826e-01, E, -0.300000, NP, 30000 3000
55100, t, 4.408000e-03, KEe, 22552.395620, MEe, 7.517465207e-01, E, -0.300000, NP, 30000 3000
55200, t, 4.416000e-03, KEe, 22549.908290, MEe, 7.516636097e-01, E, -0.300000, NP, 30000 3000
55300, t, 4.424000e-03, KEe, 22539.917419, MEe, 7.513305806e-01, E, -0.300000, NP, 30000 3000
55400, t, 4.432000e-03, KEe, 22545.511887, MEe, 7.515170629e-01, E, -0.300000, NP, 30000 3000
55500, t, 4.440000e-03, KEe, 22555.548823, MEe, 7.518516274e-01, E, -0.300000, NP, 30000 3000
55600, t, 4.448000e-03, KEe, 22546.122835, MEe, 7.515374278e-01, E, -0.300000, NP, 30000 3000
55700, t, 4.456000e-03, KEe, 22554.709882, MEe, 7.518236627e-01, E, -0.300000, NP, 30000 3000
55800, t, 4.464000e-03, KEe, 22489.209557, MEe, 7.496403186e-01, E, -0.300000, NP, 30000 3000
55900, t, 4.472000e-03, KEe, 22473.620804, MEe, 7.491206935e-01, E, -0.300000, NP, 30000 3000
56000, t, 4.480000e-03, KEe, 22472.642338, MEe, 7.490880779e-01, E, -0.300000, NP, 30000 3000
56100, t, 4.488000e-03, KEe, 22470.847910, MEe, 7.490282637e-01, E, -0.300000, NP, 30000 3000
56200, t, 4.496000e-03, KEe, 22451.105876, MEe, 7.483701959e-01, E, -0.300000, NP, 30000 3000
56300, t, 4.504000e-03, KEe, 22451.421240, MEe, 7.483807080e-01, E, -0.300000, NP, 30000 3000
56400, t, 4.512000e-03, KEe, 22452.439364, MEe, 7.484146455e-01, E, -0.300000, NP, 30000 3000
56500, t, 4.520000e-03, KEe, 22470.561907, MEe, 7.490187302e-01, E, -0.300000, NP, 30000 3000
56600, t, 4.528000e-03, KEe, 22490.053132, MEe, 7.496684377e-01, E, -0.300000, NP, 30000 3000
56700, t, 4.536000e-03, KEe, 22492.692647, MEe, 7.497564216e-01, E, -0.300000, NP, 30000 3000
56800, t, 4.544000e-03, KEe, 22504.827186, MEe, 7.501609062e-01, E, -0.300000, NP, 30000 3000
56900, t, 4.552000e-03, KEe, 22495.463679, MEe, 7.498487893e-01, E, -0.300000, NP, 30000 3000
57000, t, 4.560000e-03, KEe, 22526.214642, MEe, 7.508738214e-01, E, -0.300000, NP, 30000 3000
57100, t, 4.568000e-03, KEe, 22510.681154, MEe, 7.503560385e-01, E, -0.300000, NP, 30000 3000
57200, t, 4.576000e-03, KEe, 22511.297977, MEe, 7.503765992e-01, E, -0.300000, NP, 30000 3000
57300, t, 4.584000e-03, KEe, 22515.352352, MEe, 7.505117451e-01, E, -0.300000, NP, 30000 3000
57400, t, 4.592000e-03, KEe, 22533.609663, MEe, 7.511203221e-01, E, -0.300000, NP, 30000 3000
57500, t, 4.600000e-03, KEe, 22537.735930, MEe, 7.512578643e-01, E, -0.300000, NP, 30000 3000
57600, t, 4.608000e-03, KEe, 22513.252633, MEe, 7.504417544e-01, E, -0.300000, NP, 30000 3000
57700, t, 4.616000e-03, KEe, 22498.674118, MEe, 7.499558039e-01, E, -0.300000, NP, 30000 3000
57800, t, 4.624000e-03, KEe, 22466.938347, MEe, 7.488979449e-01, E, -0.300000, NP, 30000 3000
57900, t, 4.632000e-03, KEe, 22475.636383, MEe, 7.491878794e-01, E, -0.300000, NP, 30000 3000
58000, t, 4.640000e-03, KEe, 22467.867725, MEe, 7.489289242e-01, E, -0.300000, NP, 30000 3000
58100, t, 4.648000e-03, KEe, 22477.705391, MEe, 7.492568464e-01, E, -0.300000, NP, 30000 3000
58200, t, 4.656000e-03, KEe, 22476.767698, MEe, 7.492255899e-01, E, -0.300000, NP, 30000 3000
58300, t, 4.664000e-03, KEe, 22467.779103, MEe, 7.489259701e-01, E, -0.300000, NP, 30000 3000
58400, t, 4.672000e-03, KEe, 22459.106058, MEe, 7.486368686e-01, E, -0.300000, NP, 30000 3000
58500, t, 4.680000e-03, KEe, 22454.160618, MEe, 7.484720206e-01, E, -0.300000, NP, 30000 3000
58600, t, 4.688000e-03, KEe, 22449.101958, MEe, 7.483033986e-01, E, -0.300000, NP, 30000 3000
58700, t, 4.696000e-03, KEe, 22461.285991, MEe, 7.487095330e-01, E, -0.300000, NP, 30000 3000
58800, t, 4.704000e-03, KEe, 22452.228963, MEe, 7.484076321e-01, E, -0.300000, NP, 30000 3000
58900, t, 4.712000e-03, KEe, 22459.272725, MEe, 7.486424242e-01, E, -0.300000, NP, 30000 3000
59000, t, 4.720000e-03, KEe, 22443.828001, MEe, 7.481276000e-01, E, -0.300000, NP, 30000 3000
59100, t, 4.728000e-03, KEe, 22452.605858, MEe, 7.484201953e-01, E, -0.300000, NP, 30000 3000
59200, t, 4.736000e-03, KEe, 22443.525450, MEe, 7.481175150e-01, E, -0.300000, NP, 30000 3000
59300, t, 4.744000e-03, KEe, 22450.220662, MEe, 7.483406887e-01, E, -0.300000, NP, 30000 3000
59400, t, 4.752000e-03, KEe, 22456.368601, MEe, 7.485456200e-01, E, -0.300000, NP, 30000 3000
59500, t, 4.760000e-03, KEe, 22424.555098, MEe, 7.474851699e-01, E, -0.300000, NP, 30000 3000
59600, t, 4.768000e-03, KEe, 22418.661859, MEe, 7.472887286e-01, E, -0.300000, NP, 30000 3000
59700, t, 4.776000e-03, KEe, 22424.739279, MEe, 7.474913093e-01, E, -0.300000, NP, 30000 3000
59800, t, 4.784000e-03, KEe, 22408.200947, MEe, 7.469400316e-01, E, -0.300000, NP, 30000 3000
59900, t, 4.792000e-03, KEe, 22398.632005, MEe, 7.466210668e-01, E, -0.300000, NP, 30000 3000
60000, t, 4.800000e-03, KEe, 22378.512653, MEe, 7.459504218e-01, E, -0.300000, NP, 30000 3000
60100, t, 4.808000e-03, KEe, 22393.456604, MEe, 7.464485535e-01, E, -0.300000, NP, 30000 3000
60200, t, 4.816000e-03, KEe, 22359.904361, MEe, 7.453301454e-01, E, -0.300000, NP, 30000 3000
60300, t, 4.824000e-03, KEe, 22377.154761, MEe, 7.459051587e-01, E, -0.300000, NP, 30000 3000
60400, t, 4.832000e-03, KEe, 22384.742239, MEe, 7.461580746e-01, E, -0.300000, NP, 30000 3000
60500, t, 4.840000e-03, KEe, 22382.762522, MEe, 7.460920841e-01, E, -0.300000, NP, 30000 3000
60600, t, 4.848000e-03, KEe, 22396.209088, MEe, 7.465403029e-01, E, -0.300000, NP, 30000 3000
60700, t, 4.856000e-03, KEe, 22432.320213, MEe, 7.477440071e-01, E, -0.300000, NP, 30000 3000
60800, t, 4.864000e-03, KEe, 22420.137361, MEe, 7.473379120e-01, E, -0.300000, NP, 30000 3000
60900, t, 4.872000e-03, KEe, 22457.433253, MEe, 7.485811084e-01, E, -0.300000, NP, 30000 3000
61000, t, 4.880000e-03, KEe, 22439.270368, MEe, 7.479756789e-01, E, -0.300000, NP, 30000 3000
61100, t, 4.888000e-03, KEe, 22416.894792, MEe, 7.472298264e-01, E, -0.300000, NP, 30000 3000
61200, t, 4.896000e-03, KEe, 22425.381504, MEe, 7.475127168e-01, E, -0.300000, NP, 30000 3000
61300, t, 4.904000e-03, KEe, 22442.447407, MEe, 7.480815802e-01, E, -0.300000, NP, 30000 3000
61400, t, 4.912000e-03, KEe, 22465.923606, MEe, 7.488641202e-01, E, -0.300000, NP, 30000 3000
61500, t, 4.920000e-03, KEe, 22460.721338, MEe, 7.486907113e-01, E, -0.300000, NP, 30000 3000
61600, t, 4.928000e-03, KEe, 22460.586379, MEe, 7.486862126e-01, E, -0.300000, NP, 30000 3000
61700, t, 4.936000e-03, KEe, 22457.273246, MEe, 7.485757749e-01, E, -0.300000, NP, 30000 3000
61800, t, 4.944000e-03, KEe, 22444.479169, MEe, 7.481493056e-01, E, -0.300000, NP, 30000 3000
61900, t, 4.952000e-03, KEe, 22471.421435, MEe, 7.490473812e-01, E, -0.300000, NP, 30000 3000
62000, t, 4.960000e-03, KEe, 22474.536491, MEe, 7.491512164e-01, E, -0.300000, NP, 30000 3000
62100, t, 4.968000e-03, KEe, 22498.612150, MEe, 7.499537383e-01, E, -0.300000, NP, 30000 3000
62200, t, 4.976000e-03, KEe, 22507.956987, MEe, 7.502652329e-01, E, -0.300000, NP, 30000 3000
62300, t, 4.984000e-03, KEe, 22495.391239, MEe, 7.498463746e-01, E, -0.300000, NP, 30000 3000
62400, t, 4.992000e-03, KEe, 22489.189655, MEe, 7.496396552e-01, E, -0.300000, NP, 30000 3000
62500, t, 5.000000e-03, KEe, 22502.477145, MEe, 7.500825715e-01, E, -0.300000, NP, 30000 3000
62600, t, 5.008000e-03, KEe, 22528.413271, MEe, 7.509471090e-01, E, -0.300000, NP, 30000 3000
62700, t, 5.016000e-03, KEe, 22534.039210, MEe, 7.511346403e-01, E, -0.300000, NP, 30000 3000
62800, t, 5.024000e-03, KEe, 22523.365130, MEe, 7.507788377e-01, E, -0.300000, NP, 30000 3000
62900, t, 5.032000e-03, KEe, 22515.527470, MEe, 7.505175823e-01, E, -0.300000, NP, 30000 3000
63000, t, 5.040000e-03, KEe, 22514.357811, MEe, 7.504785937e-01, E, -0.300000, NP, 30000 3000
63100, t, 5.048000e-03, KEe, 22526.448186, MEe, 7.508816062e-01, E, -0.300000, NP, 30000 3000
63200, t, 5.056000e-03, KEe, 22539.241489, MEe, 7.513080496e-01, E, -0.300000, NP, 30000 3000
63300, t, 5.064000e-03, KEe, 22547.404061, MEe, 7.515801354e-01, E, -0.300000, NP, 30000 3000
63400, t, 5.072000e-03, KEe, 22542.207555, MEe, 7.514069185e-01, E, -0.300000, NP, 30000 3000
63500, t, 5.080000e-03, KEe, 22516.742576, MEe, 7.505580859e-01, E, -0.300000, NP, 30000 3000
63600, t, 5.088000e-03, KEe, 22525.169978, MEe, 7.508389993e-01, E, -0.300000, NP, 30000 3000
63700, t, 5.096000e-03, KEe, 22515.165355, MEe, 7.505055118e-01, E, -0.300000, NP, 30000 3000
63800, t, 5.104000e-03, KEe, 22514.028834, MEe, 7.504676278e-01, E, -0.300000, NP, 30000 3000
63900, t, 5.112000e-03, KEe, 22499.650062, MEe, 7.499883354e-01, E, -0.300000, NP, 30000 3000
64000, t, 5.120000e-03, KEe, 22507.074956, MEe, 7.502358319e-01, E, -0.300000, NP, 30000 3000
64100, t, 5.128000e-03, KEe, 22515.922725, MEe, 7.505307575e-01, E, -0.300000, NP, 30000 3000
64200, t, 5.136000e-03, KEe, 22522.037035, MEe, 7.507345678e-01, E, -0.300000, NP, 30000 3000
64300, t, 5.144000e-03, KEe, 22512.095062, MEe, 7.504031687e-01, E, -0.300000, NP, 30000 3000
64400, t, 5.152000e-03, KEe, 22468.945152, MEe, 7.489648384e-01, E, -0.300000, NP, 30000 3000
64500, t, 5.160000e-03, KEe, 22458.049729, MEe, 7.486016576e-01, E, -0.300000, NP, 30000 3000
64600, t, 5.168000e-03, KEe, 22461.104007, MEe, 7.487034669e-01, E, -0.300000, NP, 30000 3000
64700, t, 5.176000e-03, KEe, 22469.882972, MEe, 7.489960991e-01, E, -0.300000, NP, 30000 3000
64800, t, 5.184000e-03, KEe, 22465.354143, MEe, 7.488451381e-01, E, -0.300000, NP, 30000 3000
64900, t, 5.192000e-03, KEe, 22504.166635, MEe, 7.501388878e-01, E, -0.300000, NP, 30000 3000
65000, t, 5.200000e-03, KEe, 22535.602437, MEe, 7.511867479e-01, E, -0.300000, NP, 30000 3000
65100, t, 5.208000e-03, KEe, 22541.208536, MEe, 7.513736179e-01, E, -0.300000, NP, 30000 3000
65200, t, 5.216000e-03, KEe, 22541.555187, MEe, 7.513851729e-01, E, -0.300000, NP, 30000 3000
65300, t, 5.224000e-03, KEe, 22534.007621, MEe, 7.511335874e-01, E, -0.300000, NP, 30000 3000
65400, t, 5.232000e-03, KEe, 22529.696639, MEe, 7.509898880e-01, E, -0.300000, NP, 30000 3000
65500, t, 5.240000e-03, KEe, 22543.186657, MEe, 7.514395552e-01, E, -0.300000, NP, 30000 3000
65600, t, 5.248000e-03, KEe, 22553.262291, MEe, 7.517754097e-01, E, -0.300000, NP, 30000 3000
65700, t, 5.256000e-03, KEe, 22586.906412, MEe, 7.528968804e-01, E, -0.300000, NP, 30000 3000
65800, t, 5.264000e-03, KEe, 22542.364649, MEe, 7.514121550e-01, E, -0.300000, NP, 30000 3000
65900, t, 5.272000e-03, KEe, 22564.109098, MEe, 7.521369699e-01, E, -0.300000, NP, 30000 3000
66000, t, 5.280000e-03, KEe, 22570.406423, MEe, 7.523468808e-01, E, -0.300000, NP, 30000 3000
66100, t, 5.288000e-03, KEe, 22575.905139, MEe, 7.525301713e-01, E, -0.300000, NP, 30000 3000
66200, t, 5.296000e-03, KEe, 22545.716625, MEe, 7.515238875e-01, E, -0.300000, NP, 30000 3000
66300, t, 5.304000e-03, KEe, 22561.371821, MEe, 7.520457274e-01, E, -0.300000, NP, 30000 3000
66400, t, 5.312000e-03, KEe, 22541.203261, MEe, 7.513734420e-01, E, -0.300000, NP, 30000 3000
66500, t, 5.320000e-03, KEe, 22530.654869, MEe, 7.510218290e-01, E, -0.300000, NP, 30000 3000
66600, t, 5.328000e-03, KEe, 22539.182810, MEe, 7.513060937e-01, E, -0.300000, NP, 30000 3000
66700, t, 5.336000e-03, KEe, 22526.936416, MEe, 7.508978805e-01, E, -0.300000, NP, 30000 3000
66800, t, 5.344000e-03, KEe, 22524.153992, MEe, 7.508051331e-01, E, -0.300000, NP, 30000 3000
66900, t, 5.352000e-03, KEe, 22523.601588, MEe, 7.507867196e-01, E, -0.300000, NP, 30000 3000
67000, t, 5.360000e-03, KEe, 22528.378108, MEe, 7.509459369e-01, E, -0.300000, NP, 30000 3000
67100, t, 5.368000e-03, KEe, 22539.533761, MEe, 7.513177920e-01, E, -0.300000, NP, 30000 3000
67200, t, 5.376000e-03, KEe, 22542.436510, MEe, 7.514145503e-01, E, -0.300000, NP, 30000 3000
67300, t, 5.384000e-03, KEe, 22593.337290, MEe, 7.531112430e-01, E, -0.300000, NP, 30000 3000
67400, t, 5.392000e-03, KEe, 22602.739104, MEe, 7.534246368e-01, E, -0.300000, NP, 30000 3000
67500, t, 5.400000e-03, KEe, 22604.029128, MEe, 7.534676376e-01, E, -0.300000, NP, 30000 3000
67600, t, 5.408000e-03, KEe, 22578.932600, MEe, 7.526310867e-01, E, -0.300000, NP, 30000 3000
67700, t, 5.416000e-03, KEe, 22582.429517, MEe, 7.527476506e-01, E, -0.300000, NP, 30000 3000
67800, t, 5.424000e-03, KEe, 22590.969200, MEe, 7.530323067e-01, E, -0.300000, NP, 30000 3000
67900, t, 5.432000e-03, KEe, 22593.427245, MEe, 7.531142415e-01, E, -0.300000, NP, 30000 3000
68000, t, 5.440000e-03, KEe, 22575.445007, MEe, 7.525148336e-01, E, -0.300000, NP, 30000 3000
68100, t, 5.448000e-03, KEe, 22621.280187, MEe, 7.540426729e-01, E, -0.300000, NP, 30000 3000
68200, t, 5.456000e-03, KEe, 22606.050972, MEe, 7.535350324e-01, E, -0.300000, NP, 30000 3000
68300, t, 5.464000e-03, KEe, 22571.499337, MEe, 7.523833112e-01, E, -0.300000, NP, 30000 3000
68400, t, 5.472000e-03, KEe, 22584.170447, MEe, 7.528056816e-01, E, -0.300000, NP, 30000 3000
68500, t, 5.480000e-03, KEe, 22575.471180, MEe, 7.525157060e-01, E, -0.300000, NP, 30000 3000
68600, t, 5.488000e-03, KEe, 22591.622840, MEe, 7.530540947e-01, E, -0.300000, NP, 30000 3000
68700, t, 5.496000e-03, KEe, 22592.631044, MEe, 7.530877015e-01, E, -0.300000, NP, 30000 3000
68800, t, 5.504000e-03, KEe, 22577.623988, MEe, 7.525874663e-01, E, -0.300000, NP, 30000 3000
68900, t, 5.512000e-03, KEe, 22565.318312, MEe, 7.521772771e-01, E, -0.300000, NP, 30000 3000
69000, t, 5.520000e-03, KEe, 22591.312962, MEe, 7.530437654e-01, E, -0.300000, NP, 30000 3000
69100, t, 5.528000e-03, KEe, 22576.379437, MEe, 7.525459812e-01, E, -0.300000, NP, 30000 3000
69200, t, 5.536000e-03, KEe, 22591.496965, MEe, 7.530498988e-01, E, -0.300000, NP, 30000 3000
69300, t, 5.544000e-03, KEe, 22582.521725, MEe, 7.527507242e-01, E, -0.300000, NP, 30000 3000
69400, t, 5.552000e-03, KEe, 22579.619563, MEe, 7.526539854e-01, E, -0.300000, NP, 30000 3000
69500, t, 5.560000e-03, KEe, 22590.888498, MEe, 7.530296166e-01, E, -0.300000, NP, 30000 3000
69600, t, 5.568000e-03, KEe, 22570.335213, MEe, 7.523445071e-01, E, -0.300000, NP, 30000 3000
69700, t, 5.576000e-03, KEe, 22564.794128, MEe, 7.521598043e-01, E, -0.300000, NP, 30000 3000
69800, t, 5.584000e-03, KEe, 22558.650630, MEe, 7.519550210e-01, E, -0.300000, NP, 30000 3000
69900, t, 5.592000e-03, KEe, 22582.147784, MEe, 7.527382595e-01, E, -0.300000, NP, 30000 3000
70000, t, 5.600000e-03, KEe, 22584.875371, MEe, 7.528291790e-01, E, -0.300000, NP, 30000 3000
70100, t, 5.608000e-03, KEe, 22579.004722, MEe, 7.526334907e-01, E, -0.300000, NP, 30000 3000
70200, t, 5.616000e-03, KEe, 22562.445395, MEe, 7.520815132e-01, E, -0.300000, NP, 30000 3000
70300, t, 5.624000e-03, KEe, 22580.997247, MEe, 7.526999082e-01, E, -0.300000, NP, 30000 3000
70400, t, 5.632000e-03, KEe, 22582.790786, MEe, 7.527596929e-01, E, -0.300000, NP, 30000 3000
70500, t, 5.640000e-03, KEe, 22618.616060, MEe, 7.539538687e-01, E, -0.300000, NP, 30000 3000
70600, t, 5.648000e-03, KEe, 22618.226597, MEe, 7.539408866e-01, E, -0.300000, NP, 30000 3000
70700, t, 5.656000e-03, KEe, 22608.315468, MEe, 7.536105156e-01, E, -0.300000, NP, 30000 3000
70800, t, 5.664000e-03, KEe, 22617.623581, MEe, 7.539207860e-01, E, -0.300000, NP, 30000 3000
70900, t, 5.672000e-03, KEe, 22611.349643, MEe, 7.537116548e-01, E, -0.300000, NP, 30000 3000
71000, t, 5.680000e-03, KEe, 22609.396995, MEe, 7.536465665e-01, E, -0.300000, NP, 30000 3000
71100, t, 5.688000e-03, KEe, 22615.605385, MEe, 7.538535128e-01, E, -0.300000, NP, 30000 3000
71200, t, 5.696000e-03, KEe, 22605.709441, MEe, 7.535236480e-01, E, -0.300000, NP, 30000 3000
71300, t, 5.704000e-03, KEe, 22627.517881, MEe, 7.542505960e-01, E, -0.300000, NP, 30000 3000
71400, t, 5.712000e-03, KEe, 22631.570672, MEe, 7.543856891e-01, E, -0.300000, NP, 30000 3000
71500, t, 5.720000e-03, KEe, 22610.501567, MEe, 7.536833856e-01, E, -0.300000, NP, 30000 3000
71600, t, 5.728000e-03, KEe, 22599.457996, MEe, 7.533152665e-01, E, -0.300000, NP, 30000 3000
71700, t, 5.736000e-03, KEe, 22593.989788, MEe, 7.531329929e-01, E, -0.300000, NP, 30000 3000
71800, t, 5.744000e-03, KEe, 22586.345790, MEe, 7.528781930e-01, E, -0.300000, NP, 30000 3000
71900, t, 5.752000e-03, KEe, 22594.822913, MEe, 7.531607638e-01, E, -0.300000, NP, 30000 3000
72000, t, 5.760000e-03, KEe, 22626.239256, MEe, 7.542079752e-01, E, -0.300000, NP, 30000 3000
72100, t, 5.768000e-03, KEe, 22604.368936, MEe, 7.534789645e-01, E, -0.300000, NP, 30000 3000
72200, t, 5.776000e-03, KEe, 22587.931863, MEe, 7.529310621e-01, E, -0.300000, NP, 30000 3000
72300, t, 5.784000e-03, KEe, 22591.572909, MEe, 7.530524303e-01, E, -0.300000, NP, 30000 3000
72400, t, 5.792000e-03, KEe, 22536.875348, MEe, 7.512291783e-01, E, -0.300000, NP, 30000 3000
72500, t, 5.800000e-03, KEe, 22531.940205, MEe, 7.510646735e-01, E, -0.300000, NP, 30000 3000
72600, t, 5.808000e-03, KEe, 22531.106738, MEe, 7.510368913e-01, E, -0.300000, NP, 30000 3000
72700, t, 5.816000e-03, KEe, 22514.757478, MEe, 7.504919159e-01, E, -0.300000, NP, 30000 3000
72800, t, 5.824000e-03, KEe, 22514.732217, MEe, 7.504910739e-01, E, -0.300000, NP, 30000 3000
72900, t, 5.832000e-03, KEe, 22544.906385, MEe, 7.514968795e-01, E, -0.300000, NP, 30000 3000
73000, t, 5.840000e-03, KEe, 22545.375919, MEe, 7.515125306e-01, E, -0.300000, NP, 30000 3000
73100, t, 5.848000e-03, KEe, 22531.876117, MEe, 7.510625372e-01, E, -0.300000, NP, 30000 3000
73200, t, 5.856000e-03, KEe, 22553.389668, MEe, 7.517796556e-01, E, -0.300000, NP, 30000 3000
73300, t, 5.864000e-03, KEe, 22539.885106, MEe, 7.513295035e-01, E, -0.300000, NP, 30000 3000
73400, t, 5.872000e-03, KEe, 22530.682710, MEe, 7.510227570e-01, E, -0.300000, NP, 30000 3000
73500, t, 5.880000e-03, KEe, 22538.366550, MEe, 7.512788850e-01, E, -0.300000, NP, 30000 3000
73600, t, 5.888000e-03, KEe, 22537.430120, MEe, 7.512476707e-01, E, -0.300000, NP, 30000 3000
73700, t, 5.896000e-03, KEe, 22554.875768, MEe, 7.518291923e-01, E, -0.300000, NP, 30000 3000
73800, t, 5.904000e-03, KEe, 22551.522840, MEe, 7.517174280e-01, E, -0.300000, NP, 30000 3000
73900, t, 5.912000e-03, KEe, 22572.489814, MEe, 7.524163271e-01, E, -0.300000, NP, 30000 3000
74000, t, 5.920000e-03, KEe, 22574.793728, MEe, 7.524931243e-01, E, -0.300000, NP, 30000 3000
74100, t, 5.928000e-03, KEe, 22619.465280, MEe, 7.539821760e-01, E, -0.300000, NP, 30000 3000
74200, t, 5.936000e-03, KEe, 22600.067688, MEe, 7.533355896e-01, E, -0.300000, NP, 30000 3000
74300, t, 5.944000e-03, KEe, 22601.328978, MEe, 7.533776326e-01, E, -0.300000, NP, 30000 3000
74400, t, 5.952000e-03, KEe, 22631.372935, MEe, 7.543790978e-01, E, -0.300000, NP, 30000 3000
74500, t, 5.960000e-03, KEe, 22601.628879, MEe, 7.533876293e-01, E, -0.300000, NP, 30000 3000
74600, t, 5.968000e-03, KEe, 22588.559446, MEe, 7.529519815e-01, E, -0.300000, NP, 30000 3000
74700, t, 5.976000e-03, KEe, 22617.133672, MEe, 7.539044557e-01, E, -0.300000, NP, 30000 3000
74800, t, 5.984000e-03, KEe, 22626.746893, MEe, 7.542248964e-01, E, -0.300000, NP, 30000 3000
74900, t, 5.992000e-03, KEe, 22625.519866, MEe, 7.541839955e-01, E, -0.300000, NP, 30000 3000
75000, t, 6.000000e-03, KEe, 22620.357295, MEe, 7.540119098e-01, E, -0.300000, NP, 30000 3000
75100, t, 6.008000e-03, KEe, 22612.282273, MEe, 7.537427424e-01, E, -0.300000, NP, 30000 3000
75200, t, 6.016000e-03, KEe, 22586.336152, MEe, 7.528778717e-01, E, -0.300000, NP, 30000 3000
75300, t, 6.024000e-03, KEe, 22597.820955, MEe, 7.532606985e-01, E, -0.300000, NP, 30000 3000
75400, t, 6.032000e-03, KEe, 22592.298419, MEe, 7.530766140e-01, E, -0.300000, NP, 30000 3000
75500, t, 6.040000e-03, KEe, 22582.897008, MEe, 7.527632336e-01, E, -0.300000, NP, 30000 3000
75600, t, 6.048000e-03, KEe, 22597.469117, MEe, 7.532489706e-01, E, -0.300000, NP, 30000 3000
75700, t, 6.056000e-03, KEe, 22616.337002, MEe, 7.538779001e-01, E, -0.300000, NP, 30000 3000
75800, t, 6.064000e-03, KEe, 22651.517814, MEe, 7.550505938e-01, E, -0.300000, NP, 30000 3000
75900, t, 6.072000e-03, KEe, 22629.238868, MEe, 7.543079623e-01, E, -0.300000, NP, 30000 3000
76000, t, 6.080000e-03, KEe, 22612.165385, MEe, 7.537388462e-01, E, -0.300000, NP, 30000 3000
76100, t, 6.088000e-03, KEe, 22616.691468, MEe, 7.538897156e-01, E, -0.300000, NP, 30000 3000
76200, t, 6.096000e-03, KEe, 22615.162150, MEe, 7.538387383e-01, E, -0.300000, NP, 30000 3000
76300, t, 6.104000e-03, KEe, 22616.511413, MEe, 7.538837138e-01, E, -0.300000, NP, 30000 3000
76400, t, 6.112000e-03, KEe, 22614.840897, MEe, 7.538280299e-01, E, -0.300000, NP, 30000 3000
76500, t, 6.120000e-03, KEe, 22646.840947, MEe, 7.548946982e-01, E, -0.300000, NP, 30000 3000
76600, t, 6.128000e-03, KEe, 22627.725621, MEe, 7.542575207e-01, E, -0.300000, NP, 30000 3000
76700, t, 6.136000e-03, KEe, 22635.188260, MEe, 7.545062753e-01, E, -0.300000, NP, 30000 3000
76800, t, 6.144000e-03, KEe, 22634.727754, MEe, 7.544909251e-01, E, -0.300000, NP, 30000 3000
76900, t, 6.152000e-03, KEe, 22632.515669, MEe, 7.544171890e-01, E, -0.300000, NP, 30000 3000
77000, t, 6.160000e-03, KEe, 22625.478143, MEe, 7.541826048e-01, E, -0.300000, NP, 30000 3000
77100, t, 6.168000e-03, KEe, 22625.754132, MEe, 7.541918044e-01, E, -0.300000, NP, 30000 3000
77200, t, 6.176000e-03, KEe, 22613.771541, MEe, 7.537923847e-01, E, -0.300000, NP, 30000 3000
77300, t, 6.184000e-03, KEe, 22605.810698, MEe, 7.535270233e-01, E, -0.300000, NP, 30000 3000
77400, t, 6.192000e-03, KEe, 22572.058609, MEe, 7.524019536e-01, E, -0.300000, NP, 30000 3000
77500, t, 6.200000e-03, KEe, 22599.663398, MEe, 7.533221133e-01, E, -0.300000, NP, 30000 3000
77600, t, 6.208000e-03, KEe, 22607.148650, MEe, 7.535716217e-01, E, -0.300000, NP, 30000 3000
77700, t, 6.216000e-03, KEe, 22603.857692, MEe, 7.534619231e-01, E, -0.300000, NP, 30000 3000
77800, t, 6.224000e-03, KEe, 22577.807912, MEe, 7.525935971e-01, E, -0.300000, NP, 30000 3000
77900, t, 6.232000e-03, KEe, 22562.383926, MEe, 7.520794642e-01, E, -0.300000, NP, 30000 3000
78000, t, 6.240000e-03, KEe, 22549.852490, MEe, 7.516617497e-01, E, -0.300000, NP, 30000 3000
78100, t, 6.248000e-03, KEe, 22534.143274, MEe, 7.511381091e-01, E, -0.300000, NP, 30000 3000
78200, t, 6.256000e-03, KEe, 22550.502782, MEe, 7.516834261e-01, E, -0.300000, NP, 30000 3000
78300, t, 6.264000e-03, KEe, 22570.139306, MEe, 7.523379769e-01, E, -0.300000, NP, 30000 3000
78400, t, 6.272000e-03, KEe, 22564.542827, MEe, 7.521514276e-01, E, -0.300000, NP, 30000 3000
78500, t, 6.280000e-03, KEe, 22589.065193, MEe, 7.529688398e-01, E, -0.300000, NP, 30000 3000
78600, t, 6.288000e-03, KEe, 22603.560950, MEe, 7.534520317e-01, E, -0.300000, NP, 30000 3000
78700, t, 6.296000e-03, KEe, 22592.917122, MEe, 7.530972374e-01, E, -0.300000, NP, 30000 3000
78800, t, 6.304000e-03, KEe, 22581.876739, MEe, 7.527292246e-01, E, -0.300000, NP, 30000 3000
78900, t, 6.312000e-03, KEe, 22548.027899, MEe, 7.516009300e-01, E, -0.300000, NP, 30000 3000
79000, t, 6.320000e-03, KEe, 22532.100547, MEe, 7.510700182e-01, E, -0.300000, NP, 30000 3000
79100, t, 6.328000e-03, KEe, 22523.300506, MEe, 7.507766835e-01, E, -0.300000, NP, 30000 3000
79200, t, 6.336000e-03, KEe, 22477.931490, MEe, 7.492643830e-01, E, -0.300000, NP, 30000 3000
79300, t, 6.344000e-03, KEe, 22491.015778, MEe, 7.497005259e-01, E, -0.300000, NP, 30000 3000
79400, t, 6.352000e-03, KEe, 22456.069876, MEe, 7.485356625e-01, E, -0.300000, NP, 30000 3000
79500, t, 6.360000e-03, KEe, 22446.736136, MEe, 7.482245379e-01, E, -0.300000, NP, 30000 3000
79600, t, 6.368000e-03, KEe, 22444.677211, MEe, 7.481559070e-01, E, -0.300000, NP, 30000 3000
79700, t, 6.376000e-03, KEe, 22451.433713, MEe, 7.483811238e-01, E, -0.300000, NP, 30000 3000
79800, t, 6.384000e-03, KEe, 22466.178864, MEe, 7.488726288e-01, E, -0.300000, NP, 30000 3000
79900, t, 6.392000e-03, KEe, 22440.598040, MEe, 7.480199347e-01, E, -0.300000, NP, 30000 3000
80000, t, 6.400000e-03, KEe, 22463.353671, MEe, 7.487784557e-01, E, -0.300000, NP, 30000 3000
80100, t, 6.408000e-03, KEe, 22483.812592, MEe, 7.494604197e-01, E, -0.300000, NP, 30000 3000
80200, t, 6.416000e-03, KEe, 22523.486044, MEe, 7.507828681e-01, E, -0.300000, NP, 30000 3000
80300, t, 6.424000e-03, KEe, 22493.288877, MEe, 7.497762959e-01, E, -0.300000, NP, 30000 3000
80400, t, 6.432000e-03, KEe, 22502.769141, MEe, 7.500923047e-01, E, -0.300000, NP, 30000 3000
80500, t, 6.440000e-03, KEe, 22538.760810, MEe, 7.512920270e-01, E, -0.300000, NP, 30000 3000
80600, t, 6.448000e-03, KEe, 22571.741938, MEe, 7.523913979e-01, E, -0.300000, NP, 30000 3000
80700, t, 6.456000e-03, KEe, 22566.098314, MEe, 7.522032771e-01, E, -0.300000, NP, 30000 3000
80800, t, 6.464000e-03, KEe, 22534.391976, MEe, 7.511463992e-01, E, -0.300000, NP, 30000 3000
80900, t, 6.472000e-03, KEe, 22563.235346, MEe, 7.521078449e-01, E, -0.300000, NP, 30000 3000
81000, t, 6.480000e-03, KEe, 22569.316031, MEe, 7.523105344e-01, E, -0.300000, NP, 30000 3000
81100, t, 6.488000e-03, KEe, 22552.457849, MEe, 7.517485950e-01, E, -0.300000, NP, 30000 3000
81200, t, 6.496000e-03, KEe, 22555.148424, MEe, 7.518382808e-01, E, -0.300000, NP, 30000 3000
81300, t, 6.504000e-03, KEe, 22525.036799, MEe, 7.508345600e-01, E, -0.300000, NP, 30000 3000
81400, t, 6.512000e-03, KEe, 22530.666853, MEe, 7.510222284e-01, E, -0.300000, NP, 30000 3000
81500, t, 6.520000e-03, KEe, 22533.560527, MEe, 7.511186842e-01, E, -0.300000, NP, 30000 3000
81600, t, 6.528000e-03, KEe, 22553.891526, MEe, 7.517963842e-01, E, -0.300000, NP, 30000 3000
81700, t, 6.536000e-03, KEe, 22557.899085, MEe, 7.519299695e-01, E, -0.300000, NP, 30000 3000
81800, t, 6.544000e-03, KEe, 22563.310800, MEe, 7.521103600e-01, E, -0.300000, NP, 30000 3000
81900, t, 6.552000e-03, KEe, 22545.764199, MEe, 7.515254733e-01, E, -0.300000, NP, 30000 3000
82000, t, 6.560000e-03, KEe, 22528.342344, MEe, 7.509447448e-01, E, -0.300000, NP, 30000 3000
82100, t, 6.568000e-03, KEe, 22513.789567, MEe, 7.504596522e-01, E, -0.300000, NP, 30000 3000
82200, t, 6.576000e-03, KEe, 22527.125049, MEe, 7.509041683e-01, E, -0.300000, NP, 30000 3000
82300, t, 6.584000e-03, KEe, 22536.716493, MEe, 7.512238831e-01, E, -0.300000, NP, 30000 3000
82400, t, 6.592000e-03, KEe, 22553.493913, MEe, 7.517831304e-01, E, -0.300000, NP, 30000 3000
82500, t, 6.600000e-03, KEe, 22553.646893, MEe, 7.517882298e-01, E, -0.300000, NP, 30000 3000
82600, t, 6.608000e-03, KEe, 22539.537228, MEe, 7.513179076e-01, E, -0.300000, NP, 30000 3000
82700, t, 6.616000e-03, KEe, 22519.345105, MEe, 7.506448368e-01, E, -0.300000, NP, 30000 3000
82800, t, 6.624000e-03, KEe, 22496.504975, MEe, 7.498834992e-01, E, -0.300000, NP, 30000 3000
82900, t, 6.632000e-03, KEe, 22525.215055, MEe, 7.508405018e-01, E, -0.300000, NP, 30000 3000
83000, t, 6.640000e-03, KEe, 22546.219108, MEe, 7.515406369e-01, E, -0.300000, NP, 30000 3000
83100, t, 6.648000e-03, KEe, 22542.522281, MEe, 7.514174094e-01, E, -0.300000, NP, 30000 3000
83200, t, 6.656000e-03, KEe, 22562.324648, MEe, 7.520774883e-01, E, -0.300000, NP, 30000 3000
83300, t, 6.664000e-03, KEe, 22540.338178, MEe, 7.513446059e-01, E, -0.300000, NP, 30000 3000
83400, t, 6.672000e-03, KEe, 22561.084198, MEe, 7.520361399e-01, E, -0.300000, NP, 30000 3000
83500, t, 6.680000e-03, KEe, 22550.672193, MEe, 7.516890731e-01, E, -0.300000, NP, 30000 3000
83600, t, 6.688000e-03, KEe, 22528.510832, MEe, 7.509503611e-01, E, -0.300000, NP, 30000 3000
83700, t, 6.696000e-03, KEe, 22538.979882, MEe, 7.512993294e-01, E, -0.300000, NP, 30000 3000
83800, t, 6.704000e-03, KEe, 22544.030870, MEe, 7.514676957e-01, E, -0.300000, NP, 30000 3000
83900, t, 6.712000e-03, KEe, 22547.945745, MEe, 7.515981915e-01, E, -0.300000, NP, 30000 3000
84000, t, 6.720000e-03, KEe, 22552.347590, MEe, 7.517449197e-01, E, -0.300000, NP, 30000 3000
84100, t, 6.728000e-03, KEe, 22562.627830, MEe, 7.520875943e-01, E, -0.300000, NP, 30000 3000
84200, t, 6.736000e-03, KEe, 22554.778849, MEe, 7.518259616e-01, E, -0.300000, NP, 30000 3000
84300, t, 6.744000e-03, KEe, 22546.181045, MEe, 7.515393682e-01, E, -0.300000, NP, 30000 3000
84400, t, 6.752000e-03, KEe, 22527.489064, MEe, 7.509163021e-01, E, -0.300000, NP, 30000 3000
84500, t, 6.760000e-03, KEe, 22532.703795, MEe, 7.510901265e-01, E, -0.300000, NP, 30000 3000
84600, t, 6.768000e-03, KEe, 22557.902567, MEe, 7.519300856e-01, E, -0.300000, NP, 30000 3000
84700, t, 6.776000e-03, KEe, 22558.517800, MEe, 7.519505933e-01, E, -0.300000, NP, 30000 3000
84800, t, 6.784000e-03, KEe, 22552.324466, MEe, 7.517441489e-01, E, -0.300000, NP, 30000 3000
84900, t, 6.792000e-03, KEe, 22568.257480, MEe, 7.522752493e-01, E, -0.300000, NP, 30000 3000
85000, t, 6.800000e-03, KEe, 22555.963240, MEe, 7.518654413e-01, E, -0.300000, NP, 30000 3000
85100, t, 6.808000e-03, KEe, 22579.148507, MEe, 7.526382836e-01, E, -0.300000, NP, 30000 3000
85200, t, 6.816000e-03, KEe, 22544.088480, MEe, 7.514696160e-01, E, -0.300000, NP, 30000 3000
85300, t, 6.824000e-03, KEe, 22525.457090, MEe, 7.508485697e-01, E, -0.300000, NP, 30000 3000
85400, t, 6.832000e-03, KEe, 22543.449047, MEe, 7.514483016e-01, E, -0.300000, NP, 30000 3000
85500, t, 6.840000e-03, KEe, 22533.754732, MEe, 7.511251577e-01, E, -0.300000, NP, 30000 3000
85600, t, 6.848000e-03, KEe, 22518.469690, MEe, 7.506156563e-01, E, -0.300000, NP, 30000 3000
85700, t, 6.856000e-03, KEe, 22513.833597, MEe, 7.504611199e-01, E, -0.300000, NP, 30000 3000
85800, t, 6.864000e-03, KEe, 22559.419312, MEe, 7.519806437e-01, E, -0.300000, NP, 30000 3000
85900, t, 6.872000e-03, KEe, 22564.546175, MEe, 7.521515392e-01, E, -0.300000, NP, 30000 3000
86000, t, 6.880000e-03, KEe, 22588.696021, MEe, 7.529565340e-01, E, -0.300000, NP, 30000 3000
86100, t, 6.888000e-03, KEe, 22594.067266, MEe, 7.531355755e-01, E, -0.300000, NP, 30000 3000
86200, t, 6.896000e-03, KEe, 22593.205110, MEe, 7.531068370e-01, E, -0.300000, NP, 30000 3000
86300, t, 6.904000e-03, KEe, 22589.850258, MEe, 7.529950086e-01, E, -0.300000, NP, 30000 3000
86400, t, 6.912000e-03, KEe, 22536.094090, MEe, 7.512031363e-01, E, -0.300000, NP, 30000 3000
86500, t, 6.920000e-03, KEe, 22519.764507, MEe, 7.506588169e-01, E, -0.300000, NP, 30000 3000
86600, t, 6.928000e-03, KEe, 22554.515002, MEe, 7.518171667e-01, E, -0.300000, NP, 30000 3000
86700, t, 6.936000e-03, KEe, 22560.589293, MEe, 7.520196431e-01, E, -0.300000, NP, 30000 3000
86800, t, 6.944000e-03, KEe, 22551.512988, MEe, 7.517170996e-01, E, -0.300000, NP, 30000 3000
86900, t, 6.952000e-03, KEe, 22524.099889, MEe, 7.508033296e-01, E, -0.300000, NP, 30000 3000
87000, t, 6.960000e-03, KEe, 22525.529694, MEe, 7.508509898e-01, E, -0.300000, NP, 30000 3000
87100, t, 6.968000e-03, KEe, 22524.357311, MEe, 7.508119104e-01, E, -0.300000, NP, 30000 3000
87200, t, 6.976000e-03, KEe, 22522.455316, MEe, 7.507485105e-01, E, -0.300000, NP, 30000 3000
87300, t, 6.984000e-03, KEe, 22513.098486, MEe, 7.504366162e-01, E, -0.300000, NP, 30000 3000
87400, t, 6.992000e-03, KEe, 22559.356379, MEe, 7.519785460e-01, E, -0.300000, NP, 30000 3000
87500, t, 7.000000e-03, KEe, 22591.751432, MEe, 7.530583811e-01, E, -0.300000, NP, 30000 3000
87600, t, 7.008000e-03, KEe, 22573.783265, MEe, 7.524594422e-01, E, -0.300000, NP, 30000 3000
87700, t, 7.016000e-03, KEe, 22560.849041, MEe, 7.520283014e-01, E, -0.300000, NP, 30000 3000
87800, t, 7.024000e-03, KEe, 22577.031223, MEe, 7.525677074e-01, E, -0.300000, NP, 30000 3000
87900, t, 7.032000e-03, KEe, 22587.336135, MEe, 7.529112045e-01, E, -0.300000, NP, 30000 3000
88000, t, 7.040000e-03, KEe, 22566.442809, MEe, 7.522147603e-01, E, -0.300000, NP, 30000 3000
88100, t, 7.048000e-03, KEe, 22565.173823, MEe, 7.521724608e-01, E, -0.300000, NP, 30000 3000
88200, t, 7.056000e-03, KEe, 22540.856249, MEe, 7.513618750e-01, E, -0.300000, NP, 30000 3000
88300, t, 7.064000e-03, KEe, 22539.024183, MEe, 7.513008061e-01, E, -0.300000, NP, 30000 3000
88400, t, 7.072000e-03, KEe, 22549.025601, MEe, 7.516341867e-01, E, -0.300000, NP, 30000 3000
88500, t, 7.080000e-03, KEe, 22574.184191, MEe, 7.524728064e-01, E, -0.300000, NP, 30000 3000
88600, t, 7.088000e-03, KEe, 22573.230551, MEe, 7.524410184e-01, E, -0.300000, NP, 30000 3000
88700, t, 7.096000e-03, KEe, 22599.672048, MEe, 7.533224016e-01, E, -0.300000, NP, 30000 3000
88800, t, 7.104000e-03, KEe, 22589.944850, MEe, 7.529981617e-01, E, -0.300000, NP, 30000 3000
88900, t, 7.112000e-03, KEe, 22559.116785, MEe, 7.519705595e-01, E, -0.300000, NP, 30000 3000
89000, t, 7.120000e-03, KEe, 22552.274867, MEe, 7.517424956e-01, E, -0.300000, NP, 30000 3000
89100, t, 7.128000e-03, KEe, 22513.844685, MEe, 7.504614895e-01, E, -0.300000, NP, 30000 3000
89200, t, 7.136000e-03, KEe, 22501.257572, MEe, 7.500419191e-01, E, -0.300000, NP, 30000 3000
89300, t, 7.144000e-03, KEe, 22492.329636, MEe, 7.497443212e-01, E, -0.300000, NP, 30000 3000
89400, t, 7.152000e-03, KEe, 22465.463286, MEe, 7.488487762e-01, E, -0.300000, NP, 30000 3000
89500, t, 7.160000e-03, KEe, 22451.485509, MEe, 7.483828503e-01, E, -0.300000, NP, 30000 3000
89600, t, 7.168000e-03, KEe, 22450.047553, MEe, 7.483349184e-01, E, -0.300000, NP, 30000 3000
89700, t, 7.176000e-03, KEe, 22442.180897, MEe, 7.480726966e-01, E, -0.300000, NP, 30000 3000
89800, t, 7.184000e-03, KEe, 22452.346884, MEe, 7.484115628e-01, E, -0.300000, NP, 30000 3000
89900, t, 7.192000e-03, KEe, 22436.868671, MEe, 7.478956224e-01, E, -0.300000, NP, 30000 3000
90000, t, 7.200000e-03, KEe, 22421.390969, MEe, 7.473796990e-01, E, -0.300000, NP, 30000 3000
90100, t, 7.208000e-03, KEe, 22403.710799, MEe, 7.467903600e-01, E, -0.300000, NP, 30000 3000
90200, t, 7.216000e-03, KEe, 22411.793793, MEe, 7.470597931e-01, E, -0.300000, NP, 30000 3000
90300, t, 7.224000e-03, KEe, 22438.250175, MEe, 7.479416725e-01, E, -0.300000, NP, 30000 3000
90400, t, 7.232000e-03, KEe, 22435.981578, MEe, 7.478660526e-01, E, -0.300000, NP, 30000 3000
90500, t, 7.240000e-03, KEe, 22428.089742, MEe, 7.476029914e-01, E, -0.300000, NP, 30000 3000
90600, t, 7.248000e-03, KEe, 22416.795866, MEe, 7.472265289e-01, E, -0.300000, NP, 30000 3000
90700, t, 7.256000e-03, KEe, 22377.147275, MEe, 7.459049092e-01, E, -0.300000, NP, 30000 3000
90800, t, 7.264000e-03, KEe, 22391.826993, MEe, 7.463942331e-01, E, -0.300000, NP, 30000 3000
90900, t, 7.272000e-03, KEe, 22383.616228, MEe, 7.461205409e-01, E, -0.300000, NP, 30000 3000
91000, t, 7.280000e-03, KEe, 22381.766783, MEe, 7.460588928e-01, E, -0.300000, NP, 30000 3000
91100, t, 7.288000e-03, KEe, 22385.152739, MEe, 7.461717580e-01, E, -0.300000, NP, 30000 3000
91200, t, 7.296000e-03, KEe, 22364.427585, MEe, 7.454809195e-01, E, -0.300000, NP, 30000 3000
91300, t, 7.304000e-03, KEe, 22394.735059, MEe, 7.464911686e-01, E, -0.300000, NP, 30000 3000
91400, t, 7.312000e-03, KEe, 22379.905093, MEe, 7.459968364e-01, E, -0.300000, NP, 30000 3000
91500, t, 7.320000e-03, KEe, 22401.502005, MEe, 7.467167335e-01, E, -0.300000, NP, 30000 3000
91600, t, 7.328000e-03, KEe, 22408.708379, MEe, 7.469569460e-01, E, -0.300000, NP, 30000 3000
91700, t, 7.336000e-03, KEe, 22408.067089, MEe, 7.469355696e-01, E, -0.300000, NP, 30000 3000
91800, t, 7.344000e-03, KEe, 22414.636289, MEe, 7.471545430e-01, E, -0.300000, NP, 30000 3000
91900, t, 7.352000e-03, KEe, 22428.249916, MEe, 7.476083305e-01, E, -0.300000, NP, 30000 3000
92000, t, 7.360000e-03, KEe, 22408.207973, MEe, 7.469402658e-01, E, -0.300000, NP, 30000 3000
92100, t, 7.368000e-03, KEe, 22397.981894, MEe, 7.465993965e-01, E, -0.300000, NP, 30000 3000
92200, t, 7.376000e-03, KEe, 22429.505988, MEe, 7.476501996e-01, E, -0.300000, NP, 30000 3000
92300, t, 7.384000e-03, KEe, 22393.681072, MEe, 7.464560357e-01, E, -0.300000, NP, 30000 3000
92400, t, 7.392000e-03, KEe, 22395.138288, MEe, 7.465046096e-01, E, -0.300000, NP, 30000 3000
92500, t, 7.400000e-03, KEe, 22399.572254, MEe, 7.466524085e-01, E, -0.300000, NP, 30000 3000
92600, t, 7.408000e-03, KEe, 22415.039106, MEe, 7.471679702e-01, E, -0.300000, NP, 30000 3000
92700, t, 7.416000e-03, KEe, 22456.921440, MEe, 7.485640480e-01, E, -0.300000, NP, 30000 3000
92800, t, 7.424000e-03, KEe, 22455.806636, MEe, 7.485268879e-01, E, -0.300000, NP, 30000 3000
92900, t, 7.432000e-03, KEe, 22464.437757, MEe, 7.488145919e-01, E, -0.300000, NP, 30000 3000
93000, t, 7.440000e-03, KEe, 22476.732824, MEe, 7.492244275e-01, E, -0.300000, NP, 30000 3000
93100, t, 7.448000e-03, KEe, 22447.542931, MEe, 7.482514310e-01, E, -0.300000, NP, 30000 3000
93200, t, 7.456000e-03, KEe, 22440.187720, MEe, 7.480062573e-01, E, -0.300000, NP, 30000 3000
93300, t, 7.464000e-03, KEe, 22440.613289, MEe, 7.480204430e-01, E, -0.300000, NP, 30000 3000
93400, t, 7.472000e-03, KEe, 22470.393589, MEe, 7.490131196e-01, E, -0.300000, NP, 30000 3000
93500, t, 7.480000e-03, KEe, 22486.277462, MEe, 7.495425821e-01, E, -0.300000, NP, 30000 3000
93600, t, 7.488000e-03, KEe, 22499.773630, MEe, 7.499924543e-01, E, -0.300000, NP, 30000 3000
93700, t, 7.496000e-03, KEe, 22518.606205, MEe, 7.506202068e-01, E, -0.300000, NP, 30000 3000
93800, t, 7.504000e-03, KEe, 22505.003518, MEe, 7.501667839e-01, E, -0.300000, NP, 30000 3000
93900, t, 7.512000e-03, KEe, 22502.859121, MEe, 7.500953040e-01, E, -0.300000, NP, 30000 3000
94000, t, 7.520000e-03, KEe, 22513.723489, MEe, 7.504574496e-01, E, -0.300000, NP, 30000 3000
94100, t, 7.528000e-03, KEe, 22507.020408, MEe, 7.502340136e-01, E, -0.300000, NP, 30000 3000
94200, t, 7.536000e-03, KEe, 22486.463992, MEe, 7.495487997e-01, E, -0.300000, NP, 30000 3000
94300, t, 7.544000e-03, KEe, 22494.174060, MEe, 7.498058020e-01, E, -0.300000, NP, 30000 3000
94400, t, 7.552000e-03, KEe, 22527.408859, MEe, 7.509136286e-01, E, -0.300000, NP, 30000 3000
94500, t, 7.560000e-03, KEe, 22510.921041, MEe, 7.503640347e-01, E, -0.300000, NP, 30000 3000
94600, t, 7.568000e-03, KEe, 22514.845641, MEe, 7.504948547e-01, E, -0.300000, NP, 30000 3000
94700, t, 7.576000e-03, KEe, 22530.385905, MEe, 7.510128635e-01, E, -0.300000, NP, 30000 3000
94800, t, 7.584000e-03, KEe, 22494.378171, MEe, 7.498126057e-01, E, -0.300000, NP, 30000 3000
94900, t, 7.592000e-03, KEe, 22500.809337, MEe, 7.500269779e-01, E, -0.300000, NP, 30000 3000
95000, t, 7.600000e-03, KEe, 22515.184334, MEe, 7.505061445e-01, E, -0.300000, NP, 30000 3000
95100, t, 7.608000e-03, KEe, 22511.351927, MEe, 7.503783976e-01, E, -0.300000, NP, 30000 3000
95200, t, 7.616000e-03, KEe, 22499.380597, MEe, 7.499793532e-01, E, -0.300000, NP, 30000 3000
95300, t, 7.624000e-03, KEe, 22553.933935, MEe, 7.517977978e-01, E, -0.300000, NP, 30000 3000
95400, t, 7.632000e-03, KEe, 22538.279402, MEe, 7.512759801e-01, E, -0.300000, NP, 30000 3000
95500, t, 7.640000e-03, KEe, 22535.382946, MEe, 7.511794315e-01, E, -0.300000, NP, 30000 3000
95600, t, 7.648000e-03, KEe, 22527.884463, MEe, 7.509294821e-01, E, -0.300000, NP, 30000 3000
95700, t, 7.656000e-03, KEe, 22519.511691, MEe, 7.506503897e-01, E, -0.300000, NP, 30000 3000
95800, t, 7.664000e-03, KEe, 22508.284157, MEe, 7.502761386e-01, E, -0.300000, NP, 30000 3000
95900, t, 7.672000e-03, KEe, 22491.289304, MEe, 7.497096435e-01, E, -0.300000, NP, 30000 3000
96000, t, 7.680000e-03, KEe, 22500.700534, MEe, 7.500233511e-01, E, -0.300000, NP, 30000 3000
96100, t, 7.688000e-03, KEe, 22493.404876, MEe, 7.497801625e-01, E, -0.300000, NP, 30000 3000
96200, t, 7.696000e-03, KEe, 22500.073999, MEe, 7.500024666e-01, E, -0.300000, NP, 30000 3000
96300, t, 7.704000e-03, KEe, 22492.589352, MEe, 7.497529784e-01, E, -0.300000, NP, 30000 3000
96400, t, 7.712000e-03, KEe, 22486.618179, MEe, 7.495539393e-01, E, -0.300000, NP, 30000 3000
96500, t, 7.720000e-03, KEe, 22476.018804, MEe, 7.492006268e-01, E, -0.300000, NP, 30000 3000
96600, t, 7.728000e-03, KEe, 22487.898758, MEe, 7.495966253e-01, E, -0.300000, NP, 30000 3000
96700, t, 7.736000e-03, KEe, 22486.397901, MEe, 7.495465967e-01, E, -0.300000, NP, 30000 3000
96800, t, 7.744000e-03, KEe, 22505.188489, MEe, 7.501729496e-01, E, -0.300000, NP, 30000 3000
96900, t, 7.752000e-03, KEe, 22521.895378, MEe, 7.507298459e-01, E, -0.300000, NP, 30000 3000
97000, t, 7.760000e-03, KEe, 22546.680715, MEe, 7.515560238e-01, E, -0.300000, NP, 30000 3000
97100, t, 7.768000e-03, KEe, 22545.181176, MEe, 7.515060392e-01, E, -0.300000, NP, 30000 3000
97200, t, 7.776000e-03, KEe, 22541.962953, MEe, 7.513987651e-01, E, -0.300000, NP, 30000 3000
97300, t, 7.784000e-03, KEe, 22552.494833, MEe, 7.517498278e-01, E, -0.300000, NP, 30000 3000
97400, t, 7.792000e-03, KEe, 22530.518592, MEe, 7.510172864e-01, E, -0.300000, NP, 30000 3000
97500, t, 7.800000e-03, KEe, 22529.852536, MEe, 7.509950845e-01, E, -0.300000, NP, 30000 3000
97600, t, 7.808000e-03, KEe, 22549.949641, MEe, 7.516649880e-01, E, -0.300000, NP, 30000 3000
97700, t, 7.816000e-03, KEe, 22536.753891, MEe, 7.512251297e-01, E, -0.300000, NP, 30000 3000
97800, t, 7.824000e-03, KEe, 22544.752395, MEe, 7.514917465e-01, E, -0.300000, NP, 30000 3000
97900, t, 7.832000e-03, KEe, 22507.547433, MEe, 7.502515811e-01, E, -0.300000, NP, 30000 3000
98000, t, 7.840000e-03, KEe, 22512.131059, MEe, 7.504043686e-01, E, -0.300000, NP, 30000 3000
98100, t, 7.848000e-03, KEe, 22535.137942, MEe, 7.511712647e-01, E, -0.300000, NP, 30000 3000
98200, t, 7.856000e-03, KEe, 22548.368222, MEe, 7.516122741e-01, E, -0.300000, NP, 30000 3000
98300, t, 7.864000e-03, KEe, 22528.815309, MEe, 7.509605103e-01, E, -0.300000, NP, 30000 3000
98400, t, 7.872000e-03, KEe, 22564.637147, MEe, 7.521545716e-01, E, -0.300000, NP, 30000 3000
98500, t, 7.880000e-03, KEe, 22590.103715, MEe, 7.530034572e-01, E, -0.300000, NP, 30000 3000
98600, t, 7.888000e-03, KEe, 22573.034773, MEe, 7.524344924e-01, E, -0.300000, NP, 30000 3000
98700, t, 7.896000e-03, KEe, 22553.411428, MEe, 7.517803809e-01, E, -0.300000, NP, 30000 3000
98800, t, 7.904000e-03, KEe, 22554.343065, MEe, 7.518114355e-01, E, -0.300000, NP, 30000 3000
98900, t, 7.912000e-03, KEe, 22568.030915, MEe, 7.522676972e-01, E, -0.300000, NP, 30000 3000
99000, t, 7.920000e-03, KEe, 22568.866199, MEe, 7.522955400e-01, E, -0.300000, NP, 30000 3000
99100, t, 7.928000e-03, KEe, 22574.922480, MEe, 7.524974160e-01, E, -0.300000, NP, 30000 3000
99200, t, 7.936000e-03, KEe, 22558.982852, MEe, 7.519660951e-01, E, -0.300000, NP, 30000 3000
99300, t, 7.944000e-03, KEe, 22562.659222, MEe, 7.520886407e-01, E, -0.300000, NP, 30000 3000
99400, t, 7.952000e-03, KEe, 22556.740914, MEe, 7.518913638e-01, E, -0.300000, NP, 30000 3000
99500, t, 7.960000e-03, KEe, 22531.636105, MEe, 7.510545368e-01, E, -0.300000, NP, 30000 3000
99600, t, 7.968000e-03, KEe, 22541.675026, MEe, 7.513891675e-01, E, -0.300000, NP, 30000 3000
99700, t, 7.976000e-03, KEe, 22556.032178, MEe, 7.518677393e-01, E, -0.300000, NP, 30000 3000
99800, t, 7.984000e-03, KEe, 22559.878652, MEe, 7.519959551e-01, E, -0.300000, NP, 30000 3000
99900, t, 7.992000e-03, KEe, 22545.602503, MEe, 7.515200834e-01, E, -0.300000, NP, 30000 3000
100000, t, 8.000000e-03, KEe, 22544.888085, MEe, 7.514962695e-01, E, -0.300000, NP, 30000 3000
