RandMax 2147483647
reading box length: 1.000000e-06 (m)
reading number of particle types: 2
reading number of particles of type 0: 30000
reading number of particles of type 1: 3000
reading temperature of particle type 0: 0.000000 (eV)
reading temperature of particle type 1: 0.025900 (eV)
reading flow velocity of particle type 0: 0.000000 (eV)
reading flow velocity of particle type 1: 0.000000 (eV)
reading charge of particle type 0: -1.000000 (elementary charge)
reading charge of particle type 1: 0.000000 (elementary charge)
reading mass of particle type 0: 0.000549 (amu)
reading mass of particle type 1: 28.000000 (amu)
reading number of time steps: 80000
reading vsigma max samples: 1000
reading time step dt: 4.000000e-11
reading electric field: -9.000000e+02 (V/m)
reading electric frequency: 0.000000e+00 (Hz)
reading magnetic field: 0.000000e+00 0.000000e+00 0.000000e+00 (Tesla)
reading vdf dump spec: 1000 1000000 0
reading extrapolation option: 0
reading memory allocation: 0.000000e+00 (GB)
reading auto dump spec: 0
reading output stride spec: 100
reading carry remainder spec: 0
found cross_sections/Ar.dat file for particle 0 with 1 in indeck, differential model found: Aubin
found cross_sections/Ar->Ar(3d'[3/2]1).dat file for particle 0 with 1 in indeck
found cross_sections/Ar->Ar(3d'[3/2]2).dat file for particle 0 with 1 in indeck
found cross_sections/Ar->Ar(3d'[5/2]2).dat file for particle 0 with 1 in indeck
found cross_sections/Ar->Ar(3d'[5/2]3).dat file for particle 0 with 1 in indeck
found cross_sections/Ar->Ar(3d[1/2]0).dat file for particle 0 with 1 in indeck
found cross_sections/Ar->Ar(3d[1/2]1).dat file for particle 0 with 1 in indeck
found cross_sections/Ar->Ar(3d[3/2]1).dat file for particle 0 with 1 in indeck
found cross_sections/Ar->Ar(3d[3/2]2).dat file for particle 0 with 1 in indeck
found cross_sections/Ar->Ar(3d[5/2]2).dat file for particle 0 with 1 in indeck
found cross_sections/Ar->Ar(3d[5/2]3).dat file for particle 0 with 1 in indeck
found cross_sections/Ar->Ar(3d[7/2]3).dat file for particle 0 with 1 in indeck
found cross_sections/Ar->Ar(3d[7/2]4).dat file for particle 0 with 1 in indeck
found cross_sections/Ar->Ar(4p'[1/2]0).dat file for particle 0 with 1 in indeck
found cross_sections/Ar->Ar(4p'[1/2]1).dat file for particle 0 with 1 in indeck
found cross_sections/Ar->Ar(4p'[3/2]1).dat file for particle 0 with 1 in indeck
found cross_sections/Ar->Ar(4p'[3/2]2).dat file for particle 0 with 1 in indeck
found cross_sections/Ar->Ar(4p[1/2]0).dat file for particle 0 with 1 in indeck
found cross_sections/Ar->Ar(4p[1/2]1).dat file for particle 0 with 1 in indeck
found cross_sections/Ar->Ar(4p[3/2]1).dat file for particle 0 with 1 in indeck
found cross_sections/Ar->Ar(4p[3/2]2).dat file for particle 0 with 1 in indeck
found cross_sections/Ar->Ar(4p[5/2]2).dat file for particle 0 with 1 in indeck
found cross_sections/Ar->Ar(4p[5/2]3).dat file for particle 0 with 1 in indeck
found cross_sections/Ar->Ar(4s'[1/2]0).dat file for particle 0 with 1 in indeck
found cross_sections/Ar->Ar(4s'[1/2]1).dat file for particle 0 with 1 in indeck
found cross_sections/Ar->Ar(4s[3/2]1).dat file for particle 0 with 1 in indeck
found cross_sections/Ar->Ar(4s[3/2]2).dat file for particle 0 with 1 in indeck
found cross_sections/Ar->Ar(5s'[1/2]0).dat file for particle 0 with 1 in indeck
found cross_sections/Ar->Ar(5s'[1/2]1).dat file for particle 0 with 1 in indeck
found cross_sections/Ar->Ar(5s[3/2]1).dat file for particle 0 with 1 in indeck
found cross_sections/Ar->Ar(5s[3/2]2).dat file for particle 0 with 1 in indeck
found cross_sections/Ar->Ar(Rydberg).dat file for particle 0 with 1 in indeck
found cross_sections/Ar->Ar^+.dat file for particle 0 with 1 in indeck, differential model found: Uniform
reading cross_sections/Ar.dat
reading cross_sections/Ar->Ar(3d'[3/2]1).dat
reading cross_sections/Ar->Ar(3d'[3/2]2).dat
reading cross_sections/Ar->Ar(3d'[5/2]2).dat
reading cross_sections/Ar->Ar(3d'[5/2]3).dat
reading cross_sections/Ar->Ar(3d[1/2]0).dat
reading cross_sections/Ar->Ar(3d[1/2]1).dat
reading cross_sections/Ar->Ar(3d[3/2]1).dat
reading cross_sections/Ar->Ar(3d[3/2]2).dat
reading cross_sections/Ar->Ar(3d[5/2]2).dat
reading cross_sections/Ar->Ar(3d[5/2]3).dat
reading cross_sections/Ar->Ar(3d[7/2]3).dat
reading cross_sections/Ar->Ar(3d[7/2]4).dat
reading cross_sections/Ar->Ar(4p'[1/2]0).dat
reading cross_sections/Ar->Ar(4p'[1/2]1).dat
reading cross_sections/Ar->Ar(4p'[3/2]1).dat
reading cross_sections/Ar->Ar(4p'[3/2]2).dat
reading cross_sections/Ar->Ar(4p[1/2]0).dat
reading cross_sections/Ar->Ar(4p[1/2]1).dat
reading cross_sections/Ar->Ar(4p[3/2]1).dat
reading cross_sections/Ar->Ar(4p[3/2]2).dat
reading cross_sections/Ar->Ar(4p[5/2]2).dat
reading cross_sections/Ar->Ar(4p[5/2]3).dat
reading cross_sections/Ar->Ar(4s'[1/2]0).dat
reading cross_sections/Ar->Ar(4s'[1/2]1).dat
reading cross_sections/Ar->Ar(4s[3/2]1).dat
reading cross_sections/Ar->Ar(4s[3/2]2).dat
reading cross_sections/Ar->Ar(5s'[1/2]0).dat
reading cross_sections/Ar->Ar(5s'[1/2]1).dat
reading cross_sections/Ar->Ar(5s[3/2]1).dat
reading cross_sections/Ar->Ar(5s[3/2]2).dat
reading cross_sections/Ar->Ar(Rydberg).dat
reading cross_sections/Ar->Ar^+.dat
Memory per particle: 72 bytes
Memory for all initial particles: 2.213e-03 GB
Allocating space for 132000 particles
------------------------------------
0, t, 0.000000e+00, KEe, 0.000000, MEe, 0.000000000e+00, E, -900.000000, NP, 30000 3000
100, t, 4.000000e-09, KEe, 33901.543157, MEe, 1.130051439e+00, E, -900.000000, NP, 30000 3000
200, t, 8.000000e-09, KEe, 120733.808529, MEe, 4.024460284e+00, E, -900.000000, NP, 30000 3000
300, t, 1.200000e-08, KEe, 189012.209222, MEe, 6.300406974e+00, E, -900.000000, NP, 30000 3000
400, t, 1.600000e-08, KEe, 214877.289391, MEe, 7.162576313e+00, E, -900.000000, NP, 30000 3000
500, t, 2.000000e-08, KEe, 232577.279340, MEe, 7.752575978e+00, E, -900.000000, NP, 30000 3000
600, t, 2.400000e-08, KEe, 248315.976468, MEe, 8.277199216e+00, E, -900.000000, NP, 30000 3000
700, t, 2.800000e-08, KEe, 261363.893142, MEe, 8.712129771e+00, E, -900.000000, NP, 30000 3000
800, t, 3.200000e-08, KEe, 270949.326797, MEe, 9.031644227e+00, E, -900.000000, NP, 30000 3000
900, t, 3.600000e-08, KEe, 277746.525226, MEe, 9.258217508e+00, E, -900.000000, NP, 30000 3000
1000, t, 4.000000e-08, KEe, 283621.969638, MEe, 9.454065655e+00, E, -900.000000, NP, 30000 3000
1100, t, 4.400000e-08, KEe, 286374.008411, MEe, 9.545800280e+00, E, -900.000000, NP, 30000 3000
1200, t, 4.800000e-08, KEe, 289773.934997, MEe, 9.659131167e+00, E, -900.000000, NP, 30000 3000
1300, t, 5.200000e-08, KEe, 291130.358835, MEe, 9.704345294e+00, E, -900.000000, NP, 30000 3000
1400, t, 5.600000e-08, KEe, 293182.279624, MEe, 9.772742654e+00, E, -900.000000, NP, 30000 3000
1500, t, 6.000000e-08, KEe, 293809.478295, MEe, 9.793649276e+00, E, -900.000000, NP, 30000 3000
1600, t, 6.400000e-08, KEe, 292914.374244, MEe, 9.763812475e+00, E, -900.000000, NP, 30000 3000
1700, t, 6.800000e-08, KEe, 293594.380077, MEe, 9.786479336e+00, E, -900.000000, NP, 30000 3000
1800, t, 7.200000e-08, KEe, 293407.408067, MEe, 9.780246936e+00, E, -900.000000, NP, 30000 3000
1900, t, 7.600000e-08, KEe, 294462.548110, MEe, 9.815418270e+00, E, -900.000000, NP, 30000 3000
2000, t, 8.000000e-08, KEe, 295455.665595, MEe, 9.848522187e+00, E, -900.000000, NP, 30000 3000
2100, t, 8.400000e-08, KEe, 296106.763260, MEe, 9.870225442e+00, E, -900.000000, NP, 30000 3000
2200, t, 8.800000e-08, KEe, 294391.306284, MEe, 9.813043543e+00, E, -900.000000, NP, 30000 3000
2300, t, 9.200000e-08, KEe, 293992.281126, MEe, 9.799742704e+00, E, -900.000000, NP, 30000 3000
2400, t, 9.600000e-08, KEe, 294859.388415, MEe, 9.828646280e+00, E, -900.000000, NP, 30000 3000
2500, t, 1.000000e-07, KEe, 294973.176971, MEe, 9.832439232e+00, E, -900.000000, NP, 30000 3000
2600, t, 1.040000e-07, KEe, 296193.412253, MEe, 9.873113742e+00, E, -900.000000, NP, 30000 3000
2700, t, 1.080000e-07, KEe, 295382.051916, MEe, 9.846068397e+00, E, -900.000000, NP, 30000 3000
2800, t, 1.120000e-07, KEe, 295980.204225, MEe, 9.866006807e+00, E, -900.000000, NP, 30000 3000
2900, t, 1.160000e-07, KEe, 296259.388747, MEe, 9.875312958e+00, E, -900.000000, NP, 30000 3000
3000, t, 1.200000e-07, KEe, 295409.512648, MEe, 9.846983755e+00, E, -900.000000, NP, 30000 3000
3100, t, 1.240000e-07, KEe, 294809.384188, MEe, 9.826979473e+00, E, -900.000000, NP, 30000 3000
3200, t, 1.280000e-07, KEe, 295207.494736, MEe, 9.840249825e+00, E, -900.000000, NP, 30000 3000
3300, t, 1.320000e-07, KEe, 295996.664478, MEe, 9.866555483e+00, E, -900.000000, NP, 30000 3000
3400, t, 1.360000e-07, KEe, 296043.203400, MEe, 9.868106780e+00, E, -900.000000, NP, 30000 3000
3500, t, 1.400000e-07, KEe, 296846.163719, MEe, 9.894872124e+00, E, -900.000000, NP, 30000 3000
3600, t, 1.440000e-07, KEe, 296216.644464, MEe, 9.873888149e+00, E, -900.000000, NP, 30000 3000
3700, t, 1.480000e-07, KEe, 295255.248577, MEe, 9.841841619e+00, E, -900.000000, NP, 30000 3000
3800, t, 1.520000e-07, KEe, 296474.100276, MEe, 9.882470009e+00, E, -900.000000, NP, 30000 3000
3900, t, 1.560000e-07, KEe, 295681.328915, MEe, 9.856044297e+00, E, -900.000000, NP, 30000 3000
4000, t, 1.600000e-07, KEe, 295796.268435, MEe, 9.859875614e+00, E, -900.000000, NP, 30000 3000
4100, t, 1.640000e-07, KEe, 295252.616747, MEe, 9.841753892e+00, E, -900.000000, NP, 30000 3000
4200, t, 1.680000e-07, KEe, 294975.373817, MEe, 9.832512461e+00, E, -900.000000, NP, 30000 3000
4300, t, 1.720000e-07, KEe, 295334.563410, MEe, 9.844485447e+00, E, -900.000000, NP, 30000 3000
4400, t, 1.760000e-07, KEe, 294125.513381, MEe, 9.804183779e+00, E, -900.000000, NP, 30000 3000
4500, t, 1.800000e-07, KEe, 294835.638280, MEe, 9.827854609e+00, E, -900.000000, NP, 30000 3000
4600, t, 1.840000e-07, KEe, 295357.588209, MEe, 9.845252940e+00, E, -900.000000, NP, 30000 3000
4700, t, 1.880000e-07, KEe, 296406.878091, MEe, 9.880229270e+00, E, -900.000000, NP, 30000 3000
4800, t, 1.920000e-07, KEe, 296033.744118, MEe, 9.867791471e+00, E, -900.000000, NP, 30000 3000
4900, t, 1.960000e-07, KEe, 295109.352407, MEe, 9.836978414e+00, E, -900.000000, NP, 30000 3000
5000, t, 2.000000e-07, KEe, 293953.186095, MEe, 9.798439537e+00, E, -900.000000, NP, 30000 3000
5100, t, 2.040000e-07, KEe, 293946.584460, MEe, 9.798219482e+00, E, -900.000000, NP, 30000 3000
5200, t, 2.080000e-07, KEe, 294445.252770, MEe, 9.814841759e+00, E, -900.000000, NP, 30000 3000
5300, t, 2.120000e-07, KEe, 295797.547433, MEe, 9.859918248e+00, E, -900.000000, NP, 30000 3000
5400, t, 2.160000e-07, KEe, 295363.814871, MEe, 9.845460496e+00, E, -900.000000, NP, 30000 3000
5500, t, 2.200000e-07, KEe, 294951.382188, MEe, 9.831712740e+00, E, -900.000000, NP, 30000 3000
5600, t, 2.240000e-07, KEe, 294809.200034, MEe, 9.826973334e+00, E, -900.000000, NP, 30000 3000
5700, t, 2.280000e-07, KEe, 295542.715670, MEe, 9.851423856e+00, E, -900.000000, NP, 30000 3000
5800, t, 2.320000e-07, KEe, 294851.706306, MEe, 9.828390210e+00, E, -900.000000, NP, 30000 3000
5900, t, 2.360000e-07, KEe, 295382.919786, MEe, 9.846097326e+00, E, -900.000000, NP, 30000 3000
6000, t, 2.400000e-07, KEe, 296628.606303, MEe, 9.887620210e+00, E, -900.000000, NP, 30000 3000
6100, t, 2.440000e-07, KEe, 295098.064298, MEe, 9.836602143e+00, E, -900.000000, NP, 30000 3000
6200, t, 2.480000e-07, KEe, 294769.394829, MEe, 9.825646494e+00, E, -900.000000, NP, 30000 3000
6300, t, 2.520000e-07, KEe, 294454.534362, MEe, 9.815151145e+00, E, -900.000000, NP, 30000 3000
6400, t, 2.560000e-07, KEe, 292632.738151, MEe, 9.754424605e+00, E, -900.000000, NP, 30000 3000
6500, t, 2.600000e-07, KEe, 292840.413245, MEe, 9.761347108e+00, E, -900.000000, NP, 30000 3000
6600, t, 2.640000e-07, KEe, 292898.293994, MEe, 9.763276466e+00, E, -900.000000, NP, 30000 3000
6700, t, 2.680000e-07, KEe, 293352.611602, MEe, 9.778420387e+00, E, -900.000000, NP, 30000 3000
6800, t, 2.720000e-07, KEe, 293837.811247, MEe, 9.794593708e+00, E, -900.000000, NP, 30000 3000
6900, t, 2.760000e-07, KEe, 294503.280953, MEe, 9.816776032e+00, E, -900.000000, NP, 30000 3000
7000, t, 2.800000e-07, KEe, 294895.227896, MEe, 9.829840930e+00, E, -900.000000, NP, 30000 3000
7100, t, 2.840000e-07, KEe, 294457.790030, MEe, 9.815259668e+00, E, -900.000000, NP, 30000 3000
7200, t, 2.880000e-07, KEe, 294721.749646, MEe, 9.824058322e+00, E, -900.000000, NP, 30000 3000
7300, t, 2.920000e-07, KEe, 295525.623376, MEe, 9.850854113e+00, E, -900.000000, NP, 30000 3000
7400, t, 2.960000e-07, KEe, 294809.305080, MEe, 9.826976836e+00, E, -900.000000, NP, 30000 3000
7500, t, 3.000000e-07, KEe, 294402.314658, MEe, 9.813410489e+00, E, -900.000000, NP, 30000 3000
7600, t, 3.040000e-07, KEe, 295043.228851, MEe, 9.834774295e+00, E, -900.000000, NP, 30000 3000
7700, t, 3.080000e-07, KEe, 296916.617305, MEe, 9.897220577e+00, E, -900.000000, NP, 30000 3000
7800, t, 3.120000e-07, KEe, 296653.374220, MEe, 9.888445807e+00, E, -900.000000, NP, 30000 3000
7900, t, 3.160000e-07, KEe, 296291.668629, MEe, 9.876388954e+00, E, -900.000000, NP, 30000 3000
8000, t, 3.200000e-07, KEe, 295995.191021, MEe, 9.866506367e+00, E, -900.000000, NP, 30000 3000
8100, t, 3.240000e-07, KEe, 295271.371953, MEe, 9.842379065e+00, E, -900.000000, NP, 30000 3000
8200, t, 3.280000e-07, KEe, 294537.506331, MEe, 9.817916878e+00, E, -900.000000, NP, 30000 3000
8300, t, 3.320000e-07, KEe, 294240.801276, MEe, 9.808026709e+00, E, -900.000000, NP, 30000 3000
8400, t, 3.360000e-07, KEe, 294054.434346, MEe, 9.801814478e+00, E, -900.000000, NP, 30000 3000
8500, t, 3.400000e-07, KEe, 294382.865263, MEe, 9.812762175e+00, E, -900.000000, NP, 30000 3000
8600, t, 3.440000e-07, KEe, 295312.608257, MEe, 9.843753609e+00, E, -900.000000, NP, 30000 3000
8700, t, 3.480000e-07, KEe, 294867.765484, MEe, 9.828925516e+00, E, -900.000000, NP, 30000 3000
8800, t, 3.520000e-07, KEe, 295804.934254, MEe, 9.860164475e+00, E, -900.000000, NP, 30000 3000
8900, t, 3.560000e-07, KEe, 296234.666583, MEe, 9.874488886e+00, E, -900.000000, NP, 30000 3000
9000, t, 3.600000e-07, KEe, 296478.514430, MEe, 9.882617148e+00, E, -900.000000, NP, 30000 3000
9100, t, 3.640000e-07, KEe, 296030.921102, MEe, 9.867697370e+00, E, -900.000000, NP, 30000 3000
9200, t, 3.680000e-07, KEe, 296855.527776, MEe, 9.895184259e+00, E, -900.000000, NP, 30000 3000
9300, t, 3.720000e-07, KEe, 296933.525998, MEe, 9.897784200e+00, E, -900.000000, NP, 30000 3000
9400, t, 3.760000e-07, KEe, 296136.959617, MEe, 9.871231987e+00, E, -900.000000, NP, 30000 3000
9500, t, 3.800000e-07, KEe, 296077.713529, MEe, 9.869257118e+00, E, -900.000000, NP, 30000 3000
9600, t, 3.840000e-07, KEe, 294661.644808, MEe, 9.822054827e+00, E, -900.000000, NP, 30000 3000
9700, t, 3.880000e-07, KEe, 294267.157452, MEe, 9.808905248e+00, E, -900.000000, NP, 30000 3000
9800, t, 3.920000e-07, KEe, 294104.495882, MEe, 9.803483196e+00, E, -900.000000, NP, 30000 3000
9900, t, 3.960000e-07, KEe, 294680.171707, MEe, 9.822672390e+00, E, -900.000000, NP, 30000 3000
10000, t, 4.000000e-07, KEe, 295717.164867, MEe, 9.857238829e+00, E, -900.000000, NP, 30000 3000
10100, t, 4.040000e-07, KEe, 295787.834598, MEe, 9.859594487e+00, E, -900.000000, NP, 30000 3000
10200, t, 4.080000e-07, KEe, 295991.540233, MEe, 9.866384674e+00, E, -900.000000, NP, 30000 3000
10300, t, 4.120000e-07, KEe, 295024.224201, MEe, 9.834140807e+00, E, -900.000000, NP, 30000 3000
10400, t, 4.160000e-07, KEe, 295831.174124, MEe, 9.861039137e+00, E, -900.000000, NP, 30000 3000
10500, t, 4.200000e-07, KEe, 296184.694127, MEe, 9.872823138e+00, E, -900.000000, NP, 30000 3000
10600, t, 4.240000e-07, KEe, 297001.306136, MEe, 9.900043538e+00, E, -900.000000, NP, 30000 3000
10700, t, 4.280000e-07, KEe, 297588.502932, MEe, 9.919616764e+00, E, -900.000000, NP, 30000 3000
10800, t, 4.320000e-07, KEe, 298058.360924, MEe, 9.935278697e+00, E, -900.000000, NP, 30000 3000
10900, t, 4.360000e-07, KEe, 299104.452036, MEe, 9.970148401e+00, E, -900.000000, NP, 30000 3000
11000, t, 4.400000e-07, KEe, 297198.264861, MEe, 9.906608829e+00, E, -900.000000, NP, 30000 3000
11100, t, 4.440000e-07, KEe, 296151.760825, MEe, 9.871725361e+00, E, -900.000000, NP, 30000 3000
11200, t, 4.480000e-07, KEe, 296007.988064, MEe, 9.866932935e+00, E, -900.000000, NP, 30000 3000
11300, t, 4.520000e-07, KEe, 297304.471296, MEe, 9.910149043e+00, E, -900.000000, NP, 30000 3000
11400, t, 4.560000e-07, KEe, 296411.635456, MEe, 9.880387849e+00, E, -900.000000, NP, 30000 3000
11500, t, 4.600000e-07, KEe, 296426.743500, MEe, 9.880891450e+00, E, -900.000000, NP, 30000 3000
11600, t, 4.640000e-07, KEe, 296050.200754, MEe, 9.868340025e+00, E, -900.000000, NP, 30000 3000
11700, t, 4.680000e-07, KEe, 297424.349414, MEe, 9.914144980e+00, E, -900.000000, NP, 30000 3000
11800, t, 4.720000e-07, KEe, 297134.589151, MEe, 9.904486305e+00, E, -900.000000, NP, 30000 3000
11900, t, 4.760000e-07, KEe, 296683.650204, MEe, 9.889455007e+00, E, -900.000000, NP, 30000 3000
12000, t, 4.800000e-07, KEe, 296441.493652, MEe, 9.881383122e+00, E, -900.000000, NP, 30000 3000
12100, t, 4.840000e-07, KEe, 296816.099319, MEe, 9.893869977e+00, E, -900.000000, NP, 30000 3000
12200, t, 4.880000e-07, KEe, 295871.610164, MEe, 9.862387005e+00, E, -900.000000, NP, 30000 3000
12300, t, 4.920000e-07, KEe, 295596.686260, MEe, 9.853222875e+00, E, -900.000000, NP, 30000 3000
12400, t, 4.960000e-07, KEe, 296727.105408, MEe, 9.890903514e+00, E, -900.000000, NP, 30000 3000
12500, t, 5.000000e-07, KEe, 296930.481626, MEe, 9.897682721e+00, E, -900.000000, NP, 30000 3000
12600, t, 5.040000e-07, KEe, 297394.853872, MEe, 9.913161796e+00, E, -900.000000, NP, 30000 3000
12700, t, 5.080000e-07, KEe, 298329.493273, MEe, 9.944316442e+00, E, -900.000000, NP, 30000 3000
12800, t, 5.120000e-07, KEe, 297810.458549, MEe, 9.927015285e+00, E, -900.000000, NP, 30000 3000
12900, t, 5.160000e-07, KEe, 297673.620664, MEe, 9.922454022e+00, E, -900.000000, NP, 30000 3000
13000, t, 5.200000e-07, KEe, 296183.365590, MEe, 9.872778853e+00, E, -900.000000, NP, 30000 3000
13100, t, 5.240000e-07, KEe, 296813.612305, MEe, 9.893787077e+00, E, -900.000000, NP, 30000 3000
13200, t, 5.280000e-07, KEe, 296511.751971, MEe, 9.883725066e+00, E, -900.000000, NP, 30000 3000
13300, t, 5.320000e-07, KEe, 296012.274471, MEe, 9.867075816e+00, E, -900.000000, NP, 30000 3000
13400, t, 5.360000e-07, KEe, 295939.270971, MEe, 9.864642366e+00, E, -900.000000, NP, 30000 3000
13500, t, 5.400000e-07, KEe, 294836.927124, MEe, 9.827897571e+00, E, -900.000000, NP, 30000 3000
13600, t, 5.440000e-07, KEe, 295540.907370, MEe, 9.851363579e+00, E, -900.000000, NP, 30000 3000
13700, t, 5.480000e-07, KEe, 294595.132694, MEe, 9.819837756e+00, E, -900.000000, NP, 30000 3000
13800, t, 5.520000e-07, KEe, 294633.656456, MEe, 9.821121882e+00, E, -900.000000, NP, 30000 3000
13900, t, 5.560000e-07, KEe, 294438.907310, MEe, 9.814630244e+00, E, -900.000000, NP, 30000 3000
14000, t, 5.600000e-07, KEe, 293712.609170, MEe, 9.790420306e+00, E, -900.000000, NP, 30000 3000
14100, t, 5.640000e-07, KEe, 293845.243252, MEe, 9.794841442e+00, E, -900.000000, NP, 30000 3000
14200, t, 5.680000e-07, KEe, 294778.595687, MEe, 9.825953190e+00, E, -900.000000, NP, 30000 3000
14300, t, 5.720000e-07, KEe, 295399.194272, MEe, 9.846639809e+00, E, -900.000000, NP, 30000 3000
14400, t, 5.760000e-07, KEe, 295658.649943, MEe, 9.855288331e+00, E, -900.000000, NP, 30000 3000
14500, t, 5.800000e-07, KEe, 295565.140145, MEe, 9.852171338e+00, E, -900.000000, NP, 30000 3000
14600, t, 5.840000e-07, KEe, 294290.052920, MEe, 9.809668431e+00, E, -900.000000, NP, 30000 3000
14700, t, 5.880000e-07, KEe, 294140.164753, MEe, 9.804672158e+00, E, -900.000000, NP, 30000 3000
14800, t, 5.920000e-07, KEe, 294327.299653, MEe, 9.810909988e+00, E, -900.000000, NP, 30000 3000
14900, t, 5.960000e-07, KEe, 294338.166761, MEe, 9.811272225e+00, E, -900.000000, NP, 30000 3000
15000, t, 6.000000e-07, KEe, 294492.746637, MEe, 9.816424888e+00, E, -900.000000, NP, 30000 3000
15100, t, 6.040000e-07, KEe, 294823.498432, MEe, 9.827449948e+00, E, -900.000000, NP, 30000 3000
15200, t, 6.080000e-07, KEe, 293883.593466, MEe, 9.796119782e+00, E, -900.000000, NP, 30000 3000
15300, t, 6.120000e-07, KEe, 294767.064054, MEe, 9.825568802e+00, E, -900.000000, NP, 30000 3000
15400, t, 6.160000e-07, KEe, 293637.707270, MEe, 9.787923576e+00, E, -900.000000, NP, 30000 3000
15500, t, 6.200000e-07, KEe, 293535.853463, MEe, 9.784528449e+00, E, -900.000000, NP, 30000 3000
15600, t, 6.240000e-07, KEe, 293980.615065, MEe, 9.799353836e+00, E, -900.000000, NP, 30000 3000
15700, t, 6.280000e-07, KEe, 294551.489758, MEe, 9.818382992e+00, E, -900.000000, NP, 30000 3000
15800, t, 6.320000e-07, KEe, 295069.242399, MEe, 9.835641413e+00, E, -900.000000, NP, 30000 3000
15900, t, 6.360000e-07, KEe, 295905.085016, MEe, 9.863502834e+00, E, -900.000000, NP, 30000 3000
16000, t, 6.400000e-07, KEe, 295111.255876, MEe, 9.837041863e+00, E, -900.000000, NP, 30000 3000
16100, t, 6.440000e-07, KEe, 294643.756627, MEe, 9.821458554e+00, E, -900.000000, NP, 30000 3000
16200, t, 6.480000e-07, KEe, 293297.969189, MEe, 9.776598973e+00, E, -900.000000, NP, 30000 3000
16300, t, 6.520000e-07, KEe, 294088.643964, MEe, 9.802954799e+00, E, -900.000000, NP, 30000 3000
16400, t, 6.560000e-07, KEe, 294393.747459, MEe, 9.813124915e+00, E, -900.000000, NP, 30000 3000
16500, t, 6.600000e-07, KEe, 295225.680816, MEe, 9.840856027e+00, E, -900.000000, NP, 30000 3000
16600, t, 6.640000e-07, KEe, 294397.283392, MEe, 9.813242780e+00, E, -900.000000, NP, 30000 3000
16700, t, 6.680000e-07, KEe, 294605.994097, MEe, 9.820199803e+00, E, -900.000000, NP, 30000 3000
16800, t, 6.720000e-07, KEe, 295733.311423, MEe, 9.857777047e+00, E, -900.000000, NP, 30000 3000
16900, t, 6.760000e-07, KEe, 296142.019095, MEe, 9.871400637e+00, E, -900.000000, NP, 30000 3000
17000, t, 6.800000e-07, KEe, 296271.572524, MEe, 9.875719084e+00, E, -900.000000, NP, 30000 3000
17100, t, 6.840000e-07, KEe, 296564.014312, MEe, 9.885467144e+00, E, -900.000000, NP, 30000 3000
17200, t, 6.880000e-07, KEe, 295951.290326, MEe, 9.865043011e+00, E, -900.000000, NP, 30000 3000
17300, t, 6.920000e-07, KEe, 296845.865516, MEe, 9.894862184e+00, E, -900.000000, NP, 30000 3000
17400, t, 6.960000e-07, KEe, 297322.821952, MEe, 9.910760732e+00, E, -900.000000, NP, 30000 3000
17500, t, 7.000000e-07, KEe, 296783.178685, MEe, 9.892772623e+00, E, -900.000000, NP, 30000 3000
17600, t, 7.040000e-07, KEe, 296590.783678, MEe, 9.886359456e+00, E, -900.000000, NP, 30000 3000
17700, t, 7.080000e-07, KEe, 295920.276799, MEe, 9.864009227e+00, E, -900.000000, NP, 30000 3000
17800, t, 7.120000e-07, KEe, 295165.359342, MEe, 9.838845311e+00, E, -900.000000, NP, 30000 3000
17900, t, 7.160000e-07, KEe, 295194.422581, MEe, 9.839814086e+00, E, -900.000000, NP, 30000 3000
18000, t, 7.200000e-07, KEe, 294724.361099, MEe, 9.824145370e+00, E, -900.000000, NP, 30000 3000
18100, t, 7.240000e-07, KEe, 295513.030766, MEe, 9.850434359e+00, E, -900.000000, NP, 30000 3000
18200, t, 7.280000e-07, KEe, 294859.706826, MEe, 9.828656894e+00, E, -900.000000, NP, 30000 3000
18300, t, 7.320000e-07, KEe, 295447.197765, MEe, 9.848239926e+00, E, -900.000000, NP, 30000 3000
18400, t, 7.360000e-07, KEe, 294405.716024, MEe, 9.813523867e+00, E, -900.000000, NP, 30000 3000
18500, t, 7.400000e-07, KEe, 294597.981567, MEe, 9.819932719e+00, E, -900.000000, NP, 30000 3000
18600, t, 7.440000e-07, KEe, 295810.781812, MEe, 9.860359394e+00, E, -900.000000, NP, 30000 3000
18700, t, 7.480000e-07, KEe, 296217.457092, MEe, 9.873915236e+00, E, -900.000000, NP, 30000 3000
18800, t, 7.520000e-07, KEe, 296516.826089, MEe, 9.883894203e+00, E, -900.000000, NP, 30000 3000
18900, t, 7.560000e-07, KEe, 296601.632631, MEe, 9.886721088e+00, E, -900.000000, NP, 30000 3000
19000, t, 7.600000e-07, KEe, 295717.199365, MEe, 9.857239979e+00, E, -900.000000, NP, 30000 3000
19100, t, 7.640000e-07, KEe, 295810.955066, MEe, 9.860365169e+00, E, -900.000000, NP, 30000 3000
19200, t, 7.680000e-07, KEe, 295214.032693, MEe, 9.840467756e+00, E, -900.000000, NP, 30000 3000
19300, t, 7.720000e-07, KEe, 295329.132757, MEe, 9.844304425e+00, E, -900.000000, NP, 30000 3000
19400, t, 7.760000e-07, KEe, 295359.140843, MEe, 9.845304695e+00, E, -900.000000, NP, 30000 3000
19500, t, 7.800000e-07, KEe, 296109.928001, MEe, 9.870330933e+00, E, -900.000000, NP, 30000 3000
19600, t, 7.840000e-07, KEe, 297183.494477, MEe, 9.906116483e+00, E, -900.000000, NP, 30000 3000
19700, t, 7.880000e-07, KEe, 297274.287252, MEe, 9.909142908e+00, E, -900.000000, NP, 30000 3000
19800, t, 7.920000e-07, KEe, 297438.671217, MEe, 9.914622374e+00, E, -900.000000, NP, 30000 3000
19900, t, 7.960000e-07, KEe, 296015.437910, MEe, 9.867181264e+00, E, -900.000000, NP, 30000 3000
20000, t, 8.000000e-07, KEe, 295573.765814, MEe, 9.852458860e+00, E, -900.000000, NP, 30000 3000
20100, t, 8.040000e-07, KEe, 295790.599074, MEe, 9.859686636e+00, E, -900.000000, NP, 30000 3000
20200, t, 8.080000e-07, KEe, 294923.291040, MEe, 9.830776368e+00, E, -900.000000, NP, 30000 3000
20300, t, 8.120000e-07, KEe, 294083.728545, MEe, 9.802790952e+00, E, -900.000000, NP, 30000 3000
20400, t, 8.160000e-07, KEe, 293669.618477, MEe, 9.788987283e+00, E, -900.000000, NP, 30000 3000
20500, t, 8.200000e-07, KEe, 293655.233017, MEe, 9.788507767e+00, E, -900.000000, NP, 30000 3000
20600, t, 8.240000e-07, KEe, 293632.560205, MEe, 9.787752007e+00, E, -900.000000, NP, 30000 3000
20700, t, 8.280000e-07, KEe, 292682.706027, MEe, 9.756090201e+00, E, -900.000000, NP, 30000 3000
20800, t, 8.320000e-07, KEe, 293247.362199, MEe, 9.774912073e+00, E, -900.000000, NP, 30000 3000
20900, t, 8.360000e-07, KEe, 293638.699512, MEe, 9.787956650e+00, E, -900.000000, NP, 30000 3000
21000, t, 8.400000e-07, KEe, 294573.533650, MEe, 9.819117788e+00, E, -900.000000, NP, 30000 3000
21100, t, 8.440000e-07, KEe, 294894.375648, MEe, 9.829812522e+00, E, -900.000000, NP, 30000 3000
21200, t, 8.480000e-07, KEe, 295496.749690, MEe, 9.849891656e+00, E, -900.000000, NP, 30000 3000
21300, t, 8.520000e-07, KEe, 296590.548364, MEe, 9.886351612e+00, E, -900.000000, NP, 30000 3000
21400, t, 8.560000e-07, KEe, 296519.620410, MEe, 9.883987347e+00, E, -900.000000, NP, 30000 3000
21500, t, 8.600000e-07, KEe, 297056.500563, MEe, 9.901883352e+00, E, -900.000000, NP, 30000 3000
21600, t, 8.640000e-07, KEe, 296277.758883, MEe, 9.875925296e+00, E, -900.000000, NP, 30000 3000
21700, t, 8.680000e-07, KEe, 295668.588346, MEe, 9.855619612e+00, E, -900.000000, NP, 30000 3000
21800, t, 8.720000e-07, KEe, 295409.913057, MEe, 9.846997102e+00, E, -900.000000, NP, 30000 3000
21900, t, 8.760000e-07, KEe, 295473.500934, MEe, 9.849116698e+00, E, -900.000000, NP, 30000 3000
22000, t, 8.800000e-07, KEe, 294765.704195, MEe, 9.825523473e+00, E, -900.000000, NP, 30000 3000
22100, t, 8.840000e-07, KEe, 293352.527128, MEe, 9.778417571e+00, E, -900.000000, NP, 30000 3000
22200, t, 8.880000e-07, KEe, 292830.113978, MEe, 9.761003799e+00, E, -900.000000, NP, 30000 3000
22300, t, 8.920000e-07, KEe, 293254.573741, MEe, 9.775152458e+00, E, -900.000000, NP, 30000 3000
22400, t, 8.960000e-07, KEe, 293647.860468, MEe, 9.788262016e+00, E, -900.000000, NP, 30000 3000
22500, t, 9.000000e-07, KEe, 294204.256250, MEe, 9.806808542e+00, E, -900.000000, NP, 30000 3000
22600, t, 9.040000e-07, KEe, 294022.645551, MEe, 9.800754852e+00, E, -900.000000, NP, 30000 3000
22700, t, 9.080000e-07, KEe, 294563.782309, MEe, 9.818792744e+00, E, -900.000000, NP, 30000 3000
22800, t, 9.120000e-07, KEe, 294169.310705, MEe, 9.805643690e+00, E, -900.000000, NP, 30000 3000
22900, t, 9.160000e-07, KEe, 294667.625272, MEe, 9.822254176e+00, E, -900.000000, NP, 30000 3000
23000, t, 9.200000e-07, KEe, 294915.568022, MEe, 9.830518934e+00, E, -900.000000, NP, 30000 3000
23100, t, 9.240000e-07, KEe, 295116.187318, MEe, 9.837206244e+00, E, -900.000000, NP, 30000 3000
23200, t, 9.280000e-07, KEe, 295664.670681, MEe, 9.855489023e+00, E, -900.000000, NP, 30000 3000
23300, t, 9.320000e-07, KEe, 296771.872621, MEe, 9.892395754e+00, E, -900.000000, NP, 30000 3000
23400, t, 9.360000e-07, KEe, 298379.561659, MEe, 9.945985389e+00, E, -900.000000, NP, 30000 3000
23500, t, 9.400000e-07, KEe, 297093.834238, MEe, 9.903127808e+00, E, -900.000000, NP, 30000 3000
23600, t, 9.440000e-07, KEe, 296853.787468, MEe, 9.895126249e+00, E, -900.000000, NP, 30000 3000
23700, t, 9.480000e-07, KEe, 295171.068664, MEe, 9.839035622e+00, E, -900.000000, NP, 30000 3000
23800, t, 9.520000e-07, KEe, 294954.819733, MEe, 9.831827324e+00, E, -900.000000, NP, 30000 3000
23900, t, 9.560000e-07, KEe, 295401.562091, MEe, 9.846718736e+00, E, -900.000000, NP, 30000 3000
24000, t, 9.600000e-07, KEe, 295078.256739, MEe, 9.835941891e+00, E, -900.000000, NP, 30000 3000
24100, t, 9.640000e-07, KEe, 294699.876574, MEe, 9.823329219e+00, E, -900.000000, NP, 30000 3000
24200, t, 9.680000e-07, KEe, 294393.885324, MEe, 9.813129511e+00, E, -900.000000, NP, 30000 3000
24300, t, 9.720000e-07, KEe, 294804.423729, MEe, 9.826814124e+00, E, -900.000000, NP, 30000 3000
24400, t, 9.760000e-07, KEe, 293674.382387, MEe, 9.789146080e+00, E, -900.000000, NP, 30000 3000
24500, t, 9.800000e-07, KEe, 293642.572431, MEe, 9.788085748e+00, E, -900.000000, NP, 30000 3000
24600, t, 9.840000e-07, KEe, 293894.809266, MEe, 9.796493642e+00, E, -900.000000, NP, 30000 3000
24700, t, 9.880000e-07, KEe, 295243.416783, MEe, 9.841447226e+00, E, -900.000000, NP, 30000 3000
24800, t, 9.920000e-07, KEe, 296671.522085, MEe, 9.889050736e+00, E, -900.000000, NP, 30000 3000
24900, t, 9.960000e-07, KEe, 296661.232007, MEe, 9.888707734e+00, E, -900.000000, NP, 30000 3000
25000, t, 1.000000e-06, KEe, 295665.860794, MEe, 9.855528693e+00, E, -900.000000, NP, 30000 3000
25100, t, 1.004000e-06, KEe, 296058.264113, MEe, 9.868608804e+00, E, -900.000000, NP, 30000 3000
25200, t, 1.008000e-06, KEe, 296918.364858, MEe, 9.897278829e+00, E, -900.000000, NP, 30000 3000
25300, t, 1.012000e-06, KEe, 296998.908515, MEe, 9.899963617e+00, E, -900.000000, NP, 30000 3000
25400, t, 1.016000e-06, KEe, 294720.521110, MEe, 9.824017370e+00, E, -900.000000, NP, 30000 3000
25500, t, 1.020000e-06, KEe, 294928.181191, MEe, 9.830939373e+00, E, -900.000000, NP, 30000 3000
25600, t, 1.024000e-06, KEe, 294819.017206, MEe, 9.827300574e+00, E, -900.000000, NP, 30000 3000
25700, t, 1.028000e-06, KEe, 295421.700876, MEe, 9.847390029e+00, E, -900.000000, NP, 30000 3000
25800, t, 1.032000e-06, KEe, 294982.829353, MEe, 9.832760978e+00, E, -900.000000, NP, 30000 3000
25900, t, 1.036000e-06, KEe, 296822.864084, MEe, 9.894095469e+00, E, -900.000000, NP, 30000 3000
26000, t, 1.040000e-06, KEe, 295748.910210, MEe, 9.858297007e+00, E, -900.000000, NP, 30000 3000
26100, t, 1.044000e-06, KEe, 296126.612003, MEe, 9.870887067e+00, E, -900.000000, NP, 30000 3000
26200, t, 1.048000e-06, KEe, 295835.216643, MEe, 9.861173888e+00, E, -900.000000, NP, 30000 3000
26300, t, 1.052000e-06, KEe, 296194.909915, MEe, 9.873163664e+00, E, -900.000000, NP, 30000 3000
26400, t, 1.056000e-06, KEe, 295510.812607, MEe, 9.850360420e+00, E, -900.000000, NP, 30000 3000
26500, t, 1.060000e-06, KEe, 295840.980523, MEe, 9.861366017e+00, E, -900.000000, NP, 30000 3000
26600, t, 1.064000e-06, KEe, 296026.532787, MEe, 9.867551093e+00, E, -900.000000, NP, 30000 3000
26700, t, 1.068000e-06, KEe, 295464.000081, MEe, 9.848800003e+00, E, -900.000000, NP, 30000 3000
26800, t, 1.072000e-06, KEe, 294887.000543, MEe, 9.829566685e+00, E, -900.000000, NP, 30000 3000
26900, t, 1.076000e-06, KEe, 296366.941309, MEe, 9.878898044e+00, E, -900.000000, NP, 30000 3000
27000, t, 1.080000e-06, KEe, 295111.346356, MEe, 9.837044879e+00, E, -900.000000, NP, 30000 3000
27100, t, 1.084000e-06, KEe, 295072.320933, MEe, 9.835744031e+00, E, -900.000000, NP, 30000 3000
27200, t, 1.088000e-06, KEe, 294870.763602, MEe, 9.829025453e+00, E, -900.000000, NP, 30000 3000
27300, t, 1.092000e-06, KEe, 295092.170954, MEe, 9.836405698e+00, E, -900.000000, NP, 30000 3000
27400, t, 1.096000e-06, KEe, 294159.050552, MEe, 9.805301685e+00, E, -900.000000, NP, 30000 3000
27500, t, 1.100000e-06, KEe, 294984.532422, MEe, 9.832817747e+00, E, -900.000000, NP, 30000 3000
27600, t, 1.104000e-06, KEe, 294916.857977, MEe, 9.830561933e+00, E, -900.000000, NP, 30000 3000
27700, t, 1.108000e-06, KEe, 295348.107415, MEe, 9.844936914e+00, E, -900.000000, NP, 30000 3000
27800, t, 1.112000e-06, KEe, 296871.527237, MEe, 9.895717575e+00, E, -900.000000, NP, 30000 3000
27900, t, 1.116000e-06, KEe, 297667.819095, MEe, 9.922260637e+00, E, -900.000000, NP, 30000 3000
28000, t, 1.120000e-06, KEe, 296226.071711, MEe, 9.874202390e+00, E, -900.000000, NP, 30000 3000
28100, t, 1.124000e-06, KEe, 294707.215096, MEe, 9.823573837e+00, E, -900.000000, NP, 30000 3000
28200, t, 1.128000e-06, KEe, 295366.078575, MEe, 9.845535953e+00, E, -900.000000, NP, 30000 3000
28300, t, 1.132000e-06, KEe, 296056.083841, MEe, 9.868536128e+00, E, -900.000000, NP, 30000 3000
28400, t, 1.136000e-06, KEe, 296178.630509, MEe, 9.872621017e+00, E, -900.000000, NP, 30000 3000
28500, t, 1.140000e-06, KEe, 296098.470113, MEe, 9.869949004e+00, E, -900.000000, NP, 30000 3000
28600, t, 1.144000e-06, KEe, 295665.169206, MEe, 9.855505640e+00, E, -900.000000, NP, 30000 3000
28700, t, 1.148000e-06, KEe, 296023.959392, MEe, 9.867465313e+00, E, -900.000000, NP, 30000 3000
28800, t, 1.152000e-06, KEe, 296404.828480, MEe, 9.880160949e+00, E, -900.000000, NP, 30000 3000
28900, t, 1.156000e-06, KEe, 296294.864630, MEe, 9.876495488e+00, E, -900.000000, NP, 30000 3000
29000, t, 1.160000e-06, KEe, 295385.926320, MEe, 9.846197544e+00, E, -900.000000, NP, 30000 3000
29100, t, 1.164000e-06, KEe, 295180.915419, MEe, 9.839363847e+00, E, -900.000000, NP, 30000 3000
29200, t, 1.168000e-06, KEe, 296621.835730, MEe, 9.887394524e+00, E, -900.000000, NP, 30000 3000
29300, t, 1.172000e-06, KEe, 297655.652417, MEe, 9.921855081e+00, E, -900.000000, NP, 30000 3000
29400, t, 1.176000e-06, KEe, 297885.677651, MEe, 9.929522588e+00, E, -900.000000, NP, 30000 3000
29500, t, 1.180000e-06, KEe, 298044.668463, MEe, 9.934822282e+00, E, -900.000000, NP, 30000 3000
29600, t, 1.184000e-06, KEe, 296458.454769, MEe, 9.881948492e+00, E, -900.000000, NP, 30000 3000
29700, t, 1.188000e-06, KEe, 297530.538032, MEe, 9.917684601e+00, E, -900.000000, NP, 30000 3000
29800, t, 1.192000e-06, KEe, 297053.917143, MEe, 9.901797238e+00, E, -900.000000, NP, 30000 3000
29900, t, 1.196000e-06, KEe, 297585.866462, MEe, 9.919528882e+00, E, -900.000000, NP, 30000 3000
30000, t, 1.200000e-06, KEe, 298618.202467, MEe, 9.953940082e+00, E, -900.000000, NP, 30000 3000
30100, t, 1.204000e-06, KEe, 297989.345649, MEe, 9.932978188e+00, E, -900.000000, NP, 30000 3000
30200, t, 1.208000e-06, KEe, 296951.995853, MEe, 9.898399862e+00, E, -900.000000, NP, 30000 3000
30300, t, 1.212000e-06, KEe, 295279.442233, MEe, 9.842648074e+00, E, -900.000000, NP, 30000 3000
30400, t, 1.216000e-06, KEe, 295136.237801, MEe, 9.837874593e+00, E, -900.000000, NP, 30000 3000
30500, t, 1.220000e-06, KEe, 295233.319001, MEe, 9.841110633e+00, E, -900.000000, NP, 30000 3000
30600, t, 1.224000e-06, KEe, 294783.944117, MEe, 9.826131471e+00, E, -900.000000, NP, 30000 3000
30700, t, 1.228000e-06, KEe, 294531.720927, MEe, 9.817724031e+00, E, -900.000000, NP, 30000 3000
30800, t, 1.232000e-06, KEe, 295635.683462, MEe, 9.854522782e+00, E, -900.000000, NP, 30000 3000
30900, t, 1.236000e-06, KEe, 295615.227701, MEe, 9.853840923e+00, E, -900.000000, NP, 30000 3000
31000, t, 1.240000e-06, KEe, 295590.246353, MEe, 9.853008212e+00, E, -900.000000, NP, 30000 3000
31100, t, 1.244000e-06, KEe, 294971.367956, MEe, 9.832378932e+00, E, -900.000000, NP, 30000 3000
31200, t, 1.248000e-06, KEe, 294800.326827, MEe, 9.826677561e+00, E, -900.000000, NP, 30000 3000
31300, t, 1.252000e-06, KEe, 294918.672278, MEe, 9.830622409e+00, E, -900.000000, NP, 30000 3000
31400, t, 1.256000e-06, KEe, 293723.259692, MEe, 9.790775323e+00, E, -900.000000, NP, 30000 3000
31500, t, 1.260000e-06, KEe, 294106.535246, MEe, 9.803551175e+00, E, -900.000000, NP, 30000 3000
31600, t, 1.264000e-06, KEe, 294297.193067, MEe, 9.809906436e+00, E, -900.000000, NP, 30000 3000
31700, t, 1.268000e-06, KEe, 295291.899587, MEe, 9.843063320e+00, E, -900.000000, NP, 30000 3000
31800, t, 1.272000e-06, KEe, 294845.272752, MEe, 9.828175758e+00, E, -900.000000, NP, 30000 3000
31900, t, 1.276000e-06, KEe, 295347.956228, MEe, 9.844931874e+00, E, -900.000000, NP, 30000 3000
32000, t, 1.280000e-06, KEe, 295806.776839, MEe, 9.860225895e+00, E, -900.000000, NP, 30000 3000
32100, t, 1.284000e-06, KEe, 295718.508932, MEe, 9.857283631e+00, E, -900.000000, NP, 30000 3000
32200, t, 1.288000e-06, KEe, 296331.147220, MEe, 9.877704907e+00, E, -900.000000, NP, 30000 3000
32300, t, 1.292000e-06, KEe, 296531.436115, MEe, 9.884381204e+00, E, -900.000000, NP, 30000 3000
32400, t, 1.296000e-06, KEe, 296037.794056, MEe, 9.867926469e+00, E, -900.000000, NP, 30000 3000
32500, t, 1.300000e-06, KEe, 295244.956117, MEe, 9.841498537e+00, E, -900.000000, NP, 30000 3000
32600, t, 1.304000e-06, KEe, 294738.011606, MEe, 9.824600387e+00, E, -900.000000, NP, 30000 3000
32700, t, 1.308000e-06, KEe, 294978.225591, MEe, 9.832607520e+00, E, -900.000000, NP, 30000 3000
32800, t, 1.312000e-06, KEe, 295375.601894, MEe, 9.845853396e+00, E, -900.000000, NP, 30000 3000
32900, t, 1.316000e-06, KEe, 296487.062904, MEe, 9.882902097e+00, E, -900.000000, NP, 30000 3000
33000, t, 1.320000e-06, KEe, 296478.403288, MEe, 9.882613443e+00, E, -900.000000, NP, 30000 3000
33100, t, 1.324000e-06, KEe, 295266.479907, MEe, 9.842215997e+00, E, -900.000000, NP, 30000 3000
33200, t, 1.328000e-06, KEe, 295842.281995, MEe, 9.861409400e+00, E, -900.000000, NP, 30000 3000
33300, t, 1.332000e-06, KEe, 295695.012606, MEe, 9.856500420e+00, E, -900.000000, NP, 30000 3000
33400, t, 1.336000e-06, KEe, 295800.806653, MEe, 9.860026888e+00, E, -900.000000, NP, 30000 3000
33500, t, 1.340000e-06, KEe, 296546.167895, MEe, 9.884872263e+00, E, -900.000000, NP, 30000 3000
33600, t, 1.344000e-06, KEe, 296870.000195, MEe, 9.895666673e+00, E, -900.000000, NP, 30000 3000
33700, t, 1.348000e-06, KEe, 296368.992167, MEe, 9.878966406e+00, E, -900.000000, NP, 30000 3000
33800, t, 1.352000e-06, KEe, 295867.279653, MEe, 9.862242655e+00, E, -900.000000, NP, 30000 3000
33900, t, 1.356000e-06, KEe, 295980.498706, MEe, 9.866016624e+00, E, -900.000000, NP, 30000 3000
34000, t, 1.360000e-06, KEe, 295114.785403, MEe, 9.837159513e+00, E, -900.000000, NP, 30000 3000
34100, t, 1.364000e-06, KEe, 295733.386257, MEe, 9.857779542e+00, E, -900.000000, NP, 30000 3000
34200, t, 1.368000e-06, KEe, 295533.493059, MEe, 9.851116435e+00, E, -900.000000, NP, 30000 3000
34300, t, 1.372000e-06, KEe, 294590.841300, MEe, 9.819694710e+00, E, -900.000000, NP, 30000 3000
34400, t, 1.376000e-06, KEe, 294903.029777, MEe, 9.830100993e+00, E, -900.000000, NP, 30000 3000
34500, t, 1.380000e-06, KEe, 294931.279362, MEe, 9.831042645e+00, E, -900.000000, NP, 30000 3000
34600, t, 1.384000e-06, KEe, 294708.834486, MEe, 9.823627816e+00, E, -900.000000, NP, 30000 3000
34700, t, 1.388000e-06, KEe, 294079.612757, MEe, 9.802653759e+00, E, -900.000000, NP, 30000 3000
34800, t, 1.392000e-06, KEe, 294428.632502, MEe, 9.814287750e+00, E, -900.000000, NP, 30000 3000
34900, t, 1.396000e-06, KEe, 295101.580795, MEe, 9.836719360e+00, E, -900.000000, NP, 30000 3000
35000, t, 1.400000e-06, KEe, 295805.080898, MEe, 9.860169363e+00, E, -900.000000, NP, 30000 3000
35100, t, 1.404000e-06, KEe, 296149.961211, MEe, 9.871665374e+00, E, -900.000000, NP, 30000 3000
35200, t, 1.408000e-06, KEe, 295378.014472, MEe, 9.845933816e+00, E, -900.000000, NP, 30000 3000
35300, t, 1.412000e-06, KEe, 297132.002004, MEe, 9.904400067e+00, E, -900.000000, NP, 30000 3000
35400, t, 1.416000e-06, KEe, 296427.037673, MEe, 9.880901256e+00, E, -900.000000, NP, 30000 3000
35500, t, 1.420000e-06, KEe, 296495.599171, MEe, 9.883186639e+00, E, -900.000000, NP, 30000 3000
35600, t, 1.424000e-06, KEe, 295907.383199, MEe, 9.863579440e+00, E, -900.000000, NP, 30000 3000
35700, t, 1.428000e-06, KEe, 294980.419497, MEe, 9.832680650e+00, E, -900.000000, NP, 30000 3000
35800, t, 1.432000e-06, KEe, 295036.772330, MEe, 9.834559078e+00, E, -900.000000, NP, 30000 3000
35900, t, 1.436000e-06, KEe, 295754.484628, MEe, 9.858482821e+00, E, -900.000000, NP, 30000 3000
36000, t, 1.440000e-06, KEe, 294983.623944, MEe, 9.832787465e+00, E, -900.000000, NP, 30000 3000
36100, t, 1.444000e-06, KEe, 296134.839514, MEe, 9.871161317e+00, E, -900.000000, NP, 30000 3000
36200, t, 1.448000e-06, KEe, 296172.625179, MEe, 9.872420839e+00, E, -900.000000, NP, 30000 3000
36300, t, 1.452000e-06, KEe, 296360.214907, MEe, 9.878673830e+00, E, -900.000000, NP, 30000 3000
36400, t, 1.456000e-06, KEe, 296711.379685, MEe, 9.890379323e+00, E, -900.000000, NP, 30000 3000
36500, t, 1.460000e-06, KEe, 296144.346378, MEe, 9.871478213e+00, E, -900.000000, NP, 30000 3000
36600, t, 1.464000e-06, KEe, 296504.246234, MEe, 9.883474874e+00, E, -900.000000, NP, 30000 3000
36700, t, 1.468000e-06, KEe, 295282.711884, MEe, 9.842757063e+00, E, -900.000000, NP, 30000 3000
36800, t, 1.472000e-06, KEe, 295133.619422, MEe, 9.837787314e+00, E, -900.000000, NP, 30000 3000
36900, t, 1.476000e-06, KEe, 294662.957074, MEe, 9.822098569e+00, E, -900.000000, NP, 30000 3000
37000, t, 1.480000e-06, KEe, 294740.379130, MEe, 9.824679304e+00, E, -900.000000, NP, 30000 3000
37100, t, 1.484000e-06, KEe, 295011.576090, MEe, 9.833719203e+00, E, -900.000000, NP, 30000 3000
37200, t, 1.488000e-06, KEe, 293924.140858, MEe, 9.797471362e+00, E, -900.000000, NP, 30000 3000
37300, t, 1.492000e-06, KEe, 294602.309386, MEe, 9.820076980e+00, E, -900.000000, NP, 30000 3000
37400, t, 1.496000e-06, KEe, 294992.044737, MEe, 9.833068158e+00, E, -900.000000, NP, 30000 3000
37500, t, 1.500000e-06, KEe, 296074.849934, MEe, 9.869161664e+00, E, -900.000000, NP, 30000 3000
37600, t, 1.504000e-06, KEe, 295706.418852, MEe, 9.856880628e+00, E, -900.000000, NP, 30000 3000
37700, t, 1.508000e-06, KEe, 297067.232617, MEe, 9.902241087e+00, E, -900.000000, NP, 30000 3000
37800, t, 1.512000e-06, KEe, 296869.992448, MEe, 9.895666415e+00, E, -900.000000, NP, 30000 3000
37900, t, 1.516000e-06, KEe, 296236.108739, MEe, 9.874536958e+00, E, -900.000000, NP, 30000 3000
38000, t, 1.520000e-06, KEe, 296583.451755, MEe, 9.886115059e+00, E, -900.000000, NP, 30000 3000
38100, t, 1.524000e-06, KEe, 297124.130857, MEe, 9.904137695e+00, E, -900.000000, NP, 30000 3000
38200, t, 1.528000e-06, KEe, 296816.476261, MEe, 9.893882542e+00, E, -900.000000, NP, 30000 3000
38300, t, 1.532000e-06, KEe, 296454.352934, MEe, 9.881811764e+00, E, -900.000000, NP, 30000 3000
38400, t, 1.536000e-06, KEe, 297169.310788, MEe, 9.905643693e+00, E, -900.000000, NP, 30000 3000
38500, t, 1.540000e-06, KEe, 296394.221078, MEe, 9.879807369e+00, E, -900.000000, NP, 30000 3000
38600, t, 1.544000e-06, KEe, 295571.399338, MEe, 9.852379978e+00, E, -900.000000, NP, 30000 3000
38700, t, 1.548000e-06, KEe, 296143.523668, MEe, 9.871450789e+00, E, -900.000000, NP, 30000 3000
38800, t, 1.552000e-06, KEe, 295589.996705, MEe, 9.852999890e+00, E, -900.000000, NP, 30000 3000
38900, t, 1.556000e-06, KEe, 294801.429939, MEe, 9.826714331e+00, E, -900.000000, NP, 30000 3000
39000, t, 1.560000e-06, KEe, 295326.261963, MEe, 9.844208732e+00, E, -900.000000, NP, 30000 3000
39100, t, 1.564000e-06, KEe, 294362.577738, MEe, 9.812085925e+00, E, -900.000000, NP, 30000 3000
39200, t, 1.568000e-06, KEe, 293369.756126, MEe, 9.778991871e+00, E, -900.000000, NP, 30000 3000
39300, t, 1.572000e-06, KEe, 293658.289957, MEe, 9.788609665e+00, E, -900.000000, NP, 30000 3000
39400, t, 1.576000e-06, KEe, 294018.406376, MEe, 9.800613546e+00, E, -900.000000, NP, 30000 3000
39500, t, 1.580000e-06, KEe, 294511.896916, MEe, 9.817063231e+00, E, -900.000000, NP, 30000 3000
39600, t, 1.584000e-06, KEe, 294317.436099, MEe, 9.810581203e+00, E, -900.000000, NP, 30000 3000
39700, t, 1.588000e-06, KEe, 295113.607122, MEe, 9.837120237e+00, E, -900.000000, NP, 30000 3000
39800, t, 1.592000e-06, KEe, 294034.163179, MEe, 9.801138773e+00, E, -900.000000, NP, 30000 3000
39900, t, 1.596000e-06, KEe, 294484.648461, MEe, 9.816154949e+00, E, -900.000000, NP, 30000 3000
40000, t, 1.600000e-06, KEe, 294768.164172, MEe, 9.825605472e+00, E, -900.000000, NP, 30000 3000
40100, t, 1.604000e-06, KEe, 295323.152190, MEe, 9.844105073e+00, E, -900.000000, NP, 30000 3000
40200, t, 1.608000e-06, KEe, 295444.603096, MEe, 9.848153437e+00, E, -900.000000, NP, 30000 3000
40300, t, 1.612000e-06, KEe, 296207.586672, MEe, 9.873586222e+00, E, -900.000000, NP, 30000 3000
40400, t, 1.616000e-06, KEe, 295597.408627, MEe, 9.853246954e+00, E, -900.000000, NP, 30000 3000
40500, t, 1.620000e-06, KEe, 295148.066659, MEe, 9.838268889e+00, E, -900.000000, NP, 30000 3000
40600, t, 1.624000e-06, KEe, 295985.910125, MEe, 9.866197004e+00, E, -900.000000, NP, 30000 3000
40700, t, 1.628000e-06, KEe, 296139.730645, MEe, 9.871324355e+00, E, -900.000000, NP, 30000 3000
40800, t, 1.632000e-06, KEe, 295945.445892, MEe, 9.864848196e+00, E, -900.000000, NP, 30000 3000
40900, t, 1.636000e-06, KEe, 294987.214876, MEe, 9.832907163e+00, E, -900.000000, NP, 30000 3000
41000, t, 1.640000e-06, KEe, 295986.275892, MEe, 9.866209196e+00, E, -900.000000, NP, 30000 3000
41100, t, 1.644000e-06, KEe, 296134.998736, MEe, 9.871166625e+00, E, -900.000000, NP, 30000 3000
41200, t, 1.648000e-06, KEe, 295133.789145, MEe, 9.837792971e+00, E, -900.000000, NP, 30000 3000
41300, t, 1.652000e-06, KEe, 294774.057530, MEe, 9.825801918e+00, E, -900.000000, NP, 30000 3000
41400, t, 1.656000e-06, KEe, 295848.362910, MEe, 9.861612097e+00, E, -900.000000, NP, 30000 3000
41500, t, 1.660000e-06, KEe, 296571.347021, MEe, 9.885711567e+00, E, -900.000000, NP, 30000 3000
41600, t, 1.664000e-06, KEe, 295588.350335, MEe, 9.852945011e+00, E, -900.000000, NP, 30000 3000
41700, t, 1.668000e-06, KEe, 294947.158390, MEe, 9.831571946e+00, E, -900.000000, NP, 30000 3000
41800, t, 1.672000e-06, KEe, 294709.201733, MEe, 9.823640058e+00, E, -900.000000, NP, 30000 3000
41900, t, 1.676000e-06, KEe, 294916.326780, MEe, 9.830544226e+00, E, -900.000000, NP, 30000 3000
42000, t, 1.680000e-06, KEe, 295645.242747, MEe, 9.854841425e+00, E, -900.000000, NP, 30000 3000
42100, t, 1.684000e-06, KEe, 296342.116752, MEe, 9.878070558e+00, E, -900.000000, NP, 30000 3000
42200, t, 1.688000e-06, KEe, 296848.179367, MEe, 9.894939312e+00, E, -900.000000, NP, 30000 3000
42300, t, 1.692000e-06, KEe, 295744.004957, MEe, 9.858133499e+00, E, -900.000000, NP, 30000 3000
42400, t, 1.696000e-06, KEe, 294693.271073, MEe, 9.823109036e+00, E, -900.000000, NP, 30000 3000
42500, t, 1.700000e-06, KEe, 294635.785613, MEe, 9.821192854e+00, E, -900.000000, NP, 30000 3000
42600, t, 1.704000e-06, KEe, 295358.552127, MEe, 9.845285071e+00, E, -900.000000, NP, 30000 3000
42700, t, 1.708000e-06, KEe, 296792.362834, MEe, 9.893078761e+00, E, -900.000000, NP, 30000 3000
42800, t, 1.712000e-06, KEe, 296898.725349, MEe, 9.896624178e+00, E, -900.000000, NP, 30000 3000
42900, t, 1.716000e-06, KEe, 295243.332118, MEe, 9.841444404e+00, E, -900.000000, NP, 30000 3000
43000, t, 1.720000e-06, KEe, 295203.630698, MEe, 9.840121023e+00, E, -900.000000, NP, 30000 3000
43100, t, 1.724000e-06, KEe, 294564.826880, MEe, 9.818827563e+00, E, -900.000000, NP, 30000 3000
43200, t, 1.728000e-06, KEe, 294970.120256, MEe, 9.832337342e+00, E, -900.000000, NP, 30000 3000
43300, t, 1.732000e-06, KEe, 294395.104824, MEe, 9.813170161e+00, E, -900.000000, NP, 30000 3000
43400, t, 1.736000e-06, KEe, 295790.337270, MEe, 9.859677909e+00, E, -900.000000, NP, 30000 3000
43500, t, 1.740000e-06, KEe, 295069.928851, MEe, 9.835664295e+00, E, -900.000000, NP, 30000 3000
43600, t, 1.744000e-06, KEe, 295103.794481, MEe, 9.836793149e+00, E, -900.000000, NP, 30000 3000
43700, t, 1.748000e-06, KEe, 295795.740545, MEe, 9.859858018e+00, E, -900.000000, NP, 30000 3000
43800, t, 1.752000e-06, KEe, 295975.725657, MEe, 9.865857522e+00, E, -900.000000, NP, 30000 3000
43900, t, 1.756000e-06, KEe, 294663.164612, MEe, 9.822105487e+00, E, -900.000000, NP, 30000 3000
44000, t, 1.760000e-06, KEe, 293946.104476, MEe, 9.798203483e+00, E, -900.000000, NP, 30000 3000
44100, t, 1.764000e-06, KEe, 294556.482693, MEe, 9.818549423e+00, E, -900.000000, NP, 30000 3000
44200, t, 1.768000e-06, KEe, 295902.896683, MEe, 9.863429889e+00, E, -900.000000, NP, 30000 3000
44300, t, 1.772000e-06, KEe, 296392.717402, MEe, 9.879757247e+00, E, -900.000000, NP, 30000 3000
44400, t, 1.776000e-06, KEe, 295658.771043, MEe, 9.855292368e+00, E, -900.000000, NP, 30000 3000
44500, t, 1.780000e-06, KEe, 295299.034748, MEe, 9.843301158e+00, E, -900.000000, NP, 30000 3000
44600, t, 1.784000e-06, KEe, 295835.455732, MEe, 9.861181858e+00, E, -900.000000, NP, 30000 3000
44700, t, 1.788000e-06, KEe, 295790.731941, MEe, 9.859691065e+00, E, -900.000000, NP, 30000 3000
44800, t, 1.792000e-06, KEe, 295580.464226, MEe, 9.852682141e+00, E, -900.000000, NP, 30000 3000
44900, t, 1.796000e-06, KEe, 295050.699483, MEe, 9.835023316e+00, E, -900.000000, NP, 30000 3000
45000, t, 1.800000e-06, KEe, 293767.911129, MEe, 9.792263704e+00, E, -900.000000, NP, 30000 3000
45100, t, 1.804000e-06, KEe, 293752.520274, MEe, 9.791750676e+00, E, -900.000000, NP, 30000 3000
45200, t, 1.808000e-06, KEe, 294161.939992, MEe, 9.805398000e+00, E, -900.000000, NP, 30000 3000
45300, t, 1.812000e-06, KEe, 293307.982763, MEe, 9.776932759e+00, E, -900.000000, NP, 30000 3000
45400, t, 1.816000e-06, KEe, 294068.500995, MEe, 9.802283366e+00, E, -900.000000, NP, 30000 3000
45500, t, 1.820000e-06, KEe, 296052.675076, MEe, 9.868422503e+00, E, -900.000000, NP, 30000 3000
45600, t, 1.824000e-06, KEe, 297322.813392, MEe, 9.910760446e+00, E, -900.000000, NP, 30000 3000
45700, t, 1.828000e-06, KEe, 296885.359977, MEe, 9.896178666e+00, E, -900.000000, NP, 30000 3000
45800, t, 1.832000e-06, KEe, 296172.815605, MEe, 9.872427187e+00, E, -900.000000, NP, 30000 3000
45900, t, 1.836000e-06, KEe, 295931.596618, MEe, 9.864386554e+00, E, -900.000000, NP, 30000 3000
46000, t, 1.840000e-06, KEe, 296518.176938, MEe, 9.883939231e+00, E, -900.000000, NP, 30000 3000
46100, t, 1.844000e-06, KEe, 296921.219588, MEe, 9.897373986e+00, E, -900.000000, NP, 30000 3000
46200, t, 1.848000e-06, KEe, 296412.297706, MEe, 9.880409924e+00, E, -900.000000, NP, 30000 3000
46300, t, 1.852000e-06, KEe, 296224.658223, MEe, 9.874155274e+00, E, -900.000000, NP, 30000 3000
46400, t, 1.856000e-06, KEe, 296633.342433, MEe, 9.887778081e+00, E, -900.000000, NP, 30000 3000
46500, t, 1.860000e-06, KEe, 297677.450773, MEe, 9.922581692e+00, E, -900.000000, NP, 30000 3000
46600, t, 1.864000e-06, KEe, 296976.014714, MEe, 9.899200490e+00, E, -900.000000, NP, 30000 3000
46700, t, 1.868000e-06, KEe, 296742.501149, MEe, 9.891416705e+00, E, -900.000000, NP, 30000 3000
46800, t, 1.872000e-06, KEe, 296768.778013, MEe, 9.892292600e+00, E, -900.000000, NP, 30000 3000
46900, t, 1.876000e-06, KEe, 296186.241718, MEe, 9.872874724e+00, E, -900.000000, NP, 30000 3000
47000, t, 1.880000e-06, KEe, 296942.282878, MEe, 9.898076096e+00, E, -900.000000, NP, 30000 3000
47100, t, 1.884000e-06, KEe, 296254.855579, MEe, 9.875161853e+00, E, -900.000000, NP, 30000 3000
47200, t, 1.888000e-06, KEe, 297198.435210, MEe, 9.906614507e+00, E, -900.000000, NP, 30000 3000
47300, t, 1.892000e-06, KEe, 296832.078977, MEe, 9.894402633e+00, E, -900.000000, NP, 30000 3000
47400, t, 1.896000e-06, KEe, 297255.333355, MEe, 9.908511112e+00, E, -900.000000, NP, 30000 3000
47500, t, 1.900000e-06, KEe, 296422.638057, MEe, 9.880754602e+00, E, -900.000000, NP, 30000 3000
47600, t, 1.904000e-06, KEe, 296176.803626, MEe, 9.872560121e+00, E, -900.000000, NP, 30000 3000
47700, t, 1.908000e-06, KEe, 295999.573385, MEe, 9.866652446e+00, E, -900.000000, NP, 30000 3000
47800, t, 1.912000e-06, KEe, 295910.001191, MEe, 9.863666706e+00, E, -900.000000, NP, 30000 3000
47900, t, 1.916000e-06, KEe, 296523.389305, MEe, 9.884112977e+00, E, -900.000000, NP, 30000 3000
48000, t, 1.920000e-06, KEe, 296069.233552, MEe, 9.868974452e+00, E, -900.000000, NP, 30000 3000
48100, t, 1.924000e-06, KEe, 294016.935463, MEe, 9.800564515e+00, E, -900.000000, NP, 30000 3000
48200, t, 1.928000e-06, KEe, 293570.897987, MEe, 9.785696600e+00, E, -900.000000, NP, 30000 3000
48300, t, 1.932000e-06, KEe, 294274.337507, MEe, 9.809144584e+00, E, -900.000000, NP, 30000 3000
48400, t, 1.936000e-06, KEe, 294788.257418, MEe, 9.826275247e+00, E, -900.000000, NP, 30000 3000
48500, t, 1.940000e-06, KEe, 295789.917385, MEe, 9.859663913e+00, E, -900.000000, NP, 30000 3000
48600, t, 1.944000e-06, KEe, 296017.997435, MEe, 9.867266581e+00, E, -900.000000, NP, 30000 3000
48700, t, 1.948000e-06, KEe, 295861.717290, MEe, 9.862057243e+00, E, -900.000000, NP, 30000 3000
48800, t, 1.952000e-06, KEe, 295347.838760, MEe, 9.844927959e+00, E, -900.000000, NP, 30000 3000
48900, t, 1.956000e-06, KEe, 296122.496856, MEe, 9.870749895e+00, E, -900.000000, NP, 30000 3000
49000, t, 1.960000e-06, KEe, 295574.040558, MEe, 9.852468019e+00, E, -900.000000, NP, 30000 3000
49100, t, 1.964000e-06, KEe, 296942.645118, MEe, 9.898088171e+00, E, -900.000000, NP, 30000 3000
49200, t, 1.968000e-06, KEe, 297831.094178, MEe, 9.927703139e+00, E, -900.000000, NP, 30000 3000
49300, t, 1.972000e-06, KEe, 297637.029743, MEe, 9.921234325e+00, E, -900.000000, NP, 30000 3000
49400, t, 1.976000e-06, KEe, 297368.836940, MEe, 9.912294565e+00, E, -900.000000, NP, 30000 3000
49500, t, 1.980000e-06, KEe, 296296.964293, MEe, 9.876565476e+00, E, -900.000000, NP, 30000 3000
49600, t, 1.984000e-06, KEe, 296249.556458, MEe, 9.874985215e+00, E, -900.000000, NP, 30000 3000
49700, t, 1.988000e-06, KEe, 295315.742496, MEe, 9.843858083e+00, E, -900.000000, NP, 30000 3000
49800, t, 1.992000e-06, KEe, 294802.559395, MEe, 9.826751980e+00, E, -900.000000, NP, 30000 3000
49900, t, 1.996000e-06, KEe, 295617.988679, MEe, 9.853932956e+00, E, -900.000000, NP, 30000 3000
50000, t, 2.000000e-06, KEe, 295630.898241, MEe, 9.854363275e+00, E, -900.000000, NP, 30000 3000
50100, t, 2.004000e-06, KEe, 294891.359764, MEe, 9.829711992e+00, E, -900.000000, NP, 30000 3000
50200, t, 2.008000e-06, KEe, 295795.173534, MEe, 9.859839118e+00, E, -900.000000, NP, 30000 3000
50300, t, 2.012000e-06, KEe, 296357.438112, MEe, 9.878581270e+00, E, -900.000000, NP, 30000 3000
50400, t, 2.016000e-06, KEe, 296338.976147, MEe, 9.877965872e+00, E, -900.000000, NP, 30000 3000
50500, t, 2.020000e-06, KEe, 296436.456937, MEe, 9.881215231e+00, E, -900.000000, NP, 30000 3000
50600, t, 2.024000e-06, KEe, 297091.153683, MEe, 9.903038456e+00, E, -900.000000, NP, 30000 3000
50700, t, 2.028000e-06, KEe, 296959.210832, MEe, 9.898640361e+00, E, -900.000000, NP, 30000 3000
50800, t, 2.032000e-06, KEe, 295933.956805, MEe, 9.864465227e+00, E, -900.000000, NP, 30000 3000
50900, t, 2.036000e-06, KEe, 294750.901873, MEe, 9.825030062e+00, E, -900.000000, NP, 30000 3000
51000, t, 2.040000e-06, KEe, 294361.148709, MEe, 9.812038290e+00, E, -900.000000, NP, 30000 3000
51100, t, 2.044000e-06, KEe, 295146.682725, MEe, 9.838222758e+00, E, -900.000000, NP, 30000 3000
51200, t, 2.048000e-06, KEe, 295760.646680, MEe, 9.858688223e+00, E, -900.000000, NP, 30000 3000
51300, t, 2.052000e-06, KEe, 296606.019146, MEe, 9.886867305e+00, E, -900.000000, NP, 30000 3000
51400, t, 2.056000e-06, KEe, 296818.444985, MEe, 9.893948166e+00, E, -900.000000, NP, 30000 3000
51500, t, 2.060000e-06, KEe, 296356.902791, MEe, 9.878563426e+00, E, -900.000000, NP, 30000 3000
51600, t, 2.064000e-06, KEe, 295417.125154, MEe, 9.847237505e+00, E, -900.000000, NP, 30000 3000
51700, t, 2.068000e-06, KEe, 294925.380184, MEe, 9.830846006e+00, E, -900.000000, NP, 30000 3000
51800, t, 2.072000e-06, KEe, 294659.386579, MEe, 9.821979553e+00, E, -900.000000, NP, 30000 3000
51900, t, 2.076000e-06, KEe, 295374.928682, MEe, 9.845830956e+00, E, -900.000000, NP, 30000 3000
52000, t, 2.080000e-06, KEe, 296839.580099, MEe, 9.894652670e+00, E, -900.000000, NP, 30000 3000
52100, t, 2.084000e-06, KEe, 297291.738047, MEe, 9.909724602e+00, E, -900.000000, NP, 30000 3000
52200, t, 2.088000e-06, KEe, 297417.271724, MEe, 9.913909057e+00, E, -900.000000, NP, 30000 3000
52300, t, 2.092000e-06, KEe, 297008.592031, MEe, 9.900286401e+00, E, -900.000000, NP, 30000 3000
52400, t, 2.096000e-06, KEe, 297196.252578, MEe, 9.906541753e+00, E, -900.000000, NP, 30000 3000
52500, t, 2.100000e-06, KEe, 297481.465886, MEe, 9.916048863e+00, E, -900.000000, NP, 30000 3000
52600, t, 2.104000e-06, KEe, 296149.438192, MEe, 9.871647940e+00, E, -900.000000, NP, 30000 3000
52700, t, 2.108000e-06, KEe, 293627.868297, MEe, 9.787595610e+00, E, -900.000000, NP, 30000 3000
52800, t, 2.112000e-06, KEe, 293869.981457, MEe, 9.795666049e+00, E, -900.000000, NP, 30000 3000
52900, t, 2.116000e-06, KEe, 294297.896239, MEe, 9.809929875e+00, E, -900.000000, NP, 30000 3000
53000, t, 2.120000e-06, KEe, 294451.440112, MEe, 9.815048004e+00, E, -900.000000, NP, 30000 3000
53100, t, 2.124000e-06, KEe, 295752.434311, MEe, 9.858414477e+00, E, -900.000000, NP, 30000 3000
53200, t, 2.128000e-06, KEe, 294865.432126, MEe, 9.828847738e+00, E, -900.000000, NP, 30000 3000
53300, t, 2.132000e-06, KEe, 294905.848640, MEe, 9.830194955e+00, E, -900.000000, NP, 30000 3000
53400, t, 2.136000e-06, KEe, 294210.032965, MEe, 9.807001099e+00, E, -900.000000, NP, 30000 3000
53500, t, 2.140000e-06, KEe, 295702.780836, MEe, 9.856759361e+00, E, -900.000000, NP, 30000 3000
53600, t, 2.144000e-06, KEe, 295441.382308, MEe, 9.848046077e+00, E, -900.000000, NP, 30000 3000
53700, t, 2.148000e-06, KEe, 295455.527167, MEe, 9.848517572e+00, E, -900.000000, NP, 30000 3000
53800, t, 2.152000e-06, KEe, 295715.707368, MEe, 9.857190246e+00, E, -900.000000, NP, 30000 3000
53900, t, 2.156000e-06, KEe, 294427.325073, MEe, 9.814244169e+00, E, -900.000000, NP, 30000 3000
54000, t, 2.160000e-06, KEe, 293671.517041, MEe, 9.789050568e+00, E, -900.000000, NP, 30000 3000
54100, t, 2.164000e-06, KEe, 294632.328927, MEe, 9.821077631e+00, E, -900.000000, NP, 30000 3000
54200, t, 2.168000e-06, KEe, 295656.109539, MEe, 9.855203651e+00, E, -900.000000, NP, 30000 3000
54300, t, 2.172000e-06, KEe, 294717.573240, MEe, 9.823919108e+00, E, -900.000000, NP, 30000 3000
54400, t, 2.176000e-06, KEe, 294349.235321, MEe, 9.811641177e+00, E, -900.000000, NP, 30000 3000
54500, t, 2.180000e-06, KEe, 295177.968576, MEe, 9.839265619e+00, E, -900.000000, NP, 30000 3000
54600, t, 2.184000e-06, KEe, 296810.138172, MEe, 9.893671272e+00, E, -900.000000, NP, 30000 3000
54700, t, 2.188000e-06, KEe, 297799.121505, MEe, 9.926637383e+00, E, -900.000000, NP, 30000 3000
54800, t, 2.192000e-06, KEe, 298327.575442, MEe, 9.944252515e+00, E, -900.000000, NP, 30000 3000
54900, t, 2.196000e-06, KEe, 298442.444659, MEe, 9.948081489e+00, E, -900.000000, NP, 30000 3000
55000, t, 2.200000e-06, KEe, 298882.276275, MEe, 9.962742543e+00, E, -900.000000, NP, 30000 3000
55100, t, 2.204000e-06, KEe, 297302.851769, MEe, 9.910095059e+00, E, -900.000000, NP, 30000 3000
55200, t, 2.208000e-06, KEe, 296885.382828, MEe, 9.896179428e+00, E, -900.000000, NP, 30000 3000
55300, t, 2.212000e-06, KEe, 297507.866893, MEe, 9.916928896e+00, E, -900.000000, NP, 30000 3000
55400, t, 2.216000e-06, KEe, 296860.088866, MEe, 9.895336296e+00, E, -900.000000, NP, 30000 3000
55500, t, 2.220000e-06, KEe, 296360.993939, MEe, 9.878699798e+00, E, -900.000000, NP, 30000 3000
55600, t, 2.224000e-06, KEe, 296370.905089, MEe, 9.879030170e+00, E, -900.000000, NP, 30000 3000
55700, t, 2.228000e-06, KEe, 297288.997000, MEe, 9.909633233e+00, E, -900.000000, NP, 30000 3000
55800, t, 2.232000e-06, KEe, 297963.530407, MEe, 9.932117680e+00, E, -900.000000, NP, 30000 3000
55900, t, 2.236000e-06, KEe, 297335.003144, MEe, 9.911166771e+00, E, -900.000000, NP, 30000 3000
56000, t, 2.240000e-06, KEe, 296666.837047, MEe, 9.888894568e+00, E, -900.000000, NP, 30000 3000
56100, t, 2.244000e-06, KEe, 295824.646043, MEe, 9.860821535e+00, E, -900.000000, NP, 30000 3000
56200, t, 2.248000e-06, KEe, 295102.499729, MEe, 9.836749991e+00, E, -900.000000, NP, 30000 3000
56300, t, 2.252000e-06, KEe, 294998.119147, MEe, 9.833270638e+00, E, -900.000000, NP, 30000 3000
56400, t, 2.256000e-06, KEe, 295835.030719, MEe, 9.861167691e+00, E, -900.000000, NP, 30000 3000
56500, t, 2.260000e-06, KEe, 295085.192448, MEe, 9.836173082e+00, E, -900.000000, NP, 30000 3000
56600, t, 2.264000e-06, KEe, 295827.806033, MEe, 9.860926868e+00, E, -900.000000, NP, 30000 3000
56700, t, 2.268000e-06, KEe, 295149.155795, MEe, 9.838305193e+00, E, -900.000000, NP, 30000 3000
56800, t, 2.272000e-06, KEe, 295535.826202, MEe, 9.851194207e+00, E, -900.000000, NP, 30000 3000
56900, t, 2.276000e-06, KEe, 296332.448255, MEe, 9.877748275e+00, E, -900.000000, NP, 30000 3000
57000, t, 2.280000e-06, KEe, 295072.936858, MEe, 9.835764562e+00, E, -900.000000, NP, 30000 3000
57100, t, 2.284000e-06, KEe, 296163.709059, MEe, 9.872123635e+00, E, -900.000000, NP, 30000 3000
57200, t, 2.288000e-06, KEe, 296112.570809, MEe, 9.870419027e+00, E, -900.000000, NP, 30000 3000
57300, t, 2.292000e-06, KEe, 296160.806713, MEe, 9.872026890e+00, E, -900.000000, NP, 30000 3000
57400, t, 2.296000e-06, KEe, 295904.437770, MEe, 9.863481259e+00, E, -900.000000, NP, 30000 3000
57500, t, 2.300000e-06, KEe, 296888.812736, MEe, 9.896293758e+00, E, -900.000000, NP, 30000 3000
57600, t, 2.304000e-06, KEe, 298303.794911, MEe, 9.943459830e+00, E, -900.000000, NP, 30000 3000
57700, t, 2.308000e-06, KEe, 298954.157394, MEe, 9.965138580e+00, E, -900.000000, NP, 30000 3000
57800, t, 2.312000e-06, KEe, 298835.142846, MEe, 9.961171428e+00, E, -900.000000, NP, 30000 3000
57900, t, 2.316000e-06, KEe, 298583.431946, MEe, 9.952781065e+00, E, -900.000000, NP, 30000 3000
58000, t, 2.320000e-06, KEe, 298612.876255, MEe, 9.953762542e+00, E, -900.000000, NP, 30000 3000
58100, t, 2.324000e-06, KEe, 298926.532619, MEe, 9.964217754e+00, E, -900.000000, NP, 30000 3000
58200, t, 2.328000e-06, KEe, 298393.958712, MEe, 9.946465290e+00, E, -900.000000, NP, 30000 3000
58300, t, 2.332000e-06, KEe, 298355.284709, MEe, 9.945176157e+00, E, -900.000000, NP, 30000 3000
58400, t, 2.336000e-06, KEe, 297888.620553, MEe, 9.929620685e+00, E, -900.000000, NP, 30000 3000
58500, t, 2.340000e-06, KEe, 297629.166121, MEe, 9.920972204e+00, E, -900.000000, NP, 30000 3000
58600, t, 2.344000e-06, KEe, 296768.453843, MEe, 9.892281795e+00, E, -900.000000, NP, 30000 3000
58700, t, 2.348000e-06, KEe, 296284.608519, MEe, 9.876153617e+00, E, -900.000000, NP, 30000 3000
58800, t, 2.352000e-06, KEe, 294884.012572, MEe, 9.829467086e+00, E, -900.000000, NP, 30000 3000
58900, t, 2.356000e-06, KEe, 295635.658617, MEe, 9.854521954e+00, E, -900.000000, NP, 30000 3000
59000, t, 2.360000e-06, KEe, 295519.993227, MEe, 9.850666441e+00, E, -900.000000, NP, 30000 3000
59100, t, 2.364000e-06, KEe, 294029.505319, MEe, 9.800983511e+00, E, -900.000000, NP, 30000 3000
59200, t, 2.368000e-06, KEe, 294244.819088, MEe, 9.808160636e+00, E, -900.000000, NP, 30000 3000
59300, t, 2.372000e-06, KEe, 294150.750463, MEe, 9.805025015e+00, E, -900.000000, NP, 30000 3000
59400, t, 2.376000e-06, KEe, 295487.713355, MEe, 9.849590445e+00, E, -900.000000, NP, 30000 3000
59500, t, 2.380000e-06, KEe, 295225.042880, MEe, 9.840834763e+00, E, -900.000000, NP, 30000 3000
59600, t, 2.384000e-06, KEe, 296188.975440, MEe, 9.872965848e+00, E, -900.000000, NP, 30000 3000
59700, t, 2.388000e-06, KEe, 296262.038782, MEe, 9.875401293e+00, E, -900.000000, NP, 30000 3000
59800, t, 2.392000e-06, KEe, 297213.191364, MEe, 9.907106379e+00, E, -900.000000, NP, 30000 3000
59900, t, 2.396000e-06, KEe, 297545.123731, MEe, 9.918170791e+00, E, -900.000000, NP, 30000 3000
60000, t, 2.400000e-06, KEe, 297227.020433, MEe, 9.907567348e+00, E, -900.000000, NP, 30000 3000
60100, t, 2.404000e-06, KEe, 296275.172700, MEe, 9.875839090e+00, E, -900.000000, NP, 30000 3000
60200, t, 2.408000e-06, KEe, 294696.317232, MEe, 9.823210574e+00, E, -900.000000, NP, 30000 3000
60300, t, 2.412000e-06, KEe, 294742.894993, MEe, 9.824763166e+00, E, -900.000000, NP, 30000 3000
60400, t, 2.416000e-06, KEe, 295009.224887, MEe, 9.833640830e+00, E, -900.000000, NP, 30000 3000
60500, t, 2.420000e-06, KEe, 294634.937923, MEe, 9.821164597e+00, E, -900.000000, NP, 30000 3000
60600, t, 2.424000e-06, KEe, 294739.239774, MEe, 9.824641326e+00, E, -900.000000, NP, 30000 3000
60700, t, 2.428000e-06, KEe, 294565.524817, MEe, 9.818850827e+00, E, -900.000000, NP, 30000 3000
60800, t, 2.432000e-06, KEe, 294689.560049, MEe, 9.822985335e+00, E, -900.000000, NP, 30000 3000
60900, t, 2.436000e-06, KEe, 295155.554923, MEe, 9.838518497e+00, E, -900.000000, NP, 30000 3000
61000, t, 2.440000e-06, KEe, 294451.473126, MEe, 9.815049104e+00, E, -900.000000, NP, 30000 3000
61100, t, 2.444000e-06, KEe, 294738.161015, MEe, 9.824605367e+00, E, -900.000000, NP, 30000 3000
61200, t, 2.448000e-06, KEe, 294720.744478, MEe, 9.824024816e+00, E, -900.000000, NP, 30000 3000
61300, t, 2.452000e-06, KEe, 294758.091045, MEe, 9.825269702e+00, E, -900.000000, NP, 30000 3000
61400, t, 2.456000e-06, KEe, 295839.244401, MEe, 9.861308147e+00, E, -900.000000, NP, 30000 3000
61500, t, 2.460000e-06, KEe, 295550.093258, MEe, 9.851669775e+00, E, -900.000000, NP, 30000 3000
61600, t, 2.464000e-06, KEe, 296042.410208, MEe, 9.868080340e+00, E, -900.000000, NP, 30000 3000
61700, t, 2.468000e-06, KEe, 296256.183188, MEe, 9.875206106e+00, E, -900.000000, NP, 30000 3000
61800, t, 2.472000e-06, KEe, 296927.908482, MEe, 9.897596949e+00, E, -900.000000, NP, 30000 3000
61900, t, 2.476000e-06, KEe, 297492.354201, MEe, 9.916411807e+00, E, -900.000000, NP, 30000 3000
62000, t, 2.480000e-06, KEe, 297674.031418, MEe, 9.922467714e+00, E, -900.000000, NP, 30000 3000
62100, t, 2.484000e-06, KEe, 296010.786198, MEe, 9.867026207e+00, E, -900.000000, NP, 30000 3000
62200, t, 2.488000e-06, KEe, 295628.453261, MEe, 9.854281775e+00, E, -900.000000, NP, 30000 3000
62300, t, 2.492000e-06, KEe, 295334.079000, MEe, 9.844469300e+00, E, -900.000000, NP, 30000 3000
62400, t, 2.496000e-06, KEe, 296184.125704, MEe, 9.872804190e+00, E, -900.000000, NP, 30000 3000
62500, t, 2.500000e-06, KEe, 295627.546923, MEe, 9.854251564e+00, E, -900.000000, NP, 30000 3000
62600, t, 2.504000e-06, KEe, 295650.370596, MEe, 9.855012353e+00, E, -900.000000, NP, 30000 3000
62700, t, 2.508000e-06, KEe, 295575.703742, MEe, 9.852523458e+00, E, -900.000000, NP, 30000 3000
62800, t, 2.512000e-06, KEe, 296435.217858, MEe, 9.881173929e+00, E, -900.000000, NP, 30000 3000
62900, t, 2.516000e-06, KEe, 296459.126547, MEe, 9.881970885e+00, E, -900.000000, NP, 30000 3000
63000, t, 2.520000e-06, KEe, 297187.484412, MEe, 9.906249480e+00, E, -900.000000, NP, 30000 3000
63100, t, 2.524000e-06, KEe, 297612.026996, MEe, 9.920400900e+00, E, -900.000000, NP, 30000 3000
63200, t, 2.528000e-06, KEe, 296399.695979, MEe, 9.879989866e+00, E, -900.000000, NP, 30000 3000
63300, t, 2.532000e-06, KEe, 295657.873307, MEe, 9.855262444e+00, E, -900.000000, NP, 30000 3000
63400, t, 2.536000e-06, KEe, 294856.325575, MEe, 9.828544186e+00, E, -900.000000, NP, 30000 3000
63500, t, 2.540000e-06, KEe, 294682.042529, MEe, 9.822734751e+00, E, -900.000000, NP, 30000 3000
63600, t, 2.544000e-06, KEe, 294522.145488, MEe, 9.817404850e+00, E, -900.000000, NP, 30000 3000
63700, t, 2.548000e-06, KEe, 295097.092850, MEe, 9.836569762e+00, E, -900.000000, NP, 30000 3000
63800, t, 2.552000e-06, KEe, 295779.524088, MEe, 9.859317470e+00, E, -900.000000, NP, 30000 3000
63900, t, 2.556000e-06, KEe, 296416.228133, MEe, 9.880540938e+00, E, -900.000000, NP, 30000 3000
64000, t, 2.560000e-06, KEe, 296678.821326, MEe, 9.889294044e+00, E, -900.000000, NP, 30000 3000
64100, t, 2.564000e-06, KEe, 296726.108593, MEe, 9.890870286e+00, E, -900.000000, NP, 30000 3000
64200, t, 2.568000e-06, KEe, 295930.640269, MEe, 9.864354676e+00, E, -900.000000, NP, 30000 3000
64300, t, 2.572000e-06, KEe, 295103.784694, MEe, 9.836792823e+00, E, -900.000000, NP, 30000 3000
64400, t, 2.576000e-06, KEe, 294681.698289, MEe, 9.822723276e+00, E, -900.000000, NP, 30000 3000
64500, t, 2.580000e-06, KEe, 296139.833407, MEe, 9.871327780e+00, E, -900.000000, NP, 30000 3000
64600, t, 2.584000e-06, KEe, 295566.499456, MEe, 9.852216649e+00, E, -900.000000, NP, 30000 3000
64700, t, 2.588000e-06, KEe, 295361.424081, MEe, 9.845380803e+00, E, -900.000000, NP, 30000 3000
64800, t, 2.592000e-06, KEe, 294495.389081, MEe, 9.816512969e+00, E, -900.000000, NP, 30000 3000
64900, t, 2.596000e-06, KEe, 294163.797129, MEe, 9.805459904e+00, E, -900.000000, NP, 30000 3000
65000, t, 2.600000e-06, KEe, 295259.736938, MEe, 9.841991231e+00, E, -900.000000, NP, 30000 3000
65100, t, 2.604000e-06, KEe, 296230.269691, MEe, 9.874342323e+00, E, -900.000000, NP, 30000 3000
65200, t, 2.608000e-06, KEe, 296708.654289, MEe, 9.890288476e+00, E, -900.000000, NP, 30000 3000
65300, t, 2.612000e-06, KEe, 295926.233923, MEe, 9.864207797e+00, E, -900.000000, NP, 30000 3000
65400, t, 2.616000e-06, KEe, 295983.886915, MEe, 9.866129564e+00, E, -900.000000, NP, 30000 3000
65500, t, 2.620000e-06, KEe, 295947.889577, MEe, 9.864929653e+00, E, -900.000000, NP, 30000 3000
65600, t, 2.624000e-06, KEe, 297026.463244, MEe, 9.900882108e+00, E, -900.000000, NP, 30000 3000
65700, t, 2.628000e-06, KEe, 296058.858201, MEe, 9.868628607e+00, E, -900.000000, NP, 30000 3000
65800, t, 2.632000e-06, KEe, 296321.337076, MEe, 9.877377903e+00, E, -900.000000, NP, 30000 3000
65900, t, 2.636000e-06, KEe, 296470.077328, MEe, 9.882335911e+00, E, -900.000000, NP, 30000 3000
66000, t, 2.640000e-06, KEe, 296768.266131, MEe, 9.892275538e+00, E, -900.000000, NP, 30000 3000
66100, t, 2.644000e-06, KEe, 295949.946209, MEe, 9.864998207e+00, E, -900.000000, NP, 30000 3000
66200, t, 2.648000e-06, KEe, 295879.733983, MEe, 9.862657799e+00, E, -900.000000, NP, 30000 3000
66300, t, 2.652000e-06, KEe, 295594.272703, MEe, 9.853142423e+00, E, -900.000000, NP, 30000 3000
66400, t, 2.656000e-06, KEe, 295368.826130, MEe, 9.845627538e+00, E, -900.000000, NP, 30000 3000
66500, t, 2.660000e-06, KEe, 295180.203582, MEe, 9.839340119e+00, E, -900.000000, NP, 30000 3000
66600, t, 2.664000e-06, KEe, 295521.307068, MEe, 9.850710236e+00, E, -900.000000, NP, 30000 3000
66700, t, 2.668000e-06, KEe, 294532.763828, MEe, 9.817758794e+00, E, -900.000000, NP, 30000 3000
66800, t, 2.672000e-06, KEe, 293898.268805, MEe, 9.796608960e+00, E, -900.000000, NP, 30000 3000
66900, t, 2.676000e-06, KEe, 294857.501984, MEe, 9.828583399e+00, E, -900.000000, NP, 30000 3000
67000, t, 2.680000e-06, KEe, 295893.001496, MEe, 9.863100050e+00, E, -900.000000, NP, 30000 3000
67100, t, 2.684000e-06, KEe, 295890.027048, MEe, 9.863000902e+00, E, -900.000000, NP, 30000 3000
67200, t, 2.688000e-06, KEe, 295721.701062, MEe, 9.857390035e+00, E, -900.000000, NP, 30000 3000
67300, t, 2.692000e-06, KEe, 295720.529161, MEe, 9.857350972e+00, E, -900.000000, NP, 30000 3000
67400, t, 2.696000e-06, KEe, 295607.914930, MEe, 9.853597164e+00, E, -900.000000, NP, 30000 3000
67500, t, 2.700000e-06, KEe, 295040.470824, MEe, 9.834682361e+00, E, -900.000000, NP, 30000 3000
67600, t, 2.704000e-06, KEe, 295705.029213, MEe, 9.856834307e+00, E, -900.000000, NP, 30000 3000
67700, t, 2.708000e-06, KEe, 296309.383652, MEe, 9.876979455e+00, E, -900.000000, NP, 30000 3000
67800, t, 2.712000e-06, KEe, 295937.783209, MEe, 9.864592774e+00, E, -900.000000, NP, 30000 3000
67900, t, 2.716000e-06, KEe, 296033.267862, MEe, 9.867775595e+00, E, -900.000000, NP, 30000 3000
68000, t, 2.720000e-06, KEe, 295912.473629, MEe, 9.863749121e+00, E, -900.000000, NP, 30000 3000
68100, t, 2.724000e-06, KEe, 296221.824483, MEe, 9.874060816e+00, E, -900.000000, NP, 30000 3000
68200, t, 2.728000e-06, KEe, 295292.409196, MEe, 9.843080307e+00, E, -900.000000, NP, 30000 3000
68300, t, 2.732000e-06, KEe, 295817.781362, MEe, 9.860592712e+00, E, -900.000000, NP, 30000 3000
68400, t, 2.736000e-06, KEe, 296842.825265, MEe, 9.894760842e+00, E, -900.000000, NP, 30000 3000
68500, t, 2.740000e-06, KEe, 295898.649937, MEe, 9.863288331e+00, E, -900.000000, NP, 30000 3000
68600, t, 2.744000e-06, KEe, 296288.697982, MEe, 9.876289933e+00, E, -900.000000, NP, 30000 3000
68700, t, 2.748000e-06, KEe, 296437.744504, MEe, 9.881258150e+00, E, -900.000000, NP, 30000 3000
68800, t, 2.752000e-06, KEe, 295784.834369, MEe, 9.859494479e+00, E, -900.000000, NP, 30000 3000
68900, t, 2.756000e-06, KEe, 296947.427836, MEe, 9.898247595e+00, E, -900.000000, NP, 30000 3000
69000, t, 2.760000e-06, KEe, 297040.840505, MEe, 9.901361350e+00, E, -900.000000, NP, 30000 3000
69100, t, 2.764000e-06, KEe, 297659.199316, MEe, 9.921973311e+00, E, -900.000000, NP, 30000 3000
69200, t, 2.768000e-06, KEe, 297677.438079, MEe, 9.922581269e+00, E, -900.000000, NP, 30000 3000
69300, t, 2.772000e-06, KEe, 297185.952683, MEe, 9.906198423e+00, E, -900.000000, NP, 30000 3000
69400, t, 2.776000e-06, KEe, 296742.568928, MEe, 9.891418964e+00, E, -900.000000, NP, 30000 3000
69500, t, 2.780000e-06, KEe, 297197.319851, MEe, 9.906577328e+00, E, -900.000000, NP, 30000 3000
69600, t, 2.784000e-06, KEe, 296806.973008, MEe, 9.893565767e+00, E, -900.000000, NP, 30000 3000
69700, t, 2.788000e-06, KEe, 297156.240768, MEe, 9.905208026e+00, E, -900.000000, NP, 30000 3000
69800, t, 2.792000e-06, KEe, 296370.978491, MEe, 9.879032616e+00, E, -900.000000, NP, 30000 3000
69900, t, 2.796000e-06, KEe, 295690.532320, MEe, 9.856351077e+00, E, -900.000000, NP, 30000 3000
70000, t, 2.800000e-06, KEe, 296277.406604, MEe, 9.875913553e+00, E, -900.000000, NP, 30000 3000
70100, t, 2.804000e-06, KEe, 295473.164493, MEe, 9.849105483e+00, E, -900.000000, NP, 30000 3000
70200, t, 2.808000e-06, KEe, 295921.292618, MEe, 9.864043087e+00, E, -900.000000, NP, 30000 3000
70300, t, 2.812000e-06, KEe, 297146.623141, MEe, 9.904887438e+00, E, -900.000000, NP, 30000 3000
70400, t, 2.816000e-06, KEe, 297047.526658, MEe, 9.901584222e+00, E, -900.000000, NP, 30000 3000
70500, t, 2.820000e-06, KEe, 297175.605028, MEe, 9.905853501e+00, E, -900.000000, NP, 30000 3000
70600, t, 2.824000e-06, KEe, 297449.463204, MEe, 9.914982107e+00, E, -900.000000, NP, 30000 3000
70700, t, 2.828000e-06, KEe, 296707.959609, MEe, 9.890265320e+00, E, -900.000000, NP, 30000 3000
70800, t, 2.832000e-06, KEe, 296910.605480, MEe, 9.897020183e+00, E, -900.000000, NP, 30000 3000
70900, t, 2.836000e-06, KEe, 295378.580894, MEe, 9.845952696e+00, E, -900.000000, NP, 30000 3000
71000, t, 2.840000e-06, KEe, 294836.631043, MEe, 9.827887701e+00, E, -900.000000, NP, 30000 3000
71100, t, 2.844000e-06, KEe, 294142.551689, MEe, 9.804751723e+00, E, -900.000000, NP, 30000 3000
71200, t, 2.848000e-06, KEe, 295224.362093, MEe, 9.840812070e+00, E, -900.000000, NP, 30000 3000
71300, t, 2.852000e-06, KEe, 296076.931434, MEe, 9.869231048e+00, E, -900.000000, NP, 30000 3000
71400, t, 2.856000e-06, KEe, 296317.685656, MEe, 9.877256189e+00, E, -900.000000, NP, 30000 3000
71500, t, 2.860000e-06, KEe, 296350.456648, MEe, 9.878348555e+00, E, -900.000000, NP, 30000 3000
71600, t, 2.864000e-06, KEe, 295649.200703, MEe, 9.854973357e+00, E, -900.000000, NP, 30000 3000
71700, t, 2.868000e-06, KEe, 295615.272401, MEe, 9.853842413e+00, E, -900.000000, NP, 30000 3000
71800, t, 2.872000e-06, KEe, 297106.751967, MEe, 9.903558399e+00, E, -900.000000, NP, 30000 3000
71900, t, 2.876000e-06, KEe, 296982.803762, MEe, 9.899426792e+00, E, -900.000000, NP, 30000 3000
72000, t, 2.880000e-06, KEe, 297565.329725, MEe, 9.918844324e+00, E, -900.000000, NP, 30000 3000
72100, t, 2.884000e-06, KEe, 297550.599913, MEe, 9.918353330e+00, E, -900.000000, NP, 30000 3000
72200, t, 2.888000e-06, KEe, 296149.403390, MEe, 9.871646780e+00, E, -900.000000, NP, 30000 3000
72300, t, 2.892000e-06, KEe, 296362.232158, MEe, 9.878741072e+00, E, -900.000000, NP, 30000 3000
72400, t, 2.896000e-06, KEe, 296024.550307, MEe, 9.867485010e+00, E, -900.000000, NP, 30000 3000
72500, t, 2.900000e-06, KEe, 296553.848016, MEe, 9.885128267e+00, E, -900.000000, NP, 30000 3000
72600, t, 2.904000e-06, KEe, 295943.765003, MEe, 9.864792167e+00, E, -900.000000, NP, 30000 3000
72700, t, 2.908000e-06, KEe, 295437.414324, MEe, 9.847913811e+00, E, -900.000000, NP, 30000 3000
72800, t, 2.912000e-06, KEe, 296279.066122, MEe, 9.875968871e+00, E, -900.000000, NP, 30000 3000
72900, t, 2.916000e-06, KEe, 296706.545924, MEe, 9.890218197e+00, E, -900.000000, NP, 30000 3000
73000, t, 2.920000e-06, KEe, 296615.685687, MEe, 9.887189523e+00, E, -900.000000, NP, 30000 3000
73100, t, 2.924000e-06, KEe, 297087.167318, MEe, 9.902905577e+00, E, -900.000000, NP, 30000 3000
73200, t, 2.928000e-06, KEe, 295740.379744, MEe, 9.858012658e+00, E, -900.000000, NP, 30000 3000
73300, t, 2.932000e-06, KEe, 297072.786213, MEe, 9.902426207e+00, E, -900.000000, NP, 30000 3000
73400, t, 2.936000e-06, KEe, 294595.723377, MEe, 9.819857446e+00, E, -900.000000, NP, 30000 3000
73500, t, 2.940000e-06, KEe, 295058.313327, MEe, 9.835277111e+00, E, -900.000000, NP, 30000 3000
73600, t, 2.944000e-06, KEe, 295540.188268, MEe, 9.851339609e+00, E, -900.000000, NP, 30000 3000
73700, t, 2.948000e-06, KEe, 295483.280681, MEe, 9.849442689e+00, E, -900.000000, NP, 30000 3000
73800, t, 2.952000e-06, KEe, 295432.324894, MEe, 9.847744163e+00, E, -900.000000, NP, 30000 3000
73900, t, 2.956000e-06, KEe, 295740.540572, MEe, 9.858018019e+00, E, -900.000000, NP, 30000 3000
74000, t, 2.960000e-06, KEe, 295285.880611, MEe, 9.842862687e+00, E, -900.000000, NP, 30000 3000
74100, t, 2.964000e-06, KEe, 294783.825634, MEe, 9.826127521e+00, E, -900.000000, NP, 30000 3000
74200, t, 2.968000e-06, KEe, 294456.816379, MEe, 9.815227213e+00, E, -900.000000, NP, 30000 3000
74300, t, 2.972000e-06, KEe, 294195.004112, MEe, 9.806500137e+00, E, -900.000000, NP, 30000 3000
74400, t, 2.976000e-06, KEe, 293829.613282, MEe, 9.794320443e+00, E, -900.000000, NP, 30000 3000
74500, t, 2.980000e-06, KEe, 293955.004783, MEe, 9.798500159e+00, E, -900.000000, NP, 30000 3000
74600, t, 2.984000e-06, KEe, 295273.455704, MEe, 9.842448523e+00, E, -900.000000, NP, 30000 3000
74700, t, 2.988000e-06, KEe, 295174.949809, MEe, 9.839164994e+00, E, -900.000000, NP, 30000 3000
74800, t, 2.992000e-06, KEe, 295239.296009, MEe, 9.841309867e+00, E, -900.000000, NP, 30000 3000
74900, t, 2.996000e-06, KEe, 295244.459447, MEe, 9.841481982e+00, E, -900.000000, NP, 30000 3000
75000, t, 3.000000e-06, KEe, 295699.797922, MEe, 9.856659931e+00, E, -900.000000, NP, 30000 3000
75100, t, 3.004000e-06, KEe, 294714.141412, MEe, 9.823804714e+00, E, -900.000000, NP, 30000 3000
75200, t, 3.008000e-06, KEe, 295582.936842, MEe, 9.852764561e+00, E, -900.000000, NP, 30000 3000
75300, t, 3.012000e-06, KEe, 295391.542217, MEe, 9.846384741e+00, E, -900.000000, NP, 30000 3000
75400, t, 3.016000e-06, KEe, 296048.857846, MEe, 9.868295262e+00, E, -900.000000, NP, 30000 3000
75500, t, 3.020000e-06, KEe, 295561.608801, MEe, 9.852053627e+00, E, -900.000000, NP, 30000 3000
75600, t, 3.024000e-06, KEe, 296842.070359, MEe, 9.894735679e+00, E, -900.000000, NP, 30000 3000
75700, t, 3.028000e-06, KEe, 296308.983744, MEe, 9.876966125e+00, E, -900.000000, NP, 30000 3000
75800, t, 3.032000e-06, KEe, 295829.357755, MEe, 9.860978592e+00, E, -900.000000, NP, 30000 3000
75900, t, 3.036000e-06, KEe, 296080.135648, MEe, 9.869337855e+00, E, -900.000000, NP, 30000 3000
76000, t, 3.040000e-06, KEe, 296566.571044, MEe, 9.885552368e+00, E, -900.000000, NP, 30000 3000
76100, t, 3.044000e-06, KEe, 295150.643715, MEe, 9.838354791e+00, E, -900.000000, NP, 30000 3000
76200, t, 3.048000e-06, KEe, 296045.422853, MEe, 9.868180762e+00, E, -900.000000, NP, 30000 3000
76300, t, 3.052000e-06, KEe, 295947.782194, MEe, 9.864926073e+00, E, -900.000000, NP, 30000 3000
76400, t, 3.056000e-06, KEe, 296821.838233, MEe, 9.894061274e+00, E, -900.000000, NP, 30000 3000
76500, t, 3.060000e-06, KEe, 297045.561126, MEe, 9.901518704e+00, E, -900.000000, NP, 30000 3000
76600, t, 3.064000e-06, KEe, 296589.256869, MEe, 9.886308562e+00, E, -900.000000, NP, 30000 3000
76700, t, 3.068000e-06, KEe, 296354.639852, MEe, 9.878487995e+00, E, -900.000000, NP, 30000 3000
76800, t, 3.072000e-06, KEe, 295462.221993, MEe, 9.848740733e+00, E, -900.000000, NP, 30000 3000
76900, t, 3.076000e-06, KEe, 294701.774911, MEe, 9.823392497e+00, E, -900.000000, NP, 30000 3000
77000, t, 3.080000e-06, KEe, 294449.461303, MEe, 9.814982043e+00, E, -900.000000, NP, 30000 3000
77100, t, 3.084000e-06, KEe, 294643.271234, MEe, 9.821442374e+00, E, -900.000000, NP, 30000 3000
77200, t, 3.088000e-06, KEe, 293844.992238, MEe, 9.794833075e+00, E, -900.000000, NP, 30000 3000
77300, t, 3.092000e-06, KEe, 293590.419551, MEe, 9.786347318e+00, E, -900.000000, NP, 30000 3000
77400, t, 3.096000e-06, KEe, 293894.818678, MEe, 9.796493956e+00, E, -900.000000, NP, 30000 3000
77500, t, 3.100000e-06, KEe, 294902.763311, MEe, 9.830092110e+00, E, -900.000000, NP, 30000 3000
77600, t, 3.104000e-06, KEe, 294843.758257, MEe, 9.828125275e+00, E, -900.000000, NP, 30000 3000
77700, t, 3.108000e-06, KEe, 295953.982381, MEe, 9.865132746e+00, E, -900.000000, NP, 30000 3000
77800, t, 3.112000e-06, KEe, 296876.561228, MEe, 9.895885374e+00, E, -900.000000, NP, 30000 3000
77900, t, 3.116000e-06, KEe, 296426.962590, MEe, 9.880898753e+00, E, -900.000000, NP, 30000 3000
78000, t, 3.120000e-06, KEe, 296396.148981, MEe, 9.879871633e+00, E, -900.000000, NP, 30000 3000
78100, t, 3.124000e-06, KEe, 295406.051233, MEe, 9.846868374e+00, E, -900.000000, NP, 30000 3000
78200, t, 3.128000e-06, KEe, 295095.346452, MEe, 9.836511548e+00, E, -900.000000, NP, 30000 3000
78300, t, 3.132000e-06, KEe, 294457.548033, MEe, 9.815251601e+00, E, -900.000000, NP, 30000 3000
78400, t, 3.136000e-06, KEe, 294664.702069, MEe, 9.822156736e+00, E, -900.000000, NP, 30000 3000
78500, t, 3.140000e-06, KEe, 293698.657525, MEe, 9.789955251e+00, E, -900.000000, NP, 30000 3000
78600, t, 3.144000e-06, KEe, 294189.623556, MEe, 9.806320785e+00, E, -900.000000, NP, 30000 3000
78700, t, 3.148000e-06, KEe, 294228.558225, MEe, 9.807618608e+00, E, -900.000000, NP, 30000 3000
78800, t, 3.152000e-06, KEe, 294505.082643, MEe, 9.816836088e+00, E, -900.000000, NP, 30000 3000
78900, t, 3.156000e-06, KEe, 293813.841659, MEe, 9.793794722e+00, E, -900.000000, NP, 30000 3000
79000, t, 3.160000e-06, KEe, 295056.942036, MEe, 9.835231401e+00, E, -900.000000, NP, 30000 3000
79100, t, 3.164000e-06, KEe, 295937.178128, MEe, 9.864572604e+00, E, -900.000000, NP, 30000 3000
79200, t, 3.168000e-06, KEe, 296281.605885, MEe, 9.876053530e+00, E, -900.000000, NP, 30000 3000
79300, t, 3.172000e-06, KEe, 296253.723549, MEe, 9.875124118e+00, E, -900.000000, NP, 30000 3000
79400, t, 3.176000e-06, KEe, 296178.304546, MEe, 9.872610152e+00, E, -900.000000, NP, 30000 3000
79500, t, 3.180000e-06, KEe, 296958.531811, MEe, 9.898617727e+00, E, -900.000000, NP, 30000 3000
79600, t, 3.184000e-06, KEe, 296908.484954, MEe, 9.896949498e+00, E, -900.000000, NP, 30000 3000
79700, t, 3.188000e-06, KEe, 298170.269277, MEe, 9.939008976e+00, E, -900.000000, NP, 30000 3000
79800, t, 3.192000e-06, KEe, 297502.387272, MEe, 9.916746242e+00, E, -900.000000, NP, 30000 3000
79900, t, 3.196000e-06, KEe, 296970.589940, MEe, 9.899019665e+00, E, -900.000000, NP, 30000 3000
80000, t, 3.200000e-06, KEe, 296991.318026, MEe, 9.899710601e+00, E, -900.000000, NP, 30000 3000
