RandMax 2147483647
reading box length: 1.000000e-06 (m)
reading number of particle types: 2
reading number of particles of type 0: 30000
reading number of particles of type 1: 3000
reading temperature of particle type 0: 0.000000 (eV)
reading temperature of particle type 1: 0.025900 (eV)
reading flow velocity of particle type 0: 0.000000 (eV)
reading flow velocity of particle type 1: 0.000000 (eV)
reading charge of particle type 0: -1.000000 (elementary charge)
reading charge of particle type 1: 0.000000 (elementary charge)
reading mass of particle type 0: 0.000549 (amu)
reading mass of particle type 1: 28.000000 (amu)
reading number of time steps: 80000
reading vsigma max samples: 1000
reading time step dt: 5.000000e-10
reading electric field: -6.000000e+01 (V/m)
reading electric frequency: 0.000000e+00 (Hz)
reading magnetic field: 0.000000e+00 0.000000e+00 0.000000e+00 (Tesla)
reading vdf dump spec: 1000 1000000 0
reading extrapolation option: 0
reading memory allocation: 0.000000e+00 (GB)
reading auto dump spec: 0
reading output stride spec: 100
reading carry remainder spec: 0
found cross_sections/Ar.dat file for particle 0 with 1 in indeck, differential model found: Aubin
found cross_sections/Ar->Ar(3d'[3/2]1).dat file for particle 0 with 1 in indeck
found cross_sections/Ar->Ar(3d'[3/2]2).dat file for particle 0 with 1 in indeck
found cross_sections/Ar->Ar(3d'[5/2]2).dat file for particle 0 with 1 in indeck
found cross_sections/Ar->Ar(3d'[5/2]3).dat file for particle 0 with 1 in indeck
found cross_sections/Ar->Ar(3d[1/2]0).dat file for particle 0 with 1 in indeck
found cross_sections/Ar->Ar(3d[1/2]1).dat file for particle 0 with 1 in indeck
found cross_sections/Ar->Ar(3d[3/2]1).dat file for particle 0 with 1 in indeck
found cross_sections/Ar->Ar(3d[3/2]2).dat file for particle 0 with 1 in indeck
found cross_sections/Ar->Ar(3d[5/2]2).dat file for particle 0 with 1 in indeck
found cross_sections/Ar->Ar(3d[5/2]3).dat file for particle 0 with 1 in indeck
found cross_sections/Ar->Ar(3d[7/2]3).dat file for particle 0 with 1 in indeck
found cross_sections/Ar->Ar(3d[7/2]4).dat file for particle 0 with 1 in indeck
found cross_sections/Ar->Ar(4p'[1/2]0).dat file for particle 0 with 1 in indeck
found cross_sections/Ar->Ar(4p'[1/2]1).dat file for particle 0 with 1 in indeck
found cross_sections/Ar->Ar(4p'[3/2]1).dat file for particle 0 with 1 in indeck
found cross_sections/Ar->Ar(4p'[3/2]2).dat file for particle 0 with 1 in indeck
found cross_sections/Ar->Ar(4p[1/2]0).dat file for particle 0 with 1 in indeck
found cross_sections/Ar->Ar(4p[1/2]1).dat file for particle 0 with 1 in indeck
found cross_sections/Ar->Ar(4p[3/2]1).dat file for particle 0 with 1 in indeck
found cross_sections/Ar->Ar(4p[3/2]2).dat file for particle 0 with 1 in indeck
found cross_sections/Ar->Ar(4p[5/2]2).dat file for particle 0 with 1 in indeck
found cross_sections/Ar->Ar(4p[5/2]3).dat file for particle 0 with 1 in indeck
found cross_sections/Ar->Ar(4s'[1/2]0).dat file for particle 0 with 1 in indeck
found cross_sections/Ar->Ar(4s'[1/2]1).dat file for particle 0 with 1 in indeck
found cross_sections/Ar->Ar(4s[3/2]1).dat file for particle 0 with 1 in indeck
found cross_sections/Ar->Ar(4s[3/2]2).dat file for particle 0 with 1 in indeck
found cross_sections/Ar->Ar(5s'[1/2]0).dat file for particle 0 with 1 in indeck
found cross_sections/Ar->Ar(5s'[1/2]1).dat file for particle 0 with 1 in indeck
found cross_sections/Ar->Ar(5s[3/2]1).dat file for particle 0 with 1 in indeck
found cross_sections/Ar->Ar(5s[3/2]2).dat file for particle 0 with 1 in indeck
found cross_sections/Ar->Ar(Rydberg).dat file for particle 0 with 1 in indeck
found cross_sections/Ar->Ar^+.dat file for particle 0 with 1 in indeck, differential model found: Uniform
reading cross_sections/Ar.dat
reading cross_sections/Ar->Ar(3d'[3/2]1).dat
reading cross_sections/Ar->Ar(3d'[3/2]2).dat
reading cross_sections/Ar->Ar(3d'[5/2]2).dat
reading cross_sections/Ar->Ar(3d'[5/2]3).dat
reading cross_sections/Ar->Ar(3d[1/2]0).dat
reading cross_sections/Ar->Ar(3d[1/2]1).dat
reading cross_sections/Ar->Ar(3d[3/2]1).dat
reading cross_sections/Ar->Ar(3d[3/2]2).dat
reading cross_sections/Ar->Ar(3d[5/2]2).dat
reading cross_sections/Ar->Ar(3d[5/2]3).dat
reading cross_sections/Ar->Ar(3d[7/2]3).dat
reading cross_sections/Ar->Ar(3d[7/2]4).dat
reading cross_sections/Ar->Ar(4p'[1/2]0).dat
reading cross_sections/Ar->Ar(4p'[1/2]1).dat
reading cross_sections/Ar->Ar(4p'[3/2]1).dat
reading cross_sections/Ar->Ar(4p'[3/2]2).dat
reading cross_sections/Ar->Ar(4p[1/2]0).dat
reading cross_sections/Ar->Ar(4p[1/2]1).dat
reading cross_sections/Ar->Ar(4p[3/2]1).dat
reading cross_sections/Ar->Ar(4p[3/2]2).dat
reading cross_sections/Ar->Ar(4p[5/2]2).dat
reading cross_sections/Ar->Ar(4p[5/2]3).dat
reading cross_sections/Ar->Ar(4s'[1/2]0).dat
reading cross_sections/Ar->Ar(4s'[1/2]1).dat
reading cross_sections/Ar->Ar(4s[3/2]1).dat
reading cross_sections/Ar->Ar(4s[3/2]2).dat
reading cross_sections/Ar->Ar(5s'[1/2]0).dat
reading cross_sections/Ar->Ar(5s'[1/2]1).dat
reading cross_sections/Ar->Ar(5s[3/2]1).dat
reading cross_sections/Ar->Ar(5s[3/2]2).dat
reading cross_sections/Ar->Ar(Rydberg).dat
reading cross_sections/Ar->Ar^+.dat
Memory per particle: 72 bytes
Memory for all initial particles: 2.213e-03 GB
Allocating space for 132000 particles
------------------------------------
0, t, 0.000000e+00, KEe, 0.000000, MEe, 0.000000000e+00, E, -60.000000, NP, 30000 3000
100, t, 5.000000e-08, KEe, 22035.581061, MEe, 7.345193687e-01, E, -60.000000, NP, 30000 3000
200, t, 1.000000e-07, KEe, 50775.235271, MEe, 1.692507842e+00, E, -60.000000, NP, 30000 3000
300, t, 1.500000e-07, KEe, 59730.023591, MEe, 1.991000786e+00, E, -60.000000, NP, 30000 3000
400, t, 2.000000e-07, KEe, 66442.382779, MEe, 2.214746093e+00, E, -60.000000, NP, 30000 3000
500, t, 2.500000e-07, KEe, 72911.770139, MEe, 2.430392338e+00, E, -60.000000, NP, 30000 3000
600, t, 3.000000e-07, KEe, 78797.273910, MEe, 2.626575797e+00, E, -60.000000, NP, 30000 3000
700, t, 3.500000e-07, KEe, 84011.587264, MEe, 2.800386242e+00, E, -60.000000, NP, 30000 3000
800, t, 4.000000e-07, KEe, 88589.581195, MEe, 2.952986040e+00, E, -60.000000, NP, 30000 3000
900, t, 4.500000e-07, KEe, 92764.152096, MEe, 3.092138403e+00, E, -60.000000, NP, 30000 3000
1000, t, 5.000000e-07, KEe, 96652.693738, MEe, 3.221756458e+00, E, -60.000000, NP, 30000 3000
1100, t, 5.500000e-07, KEe, 100144.987260, MEe, 3.338166242e+00, E, -60.000000, NP, 30000 3000
1200, t, 6.000000e-07, KEe, 103524.032672, MEe, 3.450801089e+00, E, -60.000000, NP, 30000 3000
1300, t, 6.500000e-07, KEe, 106817.580408, MEe, 3.560586014e+00, E, -60.000000, NP, 30000 3000
1400, t, 7.000000e-07, KEe, 109701.075652, MEe, 3.656702522e+00, E, -60.000000, NP, 30000 3000
1500, t, 7.500000e-07, KEe, 112771.433812, MEe, 3.759047794e+00, E, -60.000000, NP, 30000 3000
1600, t, 8.000000e-07, KEe, 115637.387011, MEe, 3.854579567e+00, E, -60.000000, NP, 30000 3000
1700, t, 8.500000e-07, KEe, 118484.018781, MEe, 3.949467293e+00, E, -60.000000, NP, 30000 3000
1800, t, 9.000000e-07, KEe, 121144.663567, MEe, 4.038155452e+00, E, -60.000000, NP, 30000 3000
1900, t, 9.500000e-07, KEe, 123582.207096, MEe, 4.119406903e+00, E, -60.000000, NP, 30000 3000
2000, t, 1.000000e-06, KEe, 125893.050125, MEe, 4.196435004e+00, E, -60.000000, NP, 30000 3000
2100, t, 1.050000e-06, KEe, 128035.007519, MEe, 4.267833584e+00, E, -60.000000, NP, 30000 3000
2200, t, 1.100000e-06, KEe, 130373.423082, MEe, 4.345780769e+00, E, -60.000000, NP, 30000 3000
2300, t, 1.150000e-06, KEe, 132484.707371, MEe, 4.416156912e+00, E, -60.000000, NP, 30000 3000
2400, t, 1.200000e-06, KEe, 134497.550058, MEe, 4.483251669e+00, E, -60.000000, NP, 30000 3000
2500, t, 1.250000e-06, KEe, 136527.566461, MEe, 4.550918882e+00, E, -60.000000, NP, 30000 3000
2600, t, 1.300000e-06, KEe, 138369.603895, MEe, 4.612320130e+00, E, -60.000000, NP, 30000 3000
2700, t, 1.350000e-06, KEe, 140250.589835, MEe, 4.675019661e+00, E, -60.000000, NP, 30000 3000
2800, t, 1.400000e-06, KEe, 141624.409111, MEe, 4.720813637e+00, E, -60.000000, NP, 30000 3000
2900, t, 1.450000e-06, KEe, 142974.875964, MEe, 4.765829199e+00, E, -60.000000, NP, 30000 3000
3000, t, 1.500000e-06, KEe, 144748.099448, MEe, 4.824936648e+00, E, -60.000000, NP, 30000 3000
3100, t, 1.550000e-06, KEe, 146011.563128, MEe, 4.867052104e+00, E, -60.000000, NP, 30000 3000
3200, t, 1.600000e-06, KEe, 147245.446310, MEe, 4.908181544e+00, E, -60.000000, NP, 30000 3000
3300, t, 1.650000e-06, KEe, 148372.990102, MEe, 4.945766337e+00, E, -60.000000, NP, 30000 3000
3400, t, 1.700000e-06, KEe, 149345.037824, MEe, 4.978167927e+00, E, -60.000000, NP, 30000 3000
3500, t, 1.750000e-06, KEe, 150097.466891, MEe, 5.003248896e+00, E, -60.000000, NP, 30000 3000
3600, t, 1.800000e-06, KEe, 150963.332410, MEe, 5.032111080e+00, E, -60.000000, NP, 30000 3000
3700, t, 1.850000e-06, KEe, 151722.818682, MEe, 5.057427289e+00, E, -60.000000, NP, 30000 3000
3800, t, 1.900000e-06, KEe, 152796.289005, MEe, 5.093209633e+00, E, -60.000000, NP, 30000 3000
3900, t, 1.950000e-06, KEe, 153592.803783, MEe, 5.119760126e+00, E, -60.000000, NP, 30000 3000
4000, t, 2.000000e-06, KEe, 154336.973674, MEe, 5.144565789e+00, E, -60.000000, NP, 30000 3000
4100, t, 2.050000e-06, KEe, 155240.944095, MEe, 5.174698136e+00, E, -60.000000, NP, 30000 3000
4200, t, 2.100000e-06, KEe, 156050.008862, MEe, 5.201666962e+00, E, -60.000000, NP, 30000 3000
4300, t, 2.150000e-06, KEe, 156725.602177, MEe, 5.224186739e+00, E, -60.000000, NP, 30000 3000
4400, t, 2.200000e-06, KEe, 157487.231545, MEe, 5.249574385e+00, E, -60.000000, NP, 30000 3000
4500, t, 2.250000e-06, KEe, 157824.230664, MEe, 5.260807689e+00, E, -60.000000, NP, 30000 3000
4600, t, 2.300000e-06, KEe, 157821.426838, MEe, 5.260714228e+00, E, -60.000000, NP, 30000 3000
4700, t, 2.350000e-06, KEe, 158268.973649, MEe, 5.275632455e+00, E, -60.000000, NP, 30000 3000
4800, t, 2.400000e-06, KEe, 158680.373000, MEe, 5.289345767e+00, E, -60.000000, NP, 30000 3000
4900, t, 2.450000e-06, KEe, 158899.923172, MEe, 5.296664106e+00, E, -60.000000, NP, 30000 3000
5000, t, 2.500000e-06, KEe, 159404.079812, MEe, 5.313469327e+00, E, -60.000000, NP, 30000 3000
5100, t, 2.550000e-06, KEe, 159848.546442, MEe, 5.328284881e+00, E, -60.000000, NP, 30000 3000
5200, t, 2.600000e-06, KEe, 160493.310711, MEe, 5.349777024e+00, E, -60.000000, NP, 30000 3000
5300, t, 2.650000e-06, KEe, 160769.113478, MEe, 5.358970449e+00, E, -60.000000, NP, 30000 3000
5400, t, 2.700000e-06, KEe, 161107.567104, MEe, 5.370252237e+00, E, -60.000000, NP, 30000 3000
5500, t, 2.750000e-06, KEe, 161243.321757, MEe, 5.374777392e+00, E, -60.000000, NP, 30000 3000
5600, t, 2.800000e-06, KEe, 161554.316643, MEe, 5.385143888e+00, E, -60.000000, NP, 30000 3000
5700, t, 2.850000e-06, KEe, 161778.714980, MEe, 5.392623833e+00, E, -60.000000, NP, 30000 3000
5800, t, 2.900000e-06, KEe, 161937.636137, MEe, 5.397921205e+00, E, -60.000000, NP, 30000 3000
5900, t, 2.950000e-06, KEe, 162384.438998, MEe, 5.412814633e+00, E, -60.000000, NP, 30000 3000
6000, t, 3.000000e-06, KEe, 162672.956147, MEe, 5.422431872e+00, E, -60.000000, NP, 30000 3000
6100, t, 3.050000e-06, KEe, 163021.461227, MEe, 5.434048708e+00, E, -60.000000, NP, 30000 3000
6200, t, 3.100000e-06, KEe, 163193.375379, MEe, 5.439779179e+00, E, -60.000000, NP, 30000 3000
6300, t, 3.150000e-06, KEe, 163306.800770, MEe, 5.443560026e+00, E, -60.000000, NP, 30000 3000
6400, t, 3.200000e-06, KEe, 163180.407432, MEe, 5.439346914e+00, E, -60.000000, NP, 30000 3000
6500, t, 3.250000e-06, KEe, 163233.406425, MEe, 5.441113547e+00, E, -60.000000, NP, 30000 3000
6600, t, 3.300000e-06, KEe, 163482.692824, MEe, 5.449423094e+00, E, -60.000000, NP, 30000 3000
6700, t, 3.350000e-06, KEe, 163330.665420, MEe, 5.444355514e+00, E, -60.000000, NP, 30000 3000
6800, t, 3.400000e-06, KEe, 163552.586721, MEe, 5.451752891e+00, E, -60.000000, NP, 30000 3000
6900, t, 3.450000e-06, KEe, 163670.381218, MEe, 5.455679374e+00, E, -60.000000, NP, 30000 3000
7000, t, 3.500000e-06, KEe, 164021.014700, MEe, 5.467367157e+00, E, -60.000000, NP, 30000 3000
7100, t, 3.550000e-06, KEe, 163966.436745, MEe, 5.465547892e+00, E, -60.000000, NP, 30000 3000
7200, t, 3.600000e-06, KEe, 164208.671437, MEe, 5.473622381e+00, E, -60.000000, NP, 30000 3000
7300, t, 3.650000e-06, KEe, 164283.752177, MEe, 5.476125073e+00, E, -60.000000, NP, 30000 3000
7400, t, 3.700000e-06, KEe, 164358.395388, MEe, 5.478613180e+00, E, -60.000000, NP, 30000 3000
7500, t, 3.750000e-06, KEe, 164316.139768, MEe, 5.477204659e+00, E, -60.000000, NP, 30000 3000
7600, t, 3.800000e-06, KEe, 164440.641691, MEe, 5.481354723e+00, E, -60.000000, NP, 30000 3000
7700, t, 3.850000e-06, KEe, 164508.387591, MEe, 5.483612920e+00, E, -60.000000, NP, 30000 3000
7800, t, 3.900000e-06, KEe, 164707.710391, MEe, 5.490257013e+00, E, -60.000000, NP, 30000 3000
7900, t, 3.950000e-06, KEe, 164697.639935, MEe, 5.489921331e+00, E, -60.000000, NP, 30000 3000
8000, t, 4.000000e-06, KEe, 164796.183724, MEe, 5.493206124e+00, E, -60.000000, NP, 30000 3000
8100, t, 4.050000e-06, KEe, 164843.113723, MEe, 5.494770457e+00, E, -60.000000, NP, 30000 3000
8200, t, 4.100000e-06, KEe, 164751.600576, MEe, 5.491720019e+00, E, -60.000000, NP, 30000 3000
8300, t, 4.150000e-06, KEe, 165224.399563, MEe, 5.507479985e+00, E, -60.000000, NP, 30000 3000
8400, t, 4.200000e-06, KEe, 164825.421625, MEe, 5.494180721e+00, E, -60.000000, NP, 30000 3000
8500, t, 4.250000e-06, KEe, 164689.688751, MEe, 5.489656292e+00, E, -60.000000, NP, 30000 3000
8600, t, 4.300000e-06, KEe, 164729.704024, MEe, 5.490990134e+00, E, -60.000000, NP, 30000 3000
8700, t, 4.350000e-06, KEe, 164958.351141, MEe, 5.498611705e+00, E, -60.000000, NP, 30000 3000
8800, t, 4.400000e-06, KEe, 164964.957889, MEe, 5.498831930e+00, E, -60.000000, NP, 30000 3000
8900, t, 4.450000e-06, KEe, 165366.612099, MEe, 5.512220403e+00, E, -60.000000, NP, 30000 3000
9000, t, 4.500000e-06, KEe, 165413.695181, MEe, 5.513789839e+00, E, -60.000000, NP, 30000 3000
9100, t, 4.550000e-06, KEe, 165397.747634, MEe, 5.513258254e+00, E, -60.000000, NP, 30000 3000
9200, t, 4.600000e-06, KEe, 165280.971422, MEe, 5.509365714e+00, E, -60.000000, NP, 30000 3000
9300, t, 4.650000e-06, KEe, 165443.422816, MEe, 5.514780761e+00, E, -60.000000, NP, 30000 3000
9400, t, 4.700000e-06, KEe, 165524.120145, MEe, 5.517470671e+00, E, -60.000000, NP, 30000 3000
9500, t, 4.750000e-06, KEe, 165588.968733, MEe, 5.519632291e+00, E, -60.000000, NP, 30000 3000
9600, t, 4.800000e-06, KEe, 165253.332331, MEe, 5.508444411e+00, E, -60.000000, NP, 30000 3000
9700, t, 4.850000e-06, KEe, 165164.837958, MEe, 5.505494599e+00, E, -60.000000, NP, 30000 3000
9800, t, 4.900000e-06, KEe, 164991.087246, MEe, 5.499702908e+00, E, -60.000000, NP, 30000 3000
9900, t, 4.950000e-06, KEe, 164835.634483, MEe, 5.494521149e+00, E, -60.000000, NP, 30000 3000
10000, t, 5.000000e-06, KEe, 164513.820078, MEe, 5.483794003e+00, E, -60.000000, NP, 30000 3000
10100, t, 5.050000e-06, KEe, 164250.202898, MEe, 5.475006763e+00, E, -60.000000, NP, 30000 3000
10200, t, 5.100000e-06, KEe, 164061.916298, MEe, 5.468730543e+00, E, -60.000000, NP, 30000 3000
10300, t, 5.150000e-06, KEe, 163986.258206, MEe, 5.466208607e+00, E, -60.000000, NP, 30000 3000
10400, t, 5.200000e-06, KEe, 164077.076023, MEe, 5.469235867e+00, E, -60.000000, NP, 30000 3000
10500, t, 5.250000e-06, KEe, 163852.062222, MEe, 5.461735407e+00, E, -60.000000, NP, 30000 3000
10600, t, 5.300000e-06, KEe, 163986.678005, MEe, 5.466222600e+00, E, -60.000000, NP, 30000 3000
10700, t, 5.350000e-06, KEe, 163790.295423, MEe, 5.459676514e+00, E, -60.000000, NP, 30000 3000
10800, t, 5.400000e-06, KEe, 163890.657114, MEe, 5.463021904e+00, E, -60.000000, NP, 30000 3000
10900, t, 5.450000e-06, KEe, 163668.643868, MEe, 5.455621462e+00, E, -60.000000, NP, 30000 3000
11000, t, 5.500000e-06, KEe, 163981.234727, MEe, 5.466041158e+00, E, -60.000000, NP, 30000 3000
11100, t, 5.550000e-06, KEe, 164103.460492, MEe, 5.470115350e+00, E, -60.000000, NP, 30000 3000
11200, t, 5.600000e-06, KEe, 164278.836664, MEe, 5.475961222e+00, E, -60.000000, NP, 30000 3000
11300, t, 5.650000e-06, KEe, 163997.019630, MEe, 5.466567321e+00, E, -60.000000, NP, 30000 3000
11400, t, 5.700000e-06, KEe, 163698.827878, MEe, 5.456627596e+00, E, -60.000000, NP, 30000 3000
11500, t, 5.750000e-06, KEe, 163646.864576, MEe, 5.454895486e+00, E, -60.000000, NP, 30000 3000
11600, t, 5.800000e-06, KEe, 163575.384870, MEe, 5.452512829e+00, E, -60.000000, NP, 30000 3000
11700, t, 5.850000e-06, KEe, 163714.850549, MEe, 5.457161685e+00, E, -60.000000, NP, 30000 3000
11800, t, 5.900000e-06, KEe, 163842.538771, MEe, 5.461417959e+00, E, -60.000000, NP, 30000 3000
11900, t, 5.950000e-06, KEe, 163893.935111, MEe, 5.463131170e+00, E, -60.000000, NP, 30000 3000
12000, t, 6.000000e-06, KEe, 164064.017001, MEe, 5.468800567e+00, E, -60.000000, NP, 30000 3000
12100, t, 6.050000e-06, KEe, 164277.602012, MEe, 5.475920067e+00, E, -60.000000, NP, 30000 3000
12200, t, 6.100000e-06, KEe, 164419.690802, MEe, 5.480656360e+00, E, -60.000000, NP, 30000 3000
12300, t, 6.150000e-06, KEe, 163891.540895, MEe, 5.463051363e+00, E, -60.000000, NP, 30000 3000
12400, t, 6.200000e-06, KEe, 163897.522568, MEe, 5.463250752e+00, E, -60.000000, NP, 30000 3000
12500, t, 6.250000e-06, KEe, 164294.770711, MEe, 5.476492357e+00, E, -60.000000, NP, 30000 3000
12600, t, 6.300000e-06, KEe, 164522.174199, MEe, 5.484072473e+00, E, -60.000000, NP, 30000 3000
12700, t, 6.350000e-06, KEe, 164223.839198, MEe, 5.474127973e+00, E, -60.000000, NP, 30000 3000
12800, t, 6.400000e-06, KEe, 163919.925832, MEe, 5.463997528e+00, E, -60.000000, NP, 30000 3000
12900, t, 6.450000e-06, KEe, 164176.209655, MEe, 5.472540322e+00, E, -60.000000, NP, 30000 3000
13000, t, 6.500000e-06, KEe, 164414.583176, MEe, 5.480486106e+00, E, -60.000000, NP, 30000 3000
13100, t, 6.550000e-06, KEe, 164014.589828, MEe, 5.467152994e+00, E, -60.000000, NP, 30000 3000
13200, t, 6.600000e-06, KEe, 164191.667586, MEe, 5.473055586e+00, E, -60.000000, NP, 30000 3000
13300, t, 6.650000e-06, KEe, 164033.742535, MEe, 5.467791418e+00, E, -60.000000, NP, 30000 3000
13400, t, 6.700000e-06, KEe, 164495.610596, MEe, 5.483187020e+00, E, -60.000000, NP, 30000 3000
13500, t, 6.750000e-06, KEe, 164263.851769, MEe, 5.475461726e+00, E, -60.000000, NP, 30000 3000
13600, t, 6.800000e-06, KEe, 164232.249169, MEe, 5.474408306e+00, E, -60.000000, NP, 30000 3000
13700, t, 6.850000e-06, KEe, 164026.146293, MEe, 5.467538210e+00, E, -60.000000, NP, 30000 3000
13800, t, 6.900000e-06, KEe, 164085.937330, MEe, 5.469531244e+00, E, -60.000000, NP, 30000 3000
13900, t, 6.950000e-06, KEe, 163954.885210, MEe, 5.465162840e+00, E, -60.000000, NP, 30000 3000
14000, t, 7.000000e-06, KEe, 163846.771450, MEe, 5.461559048e+00, E, -60.000000, NP, 30000 3000
14100, t, 7.050000e-06, KEe, 164017.743396, MEe, 5.467258113e+00, E, -60.000000, NP, 30000 3000
14200, t, 7.100000e-06, KEe, 164090.300383, MEe, 5.469676679e+00, E, -60.000000, NP, 30000 3000
14300, t, 7.150000e-06, KEe, 163766.371810, MEe, 5.458879060e+00, E, -60.000000, NP, 30000 3000
14400, t, 7.200000e-06, KEe, 163901.606282, MEe, 5.463386876e+00, E, -60.000000, NP, 30000 3000
14500, t, 7.250000e-06, KEe, 164025.597560, MEe, 5.467519919e+00, E, -60.000000, NP, 30000 3000
14600, t, 7.300000e-06, KEe, 164201.326796, MEe, 5.473377560e+00, E, -60.000000, NP, 30000 3000
14700, t, 7.350000e-06, KEe, 164315.415646, MEe, 5.477180522e+00, E, -60.000000, NP, 30000 3000
14800, t, 7.400000e-06, KEe, 164249.915310, MEe, 5.474997177e+00, E, -60.000000, NP, 30000 3000
14900, t, 7.450000e-06, KEe, 163994.448425, MEe, 5.466481614e+00, E, -60.000000, NP, 30000 3000
15000, t, 7.500000e-06, KEe, 164009.340383, MEe, 5.466978013e+00, E, -60.000000, NP, 30000 3000
15100, t, 7.550000e-06, KEe, 163692.912229, MEe, 5.456430408e+00, E, -60.000000, NP, 30000 3000
15200, t, 7.600000e-06, KEe, 163806.479135, MEe, 5.460215971e+00, E, -60.000000, NP, 30000 3000
15300, t, 7.650000e-06, KEe, 163639.740299, MEe, 5.454658010e+00, E, -60.000000, NP, 30000 3000
15400, t, 7.700000e-06, KEe, 163598.784916, MEe, 5.453292831e+00, E, -60.000000, NP, 30000 3000
15500, t, 7.750000e-06, KEe, 163626.214748, MEe, 5.454207158e+00, E, -60.000000, NP, 30000 3000
15600, t, 7.800000e-06, KEe, 163619.091550, MEe, 5.453969718e+00, E, -60.000000, NP, 30000 3000
15700, t, 7.850000e-06, KEe, 163552.053478, MEe, 5.451735116e+00, E, -60.000000, NP, 30000 3000
15800, t, 7.900000e-06, KEe, 163814.093812, MEe, 5.460469794e+00, E, -60.000000, NP, 30000 3000
15900, t, 7.950000e-06, KEe, 163457.702341, MEe, 5.448590078e+00, E, -60.000000, NP, 30000 3000
16000, t, 8.000000e-06, KEe, 163625.651045, MEe, 5.454188368e+00, E, -60.000000, NP, 30000 3000
16100, t, 8.050000e-06, KEe, 163850.306231, MEe, 5.461676874e+00, E, -60.000000, NP, 30000 3000
16200, t, 8.100000e-06, KEe, 163520.362544, MEe, 5.450678751e+00, E, -60.000000, NP, 30000 3000
16300, t, 8.150000e-06, KEe, 163687.807366, MEe, 5.456260246e+00, E, -60.000000, NP, 30000 3000
16400, t, 8.200000e-06, KEe, 163819.162010, MEe, 5.460638734e+00, E, -60.000000, NP, 30000 3000
16500, t, 8.250000e-06, KEe, 164060.640720, MEe, 5.468688024e+00, E, -60.000000, NP, 30000 3000
16600, t, 8.300000e-06, KEe, 164357.353708, MEe, 5.478578457e+00, E, -60.000000, NP, 30000 3000
16700, t, 8.350000e-06, KEe, 164231.527067, MEe, 5.474384236e+00, E, -60.000000, NP, 30000 3000
16800, t, 8.400000e-06, KEe, 164467.851505, MEe, 5.482261717e+00, E, -60.000000, NP, 30000 3000
16900, t, 8.450000e-06, KEe, 164523.110287, MEe, 5.484103676e+00, E, -60.000000, NP, 30000 3000
17000, t, 8.500000e-06, KEe, 164187.529926, MEe, 5.472917664e+00, E, -60.000000, NP, 30000 3000
17100, t, 8.550000e-06, KEe, 164210.240617, MEe, 5.473674687e+00, E, -60.000000, NP, 30000 3000
17200, t, 8.600000e-06, KEe, 164041.083648, MEe, 5.468036122e+00, E, -60.000000, NP, 30000 3000
17300, t, 8.650000e-06, KEe, 164151.601254, MEe, 5.471720042e+00, E, -60.000000, NP, 30000 3000
17400, t, 8.700000e-06, KEe, 164101.679568, MEe, 5.470055986e+00, E, -60.000000, NP, 30000 3000
17500, t, 8.750000e-06, KEe, 164114.105163, MEe, 5.470470172e+00, E, -60.000000, NP, 30000 3000
17600, t, 8.800000e-06, KEe, 163899.935098, MEe, 5.463331170e+00, E, -60.000000, NP, 30000 3000
17700, t, 8.850000e-06, KEe, 163810.405261, MEe, 5.460346842e+00, E, -60.000000, NP, 30000 3000
17800, t, 8.900000e-06, KEe, 163764.471230, MEe, 5.458815708e+00, E, -60.000000, NP, 30000 3000
17900, t, 8.950000e-06, KEe, 163594.493049, MEe, 5.453149768e+00, E, -60.000000, NP, 30000 3000
18000, t, 9.000000e-06, KEe, 163494.962920, MEe, 5.449832097e+00, E, -60.000000, NP, 30000 3000
18100, t, 9.050000e-06, KEe, 163428.191357, MEe, 5.447606379e+00, E, -60.000000, NP, 30000 3000
18200, t, 9.100000e-06, KEe, 163244.524065, MEe, 5.441484136e+00, E, -60.000000, NP, 30000 3000
18300, t, 9.150000e-06, KEe, 163408.931189, MEe, 5.446964373e+00, E, -60.000000, NP, 30000 3000
18400, t, 9.200000e-06, KEe, 163391.326933, MEe, 5.446377564e+00, E, -60.000000, NP, 30000 3000
18500, t, 9.250000e-06, KEe, 162763.366983, MEe, 5.425445566e+00, E, -60.000000, NP, 30000 3000
18600, t, 9.300000e-06, KEe, 162867.380387, MEe, 5.428912680e+00, E, -60.000000, NP, 30000 3000
18700, t, 9.350000e-06, KEe, 163220.688741, MEe, 5.440689625e+00, E, -60.000000, NP, 30000 3000
18800, t, 9.400000e-06, KEe, 163378.707808, MEe, 5.445956927e+00, E, -60.000000, NP, 30000 3000
18900, t, 9.450000e-06, KEe, 163251.015899, MEe, 5.441700530e+00, E, -60.000000, NP, 30000 3000
19000, t, 9.500000e-06, KEe, 163066.566874, MEe, 5.435552229e+00, E, -60.000000, NP, 30000 3000
19100, t, 9.550000e-06, KEe, 162930.128767, MEe, 5.431004292e+00, E, -60.000000, NP, 30000 3000
19200, t, 9.600000e-06, KEe, 162812.081589, MEe, 5.427069386e+00, E, -60.000000, NP, 30000 3000
19300, t, 9.650000e-06, KEe, 163057.611007, MEe, 5.435253700e+00, E, -60.000000, NP, 30000 3000
19400, t, 9.700000e-06, KEe, 162941.846055, MEe, 5.431394869e+00, E, -60.000000, NP, 30000 3000
19500, t, 9.750000e-06, KEe, 162900.777316, MEe, 5.430025911e+00, E, -60.000000, NP, 30000 3000
19600, t, 9.800000e-06, KEe, 162984.980998, MEe, 5.432832700e+00, E, -60.000000, NP, 30000 3000
19700, t, 9.850000e-06, KEe, 163293.564876, MEe, 5.443118829e+00, E, -60.000000, NP, 30000 3000
19800, t, 9.900000e-06, KEe, 163412.803128, MEe, 5.447093438e+00, E, -60.000000, NP, 30000 3000
19900, t, 9.950000e-06, KEe, 163373.692097, MEe, 5.445789737e+00, E, -60.000000, NP, 30000 3000
20000, t, 1.000000e-05, KEe, 163466.165563, MEe, 5.448872185e+00, E, -60.000000, NP, 30000 3000
20100, t, 1.005000e-05, KEe, 163985.063624, MEe, 5.466168787e+00, E, -60.000000, NP, 30000 3000
20200, t, 1.010000e-05, KEe, 164151.071586, MEe, 5.471702386e+00, E, -60.000000, NP, 30000 3000
20300, t, 1.015000e-05, KEe, 164382.336827, MEe, 5.479411228e+00, E, -60.000000, NP, 30000 3000
20400, t, 1.020000e-05, KEe, 164214.458690, MEe, 5.473815290e+00, E, -60.000000, NP, 30000 3000
20500, t, 1.025000e-05, KEe, 164435.319386, MEe, 5.481177313e+00, E, -60.000000, NP, 30000 3000
20600, t, 1.030000e-05, KEe, 164158.727807, MEe, 5.471957594e+00, E, -60.000000, NP, 30000 3000
20700, t, 1.035000e-05, KEe, 164193.742996, MEe, 5.473124767e+00, E, -60.000000, NP, 30000 3000
20800, t, 1.040000e-05, KEe, 164332.436539, MEe, 5.477747885e+00, E, -60.000000, NP, 30000 3000
20900, t, 1.045000e-05, KEe, 164267.165619, MEe, 5.475572187e+00, E, -60.000000, NP, 30000 3000
21000, t, 1.050000e-05, KEe, 164141.259010, MEe, 5.471375300e+00, E, -60.000000, NP, 30000 3000
21100, t, 1.055000e-05, KEe, 164254.163573, MEe, 5.475138786e+00, E, -60.000000, NP, 30000 3000
21200, t, 1.060000e-05, KEe, 164165.428689, MEe, 5.472180956e+00, E, -60.000000, NP, 30000 3000
21300, t, 1.065000e-05, KEe, 164154.079082, MEe, 5.471802636e+00, E, -60.000000, NP, 30000 3000
21400, t, 1.070000e-05, KEe, 164244.633007, MEe, 5.474821100e+00, E, -60.000000, NP, 30000 3000
21500, t, 1.075000e-05, KEe, 164334.721225, MEe, 5.477824041e+00, E, -60.000000, NP, 30000 3000
21600, t, 1.080000e-05, KEe, 164723.337093, MEe, 5.490777903e+00, E, -60.000000, NP, 30000 3000
21700, t, 1.085000e-05, KEe, 164890.159472, MEe, 5.496338649e+00, E, -60.000000, NP, 30000 3000
21800, t, 1.090000e-05, KEe, 164895.541459, MEe, 5.496518049e+00, E, -60.000000, NP, 30000 3000
21900, t, 1.095000e-05, KEe, 164964.956122, MEe, 5.498831871e+00, E, -60.000000, NP, 30000 3000
22000, t, 1.100000e-05, KEe, 165093.866698, MEe, 5.503128890e+00, E, -60.000000, NP, 30000 3000
22100, t, 1.105000e-05, KEe, 164746.020037, MEe, 5.491534001e+00, E, -60.000000, NP, 30000 3000
22200, t, 1.110000e-05, KEe, 164681.071732, MEe, 5.489369058e+00, E, -60.000000, NP, 30000 3000
22300, t, 1.115000e-05, KEe, 164960.978192, MEe, 5.498699273e+00, E, -60.000000, NP, 30000 3000
22400, t, 1.120000e-05, KEe, 164634.508428, MEe, 5.487816948e+00, E, -60.000000, NP, 30000 3000
22500, t, 1.125000e-05, KEe, 164420.383089, MEe, 5.480679436e+00, E, -60.000000, NP, 30000 3000
22600, t, 1.130000e-05, KEe, 164424.820441, MEe, 5.480827348e+00, E, -60.000000, NP, 30000 3000
22700, t, 1.135000e-05, KEe, 164364.869892, MEe, 5.478828996e+00, E, -60.000000, NP, 30000 3000
22800, t, 1.140000e-05, KEe, 164623.169002, MEe, 5.487438967e+00, E, -60.000000, NP, 30000 3000
22900, t, 1.145000e-05, KEe, 164369.019686, MEe, 5.478967323e+00, E, -60.000000, NP, 30000 3000
23000, t, 1.150000e-05, KEe, 164434.717673, MEe, 5.481157256e+00, E, -60.000000, NP, 30000 3000
23100, t, 1.155000e-05, KEe, 164120.883025, MEe, 5.470696101e+00, E, -60.000000, NP, 30000 3000
23200, t, 1.160000e-05, KEe, 164226.751368, MEe, 5.474225046e+00, E, -60.000000, NP, 30000 3000
23300, t, 1.165000e-05, KEe, 164617.719522, MEe, 5.487257317e+00, E, -60.000000, NP, 30000 3000
23400, t, 1.170000e-05, KEe, 164698.651631, MEe, 5.489955054e+00, E, -60.000000, NP, 30000 3000
23500, t, 1.175000e-05, KEe, 164716.114848, MEe, 5.490537162e+00, E, -60.000000, NP, 30000 3000
23600, t, 1.180000e-05, KEe, 164558.075960, MEe, 5.485269199e+00, E, -60.000000, NP, 30000 3000
23700, t, 1.185000e-05, KEe, 164539.023762, MEe, 5.484634125e+00, E, -60.000000, NP, 30000 3000
23800, t, 1.190000e-05, KEe, 164629.139646, MEe, 5.487637988e+00, E, -60.000000, NP, 30000 3000
23900, t, 1.195000e-05, KEe, 164218.595598, MEe, 5.473953187e+00, E, -60.000000, NP, 30000 3000
24000, t, 1.200000e-05, KEe, 164362.652766, MEe, 5.478755092e+00, E, -60.000000, NP, 30000 3000
24100, t, 1.205000e-05, KEe, 164425.583327, MEe, 5.480852778e+00, E, -60.000000, NP, 30000 3000
24200, t, 1.210000e-05, KEe, 164489.692066, MEe, 5.482989736e+00, E, -60.000000, NP, 30000 3000
24300, t, 1.215000e-05, KEe, 164565.861903, MEe, 5.485528730e+00, E, -60.000000, NP, 30000 3000
24400, t, 1.220000e-05, KEe, 164686.557337, MEe, 5.489551911e+00, E, -60.000000, NP, 30000 3000
24500, t, 1.225000e-05, KEe, 164366.707923, MEe, 5.478890264e+00, E, -60.000000, NP, 30000 3000
24600, t, 1.230000e-05, KEe, 164384.908561, MEe, 5.479496952e+00, E, -60.000000, NP, 30000 3000
24700, t, 1.235000e-05, KEe, 163990.620342, MEe, 5.466354011e+00, E, -60.000000, NP, 30000 3000
24800, t, 1.240000e-05, KEe, 163742.627672, MEe, 5.458087589e+00, E, -60.000000, NP, 30000 3000
24900, t, 1.245000e-05, KEe, 163615.731115, MEe, 5.453857704e+00, E, -60.000000, NP, 30000 3000
25000, t, 1.250000e-05, KEe, 163335.553421, MEe, 5.444518447e+00, E, -60.000000, NP, 30000 3000
25100, t, 1.255000e-05, KEe, 163436.376860, MEe, 5.447879229e+00, E, -60.000000, NP, 30000 3000
25200, t, 1.260000e-05, KEe, 163934.368949, MEe, 5.464478965e+00, E, -60.000000, NP, 30000 3000
25300, t, 1.265000e-05, KEe, 164223.150081, MEe, 5.474105003e+00, E, -60.000000, NP, 30000 3000
25400, t, 1.270000e-05, KEe, 163854.018257, MEe, 5.461800609e+00, E, -60.000000, NP, 30000 3000
25500, t, 1.275000e-05, KEe, 163490.526867, MEe, 5.449684229e+00, E, -60.000000, NP, 30000 3000
25600, t, 1.280000e-05, KEe, 163603.618456, MEe, 5.453453949e+00, E, -60.000000, NP, 30000 3000
25700, t, 1.285000e-05, KEe, 163694.243314, MEe, 5.456474777e+00, E, -60.000000, NP, 30000 3000
25800, t, 1.290000e-05, KEe, 163948.275672, MEe, 5.464942522e+00, E, -60.000000, NP, 30000 3000
25900, t, 1.295000e-05, KEe, 163922.548446, MEe, 5.464084948e+00, E, -60.000000, NP, 30000 3000
26000, t, 1.300000e-05, KEe, 163878.452433, MEe, 5.462615081e+00, E, -60.000000, NP, 30000 3000
26100, t, 1.305000e-05, KEe, 164210.858886, MEe, 5.473695296e+00, E, -60.000000, NP, 30000 3000
26200, t, 1.310000e-05, KEe, 164365.170870, MEe, 5.478839029e+00, E, -60.000000, NP, 30000 3000
26300, t, 1.315000e-05, KEe, 164212.319938, MEe, 5.473743998e+00, E, -60.000000, NP, 30000 3000
26400, t, 1.320000e-05, KEe, 164260.268780, MEe, 5.475342293e+00, E, -60.000000, NP, 30000 3000
26500, t, 1.325000e-05, KEe, 164148.257058, MEe, 5.471608569e+00, E, -60.000000, NP, 30000 3000
26600, t, 1.330000e-05, KEe, 163968.901892, MEe, 5.465630063e+00, E, -60.000000, NP, 30000 3000
26700, t, 1.335000e-05, KEe, 164134.951718, MEe, 5.471165057e+00, E, -60.000000, NP, 30000 3000
26800, t, 1.340000e-05, KEe, 164298.464010, MEe, 5.476615467e+00, E, -60.000000, NP, 30000 3000
26900, t, 1.345000e-05, KEe, 164198.925621, MEe, 5.473297521e+00, E, -60.000000, NP, 30000 3000
27000, t, 1.350000e-05, KEe, 163723.136906, MEe, 5.457437897e+00, E, -60.000000, NP, 30000 3000
27100, t, 1.355000e-05, KEe, 163624.414088, MEe, 5.454147136e+00, E, -60.000000, NP, 30000 3000
27200, t, 1.360000e-05, KEe, 163657.136520, MEe, 5.455237884e+00, E, -60.000000, NP, 30000 3000
27300, t, 1.365000e-05, KEe, 163464.101992, MEe, 5.448803400e+00, E, -60.000000, NP, 30000 3000
27400, t, 1.370000e-05, KEe, 163571.793882, MEe, 5.452393129e+00, E, -60.000000, NP, 30000 3000
27500, t, 1.375000e-05, KEe, 163359.568870, MEe, 5.445318962e+00, E, -60.000000, NP, 30000 3000
27600, t, 1.380000e-05, KEe, 163510.068808, MEe, 5.450335627e+00, E, -60.000000, NP, 30000 3000
27700, t, 1.385000e-05, KEe, 163593.353293, MEe, 5.453111776e+00, E, -60.000000, NP, 30000 3000
27800, t, 1.390000e-05, KEe, 163515.261762, MEe, 5.450508725e+00, E, -60.000000, NP, 30000 3000
27900, t, 1.395000e-05, KEe, 163554.366973, MEe, 5.451812232e+00, E, -60.000000, NP, 30000 3000
28000, t, 1.400000e-05, KEe, 163349.892978, MEe, 5.444996433e+00, E, -60.000000, NP, 30000 3000
28100, t, 1.405000e-05, KEe, 163520.805080, MEe, 5.450693503e+00, E, -60.000000, NP, 30000 3000
28200, t, 1.410000e-05, KEe, 163288.295019, MEe, 5.442943167e+00, E, -60.000000, NP, 30000 3000
28300, t, 1.415000e-05, KEe, 163696.619527, MEe, 5.456553984e+00, E, -60.000000, NP, 30000 3000
28400, t, 1.420000e-05, KEe, 163695.330350, MEe, 5.456511012e+00, E, -60.000000, NP, 30000 3000
28500, t, 1.425000e-05, KEe, 163660.790544, MEe, 5.455359685e+00, E, -60.000000, NP, 30000 3000
28600, t, 1.430000e-05, KEe, 163835.950627, MEe, 5.461198354e+00, E, -60.000000, NP, 30000 3000
28700, t, 1.435000e-05, KEe, 163658.843402, MEe, 5.455294780e+00, E, -60.000000, NP, 30000 3000
28800, t, 1.440000e-05, KEe, 163688.353437, MEe, 5.456278448e+00, E, -60.000000, NP, 30000 3000
28900, t, 1.445000e-05, KEe, 163169.393301, MEe, 5.438979777e+00, E, -60.000000, NP, 30000 3000
29000, t, 1.450000e-05, KEe, 163135.393865, MEe, 5.437846462e+00, E, -60.000000, NP, 30000 3000
29100, t, 1.455000e-05, KEe, 163395.085928, MEe, 5.446502864e+00, E, -60.000000, NP, 30000 3000
29200, t, 1.460000e-05, KEe, 163450.731571, MEe, 5.448357719e+00, E, -60.000000, NP, 30000 3000
29300, t, 1.465000e-05, KEe, 163383.579710, MEe, 5.446119324e+00, E, -60.000000, NP, 30000 3000
29400, t, 1.470000e-05, KEe, 163454.332048, MEe, 5.448477735e+00, E, -60.000000, NP, 30000 3000
29500, t, 1.475000e-05, KEe, 163418.900281, MEe, 5.447296676e+00, E, -60.000000, NP, 30000 3000
29600, t, 1.480000e-05, KEe, 163819.615653, MEe, 5.460653855e+00, E, -60.000000, NP, 30000 3000
29700, t, 1.485000e-05, KEe, 163905.010472, MEe, 5.463500349e+00, E, -60.000000, NP, 30000 3000
29800, t, 1.490000e-05, KEe, 163900.920197, MEe, 5.463364007e+00, E, -60.000000, NP, 30000 3000
29900, t, 1.495000e-05, KEe, 164195.752157, MEe, 5.473191739e+00, E, -60.000000, NP, 30000 3000
30000, t, 1.500000e-05, KEe, 164283.506363, MEe, 5.476116879e+00, E, -60.000000, NP, 30000 3000
30100, t, 1.505000e-05, KEe, 164023.057757, MEe, 5.467435259e+00, E, -60.000000, NP, 30000 3000
30200, t, 1.510000e-05, KEe, 164159.228985, MEe, 5.471974299e+00, E, -60.000000, NP, 30000 3000
30300, t, 1.515000e-05, KEe, 164227.701789, MEe, 5.474256726e+00, E, -60.000000, NP, 30000 3000
30400, t, 1.520000e-05, KEe, 164338.571959, MEe, 5.477952399e+00, E, -60.000000, NP, 30000 3000
30500, t, 1.525000e-05, KEe, 164410.806025, MEe, 5.480360201e+00, E, -60.000000, NP, 30000 3000
30600, t, 1.530000e-05, KEe, 164500.519263, MEe, 5.483350642e+00, E, -60.000000, NP, 30000 3000
30700, t, 1.535000e-05, KEe, 164578.008161, MEe, 5.485933605e+00, E, -60.000000, NP, 30000 3000
30800, t, 1.540000e-05, KEe, 164315.780230, MEe, 5.477192674e+00, E, -60.000000, NP, 30000 3000
30900, t, 1.545000e-05, KEe, 164594.030072, MEe, 5.486467669e+00, E, -60.000000, NP, 30000 3000
31000, t, 1.550000e-05, KEe, 164444.244645, MEe, 5.481474821e+00, E, -60.000000, NP, 30000 3000
31100, t, 1.555000e-05, KEe, 164507.102315, MEe, 5.483570077e+00, E, -60.000000, NP, 30000 3000
31200, t, 1.560000e-05, KEe, 164441.727577, MEe, 5.481390919e+00, E, -60.000000, NP, 30000 3000
31300, t, 1.565000e-05, KEe, 164594.519156, MEe, 5.486483972e+00, E, -60.000000, NP, 30000 3000
31400, t, 1.570000e-05, KEe, 164506.973082, MEe, 5.483565769e+00, E, -60.000000, NP, 30000 3000
31500, t, 1.575000e-05, KEe, 164444.671292, MEe, 5.481489043e+00, E, -60.000000, NP, 30000 3000
31600, t, 1.580000e-05, KEe, 164616.812704, MEe, 5.487227090e+00, E, -60.000000, NP, 30000 3000
31700, t, 1.585000e-05, KEe, 164616.310684, MEe, 5.487210356e+00, E, -60.000000, NP, 30000 3000
31800, t, 1.590000e-05, KEe, 164558.353326, MEe, 5.485278444e+00, E, -60.000000, NP, 30000 3000
31900, t, 1.595000e-05, KEe, 164237.533200, MEe, 5.474584440e+00, E, -60.000000, NP, 30000 3000
32000, t, 1.600000e-05, KEe, 164319.922873, MEe, 5.477330762e+00, E, -60.000000, NP, 30000 3000
32100, t, 1.605000e-05, KEe, 164292.962179, MEe, 5.476432073e+00, E, -60.000000, NP, 30000 3000
32200, t, 1.610000e-05, KEe, 164264.634262, MEe, 5.475487809e+00, E, -60.000000, NP, 30000 3000
32300, t, 1.615000e-05, KEe, 164271.467307, MEe, 5.475715577e+00, E, -60.000000, NP, 30000 3000
32400, t, 1.620000e-05, KEe, 164356.041160, MEe, 5.478534705e+00, E, -60.000000, NP, 30000 3000
32500, t, 1.625000e-05, KEe, 164508.710545, MEe, 5.483623685e+00, E, -60.000000, NP, 30000 3000
32600, t, 1.630000e-05, KEe, 164504.240970, MEe, 5.483474699e+00, E, -60.000000, NP, 30000 3000
32700, t, 1.635000e-05, KEe, 164243.962966, MEe, 5.474798766e+00, E, -60.000000, NP, 30000 3000
32800, t, 1.640000e-05, KEe, 164153.515289, MEe, 5.471783843e+00, E, -60.000000, NP, 30000 3000
32900, t, 1.645000e-05, KEe, 163955.779792, MEe, 5.465192660e+00, E, -60.000000, NP, 30000 3000
33000, t, 1.650000e-05, KEe, 163561.938249, MEe, 5.452064608e+00, E, -60.000000, NP, 30000 3000
33100, t, 1.655000e-05, KEe, 163542.473368, MEe, 5.451415779e+00, E, -60.000000, NP, 30000 3000
33200, t, 1.660000e-05, KEe, 163751.796843, MEe, 5.458393228e+00, E, -60.000000, NP, 30000 3000
33300, t, 1.665000e-05, KEe, 163676.665138, MEe, 5.455888838e+00, E, -60.000000, NP, 30000 3000
33400, t, 1.670000e-05, KEe, 163868.962517, MEe, 5.462298751e+00, E, -60.000000, NP, 30000 3000
33500, t, 1.675000e-05, KEe, 163774.437442, MEe, 5.459147915e+00, E, -60.000000, NP, 30000 3000
33600, t, 1.680000e-05, KEe, 164046.815870, MEe, 5.468227196e+00, E, -60.000000, NP, 30000 3000
33700, t, 1.685000e-05, KEe, 164073.858321, MEe, 5.469128611e+00, E, -60.000000, NP, 30000 3000
33800, t, 1.690000e-05, KEe, 163922.525568, MEe, 5.464084186e+00, E, -60.000000, NP, 30000 3000
33900, t, 1.695000e-05, KEe, 164000.362602, MEe, 5.466678753e+00, E, -60.000000, NP, 30000 3000
34000, t, 1.700000e-05, KEe, 163775.634856, MEe, 5.459187829e+00, E, -60.000000, NP, 30000 3000
34100, t, 1.705000e-05, KEe, 163874.389303, MEe, 5.462479643e+00, E, -60.000000, NP, 30000 3000
34200, t, 1.710000e-05, KEe, 164046.612652, MEe, 5.468220422e+00, E, -60.000000, NP, 30000 3000
34300, t, 1.715000e-05, KEe, 163868.978148, MEe, 5.462299272e+00, E, -60.000000, NP, 30000 3000
34400, t, 1.720000e-05, KEe, 163839.213736, MEe, 5.461307125e+00, E, -60.000000, NP, 30000 3000
34500, t, 1.725000e-05, KEe, 164098.111563, MEe, 5.469937052e+00, E, -60.000000, NP, 30000 3000
34600, t, 1.730000e-05, KEe, 163957.960538, MEe, 5.465265351e+00, E, -60.000000, NP, 30000 3000
34700, t, 1.735000e-05, KEe, 163847.285686, MEe, 5.461576190e+00, E, -60.000000, NP, 30000 3000
34800, t, 1.740000e-05, KEe, 163660.799021, MEe, 5.455359967e+00, E, -60.000000, NP, 30000 3000
34900, t, 1.745000e-05, KEe, 163731.246600, MEe, 5.457708220e+00, E, -60.000000, NP, 30000 3000
35000, t, 1.750000e-05, KEe, 163764.112119, MEe, 5.458803737e+00, E, -60.000000, NP, 30000 3000
35100, t, 1.755000e-05, KEe, 163645.108204, MEe, 5.454836940e+00, E, -60.000000, NP, 30000 3000
35200, t, 1.760000e-05, KEe, 163338.477839, MEe, 5.444615928e+00, E, -60.000000, NP, 30000 3000
35300, t, 1.765000e-05, KEe, 163386.185688, MEe, 5.446206190e+00, E, -60.000000, NP, 30000 3000
35400, t, 1.770000e-05, KEe, 163437.625830, MEe, 5.447920861e+00, E, -60.000000, NP, 30000 3000
35500, t, 1.775000e-05, KEe, 163799.607639, MEe, 5.459986921e+00, E, -60.000000, NP, 30000 3000
35600, t, 1.780000e-05, KEe, 163621.803190, MEe, 5.454060106e+00, E, -60.000000, NP, 30000 3000
35700, t, 1.785000e-05, KEe, 163710.008936, MEe, 5.457000298e+00, E, -60.000000, NP, 30000 3000
35800, t, 1.790000e-05, KEe, 163579.720426, MEe, 5.452657348e+00, E, -60.000000, NP, 30000 3000
35900, t, 1.795000e-05, KEe, 163628.933306, MEe, 5.454297777e+00, E, -60.000000, NP, 30000 3000
36000, t, 1.800000e-05, KEe, 163448.344607, MEe, 5.448278154e+00, E, -60.000000, NP, 30000 3000
36100, t, 1.805000e-05, KEe, 163325.290142, MEe, 5.444176338e+00, E, -60.000000, NP, 30000 3000
36200, t, 1.810000e-05, KEe, 163403.607066, MEe, 5.446786902e+00, E, -60.000000, NP, 30000 3000
36300, t, 1.815000e-05, KEe, 163389.352254, MEe, 5.446311742e+00, E, -60.000000, NP, 30000 3000
36400, t, 1.820000e-05, KEe, 163542.917502, MEe, 5.451430583e+00, E, -60.000000, NP, 30000 3000
36500, t, 1.825000e-05, KEe, 163506.465171, MEe, 5.450215506e+00, E, -60.000000, NP, 30000 3000
36600, t, 1.830000e-05, KEe, 163485.841808, MEe, 5.449528060e+00, E, -60.000000, NP, 30000 3000
36700, t, 1.835000e-05, KEe, 163442.526158, MEe, 5.448084205e+00, E, -60.000000, NP, 30000 3000
36800, t, 1.840000e-05, KEe, 163601.079695, MEe, 5.453369323e+00, E, -60.000000, NP, 30000 3000
36900, t, 1.845000e-05, KEe, 163651.953335, MEe, 5.455065111e+00, E, -60.000000, NP, 30000 3000
37000, t, 1.850000e-05, KEe, 163984.942221, MEe, 5.466164741e+00, E, -60.000000, NP, 30000 3000
37100, t, 1.855000e-05, KEe, 163880.847237, MEe, 5.462694908e+00, E, -60.000000, NP, 30000 3000
37200, t, 1.860000e-05, KEe, 163745.679255, MEe, 5.458189308e+00, E, -60.000000, NP, 30000 3000
37300, t, 1.865000e-05, KEe, 163791.739586, MEe, 5.459724653e+00, E, -60.000000, NP, 30000 3000
37400, t, 1.870000e-05, KEe, 163812.612363, MEe, 5.460420412e+00, E, -60.000000, NP, 30000 3000
37500, t, 1.875000e-05, KEe, 163961.565745, MEe, 5.465385525e+00, E, -60.000000, NP, 30000 3000
37600, t, 1.880000e-05, KEe, 163970.948405, MEe, 5.465698280e+00, E, -60.000000, NP, 30000 3000
37700, t, 1.885000e-05, KEe, 163791.038615, MEe, 5.459701287e+00, E, -60.000000, NP, 30000 3000
37800, t, 1.890000e-05, KEe, 163809.083306, MEe, 5.460302777e+00, E, -60.000000, NP, 30000 3000
37900, t, 1.895000e-05, KEe, 163751.208873, MEe, 5.458373629e+00, E, -60.000000, NP, 30000 3000
38000, t, 1.900000e-05, KEe, 163693.571575, MEe, 5.456452386e+00, E, -60.000000, NP, 30000 3000
38100, t, 1.905000e-05, KEe, 163422.659061, MEe, 5.447421969e+00, E, -60.000000, NP, 30000 3000
38200, t, 1.910000e-05, KEe, 163485.617572, MEe, 5.449520586e+00, E, -60.000000, NP, 30000 3000
38300, t, 1.915000e-05, KEe, 163846.412401, MEe, 5.461547080e+00, E, -60.000000, NP, 30000 3000
38400, t, 1.920000e-05, KEe, 164156.236751, MEe, 5.471874558e+00, E, -60.000000, NP, 30000 3000
38500, t, 1.925000e-05, KEe, 164156.552143, MEe, 5.471885071e+00, E, -60.000000, NP, 30000 3000
38600, t, 1.930000e-05, KEe, 163951.293291, MEe, 5.465043110e+00, E, -60.000000, NP, 30000 3000
38700, t, 1.935000e-05, KEe, 163836.349246, MEe, 5.461211642e+00, E, -60.000000, NP, 30000 3000
38800, t, 1.940000e-05, KEe, 163853.015789, MEe, 5.461767193e+00, E, -60.000000, NP, 30000 3000
38900, t, 1.945000e-05, KEe, 163860.651716, MEe, 5.462021724e+00, E, -60.000000, NP, 30000 3000
39000, t, 1.950000e-05, KEe, 163868.330265, MEe, 5.462277676e+00, E, -60.000000, NP, 30000 3000
39100, t, 1.955000e-05, KEe, 163983.794298, MEe, 5.466126477e+00, E, -60.000000, NP, 30000 3000
39200, t, 1.960000e-05, KEe, 164068.556203, MEe, 5.468951873e+00, E, -60.000000, NP, 30000 3000
39300, t, 1.965000e-05, KEe, 164067.303715, MEe, 5.468910124e+00, E, -60.000000, NP, 30000 3000
39400, t, 1.970000e-05, KEe, 163910.253797, MEe, 5.463675127e+00, E, -60.000000, NP, 30000 3000
39500, t, 1.975000e-05, KEe, 163998.057375, MEe, 5.466601913e+00, E, -60.000000, NP, 30000 3000
39600, t, 1.980000e-05, KEe, 164219.888153, MEe, 5.473996272e+00, E, -60.000000, NP, 30000 3000
39700, t, 1.985000e-05, KEe, 164526.625361, MEe, 5.484220845e+00, E, -60.000000, NP, 30000 3000
39800, t, 1.990000e-05, KEe, 164694.710429, MEe, 5.489823681e+00, E, -60.000000, NP, 30000 3000
39900, t, 1.995000e-05, KEe, 164424.717242, MEe, 5.480823908e+00, E, -60.000000, NP, 30000 3000
40000, t, 2.000000e-05, KEe, 164500.233147, MEe, 5.483341105e+00, E, -60.000000, NP, 30000 3000
40100, t, 2.005000e-05, KEe, 164549.868228, MEe, 5.484995608e+00, E, -60.000000, NP, 30000 3000
40200, t, 2.010000e-05, KEe, 164305.885760, MEe, 5.476862859e+00, E, -60.000000, NP, 30000 3000
40300, t, 2.015000e-05, KEe, 164354.681181, MEe, 5.478489373e+00, E, -60.000000, NP, 30000 3000
40400, t, 2.020000e-05, KEe, 164814.451009, MEe, 5.493815034e+00, E, -60.000000, NP, 30000 3000
40500, t, 2.025000e-05, KEe, 164396.349930, MEe, 5.479878331e+00, E, -60.000000, NP, 30000 3000
40600, t, 2.030000e-05, KEe, 164600.233980, MEe, 5.486674466e+00, E, -60.000000, NP, 30000 3000
40700, t, 2.035000e-05, KEe, 164629.496992, MEe, 5.487649900e+00, E, -60.000000, NP, 30000 3000
40800, t, 2.040000e-05, KEe, 164487.980224, MEe, 5.482932674e+00, E, -60.000000, NP, 30000 3000
40900, t, 2.045000e-05, KEe, 164614.585894, MEe, 5.487152863e+00, E, -60.000000, NP, 30000 3000
41000, t, 2.050000e-05, KEe, 164571.463420, MEe, 5.485715447e+00, E, -60.000000, NP, 30000 3000
41100, t, 2.055000e-05, KEe, 164758.801652, MEe, 5.491960055e+00, E, -60.000000, NP, 30000 3000
41200, t, 2.060000e-05, KEe, 164268.375989, MEe, 5.475612533e+00, E, -60.000000, NP, 30000 3000
41300, t, 2.065000e-05, KEe, 164349.703823, MEe, 5.478323461e+00, E, -60.000000, NP, 30000 3000
41400, t, 2.070000e-05, KEe, 164287.264275, MEe, 5.476242143e+00, E, -60.000000, NP, 30000 3000
41500, t, 2.075000e-05, KEe, 164460.907745, MEe, 5.482030258e+00, E, -60.000000, NP, 30000 3000
41600, t, 2.080000e-05, KEe, 164635.962295, MEe, 5.487865410e+00, E, -60.000000, NP, 30000 3000
41700, t, 2.085000e-05, KEe, 164641.720641, MEe, 5.488057355e+00, E, -60.000000, NP, 30000 3000
41800, t, 2.090000e-05, KEe, 164604.668167, MEe, 5.486822272e+00, E, -60.000000, NP, 30000 3000
41900, t, 2.095000e-05, KEe, 164452.789893, MEe, 5.481759663e+00, E, -60.000000, NP, 30000 3000
42000, t, 2.100000e-05, KEe, 164133.510119, MEe, 5.471117004e+00, E, -60.000000, NP, 30000 3000
42100, t, 2.105000e-05, KEe, 164182.873095, MEe, 5.472762436e+00, E, -60.000000, NP, 30000 3000
42200, t, 2.110000e-05, KEe, 163949.338184, MEe, 5.464977939e+00, E, -60.000000, NP, 30000 3000
42300, t, 2.115000e-05, KEe, 163967.968490, MEe, 5.465598950e+00, E, -60.000000, NP, 30000 3000
42400, t, 2.120000e-05, KEe, 164260.069273, MEe, 5.475335642e+00, E, -60.000000, NP, 30000 3000
42500, t, 2.125000e-05, KEe, 164081.156504, MEe, 5.469371883e+00, E, -60.000000, NP, 30000 3000
42600, t, 2.130000e-05, KEe, 163894.245142, MEe, 5.463141505e+00, E, -60.000000, NP, 30000 3000
42700, t, 2.135000e-05, KEe, 163939.184896, MEe, 5.464639497e+00, E, -60.000000, NP, 30000 3000
42800, t, 2.140000e-05, KEe, 163998.051768, MEe, 5.466601726e+00, E, -60.000000, NP, 30000 3000
42900, t, 2.145000e-05, KEe, 164140.308408, MEe, 5.471343614e+00, E, -60.000000, NP, 30000 3000
43000, t, 2.150000e-05, KEe, 164100.840429, MEe, 5.470028014e+00, E, -60.000000, NP, 30000 3000
43100, t, 2.155000e-05, KEe, 164241.909614, MEe, 5.474730320e+00, E, -60.000000, NP, 30000 3000
43200, t, 2.160000e-05, KEe, 164273.289934, MEe, 5.475776331e+00, E, -60.000000, NP, 30000 3000
43300, t, 2.165000e-05, KEe, 164211.182481, MEe, 5.473706083e+00, E, -60.000000, NP, 30000 3000
43400, t, 2.170000e-05, KEe, 163958.381281, MEe, 5.465279376e+00, E, -60.000000, NP, 30000 3000
43500, t, 2.175000e-05, KEe, 163943.465912, MEe, 5.464782197e+00, E, -60.000000, NP, 30000 3000
43600, t, 2.180000e-05, KEe, 163975.311617, MEe, 5.465843721e+00, E, -60.000000, NP, 30000 3000
43700, t, 2.185000e-05, KEe, 163844.498113, MEe, 5.461483270e+00, E, -60.000000, NP, 30000 3000
43800, t, 2.190000e-05, KEe, 163886.713438, MEe, 5.462890448e+00, E, -60.000000, NP, 30000 3000
43900, t, 2.195000e-05, KEe, 163499.272303, MEe, 5.449975743e+00, E, -60.000000, NP, 30000 3000
44000, t, 2.200000e-05, KEe, 163476.235001, MEe, 5.449207833e+00, E, -60.000000, NP, 30000 3000
44100, t, 2.205000e-05, KEe, 163581.314190, MEe, 5.452710473e+00, E, -60.000000, NP, 30000 3000
44200, t, 2.210000e-05, KEe, 163652.570780, MEe, 5.455085693e+00, E, -60.000000, NP, 30000 3000
44300, t, 2.215000e-05, KEe, 163546.828544, MEe, 5.451560951e+00, E, -60.000000, NP, 30000 3000
44400, t, 2.220000e-05, KEe, 163604.192173, MEe, 5.453473072e+00, E, -60.000000, NP, 30000 3000
44500, t, 2.225000e-05, KEe, 163382.588607, MEe, 5.446086287e+00, E, -60.000000, NP, 30000 3000
44600, t, 2.230000e-05, KEe, 163357.775099, MEe, 5.445259170e+00, E, -60.000000, NP, 30000 3000
44700, t, 2.235000e-05, KEe, 163460.733407, MEe, 5.448691114e+00, E, -60.000000, NP, 30000 3000
44800, t, 2.240000e-05, KEe, 163555.876878, MEe, 5.451862563e+00, E, -60.000000, NP, 30000 3000
44900, t, 2.245000e-05, KEe, 163633.680182, MEe, 5.454456006e+00, E, -60.000000, NP, 30000 3000
45000, t, 2.250000e-05, KEe, 163186.364369, MEe, 5.439545479e+00, E, -60.000000, NP, 30000 3000
45100, t, 2.255000e-05, KEe, 163476.175668, MEe, 5.449205856e+00, E, -60.000000, NP, 30000 3000
45200, t, 2.260000e-05, KEe, 163617.895811, MEe, 5.453929860e+00, E, -60.000000, NP, 30000 3000
45300, t, 2.265000e-05, KEe, 164125.056748, MEe, 5.470835225e+00, E, -60.000000, NP, 30000 3000
45400, t, 2.270000e-05, KEe, 163838.467422, MEe, 5.461282247e+00, E, -60.000000, NP, 30000 3000
45500, t, 2.275000e-05, KEe, 163799.758070, MEe, 5.459991936e+00, E, -60.000000, NP, 30000 3000
45600, t, 2.280000e-05, KEe, 163727.769791, MEe, 5.457592326e+00, E, -60.000000, NP, 30000 3000
45700, t, 2.285000e-05, KEe, 163490.512470, MEe, 5.449683749e+00, E, -60.000000, NP, 30000 3000
45800, t, 2.290000e-05, KEe, 163559.504690, MEe, 5.451983490e+00, E, -60.000000, NP, 30000 3000
45900, t, 2.295000e-05, KEe, 163715.574644, MEe, 5.457185821e+00, E, -60.000000, NP, 30000 3000
46000, t, 2.300000e-05, KEe, 163796.875159, MEe, 5.459895839e+00, E, -60.000000, NP, 30000 3000
46100, t, 2.305000e-05, KEe, 164119.396930, MEe, 5.470646564e+00, E, -60.000000, NP, 30000 3000
46200, t, 2.310000e-05, KEe, 164131.021875, MEe, 5.471034062e+00, E, -60.000000, NP, 30000 3000
46300, t, 2.315000e-05, KEe, 163984.644064, MEe, 5.466154802e+00, E, -60.000000, NP, 30000 3000
46400, t, 2.320000e-05, KEe, 164139.139272, MEe, 5.471304642e+00, E, -60.000000, NP, 30000 3000
46500, t, 2.325000e-05, KEe, 164301.053740, MEe, 5.476701791e+00, E, -60.000000, NP, 30000 3000
46600, t, 2.330000e-05, KEe, 164381.496021, MEe, 5.479383201e+00, E, -60.000000, NP, 30000 3000
46700, t, 2.335000e-05, KEe, 164271.769699, MEe, 5.475725657e+00, E, -60.000000, NP, 30000 3000
46800, t, 2.340000e-05, KEe, 164040.566460, MEe, 5.468018882e+00, E, -60.000000, NP, 30000 3000
46900, t, 2.345000e-05, KEe, 164295.445217, MEe, 5.476514841e+00, E, -60.000000, NP, 30000 3000
47000, t, 2.350000e-05, KEe, 164313.925979, MEe, 5.477130866e+00, E, -60.000000, NP, 30000 3000
47100, t, 2.355000e-05, KEe, 164592.331645, MEe, 5.486411055e+00, E, -60.000000, NP, 30000 3000
47200, t, 2.360000e-05, KEe, 164566.374691, MEe, 5.485545823e+00, E, -60.000000, NP, 30000 3000
47300, t, 2.365000e-05, KEe, 164593.557664, MEe, 5.486451922e+00, E, -60.000000, NP, 30000 3000
47400, t, 2.370000e-05, KEe, 164424.332300, MEe, 5.480811077e+00, E, -60.000000, NP, 30000 3000
47500, t, 2.375000e-05, KEe, 164657.664725, MEe, 5.488588824e+00, E, -60.000000, NP, 30000 3000
47600, t, 2.380000e-05, KEe, 164547.168039, MEe, 5.484905601e+00, E, -60.000000, NP, 30000 3000
47700, t, 2.385000e-05, KEe, 164475.749016, MEe, 5.482524967e+00, E, -60.000000, NP, 30000 3000
47800, t, 2.390000e-05, KEe, 164590.024737, MEe, 5.486334158e+00, E, -60.000000, NP, 30000 3000
47900, t, 2.395000e-05, KEe, 164415.332726, MEe, 5.480511091e+00, E, -60.000000, NP, 30000 3000
48000, t, 2.400000e-05, KEe, 164542.413334, MEe, 5.484747111e+00, E, -60.000000, NP, 30000 3000
48100, t, 2.405000e-05, KEe, 164557.204164, MEe, 5.485240139e+00, E, -60.000000, NP, 30000 3000
48200, t, 2.410000e-05, KEe, 164180.781052, MEe, 5.472692702e+00, E, -60.000000, NP, 30000 3000
48300, t, 2.415000e-05, KEe, 164179.382427, MEe, 5.472646081e+00, E, -60.000000, NP, 30000 3000
48400, t, 2.420000e-05, KEe, 164405.393013, MEe, 5.480179767e+00, E, -60.000000, NP, 30000 3000
48500, t, 2.425000e-05, KEe, 164586.510723, MEe, 5.486217024e+00, E, -60.000000, NP, 30000 3000
48600, t, 2.430000e-05, KEe, 164723.606094, MEe, 5.490786870e+00, E, -60.000000, NP, 30000 3000
48700, t, 2.435000e-05, KEe, 165097.544535, MEe, 5.503251485e+00, E, -60.000000, NP, 30000 3000
48800, t, 2.440000e-05, KEe, 165095.826696, MEe, 5.503194223e+00, E, -60.000000, NP, 30000 3000
48900, t, 2.445000e-05, KEe, 164967.930182, MEe, 5.498931006e+00, E, -60.000000, NP, 30000 3000
49000, t, 2.450000e-05, KEe, 165257.972180, MEe, 5.508599073e+00, E, -60.000000, NP, 30000 3000
49100, t, 2.455000e-05, KEe, 165071.178365, MEe, 5.502372612e+00, E, -60.000000, NP, 30000 3000
49200, t, 2.460000e-05, KEe, 164857.047990, MEe, 5.495234933e+00, E, -60.000000, NP, 30000 3000
49300, t, 2.465000e-05, KEe, 164914.338248, MEe, 5.497144608e+00, E, -60.000000, NP, 30000 3000
49400, t, 2.470000e-05, KEe, 165079.882653, MEe, 5.502662755e+00, E, -60.000000, NP, 30000 3000
49500, t, 2.475000e-05, KEe, 164643.034594, MEe, 5.488101153e+00, E, -60.000000, NP, 30000 3000
49600, t, 2.480000e-05, KEe, 164321.302425, MEe, 5.477376748e+00, E, -60.000000, NP, 30000 3000
49700, t, 2.485000e-05, KEe, 164292.783869, MEe, 5.476426129e+00, E, -60.000000, NP, 30000 3000
49800, t, 2.490000e-05, KEe, 164477.418891, MEe, 5.482580630e+00, E, -60.000000, NP, 30000 3000
49900, t, 2.495000e-05, KEe, 164225.483739, MEe, 5.474182791e+00, E, -60.000000, NP, 30000 3000
50000, t, 2.500000e-05, KEe, 164257.789381, MEe, 5.475259646e+00, E, -60.000000, NP, 30000 3000
50100, t, 2.505000e-05, KEe, 164518.420392, MEe, 5.483947346e+00, E, -60.000000, NP, 30000 3000
50200, t, 2.510000e-05, KEe, 164836.455333, MEe, 5.494548511e+00, E, -60.000000, NP, 30000 3000
50300, t, 2.515000e-05, KEe, 164496.927592, MEe, 5.483230920e+00, E, -60.000000, NP, 30000 3000
50400, t, 2.520000e-05, KEe, 164552.816347, MEe, 5.485093878e+00, E, -60.000000, NP, 30000 3000
50500, t, 2.525000e-05, KEe, 164795.497456, MEe, 5.493183249e+00, E, -60.000000, NP, 30000 3000
50600, t, 2.530000e-05, KEe, 164850.490549, MEe, 5.495016352e+00, E, -60.000000, NP, 30000 3000
50700, t, 2.535000e-05, KEe, 164915.988838, MEe, 5.497199628e+00, E, -60.000000, NP, 30000 3000
50800, t, 2.540000e-05, KEe, 164849.433744, MEe, 5.494981125e+00, E, -60.000000, NP, 30000 3000
50900, t, 2.545000e-05, KEe, 165049.605502, MEe, 5.501653517e+00, E, -60.000000, NP, 30000 3000
51000, t, 2.550000e-05, KEe, 165038.943795, MEe, 5.501298126e+00, E, -60.000000, NP, 30000 3000
51100, t, 2.555000e-05, KEe, 164714.622535, MEe, 5.490487418e+00, E, -60.000000, NP, 30000 3000
51200, t, 2.560000e-05, KEe, 164473.539736, MEe, 5.482451325e+00, E, -60.000000, NP, 30000 3000
51300, t, 2.565000e-05, KEe, 164521.168860, MEe, 5.484038962e+00, E, -60.000000, NP, 30000 3000
51400, t, 2.570000e-05, KEe, 164546.090056, MEe, 5.484869669e+00, E, -60.000000, NP, 30000 3000
51500, t, 2.575000e-05, KEe, 164703.506246, MEe, 5.490116875e+00, E, -60.000000, NP, 30000 3000
51600, t, 2.580000e-05, KEe, 164828.506160, MEe, 5.494283539e+00, E, -60.000000, NP, 30000 3000
51700, t, 2.585000e-05, KEe, 164610.682698, MEe, 5.487022757e+00, E, -60.000000, NP, 30000 3000
51800, t, 2.590000e-05, KEe, 164738.716089, MEe, 5.491290536e+00, E, -60.000000, NP, 30000 3000
51900, t, 2.595000e-05, KEe, 164216.289257, MEe, 5.473876309e+00, E, -60.000000, NP, 30000 3000
52000, t, 2.600000e-05, KEe, 163947.537071, MEe, 5.464917902e+00, E, -60.000000, NP, 30000 3000
52100, t, 2.605000e-05, KEe, 163611.511719, MEe, 5.453717057e+00, E, -60.000000, NP, 30000 3000
52200, t, 2.610000e-05, KEe, 163888.940081, MEe, 5.462964669e+00, E, -60.000000, NP, 30000 3000
52300, t, 2.615000e-05, KEe, 164071.572179, MEe, 5.469052406e+00, E, -60.000000, NP, 30000 3000
52400, t, 2.620000e-05, KEe, 164241.073146, MEe, 5.474702438e+00, E, -60.000000, NP, 30000 3000
52500, t, 2.625000e-05, KEe, 164237.057315, MEe, 5.474568577e+00, E, -60.000000, NP, 30000 3000
52600, t, 2.630000e-05, KEe, 164323.401631, MEe, 5.477446721e+00, E, -60.000000, NP, 30000 3000
52700, t, 2.635000e-05, KEe, 164267.603345, MEe, 5.475586778e+00, E, -60.000000, NP, 30000 3000
52800, t, 2.640000e-05, KEe, 164394.719060, MEe, 5.479823969e+00, E, -60.000000, NP, 30000 3000
52900, t, 2.645000e-05, KEe, 164547.803093, MEe, 5.484926770e+00, E, -60.000000, NP, 30000 3000
53000, t, 2.650000e-05, KEe, 164410.237477, MEe, 5.480341249e+00, E, -60.000000, NP, 30000 3000
53100, t, 2.655000e-05, KEe, 164313.862489, MEe, 5.477128750e+00, E, -60.000000, NP, 30000 3000
53200, t, 2.660000e-05, KEe, 164589.842694, MEe, 5.486328090e+00, E, -60.000000, NP, 30000 3000
53300, t, 2.665000e-05, KEe, 164331.961168, MEe, 5.477732039e+00, E, -60.000000, NP, 30000 3000
53400, t, 2.670000e-05, KEe, 164719.875269, MEe, 5.490662509e+00, E, -60.000000, NP, 30000 3000
53500, t, 2.675000e-05, KEe, 164862.683098, MEe, 5.495422770e+00, E, -60.000000, NP, 30000 3000
53600, t, 2.680000e-05, KEe, 164554.231539, MEe, 5.485141051e+00, E, -60.000000, NP, 30000 3000
53700, t, 2.685000e-05, KEe, 164482.468225, MEe, 5.482748941e+00, E, -60.000000, NP, 30000 3000
53800, t, 2.690000e-05, KEe, 164477.182251, MEe, 5.482572742e+00, E, -60.000000, NP, 30000 3000
53900, t, 2.695000e-05, KEe, 164149.158126, MEe, 5.471638604e+00, E, -60.000000, NP, 30000 3000
54000, t, 2.700000e-05, KEe, 164409.049503, MEe, 5.480301650e+00, E, -60.000000, NP, 30000 3000
54100, t, 2.705000e-05, KEe, 164594.805484, MEe, 5.486493516e+00, E, -60.000000, NP, 30000 3000
54200, t, 2.710000e-05, KEe, 164646.273806, MEe, 5.488209127e+00, E, -60.000000, NP, 30000 3000
54300, t, 2.715000e-05, KEe, 164806.952355, MEe, 5.493565079e+00, E, -60.000000, NP, 30000 3000
54400, t, 2.720000e-05, KEe, 164831.324484, MEe, 5.494377483e+00, E, -60.000000, NP, 30000 3000
54500, t, 2.725000e-05, KEe, 164585.913892, MEe, 5.486197130e+00, E, -60.000000, NP, 30000 3000
54600, t, 2.730000e-05, KEe, 164630.696053, MEe, 5.487689868e+00, E, -60.000000, NP, 30000 3000
54700, t, 2.735000e-05, KEe, 164755.853382, MEe, 5.491861779e+00, E, -60.000000, NP, 30000 3000
54800, t, 2.740000e-05, KEe, 164647.049362, MEe, 5.488234979e+00, E, -60.000000, NP, 30000 3000
54900, t, 2.745000e-05, KEe, 164589.246493, MEe, 5.486308216e+00, E, -60.000000, NP, 30000 3000
55000, t, 2.750000e-05, KEe, 164286.306662, MEe, 5.476210222e+00, E, -60.000000, NP, 30000 3000
55100, t, 2.755000e-05, KEe, 164298.725144, MEe, 5.476624171e+00, E, -60.000000, NP, 30000 3000
55200, t, 2.760000e-05, KEe, 164659.920930, MEe, 5.488664031e+00, E, -60.000000, NP, 30000 3000
55300, t, 2.765000e-05, KEe, 164608.745991, MEe, 5.486958200e+00, E, -60.000000, NP, 30000 3000
55400, t, 2.770000e-05, KEe, 164553.229272, MEe, 5.485107642e+00, E, -60.000000, NP, 30000 3000
55500, t, 2.775000e-05, KEe, 164466.313602, MEe, 5.482210453e+00, E, -60.000000, NP, 30000 3000
55600, t, 2.780000e-05, KEe, 164340.736051, MEe, 5.478024535e+00, E, -60.000000, NP, 30000 3000
55700, t, 2.785000e-05, KEe, 164619.646049, MEe, 5.487321535e+00, E, -60.000000, NP, 30000 3000
55800, t, 2.790000e-05, KEe, 164659.736849, MEe, 5.488657895e+00, E, -60.000000, NP, 30000 3000
55900, t, 2.795000e-05, KEe, 164366.236155, MEe, 5.478874538e+00, E, -60.000000, NP, 30000 3000
56000, t, 2.800000e-05, KEe, 164381.149033, MEe, 5.479371634e+00, E, -60.000000, NP, 30000 3000
56100, t, 2.805000e-05, KEe, 164316.359291, MEe, 5.477211976e+00, E, -60.000000, NP, 30000 3000
56200, t, 2.810000e-05, KEe, 164263.170971, MEe, 5.475439032e+00, E, -60.000000, NP, 30000 3000
56300, t, 2.815000e-05, KEe, 164258.361944, MEe, 5.475278731e+00, E, -60.000000, NP, 30000 3000
56400, t, 2.820000e-05, KEe, 164676.364798, MEe, 5.489212160e+00, E, -60.000000, NP, 30000 3000
56500, t, 2.825000e-05, KEe, 164513.846889, MEe, 5.483794896e+00, E, -60.000000, NP, 30000 3000
56600, t, 2.830000e-05, KEe, 164431.744599, MEe, 5.481058153e+00, E, -60.000000, NP, 30000 3000
56700, t, 2.835000e-05, KEe, 164596.732411, MEe, 5.486557747e+00, E, -60.000000, NP, 30000 3000
56800, t, 2.840000e-05, KEe, 164664.686024, MEe, 5.488822867e+00, E, -60.000000, NP, 30000 3000
56900, t, 2.845000e-05, KEe, 164562.241300, MEe, 5.485408043e+00, E, -60.000000, NP, 30000 3000
57000, t, 2.850000e-05, KEe, 164179.599336, MEe, 5.472653311e+00, E, -60.000000, NP, 30000 3000
57100, t, 2.855000e-05, KEe, 164147.214112, MEe, 5.471573804e+00, E, -60.000000, NP, 30000 3000
57200, t, 2.860000e-05, KEe, 163929.883242, MEe, 5.464329441e+00, E, -60.000000, NP, 30000 3000
57300, t, 2.865000e-05, KEe, 163787.020957, MEe, 5.459567365e+00, E, -60.000000, NP, 30000 3000
57400, t, 2.870000e-05, KEe, 163720.428831, MEe, 5.457347628e+00, E, -60.000000, NP, 30000 3000
57500, t, 2.875000e-05, KEe, 163788.034154, MEe, 5.459601138e+00, E, -60.000000, NP, 30000 3000
57600, t, 2.880000e-05, KEe, 163655.314023, MEe, 5.455177134e+00, E, -60.000000, NP, 30000 3000
57700, t, 2.885000e-05, KEe, 163839.753814, MEe, 5.461325127e+00, E, -60.000000, NP, 30000 3000
57800, t, 2.890000e-05, KEe, 164138.561625, MEe, 5.471285388e+00, E, -60.000000, NP, 30000 3000
57900, t, 2.895000e-05, KEe, 164244.218938, MEe, 5.474807298e+00, E, -60.000000, NP, 30000 3000
58000, t, 2.900000e-05, KEe, 164105.787239, MEe, 5.470192908e+00, E, -60.000000, NP, 30000 3000
58100, t, 2.905000e-05, KEe, 164250.817465, MEe, 5.475027249e+00, E, -60.000000, NP, 30000 3000
58200, t, 2.910000e-05, KEe, 164346.473276, MEe, 5.478215776e+00, E, -60.000000, NP, 30000 3000
58300, t, 2.915000e-05, KEe, 164507.995634, MEe, 5.483599854e+00, E, -60.000000, NP, 30000 3000
58400, t, 2.920000e-05, KEe, 164622.238323, MEe, 5.487407944e+00, E, -60.000000, NP, 30000 3000
58500, t, 2.925000e-05, KEe, 164460.281635, MEe, 5.482009388e+00, E, -60.000000, NP, 30000 3000
58600, t, 2.930000e-05, KEe, 164287.434118, MEe, 5.476247804e+00, E, -60.000000, NP, 30000 3000
58700, t, 2.935000e-05, KEe, 164292.917565, MEe, 5.476430586e+00, E, -60.000000, NP, 30000 3000
58800, t, 2.940000e-05, KEe, 163790.091641, MEe, 5.459669721e+00, E, -60.000000, NP, 30000 3000
58900, t, 2.945000e-05, KEe, 163493.428883, MEe, 5.449780963e+00, E, -60.000000, NP, 30000 3000
59000, t, 2.950000e-05, KEe, 163573.423637, MEe, 5.452447455e+00, E, -60.000000, NP, 30000 3000
59100, t, 2.955000e-05, KEe, 163896.945401, MEe, 5.463231513e+00, E, -60.000000, NP, 30000 3000
59200, t, 2.960000e-05, KEe, 163951.260752, MEe, 5.465042025e+00, E, -60.000000, NP, 30000 3000
59300, t, 2.965000e-05, KEe, 164020.525471, MEe, 5.467350849e+00, E, -60.000000, NP, 30000 3000
59400, t, 2.970000e-05, KEe, 163949.648510, MEe, 5.464988284e+00, E, -60.000000, NP, 30000 3000
59500, t, 2.975000e-05, KEe, 163806.016960, MEe, 5.460200565e+00, E, -60.000000, NP, 30000 3000
59600, t, 2.980000e-05, KEe, 163650.811806, MEe, 5.455027060e+00, E, -60.000000, NP, 30000 3000
59700, t, 2.985000e-05, KEe, 163707.297323, MEe, 5.456909911e+00, E, -60.000000, NP, 30000 3000
59800, t, 2.990000e-05, KEe, 163816.555606, MEe, 5.460551854e+00, E, -60.000000, NP, 30000 3000
59900, t, 2.995000e-05, KEe, 163806.228873, MEe, 5.460207629e+00, E, -60.000000, NP, 30000 3000
60000, t, 3.000000e-05, KEe, 164074.703374, MEe, 5.469156779e+00, E, -60.000000, NP, 30000 3000
60100, t, 3.005000e-05, KEe, 164157.632782, MEe, 5.471921093e+00, E, -60.000000, NP, 30000 3000
60200, t, 3.010000e-05, KEe, 164395.641971, MEe, 5.479854732e+00, E, -60.000000, NP, 30000 3000
60300, t, 3.015000e-05, KEe, 164506.160917, MEe, 5.483538697e+00, E, -60.000000, NP, 30000 3000
60400, t, 3.020000e-05, KEe, 164519.266807, MEe, 5.483975560e+00, E, -60.000000, NP, 30000 3000
60500, t, 3.025000e-05, KEe, 164413.548536, MEe, 5.480451618e+00, E, -60.000000, NP, 30000 3000
60600, t, 3.030000e-05, KEe, 164601.766336, MEe, 5.486725545e+00, E, -60.000000, NP, 30000 3000
60700, t, 3.035000e-05, KEe, 164673.576328, MEe, 5.489119211e+00, E, -60.000000, NP, 30000 3000
60800, t, 3.040000e-05, KEe, 164625.920153, MEe, 5.487530672e+00, E, -60.000000, NP, 30000 3000
60900, t, 3.045000e-05, KEe, 164779.766626, MEe, 5.492658888e+00, E, -60.000000, NP, 30000 3000
61000, t, 3.050000e-05, KEe, 164638.830136, MEe, 5.487961005e+00, E, -60.000000, NP, 30000 3000
61100, t, 3.055000e-05, KEe, 164549.368458, MEe, 5.484978949e+00, E, -60.000000, NP, 30000 3000
61200, t, 3.060000e-05, KEe, 163993.448121, MEe, 5.466448271e+00, E, -60.000000, NP, 30000 3000
61300, t, 3.065000e-05, KEe, 164143.419469, MEe, 5.471447316e+00, E, -60.000000, NP, 30000 3000
61400, t, 3.070000e-05, KEe, 164082.624660, MEe, 5.469420822e+00, E, -60.000000, NP, 30000 3000
61500, t, 3.075000e-05, KEe, 164215.967167, MEe, 5.473865572e+00, E, -60.000000, NP, 30000 3000
61600, t, 3.080000e-05, KEe, 164315.283989, MEe, 5.477176133e+00, E, -60.000000, NP, 30000 3000
61700, t, 3.085000e-05, KEe, 163987.170532, MEe, 5.466239018e+00, E, -60.000000, NP, 30000 3000
61800, t, 3.090000e-05, KEe, 163965.503680, MEe, 5.465516789e+00, E, -60.000000, NP, 30000 3000
61900, t, 3.095000e-05, KEe, 163642.335679, MEe, 5.454744523e+00, E, -60.000000, NP, 30000 3000
62000, t, 3.100000e-05, KEe, 163626.543816, MEe, 5.454218127e+00, E, -60.000000, NP, 30000 3000
62100, t, 3.105000e-05, KEe, 163790.440912, MEe, 5.459681364e+00, E, -60.000000, NP, 30000 3000
62200, t, 3.110000e-05, KEe, 163797.217602, MEe, 5.459907253e+00, E, -60.000000, NP, 30000 3000
62300, t, 3.115000e-05, KEe, 163835.058517, MEe, 5.461168617e+00, E, -60.000000, NP, 30000 3000
62400, t, 3.120000e-05, KEe, 163963.893019, MEe, 5.465463101e+00, E, -60.000000, NP, 30000 3000
62500, t, 3.125000e-05, KEe, 163610.464085, MEe, 5.453682136e+00, E, -60.000000, NP, 30000 3000
62600, t, 3.130000e-05, KEe, 163365.081842, MEe, 5.445502728e+00, E, -60.000000, NP, 30000 3000
62700, t, 3.135000e-05, KEe, 163307.970443, MEe, 5.443599015e+00, E, -60.000000, NP, 30000 3000
62800, t, 3.140000e-05, KEe, 163312.463217, MEe, 5.443748774e+00, E, -60.000000, NP, 30000 3000
62900, t, 3.145000e-05, KEe, 163181.936117, MEe, 5.439397871e+00, E, -60.000000, NP, 30000 3000
63000, t, 3.150000e-05, KEe, 163085.252070, MEe, 5.436175069e+00, E, -60.000000, NP, 30000 3000
63100, t, 3.155000e-05, KEe, 163181.314182, MEe, 5.439377139e+00, E, -60.000000, NP, 30000 3000
63200, t, 3.160000e-05, KEe, 162914.402753, MEe, 5.430480092e+00, E, -60.000000, NP, 30000 3000
63300, t, 3.165000e-05, KEe, 163095.838731, MEe, 5.436527958e+00, E, -60.000000, NP, 30000 3000
63400, t, 3.170000e-05, KEe, 163256.017909, MEe, 5.441867264e+00, E, -60.000000, NP, 30000 3000
63500, t, 3.175000e-05, KEe, 163295.838250, MEe, 5.443194608e+00, E, -60.000000, NP, 30000 3000
63600, t, 3.180000e-05, KEe, 163429.986694, MEe, 5.447666223e+00, E, -60.000000, NP, 30000 3000
63700, t, 3.185000e-05, KEe, 163406.434116, MEe, 5.446881137e+00, E, -60.000000, NP, 30000 3000
63800, t, 3.190000e-05, KEe, 163616.326227, MEe, 5.453877541e+00, E, -60.000000, NP, 30000 3000
63900, t, 3.195000e-05, KEe, 163639.351871, MEe, 5.454645062e+00, E, -60.000000, NP, 30000 3000
64000, t, 3.200000e-05, KEe, 163517.957018, MEe, 5.450598567e+00, E, -60.000000, NP, 30000 3000
64100, t, 3.205000e-05, KEe, 163405.789445, MEe, 5.446859648e+00, E, -60.000000, NP, 30000 3000
64200, t, 3.210000e-05, KEe, 163406.616029, MEe, 5.446887201e+00, E, -60.000000, NP, 30000 3000
64300, t, 3.215000e-05, KEe, 163258.055430, MEe, 5.441935181e+00, E, -60.000000, NP, 30000 3000
64400, t, 3.220000e-05, KEe, 163399.709326, MEe, 5.446656978e+00, E, -60.000000, NP, 30000 3000
64500, t, 3.225000e-05, KEe, 163267.827121, MEe, 5.442260904e+00, E, -60.000000, NP, 30000 3000
64600, t, 3.230000e-05, KEe, 163561.975472, MEe, 5.452065849e+00, E, -60.000000, NP, 30000 3000
64700, t, 3.235000e-05, KEe, 163978.142493, MEe, 5.465938083e+00, E, -60.000000, NP, 30000 3000
64800, t, 3.240000e-05, KEe, 164031.274282, MEe, 5.467709143e+00, E, -60.000000, NP, 30000 3000
64900, t, 3.245000e-05, KEe, 163766.660561, MEe, 5.458888685e+00, E, -60.000000, NP, 30000 3000
65000, t, 3.250000e-05, KEe, 163826.533703, MEe, 5.460884457e+00, E, -60.000000, NP, 30000 3000
65100, t, 3.255000e-05, KEe, 163633.882424, MEe, 5.454462747e+00, E, -60.000000, NP, 30000 3000
65200, t, 3.260000e-05, KEe, 163432.058057, MEe, 5.447735269e+00, E, -60.000000, NP, 30000 3000
65300, t, 3.265000e-05, KEe, 163414.753084, MEe, 5.447158436e+00, E, -60.000000, NP, 30000 3000
65400, t, 3.270000e-05, KEe, 163650.631537, MEe, 5.455021051e+00, E, -60.000000, NP, 30000 3000
65500, t, 3.275000e-05, KEe, 163510.944714, MEe, 5.450364824e+00, E, -60.000000, NP, 30000 3000
65600, t, 3.280000e-05, KEe, 163302.363342, MEe, 5.443412111e+00, E, -60.000000, NP, 30000 3000
65700, t, 3.285000e-05, KEe, 163659.329568, MEe, 5.455310986e+00, E, -60.000000, NP, 30000 3000
65800, t, 3.290000e-05, KEe, 163355.334964, MEe, 5.445177832e+00, E, -60.000000, NP, 30000 3000
65900, t, 3.295000e-05, KEe, 163593.148675, MEe, 5.453104956e+00, E, -60.000000, NP, 30000 3000
66000, t, 3.300000e-05, KEe, 163655.818621, MEe, 5.455193954e+00, E, -60.000000, NP, 30000 3000
66100, t, 3.305000e-05, KEe, 164024.496677, MEe, 5.467483223e+00, E, -60.000000, NP, 30000 3000
66200, t, 3.310000e-05, KEe, 164416.722934, MEe, 5.480557431e+00, E, -60.000000, NP, 30000 3000
66300, t, 3.315000e-05, KEe, 164088.818867, MEe, 5.469627296e+00, E, -60.000000, NP, 30000 3000
66400, t, 3.320000e-05, KEe, 164133.635921, MEe, 5.471121197e+00, E, -60.000000, NP, 30000 3000
66500, t, 3.325000e-05, KEe, 164212.131507, MEe, 5.473737717e+00, E, -60.000000, NP, 30000 3000
66600, t, 3.330000e-05, KEe, 164427.246190, MEe, 5.480908206e+00, E, -60.000000, NP, 30000 3000
66700, t, 3.335000e-05, KEe, 164449.353385, MEe, 5.481645113e+00, E, -60.000000, NP, 30000 3000
66800, t, 3.340000e-05, KEe, 164274.796878, MEe, 5.475826563e+00, E, -60.000000, NP, 30000 3000
66900, t, 3.345000e-05, KEe, 164163.181057, MEe, 5.472106035e+00, E, -60.000000, NP, 30000 3000
67000, t, 3.350000e-05, KEe, 163937.140181, MEe, 5.464571339e+00, E, -60.000000, NP, 30000 3000
67100, t, 3.355000e-05, KEe, 164473.887369, MEe, 5.482462912e+00, E, -60.000000, NP, 30000 3000
67200, t, 3.360000e-05, KEe, 164675.843066, MEe, 5.489194769e+00, E, -60.000000, NP, 30000 3000
67300, t, 3.365000e-05, KEe, 164401.626623, MEe, 5.480054221e+00, E, -60.000000, NP, 30000 3000
67400, t, 3.370000e-05, KEe, 164328.087648, MEe, 5.477602922e+00, E, -60.000000, NP, 30000 3000
67500, t, 3.375000e-05, KEe, 164282.457178, MEe, 5.476081906e+00, E, -60.000000, NP, 30000 3000
67600, t, 3.380000e-05, KEe, 164394.444527, MEe, 5.479814818e+00, E, -60.000000, NP, 30000 3000
67700, t, 3.385000e-05, KEe, 164097.118918, MEe, 5.469903964e+00, E, -60.000000, NP, 30000 3000
67800, t, 3.390000e-05, KEe, 164076.814478, MEe, 5.469227149e+00, E, -60.000000, NP, 30000 3000
67900, t, 3.395000e-05, KEe, 164044.839559, MEe, 5.468161319e+00, E, -60.000000, NP, 30000 3000
68000, t, 3.400000e-05, KEe, 164248.654225, MEe, 5.474955141e+00, E, -60.000000, NP, 30000 3000
68100, t, 3.405000e-05, KEe, 164199.069175, MEe, 5.473302306e+00, E, -60.000000, NP, 30000 3000
68200, t, 3.410000e-05, KEe, 163957.577608, MEe, 5.465252587e+00, E, -60.000000, NP, 30000 3000
68300, t, 3.415000e-05, KEe, 163663.181223, MEe, 5.455439374e+00, E, -60.000000, NP, 30000 3000
68400, t, 3.420000e-05, KEe, 164005.199706, MEe, 5.466839990e+00, E, -60.000000, NP, 30000 3000
68500, t, 3.425000e-05, KEe, 164345.452051, MEe, 5.478181735e+00, E, -60.000000, NP, 30000 3000
68600, t, 3.430000e-05, KEe, 164119.979816, MEe, 5.470665994e+00, E, -60.000000, NP, 30000 3000
68700, t, 3.435000e-05, KEe, 164174.696488, MEe, 5.472489883e+00, E, -60.000000, NP, 30000 3000
68800, t, 3.440000e-05, KEe, 164228.487607, MEe, 5.474282920e+00, E, -60.000000, NP, 30000 3000
68900, t, 3.445000e-05, KEe, 164072.865446, MEe, 5.469095515e+00, E, -60.000000, NP, 30000 3000
69000, t, 3.450000e-05, KEe, 163693.558811, MEe, 5.456451960e+00, E, -60.000000, NP, 30000 3000
69100, t, 3.455000e-05, KEe, 163752.722763, MEe, 5.458424092e+00, E, -60.000000, NP, 30000 3000
69200, t, 3.460000e-05, KEe, 163653.106758, MEe, 5.455103559e+00, E, -60.000000, NP, 30000 3000
69300, t, 3.465000e-05, KEe, 163505.934662, MEe, 5.450197822e+00, E, -60.000000, NP, 30000 3000
69400, t, 3.470000e-05, KEe, 163714.014845, MEe, 5.457133828e+00, E, -60.000000, NP, 30000 3000
69500, t, 3.475000e-05, KEe, 163903.763645, MEe, 5.463458788e+00, E, -60.000000, NP, 30000 3000
69600, t, 3.480000e-05, KEe, 163695.025514, MEe, 5.456500850e+00, E, -60.000000, NP, 30000 3000
69700, t, 3.485000e-05, KEe, 163930.874333, MEe, 5.464362478e+00, E, -60.000000, NP, 30000 3000
69800, t, 3.490000e-05, KEe, 164341.513933, MEe, 5.478050464e+00, E, -60.000000, NP, 30000 3000
69900, t, 3.495000e-05, KEe, 164444.724798, MEe, 5.481490827e+00, E, -60.000000, NP, 30000 3000
70000, t, 3.500000e-05, KEe, 164434.027944, MEe, 5.481134265e+00, E, -60.000000, NP, 30000 3000
70100, t, 3.505000e-05, KEe, 164184.876147, MEe, 5.472829205e+00, E, -60.000000, NP, 30000 3000
70200, t, 3.510000e-05, KEe, 163992.771686, MEe, 5.466425723e+00, E, -60.000000, NP, 30000 3000
70300, t, 3.515000e-05, KEe, 163885.638867, MEe, 5.462854629e+00, E, -60.000000, NP, 30000 3000
70400, t, 3.520000e-05, KEe, 163855.916384, MEe, 5.461863879e+00, E, -60.000000, NP, 30000 3000
70500, t, 3.525000e-05, KEe, 163792.055537, MEe, 5.459735185e+00, E, -60.000000, NP, 30000 3000
70600, t, 3.530000e-05, KEe, 163709.843744, MEe, 5.456994791e+00, E, -60.000000, NP, 30000 3000
70700, t, 3.535000e-05, KEe, 163939.208740, MEe, 5.464640291e+00, E, -60.000000, NP, 30000 3000
70800, t, 3.540000e-05, KEe, 163814.224191, MEe, 5.460474140e+00, E, -60.000000, NP, 30000 3000
70900, t, 3.545000e-05, KEe, 163985.576344, MEe, 5.466185878e+00, E, -60.000000, NP, 30000 3000
71000, t, 3.550000e-05, KEe, 163669.699210, MEe, 5.455656640e+00, E, -60.000000, NP, 30000 3000
71100, t, 3.555000e-05, KEe, 163765.761683, MEe, 5.458858723e+00, E, -60.000000, NP, 30000 3000
71200, t, 3.560000e-05, KEe, 163638.888726, MEe, 5.454629624e+00, E, -60.000000, NP, 30000 3000
71300, t, 3.565000e-05, KEe, 163408.131036, MEe, 5.446937701e+00, E, -60.000000, NP, 30000 3000
71400, t, 3.570000e-05, KEe, 163594.257908, MEe, 5.453141930e+00, E, -60.000000, NP, 30000 3000
71500, t, 3.575000e-05, KEe, 163855.697813, MEe, 5.461856594e+00, E, -60.000000, NP, 30000 3000
71600, t, 3.580000e-05, KEe, 163588.265933, MEe, 5.452942198e+00, E, -60.000000, NP, 30000 3000
71700, t, 3.585000e-05, KEe, 163659.998173, MEe, 5.455333272e+00, E, -60.000000, NP, 30000 3000
71800, t, 3.590000e-05, KEe, 163621.898008, MEe, 5.454063267e+00, E, -60.000000, NP, 30000 3000
71900, t, 3.595000e-05, KEe, 163397.147289, MEe, 5.446571576e+00, E, -60.000000, NP, 30000 3000
72000, t, 3.600000e-05, KEe, 163333.934193, MEe, 5.444464473e+00, E, -60.000000, NP, 30000 3000
72100, t, 3.605000e-05, KEe, 163228.586645, MEe, 5.440952888e+00, E, -60.000000, NP, 30000 3000
72200, t, 3.610000e-05, KEe, 163239.518719, MEe, 5.441317291e+00, E, -60.000000, NP, 30000 3000
72300, t, 3.615000e-05, KEe, 163267.365653, MEe, 5.442245522e+00, E, -60.000000, NP, 30000 3000
72400, t, 3.620000e-05, KEe, 163186.450518, MEe, 5.439548351e+00, E, -60.000000, NP, 30000 3000
72500, t, 3.625000e-05, KEe, 163742.069201, MEe, 5.458068973e+00, E, -60.000000, NP, 30000 3000
72600, t, 3.630000e-05, KEe, 164135.453738, MEe, 5.471181791e+00, E, -60.000000, NP, 30000 3000
72700, t, 3.635000e-05, KEe, 164091.531892, MEe, 5.469717730e+00, E, -60.000000, NP, 30000 3000
72800, t, 3.640000e-05, KEe, 164144.336778, MEe, 5.471477893e+00, E, -60.000000, NP, 30000 3000
72900, t, 3.645000e-05, KEe, 163923.507585, MEe, 5.464116920e+00, E, -60.000000, NP, 30000 3000
73000, t, 3.650000e-05, KEe, 163653.781177, MEe, 5.455126039e+00, E, -60.000000, NP, 30000 3000
73100, t, 3.655000e-05, KEe, 163710.239221, MEe, 5.457007974e+00, E, -60.000000, NP, 30000 3000
73200, t, 3.660000e-05, KEe, 163248.148715, MEe, 5.441604957e+00, E, -60.000000, NP, 30000 3000
73300, t, 3.665000e-05, KEe, 163170.649703, MEe, 5.439021657e+00, E, -60.000000, NP, 30000 3000
73400, t, 3.670000e-05, KEe, 163257.985569, MEe, 5.441932852e+00, E, -60.000000, NP, 30000 3000
73500, t, 3.675000e-05, KEe, 163272.253305, MEe, 5.442408444e+00, E, -60.000000, NP, 30000 3000
73600, t, 3.680000e-05, KEe, 163342.327179, MEe, 5.444744239e+00, E, -60.000000, NP, 30000 3000
73700, t, 3.685000e-05, KEe, 163395.270637, MEe, 5.446509021e+00, E, -60.000000, NP, 30000 3000
73800, t, 3.690000e-05, KEe, 163304.215326, MEe, 5.443473844e+00, E, -60.000000, NP, 30000 3000
73900, t, 3.695000e-05, KEe, 163257.958582, MEe, 5.441931953e+00, E, -60.000000, NP, 30000 3000
74000, t, 3.700000e-05, KEe, 163138.503133, MEe, 5.437950104e+00, E, -60.000000, NP, 30000 3000
74100, t, 3.705000e-05, KEe, 163355.100807, MEe, 5.445170027e+00, E, -60.000000, NP, 30000 3000
74200, t, 3.710000e-05, KEe, 163502.720016, MEe, 5.450090667e+00, E, -60.000000, NP, 30000 3000
74300, t, 3.715000e-05, KEe, 163650.059348, MEe, 5.455001978e+00, E, -60.000000, NP, 30000 3000
74400, t, 3.720000e-05, KEe, 163820.177802, MEe, 5.460672593e+00, E, -60.000000, NP, 30000 3000
74500, t, 3.725000e-05, KEe, 163384.894641, MEe, 5.446163155e+00, E, -60.000000, NP, 30000 3000
74600, t, 3.730000e-05, KEe, 163232.349602, MEe, 5.441078320e+00, E, -60.000000, NP, 30000 3000
74700, t, 3.735000e-05, KEe, 163218.792172, MEe, 5.440626406e+00, E, -60.000000, NP, 30000 3000
74800, t, 3.740000e-05, KEe, 163333.000363, MEe, 5.444433345e+00, E, -60.000000, NP, 30000 3000
74900, t, 3.745000e-05, KEe, 163463.014115, MEe, 5.448767137e+00, E, -60.000000, NP, 30000 3000
75000, t, 3.750000e-05, KEe, 163355.329440, MEe, 5.445177648e+00, E, -60.000000, NP, 30000 3000
75100, t, 3.755000e-05, KEe, 163366.661490, MEe, 5.445555383e+00, E, -60.000000, NP, 30000 3000
75200, t, 3.760000e-05, KEe, 163467.123624, MEe, 5.448904121e+00, E, -60.000000, NP, 30000 3000
75300, t, 3.765000e-05, KEe, 163597.393535, MEe, 5.453246451e+00, E, -60.000000, NP, 30000 3000
75400, t, 3.770000e-05, KEe, 163736.179370, MEe, 5.457872646e+00, E, -60.000000, NP, 30000 3000
75500, t, 3.775000e-05, KEe, 163610.214036, MEe, 5.453673801e+00, E, -60.000000, NP, 30000 3000
75600, t, 3.780000e-05, KEe, 163889.098495, MEe, 5.462969950e+00, E, -60.000000, NP, 30000 3000
75700, t, 3.785000e-05, KEe, 164168.397235, MEe, 5.472279908e+00, E, -60.000000, NP, 30000 3000
75800, t, 3.790000e-05, KEe, 164220.071292, MEe, 5.474002376e+00, E, -60.000000, NP, 30000 3000
75900, t, 3.795000e-05, KEe, 164053.610676, MEe, 5.468453689e+00, E, -60.000000, NP, 30000 3000
76000, t, 3.800000e-05, KEe, 163798.937257, MEe, 5.459964575e+00, E, -60.000000, NP, 30000 3000
76100, t, 3.805000e-05, KEe, 163706.797229, MEe, 5.456893241e+00, E, -60.000000, NP, 30000 3000
76200, t, 3.810000e-05, KEe, 163974.978622, MEe, 5.465832621e+00, E, -60.000000, NP, 30000 3000
76300, t, 3.815000e-05, KEe, 164239.544468, MEe, 5.474651482e+00, E, -60.000000, NP, 30000 3000
76400, t, 3.820000e-05, KEe, 164208.496600, MEe, 5.473616553e+00, E, -60.000000, NP, 30000 3000
76500, t, 3.825000e-05, KEe, 164330.690333, MEe, 5.477689678e+00, E, -60.000000, NP, 30000 3000
76600, t, 3.830000e-05, KEe, 164333.665654, MEe, 5.477788855e+00, E, -60.000000, NP, 30000 3000
76700, t, 3.835000e-05, KEe, 164250.871743, MEe, 5.475029058e+00, E, -60.000000, NP, 30000 3000
76800, t, 3.840000e-05, KEe, 164062.141004, MEe, 5.468738033e+00, E, -60.000000, NP, 30000 3000
76900, t, 3.845000e-05, KEe, 164106.298443, MEe, 5.470209948e+00, E, -60.000000, NP, 30000 3000
77000, t, 3.850000e-05, KEe, 164108.498214, MEe, 5.470283274e+00, E, -60.000000, NP, 30000 3000
77100, t, 3.855000e-05, KEe, 164150.070063, MEe, 5.471669002e+00, E, -60.000000, NP, 30000 3000
77200, t, 3.860000e-05, KEe, 163830.915005, MEe, 5.461030500e+00, E, -60.000000, NP, 30000 3000
77300, t, 3.865000e-05, KEe, 164189.025287, MEe, 5.472967510e+00, E, -60.000000, NP, 30000 3000
77400, t, 3.870000e-05, KEe, 164493.420229, MEe, 5.483114008e+00, E, -60.000000, NP, 30000 3000
77500, t, 3.875000e-05, KEe, 164410.047114, MEe, 5.480334904e+00, E, -60.000000, NP, 30000 3000
77600, t, 3.880000e-05, KEe, 164254.881799, MEe, 5.475162727e+00, E, -60.000000, NP, 30000 3000
77700, t, 3.885000e-05, KEe, 164399.953868, MEe, 5.479998462e+00, E, -60.000000, NP, 30000 3000
77800, t, 3.890000e-05, KEe, 164217.726940, MEe, 5.473924231e+00, E, -60.000000, NP, 30000 3000
77900, t, 3.895000e-05, KEe, 163976.209358, MEe, 5.465873645e+00, E, -60.000000, NP, 30000 3000
78000, t, 3.900000e-05, KEe, 163789.479056, MEe, 5.459649302e+00, E, -60.000000, NP, 30000 3000
78100, t, 3.905000e-05, KEe, 163806.138603, MEe, 5.460204620e+00, E, -60.000000, NP, 30000 3000
78200, t, 3.910000e-05, KEe, 163801.108160, MEe, 5.460036939e+00, E, -60.000000, NP, 30000 3000
78300, t, 3.915000e-05, KEe, 163861.587789, MEe, 5.462052926e+00, E, -60.000000, NP, 30000 3000
78400, t, 3.920000e-05, KEe, 164035.551983, MEe, 5.467851733e+00, E, -60.000000, NP, 30000 3000
78500, t, 3.925000e-05, KEe, 164179.047927, MEe, 5.472634931e+00, E, -60.000000, NP, 30000 3000
78600, t, 3.930000e-05, KEe, 164158.345767, MEe, 5.471944859e+00, E, -60.000000, NP, 30000 3000
78700, t, 3.935000e-05, KEe, 164156.464489, MEe, 5.471882150e+00, E, -60.000000, NP, 30000 3000
78800, t, 3.940000e-05, KEe, 164442.272751, MEe, 5.481409092e+00, E, -60.000000, NP, 30000 3000
78900, t, 3.945000e-05, KEe, 164651.131000, MEe, 5.488371033e+00, E, -60.000000, NP, 30000 3000
79000, t, 3.950000e-05, KEe, 164764.266266, MEe, 5.492142209e+00, E, -60.000000, NP, 30000 3000
79100, t, 3.955000e-05, KEe, 164901.799568, MEe, 5.496726652e+00, E, -60.000000, NP, 30000 3000
79200, t, 3.960000e-05, KEe, 164513.008174, MEe, 5.483766939e+00, E, -60.000000, NP, 30000 3000
79300, t, 3.965000e-05, KEe, 164621.837258, MEe, 5.487394575e+00, E, -60.000000, NP, 30000 3000
79400, t, 3.970000e-05, KEe, 164426.235800, MEe, 5.480874527e+00, E, -60.000000, NP, 30000 3000
79500, t, 3.975000e-05, KEe, 164243.864983, MEe, 5.474795499e+00, E, -60.000000, NP, 30000 3000
79600, t, 3.980000e-05, KEe, 164136.293015, MEe, 5.471209767e+00, E, -60.000000, NP, 30000 3000
79700, t, 3.985000e-05, KEe, 164250.425322, MEe, 5.475014177e+00, E, -60.000000, NP, 30000 3000
79800, t, 3.990000e-05, KEe, 164452.534526, MEe, 5.481751151e+00, E, -60.000000, NP, 30000 3000
79900, t, 3.995000e-05, KEe, 164610.875561, MEe, 5.487029185e+00, E, -60.000000, NP, 30000 3000
80000, t, 4.000000e-05, KEe, 164877.340150, MEe, 5.495911338e+00, E, -60.000000, NP, 30000 3000
