RandMax 2147483647
reading box length: 1.000000e-06 (m)
reading number of particle types: 2
reading number of particles of type 0: 30000
reading number of particles of type 1: 3000
reading temperature of particle type 0: 0.000000 (eV)
reading temperature of particle type 1: 0.025900 (eV)
reading flow velocity of particle type 0: 0.000000 (eV)
reading flow velocity of particle type 1: 0.000000 (eV)
reading charge of particle type 0: -1.000000 (elementary charge)
reading charge of particle type 1: 0.000000 (elementary charge)
reading mass of particle type 0: 0.000549 (amu)
reading mass of particle type 1: 28.000000 (amu)
reading number of time steps: 80000
reading vsigma max samples: 1000
reading time step dt: 4.000000e-11
reading electric field: -1.500000e+03 (V/m)
reading electric frequency: 0.000000e+00 (Hz)
reading magnetic field: 0.000000e+00 0.000000e+00 0.000000e+00 (Tesla)
reading vdf dump spec: 1000 1000000 0
reading extrapolation option: 0
reading memory allocation: 0.000000e+00 (GB)
reading auto dump spec: 0
reading output stride spec: 100
reading carry remainder spec: 0
found cross_sections/Ar.dat file for particle 0 with 1 in indeck, differential model found: Aubin
found cross_sections/Ar->Ar(3d'[3/2]1).dat file for particle 0 with 1 in indeck
found cross_sections/Ar->Ar(3d'[3/2]2).dat file for particle 0 with 1 in indeck
found cross_sections/Ar->Ar(3d'[5/2]2).dat file for particle 0 with 1 in indeck
found cross_sections/Ar->Ar(3d'[5/2]3).dat file for particle 0 with 1 in indeck
found cross_sections/Ar->Ar(3d[1/2]0).dat file for particle 0 with 1 in indeck
found cross_sections/Ar->Ar(3d[1/2]1).dat file for particle 0 with 1 in indeck
found cross_sections/Ar->Ar(3d[3/2]1).dat file for particle 0 with 1 in indeck
found cross_sections/Ar->Ar(3d[3/2]2).dat file for particle 0 with 1 in indeck
found cross_sections/Ar->Ar(3d[5/2]2).dat file for particle 0 with 1 in indeck
found cross_sections/Ar->Ar(3d[5/2]3).dat file for particle 0 with 1 in indeck
found cross_sections/Ar->Ar(3d[7/2]3).dat file for particle 0 with 1 in indeck
found cross_sections/Ar->Ar(3d[7/2]4).dat file for particle 0 with 1 in indeck
found cross_sections/Ar->Ar(4p'[1/2]0).dat file for particle 0 with 1 in indeck
found cross_sections/Ar->Ar(4p'[1/2]1).dat file for particle 0 with 1 in indeck
found cross_sections/Ar->Ar(4p'[3/2]1).dat file for particle 0 with 1 in indeck
found cross_sections/Ar->Ar(4p'[3/2]2).dat file for particle 0 with 1 in indeck
found cross_sections/Ar->Ar(4p[1/2]0).dat file for particle 0 with 1 in indeck
found cross_sections/Ar->Ar(4p[1/2]1).dat file for particle 0 with 1 in indeck
found cross_sections/Ar->Ar(4p[3/2]1).dat file for particle 0 with 1 in indeck
found cross_sections/Ar->Ar(4p[3/2]2).dat file for particle 0 with 1 in indeck
found cross_sections/Ar->Ar(4p[5/2]2).dat file for particle 0 with 1 in indeck
found cross_sections/Ar->Ar(4p[5/2]3).dat file for particle 0 with 1 in indeck
found cross_sections/Ar->Ar(4s'[1/2]0).dat file for particle 0 with 1 in indeck
found cross_sections/Ar->Ar(4s'[1/2]1).dat file for particle 0 with 1 in indeck
found cross_sections/Ar->Ar(4s[3/2]1).dat file for particle 0 with 1 in indeck
found cross_sections/Ar->Ar(4s[3/2]2).dat file for particle 0 with 1 in indeck
found cross_sections/Ar->Ar(5s'[1/2]0).dat file for particle 0 with 1 in indeck
found cross_sections/Ar->Ar(5s'[1/2]1).dat file for particle 0 with 1 in indeck
found cross_sections/Ar->Ar(5s[3/2]1).dat file for particle 0 with 1 in indeck
found cross_sections/Ar->Ar(5s[3/2]2).dat file for particle 0 with 1 in indeck
found cross_sections/Ar->Ar(Rydberg).dat file for particle 0 with 1 in indeck
found cross_sections/Ar->Ar^+.dat file for particle 0 with 1 in indeck, differential model found: Uniform
reading cross_sections/Ar.dat
reading cross_sections/Ar->Ar(3d'[3/2]1).dat
reading cross_sections/Ar->Ar(3d'[3/2]2).dat
reading cross_sections/Ar->Ar(3d'[5/2]2).dat
reading cross_sections/Ar->Ar(3d'[5/2]3).dat
reading cross_sections/Ar->Ar(3d[1/2]0).dat
reading cross_sections/Ar->Ar(3d[1/2]1).dat
reading cross_sections/Ar->Ar(3d[3/2]1).dat
reading cross_sections/Ar->Ar(3d[3/2]2).dat
reading cross_sections/Ar->Ar(3d[5/2]2).dat
reading cross_sections/Ar->Ar(3d[5/2]3).dat
reading cross_sections/Ar->Ar(3d[7/2]3).dat
reading cross_sections/Ar->Ar(3d[7/2]4).dat
reading cross_sections/Ar->Ar(4p'[1/2]0).dat
reading cross_sections/Ar->Ar(4p'[1/2]1).dat
reading cross_sections/Ar->Ar(4p'[3/2]1).dat
reading cross_sections/Ar->Ar(4p'[3/2]2).dat
reading cross_sections/Ar->Ar(4p[1/2]0).dat
reading cross_sections/Ar->Ar(4p[1/2]1).dat
reading cross_sections/Ar->Ar(4p[3/2]1).dat
reading cross_sections/Ar->Ar(4p[3/2]2).dat
reading cross_sections/Ar->Ar(4p[5/2]2).dat
reading cross_sections/Ar->Ar(4p[5/2]3).dat
reading cross_sections/Ar->Ar(4s'[1/2]0).dat
reading cross_sections/Ar->Ar(4s'[1/2]1).dat
reading cross_sections/Ar->Ar(4s[3/2]1).dat
reading cross_sections/Ar->Ar(4s[3/2]2).dat
reading cross_sections/Ar->Ar(5s'[1/2]0).dat
reading cross_sections/Ar->Ar(5s'[1/2]1).dat
reading cross_sections/Ar->Ar(5s[3/2]1).dat
reading cross_sections/Ar->Ar(5s[3/2]2).dat
reading cross_sections/Ar->Ar(Rydberg).dat
reading cross_sections/Ar->Ar^+.dat
Memory per particle: 72 bytes
Memory for all initial particles: 2.213e-03 GB
Allocating space for 132000 particles
------------------------------------
0, t, 0.000000e+00, KEe, 0.000000, MEe, 0.000000000e+00, E, -1500.000000, NP, 30000 3000
100, t, 4.000000e-09, KEe, 91343.292335, MEe, 3.044776411e+00, E, -1500.000000, NP, 30000 3000
200, t, 8.000000e-09, KEe, 238864.995979, MEe, 7.962166533e+00, E, -1500.000000, NP, 30000 3000
300, t, 1.200000e-08, KEe, 296582.581223, MEe, 9.886086041e+00, E, -1500.000000, NP, 30000 3000
400, t, 1.600000e-08, KEe, 330695.383670, MEe, 1.102317946e+01, E, -1500.000000, NP, 30000 3000
500, t, 2.000000e-08, KEe, 352665.710586, MEe, 1.175552369e+01, E, -1500.000000, NP, 30000 3000
600, t, 2.400000e-08, KEe, 364293.315400, MEe, 1.214311051e+01, E, -1500.000000, NP, 30000 3000
700, t, 2.800000e-08, KEe, 373132.451672, MEe, 1.243774839e+01, E, -1500.000000, NP, 30000 3000
800, t, 3.200000e-08, KEe, 377994.725017, MEe, 1.259982417e+01, E, -1500.000000, NP, 30000 3000
900, t, 3.600000e-08, KEe, 379693.839628, MEe, 1.265646132e+01, E, -1500.000000, NP, 30000 3000
1000, t, 4.000000e-08, KEe, 380948.884679, MEe, 1.269829616e+01, E, -1500.000000, NP, 30000 3000
1100, t, 4.400000e-08, KEe, 383074.193094, MEe, 1.276913977e+01, E, -1500.000000, NP, 30000 3000
1200, t, 4.800000e-08, KEe, 383574.781097, MEe, 1.278582604e+01, E, -1500.000000, NP, 30000 3000
1300, t, 5.200000e-08, KEe, 383616.316400, MEe, 1.278721055e+01, E, -1500.000000, NP, 30000 3000
1400, t, 5.600000e-08, KEe, 383514.548147, MEe, 1.278381827e+01, E, -1500.000000, NP, 30000 3000
1500, t, 6.000000e-08, KEe, 383770.818210, MEe, 1.279236061e+01, E, -1500.000000, NP, 30000 3000
1600, t, 6.400000e-08, KEe, 385409.430211, MEe, 1.284698101e+01, E, -1500.000000, NP, 30000 3000
1700, t, 6.800000e-08, KEe, 383701.057206, MEe, 1.279003524e+01, E, -1500.000000, NP, 30000 3000
1800, t, 7.200000e-08, KEe, 383771.904156, MEe, 1.279239681e+01, E, -1500.000000, NP, 30000 3000
1900, t, 7.600000e-08, KEe, 384450.232654, MEe, 1.281500776e+01, E, -1500.000000, NP, 30000 3000
2000, t, 8.000000e-08, KEe, 384547.698124, MEe, 1.281825660e+01, E, -1500.000000, NP, 30000 3000
2100, t, 8.400000e-08, KEe, 385803.082185, MEe, 1.286010274e+01, E, -1500.000000, NP, 30000 3000
2200, t, 8.800000e-08, KEe, 386300.586492, MEe, 1.287668622e+01, E, -1500.000000, NP, 30000 3000
2300, t, 9.200000e-08, KEe, 385181.429493, MEe, 1.283938098e+01, E, -1500.000000, NP, 30000 3000
2400, t, 9.600000e-08, KEe, 386405.869331, MEe, 1.288019564e+01, E, -1500.000000, NP, 30000 3000
2500, t, 1.000000e-07, KEe, 386957.797780, MEe, 1.289859326e+01, E, -1500.000000, NP, 30000 3000
2600, t, 1.040000e-07, KEe, 387884.893724, MEe, 1.292949646e+01, E, -1500.000000, NP, 30000 3000
2700, t, 1.080000e-07, KEe, 386085.299453, MEe, 1.286950998e+01, E, -1500.000000, NP, 30000 3000
2800, t, 1.120000e-07, KEe, 385193.390270, MEe, 1.283977968e+01, E, -1500.000000, NP, 30000 3000
2900, t, 1.160000e-07, KEe, 385942.704707, MEe, 1.286475682e+01, E, -1500.000000, NP, 30000 3000
3000, t, 1.200000e-07, KEe, 386220.686276, MEe, 1.287402288e+01, E, -1500.000000, NP, 30000 3000
3100, t, 1.240000e-07, KEe, 386555.544167, MEe, 1.288518481e+01, E, -1500.000000, NP, 30000 3000
3200, t, 1.280000e-07, KEe, 387403.204061, MEe, 1.291344014e+01, E, -1500.000000, NP, 30000 3000
3300, t, 1.320000e-07, KEe, 384783.225233, MEe, 1.282610751e+01, E, -1500.000000, NP, 30000 3000
3400, t, 1.360000e-07, KEe, 386831.913438, MEe, 1.289439711e+01, E, -1500.000000, NP, 30000 3000
3500, t, 1.400000e-07, KEe, 388337.215063, MEe, 1.294457384e+01, E, -1500.000000, NP, 30000 3000
3600, t, 1.440000e-07, KEe, 388208.059140, MEe, 1.294026864e+01, E, -1500.000000, NP, 30000 3000
3700, t, 1.480000e-07, KEe, 387409.213321, MEe, 1.291364044e+01, E, -1500.000000, NP, 30000 3000
3800, t, 1.520000e-07, KEe, 385209.719332, MEe, 1.284032398e+01, E, -1500.000000, NP, 30000 3000
3900, t, 1.560000e-07, KEe, 386156.335968, MEe, 1.287187787e+01, E, -1500.000000, NP, 30000 3000
4000, t, 1.600000e-07, KEe, 387388.545724, MEe, 1.291295152e+01, E, -1500.000000, NP, 30000 3000
4100, t, 1.640000e-07, KEe, 388773.272088, MEe, 1.295910907e+01, E, -1500.000000, NP, 30000 3000
4200, t, 1.680000e-07, KEe, 389632.991299, MEe, 1.298776638e+01, E, -1500.000000, NP, 30000 3000
4300, t, 1.720000e-07, KEe, 388716.520527, MEe, 1.295721735e+01, E, -1500.000000, NP, 30000 3000
4400, t, 1.760000e-07, KEe, 386999.849528, MEe, 1.289999498e+01, E, -1500.000000, NP, 30000 3000
4500, t, 1.800000e-07, KEe, 388774.963340, MEe, 1.295916544e+01, E, -1500.000000, NP, 30000 3000
4600, t, 1.840000e-07, KEe, 387568.090663, MEe, 1.291893636e+01, E, -1500.000000, NP, 30000 3000
4700, t, 1.880000e-07, KEe, 384524.130892, MEe, 1.281747103e+01, E, -1500.000000, NP, 30000 3000
4800, t, 1.920000e-07, KEe, 384193.326483, MEe, 1.280644422e+01, E, -1500.000000, NP, 30000 3000
4900, t, 1.960000e-07, KEe, 384222.060039, MEe, 1.280740200e+01, E, -1500.000000, NP, 30000 3000
5000, t, 2.000000e-07, KEe, 386264.650271, MEe, 1.287548834e+01, E, -1500.000000, NP, 30000 3000
5100, t, 2.040000e-07, KEe, 384724.424804, MEe, 1.282414749e+01, E, -1500.000000, NP, 30000 3000
5200, t, 2.080000e-07, KEe, 385519.898642, MEe, 1.285066329e+01, E, -1500.000000, NP, 30000 3000
5300, t, 2.120000e-07, KEe, 385150.249179, MEe, 1.283834164e+01, E, -1500.000000, NP, 30000 3000
5400, t, 2.160000e-07, KEe, 386931.766830, MEe, 1.289772556e+01, E, -1500.000000, NP, 30000 3000
5500, t, 2.200000e-07, KEe, 386153.226771, MEe, 1.287177423e+01, E, -1500.000000, NP, 30000 3000
5600, t, 2.240000e-07, KEe, 386475.077705, MEe, 1.288250259e+01, E, -1500.000000, NP, 30000 3000
5700, t, 2.280000e-07, KEe, 386506.554670, MEe, 1.288355182e+01, E, -1500.000000, NP, 30000 3000
5800, t, 2.320000e-07, KEe, 386200.051474, MEe, 1.287333505e+01, E, -1500.000000, NP, 30000 3000
5900, t, 2.360000e-07, KEe, 384482.252770, MEe, 1.281607509e+01, E, -1500.000000, NP, 30000 3000
6000, t, 2.400000e-07, KEe, 384483.431986, MEe, 1.281611440e+01, E, -1500.000000, NP, 30000 3000
6100, t, 2.440000e-07, KEe, 382966.172945, MEe, 1.276553910e+01, E, -1500.000000, NP, 30000 3000
6200, t, 2.480000e-07, KEe, 384761.588417, MEe, 1.282538628e+01, E, -1500.000000, NP, 30000 3000
6300, t, 2.520000e-07, KEe, 386750.664639, MEe, 1.289168882e+01, E, -1500.000000, NP, 30000 3000
6400, t, 2.560000e-07, KEe, 386485.248652, MEe, 1.288284162e+01, E, -1500.000000, NP, 30000 3000
6500, t, 2.600000e-07, KEe, 387419.345691, MEe, 1.291397819e+01, E, -1500.000000, NP, 30000 3000
6600, t, 2.640000e-07, KEe, 386431.896870, MEe, 1.288106323e+01, E, -1500.000000, NP, 30000 3000
6700, t, 2.680000e-07, KEe, 385160.554048, MEe, 1.283868513e+01, E, -1500.000000, NP, 30000 3000
6800, t, 2.720000e-07, KEe, 385126.856181, MEe, 1.283756187e+01, E, -1500.000000, NP, 30000 3000
6900, t, 2.760000e-07, KEe, 385881.304940, MEe, 1.286271016e+01, E, -1500.000000, NP, 30000 3000
7000, t, 2.800000e-07, KEe, 388123.380131, MEe, 1.293744600e+01, E, -1500.000000, NP, 30000 3000
7100, t, 2.840000e-07, KEe, 388064.930542, MEe, 1.293549768e+01, E, -1500.000000, NP, 30000 3000
7200, t, 2.880000e-07, KEe, 387928.897519, MEe, 1.293096325e+01, E, -1500.000000, NP, 30000 3000
7300, t, 2.920000e-07, KEe, 385981.391721, MEe, 1.286604639e+01, E, -1500.000000, NP, 30000 3000
7400, t, 2.960000e-07, KEe, 385124.329100, MEe, 1.283747764e+01, E, -1500.000000, NP, 30000 3000
7500, t, 3.000000e-07, KEe, 387928.309839, MEe, 1.293094366e+01, E, -1500.000000, NP, 30000 3000
7600, t, 3.040000e-07, KEe, 388662.864923, MEe, 1.295542883e+01, E, -1500.000000, NP, 30000 3000
7700, t, 3.080000e-07, KEe, 389972.644870, MEe, 1.299908816e+01, E, -1500.000000, NP, 30000 3000
7800, t, 3.120000e-07, KEe, 389835.095616, MEe, 1.299450319e+01, E, -1500.000000, NP, 30000 3000
7900, t, 3.160000e-07, KEe, 389276.310178, MEe, 1.297587701e+01, E, -1500.000000, NP, 30000 3000
8000, t, 3.200000e-07, KEe, 386912.056162, MEe, 1.289706854e+01, E, -1500.000000, NP, 30000 3000
8100, t, 3.240000e-07, KEe, 386627.642244, MEe, 1.288758807e+01, E, -1500.000000, NP, 30000 3000
8200, t, 3.280000e-07, KEe, 385433.238240, MEe, 1.284777461e+01, E, -1500.000000, NP, 30000 3000
8300, t, 3.320000e-07, KEe, 383468.201773, MEe, 1.278227339e+01, E, -1500.000000, NP, 30000 3000
8400, t, 3.360000e-07, KEe, 383571.561523, MEe, 1.278571872e+01, E, -1500.000000, NP, 30000 3000
8500, t, 3.400000e-07, KEe, 382798.552550, MEe, 1.275995175e+01, E, -1500.000000, NP, 30000 3000
8600, t, 3.440000e-07, KEe, 382482.777598, MEe, 1.274942592e+01, E, -1500.000000, NP, 30000 3000
8700, t, 3.480000e-07, KEe, 385278.870271, MEe, 1.284262901e+01, E, -1500.000000, NP, 30000 3000
8800, t, 3.520000e-07, KEe, 385888.862997, MEe, 1.286296210e+01, E, -1500.000000, NP, 30000 3000
8900, t, 3.560000e-07, KEe, 386618.043855, MEe, 1.288726813e+01, E, -1500.000000, NP, 30000 3000
9000, t, 3.600000e-07, KEe, 386748.693950, MEe, 1.289162313e+01, E, -1500.000000, NP, 30000 3000
9100, t, 3.640000e-07, KEe, 388141.217188, MEe, 1.293804057e+01, E, -1500.000000, NP, 30000 3000
9200, t, 3.680000e-07, KEe, 387670.844018, MEe, 1.292236147e+01, E, -1500.000000, NP, 30000 3000
9300, t, 3.720000e-07, KEe, 388816.188373, MEe, 1.296053961e+01, E, -1500.000000, NP, 30000 3000
9400, t, 3.760000e-07, KEe, 388115.714906, MEe, 1.293719050e+01, E, -1500.000000, NP, 30000 3000
9500, t, 3.800000e-07, KEe, 386962.857312, MEe, 1.289876191e+01, E, -1500.000000, NP, 30000 3000
9600, t, 3.840000e-07, KEe, 386081.296672, MEe, 1.286937656e+01, E, -1500.000000, NP, 30000 3000
9700, t, 3.880000e-07, KEe, 388183.268054, MEe, 1.293944227e+01, E, -1500.000000, NP, 30000 3000
9800, t, 3.920000e-07, KEe, 387980.159047, MEe, 1.293267197e+01, E, -1500.000000, NP, 30000 3000
9900, t, 3.960000e-07, KEe, 387424.739622, MEe, 1.291415799e+01, E, -1500.000000, NP, 30000 3000
10000, t, 4.000000e-07, KEe, 385575.228367, MEe, 1.285250761e+01, E, -1500.000000, NP, 30000 3000
10100, t, 4.040000e-07, KEe, 385411.541535, MEe, 1.284705138e+01, E, -1500.000000, NP, 30000 3000
10200, t, 4.080000e-07, KEe, 386169.561910, MEe, 1.287231873e+01, E, -1500.000000, NP, 30000 3000
10300, t, 4.120000e-07, KEe, 385934.148891, MEe, 1.286447163e+01, E, -1500.000000, NP, 30000 3000
10400, t, 4.160000e-07, KEe, 387297.688110, MEe, 1.290992294e+01, E, -1500.000000, NP, 30000 3000
10500, t, 4.200000e-07, KEe, 385154.756568, MEe, 1.283849189e+01, E, -1500.000000, NP, 30000 3000
10600, t, 4.240000e-07, KEe, 385191.678143, MEe, 1.283972260e+01, E, -1500.000000, NP, 30000 3000
10700, t, 4.280000e-07, KEe, 384028.879143, MEe, 1.280096264e+01, E, -1500.000000, NP, 30000 3000
10800, t, 4.320000e-07, KEe, 386075.592139, MEe, 1.286918640e+01, E, -1500.000000, NP, 30000 3000
10900, t, 4.360000e-07, KEe, 386276.525160, MEe, 1.287588417e+01, E, -1500.000000, NP, 30000 3000
11000, t, 4.400000e-07, KEe, 386286.856984, MEe, 1.287622857e+01, E, -1500.000000, NP, 30000 3000
11100, t, 4.440000e-07, KEe, 384185.260060, MEe, 1.280617534e+01, E, -1500.000000, NP, 30000 3000
11200, t, 4.480000e-07, KEe, 384503.637161, MEe, 1.281678791e+01, E, -1500.000000, NP, 30000 3000
11300, t, 4.520000e-07, KEe, 383413.077717, MEe, 1.278043592e+01, E, -1500.000000, NP, 30000 3000
11400, t, 4.560000e-07, KEe, 383820.979096, MEe, 1.279403264e+01, E, -1500.000000, NP, 30000 3000
11500, t, 4.600000e-07, KEe, 384286.475004, MEe, 1.280954917e+01, E, -1500.000000, NP, 30000 3000
11600, t, 4.640000e-07, KEe, 385571.342402, MEe, 1.285237808e+01, E, -1500.000000, NP, 30000 3000
11700, t, 4.680000e-07, KEe, 385369.844930, MEe, 1.284566150e+01, E, -1500.000000, NP, 30000 3000
11800, t, 4.720000e-07, KEe, 385421.294408, MEe, 1.284737648e+01, E, -1500.000000, NP, 30000 3000
11900, t, 4.760000e-07, KEe, 386579.326262, MEe, 1.288597754e+01, E, -1500.000000, NP, 30000 3000
12000, t, 4.800000e-07, KEe, 385853.882234, MEe, 1.286179607e+01, E, -1500.000000, NP, 30000 3000
12100, t, 4.840000e-07, KEe, 385463.933241, MEe, 1.284879777e+01, E, -1500.000000, NP, 30000 3000
12200, t, 4.880000e-07, KEe, 384731.268693, MEe, 1.282437562e+01, E, -1500.000000, NP, 30000 3000
12300, t, 4.920000e-07, KEe, 385017.843073, MEe, 1.283392810e+01, E, -1500.000000, NP, 30000 3000
12400, t, 4.960000e-07, KEe, 384426.269756, MEe, 1.281420899e+01, E, -1500.000000, NP, 30000 3000
12500, t, 5.000000e-07, KEe, 384354.159079, MEe, 1.281180530e+01, E, -1500.000000, NP, 30000 3000
12600, t, 5.040000e-07, KEe, 385300.024615, MEe, 1.284333415e+01, E, -1500.000000, NP, 30000 3000
12700, t, 5.080000e-07, KEe, 386716.539527, MEe, 1.289055132e+01, E, -1500.000000, NP, 30000 3000
12800, t, 5.120000e-07, KEe, 386790.714051, MEe, 1.289302380e+01, E, -1500.000000, NP, 30000 3000
12900, t, 5.160000e-07, KEe, 385312.341215, MEe, 1.284374471e+01, E, -1500.000000, NP, 30000 3000
13000, t, 5.200000e-07, KEe, 386097.924689, MEe, 1.286993082e+01, E, -1500.000000, NP, 30000 3000
13100, t, 5.240000e-07, KEe, 384885.343383, MEe, 1.282951145e+01, E, -1500.000000, NP, 30000 3000
13200, t, 5.280000e-07, KEe, 384949.334678, MEe, 1.283164449e+01, E, -1500.000000, NP, 30000 3000
13300, t, 5.320000e-07, KEe, 387007.007849, MEe, 1.290023359e+01, E, -1500.000000, NP, 30000 3000
13400, t, 5.360000e-07, KEe, 386348.675269, MEe, 1.287828918e+01, E, -1500.000000, NP, 30000 3000
13500, t, 5.400000e-07, KEe, 386632.653024, MEe, 1.288775510e+01, E, -1500.000000, NP, 30000 3000
13600, t, 5.440000e-07, KEe, 387012.763658, MEe, 1.290042546e+01, E, -1500.000000, NP, 30000 3000
13700, t, 5.480000e-07, KEe, 388136.693058, MEe, 1.293788977e+01, E, -1500.000000, NP, 30000 3000
13800, t, 5.520000e-07, KEe, 389370.194578, MEe, 1.297900649e+01, E, -1500.000000, NP, 30000 3000
13900, t, 5.560000e-07, KEe, 387787.371612, MEe, 1.292624572e+01, E, -1500.000000, NP, 30000 3000
14000, t, 5.600000e-07, KEe, 386212.711273, MEe, 1.287375704e+01, E, -1500.000000, NP, 30000 3000
14100, t, 5.640000e-07, KEe, 386546.036761, MEe, 1.288486789e+01, E, -1500.000000, NP, 30000 3000
14200, t, 5.680000e-07, KEe, 387650.946833, MEe, 1.292169823e+01, E, -1500.000000, NP, 30000 3000
14300, t, 5.720000e-07, KEe, 387300.116993, MEe, 1.291000390e+01, E, -1500.000000, NP, 30000 3000
14400, t, 5.760000e-07, KEe, 386171.090226, MEe, 1.287236967e+01, E, -1500.000000, NP, 30000 3000
14500, t, 5.800000e-07, KEe, 387425.697237, MEe, 1.291418991e+01, E, -1500.000000, NP, 30000 3000
14600, t, 5.840000e-07, KEe, 387306.519512, MEe, 1.291021732e+01, E, -1500.000000, NP, 30000 3000
14700, t, 5.880000e-07, KEe, 385629.689010, MEe, 1.285432297e+01, E, -1500.000000, NP, 30000 3000
14800, t, 5.920000e-07, KEe, 386615.553879, MEe, 1.288718513e+01, E, -1500.000000, NP, 30000 3000
14900, t, 5.960000e-07, KEe, 387183.045790, MEe, 1.290610153e+01, E, -1500.000000, NP, 30000 3000
15000, t, 6.000000e-07, KEe, 386335.941719, MEe, 1.287786472e+01, E, -1500.000000, NP, 30000 3000
15100, t, 6.040000e-07, KEe, 384418.879202, MEe, 1.281396264e+01, E, -1500.000000, NP, 30000 3000
15200, t, 6.080000e-07, KEe, 383912.395879, MEe, 1.279707986e+01, E, -1500.000000, NP, 30000 3000
15300, t, 6.120000e-07, KEe, 386070.577862, MEe, 1.286901926e+01, E, -1500.000000, NP, 30000 3000
15400, t, 6.160000e-07, KEe, 386366.534681, MEe, 1.287888449e+01, E, -1500.000000, NP, 30000 3000
15500, t, 6.200000e-07, KEe, 388208.810888, MEe, 1.294029370e+01, E, -1500.000000, NP, 30000 3000
15600, t, 6.240000e-07, KEe, 385919.949133, MEe, 1.286399830e+01, E, -1500.000000, NP, 30000 3000
15700, t, 6.280000e-07, KEe, 385554.255630, MEe, 1.285180852e+01, E, -1500.000000, NP, 30000 3000
15800, t, 6.320000e-07, KEe, 385969.015640, MEe, 1.286563385e+01, E, -1500.000000, NP, 30000 3000
15900, t, 6.360000e-07, KEe, 385597.645517, MEe, 1.285325485e+01, E, -1500.000000, NP, 30000 3000
16000, t, 6.400000e-07, KEe, 385014.944684, MEe, 1.283383149e+01, E, -1500.000000, NP, 30000 3000
16100, t, 6.440000e-07, KEe, 385540.776462, MEe, 1.285135922e+01, E, -1500.000000, NP, 30000 3000
16200, t, 6.480000e-07, KEe, 383216.597743, MEe, 1.277388659e+01, E, -1500.000000, NP, 30000 3000
16300, t, 6.520000e-07, KEe, 382460.753430, MEe, 1.274869178e+01, E, -1500.000000, NP, 30000 3000
16400, t, 6.560000e-07, KEe, 383296.248620, MEe, 1.277654162e+01, E, -1500.000000, NP, 30000 3000
16500, t, 6.600000e-07, KEe, 382333.704732, MEe, 1.274445682e+01, E, -1500.000000, NP, 30000 3000
16600, t, 6.640000e-07, KEe, 383821.936530, MEe, 1.279406455e+01, E, -1500.000000, NP, 30000 3000
16700, t, 6.680000e-07, KEe, 383189.988774, MEe, 1.277299963e+01, E, -1500.000000, NP, 30000 3000
16800, t, 6.720000e-07, KEe, 382235.750600, MEe, 1.274119169e+01, E, -1500.000000, NP, 30000 3000
16900, t, 6.760000e-07, KEe, 384023.244221, MEe, 1.280077481e+01, E, -1500.000000, NP, 30000 3000
17000, t, 6.800000e-07, KEe, 385333.619850, MEe, 1.284445399e+01, E, -1500.000000, NP, 30000 3000
17100, t, 6.840000e-07, KEe, 386521.033333, MEe, 1.288403444e+01, E, -1500.000000, NP, 30000 3000
17200, t, 6.880000e-07, KEe, 385261.595229, MEe, 1.284205317e+01, E, -1500.000000, NP, 30000 3000
17300, t, 6.920000e-07, KEe, 387798.072317, MEe, 1.292660241e+01, E, -1500.000000, NP, 30000 3000
17400, t, 6.960000e-07, KEe, 386577.503350, MEe, 1.288591678e+01, E, -1500.000000, NP, 30000 3000
17500, t, 7.000000e-07, KEe, 385674.255439, MEe, 1.285580851e+01, E, -1500.000000, NP, 30000 3000
17600, t, 7.040000e-07, KEe, 385903.217309, MEe, 1.286344058e+01, E, -1500.000000, NP, 30000 3000
17700, t, 7.080000e-07, KEe, 386562.883137, MEe, 1.288542944e+01, E, -1500.000000, NP, 30000 3000
17800, t, 7.120000e-07, KEe, 385474.265593, MEe, 1.284914219e+01, E, -1500.000000, NP, 30000 3000
17900, t, 7.160000e-07, KEe, 385914.566666, MEe, 1.286381889e+01, E, -1500.000000, NP, 30000 3000
18000, t, 7.200000e-07, KEe, 385215.051701, MEe, 1.284050172e+01, E, -1500.000000, NP, 30000 3000
18100, t, 7.240000e-07, KEe, 386596.022014, MEe, 1.288653407e+01, E, -1500.000000, NP, 30000 3000
18200, t, 7.280000e-07, KEe, 388649.858935, MEe, 1.295499530e+01, E, -1500.000000, NP, 30000 3000
18300, t, 7.320000e-07, KEe, 388751.793210, MEe, 1.295839311e+01, E, -1500.000000, NP, 30000 3000
18400, t, 7.360000e-07, KEe, 387949.491091, MEe, 1.293164970e+01, E, -1500.000000, NP, 30000 3000
18500, t, 7.400000e-07, KEe, 386816.787488, MEe, 1.289389292e+01, E, -1500.000000, NP, 30000 3000
18600, t, 7.440000e-07, KEe, 385751.521653, MEe, 1.285838406e+01, E, -1500.000000, NP, 30000 3000
18700, t, 7.480000e-07, KEe, 386314.689872, MEe, 1.287715633e+01, E, -1500.000000, NP, 30000 3000
18800, t, 7.520000e-07, KEe, 389091.904362, MEe, 1.296973015e+01, E, -1500.000000, NP, 30000 3000
18900, t, 7.560000e-07, KEe, 387184.570684, MEe, 1.290615236e+01, E, -1500.000000, NP, 30000 3000
19000, t, 7.600000e-07, KEe, 386324.199159, MEe, 1.287747331e+01, E, -1500.000000, NP, 30000 3000
19100, t, 7.640000e-07, KEe, 387294.291300, MEe, 1.290980971e+01, E, -1500.000000, NP, 30000 3000
19200, t, 7.680000e-07, KEe, 386893.395757, MEe, 1.289644653e+01, E, -1500.000000, NP, 30000 3000
19300, t, 7.720000e-07, KEe, 388064.408808, MEe, 1.293548029e+01, E, -1500.000000, NP, 30000 3000
19400, t, 7.760000e-07, KEe, 386290.166694, MEe, 1.287633889e+01, E, -1500.000000, NP, 30000 3000
19500, t, 7.800000e-07, KEe, 386264.424021, MEe, 1.287548080e+01, E, -1500.000000, NP, 30000 3000
19600, t, 7.840000e-07, KEe, 386710.356376, MEe, 1.289034521e+01, E, -1500.000000, NP, 30000 3000
19700, t, 7.880000e-07, KEe, 388823.762835, MEe, 1.296079209e+01, E, -1500.000000, NP, 30000 3000
19800, t, 7.920000e-07, KEe, 388219.887816, MEe, 1.294066293e+01, E, -1500.000000, NP, 30000 3000
19900, t, 7.960000e-07, KEe, 390265.802132, MEe, 1.300886007e+01, E, -1500.000000, NP, 30000 3000
20000, t, 8.000000e-07, KEe, 389614.536542, MEe, 1.298715122e+01, E, -1500.000000, NP, 30000 3000
20100, t, 8.040000e-07, KEe, 389324.797265, MEe, 1.297749324e+01, E, -1500.000000, NP, 30000 3000
20200, t, 8.080000e-07, KEe, 389350.084404, MEe, 1.297833615e+01, E, -1500.000000, NP, 30000 3000
20300, t, 8.120000e-07, KEe, 388062.026349, MEe, 1.293540088e+01, E, -1500.000000, NP, 30000 3000
20400, t, 8.160000e-07, KEe, 387483.061761, MEe, 1.291610206e+01, E, -1500.000000, NP, 30000 3000
20500, t, 8.200000e-07, KEe, 388099.924323, MEe, 1.293666414e+01, E, -1500.000000, NP, 30000 3000
20600, t, 8.240000e-07, KEe, 387733.426454, MEe, 1.292444755e+01, E, -1500.000000, NP, 30000 3000
20700, t, 8.280000e-07, KEe, 386751.596629, MEe, 1.289171989e+01, E, -1500.000000, NP, 30000 3000
20800, t, 8.320000e-07, KEe, 386947.670196, MEe, 1.289825567e+01, E, -1500.000000, NP, 30000 3000
20900, t, 8.360000e-07, KEe, 387109.625151, MEe, 1.290365417e+01, E, -1500.000000, NP, 30000 3000
21000, t, 8.400000e-07, KEe, 388503.300729, MEe, 1.295011002e+01, E, -1500.000000, NP, 30000 3000
21100, t, 8.440000e-07, KEe, 388391.267430, MEe, 1.294637558e+01, E, -1500.000000, NP, 30000 3000
21200, t, 8.480000e-07, KEe, 387059.326047, MEe, 1.290197753e+01, E, -1500.000000, NP, 30000 3000
21300, t, 8.520000e-07, KEe, 386709.944011, MEe, 1.289033147e+01, E, -1500.000000, NP, 30000 3000
21400, t, 8.560000e-07, KEe, 387383.572876, MEe, 1.291278576e+01, E, -1500.000000, NP, 30000 3000
21500, t, 8.600000e-07, KEe, 386718.869001, MEe, 1.289062897e+01, E, -1500.000000, NP, 30000 3000
21600, t, 8.640000e-07, KEe, 386359.996417, MEe, 1.287866655e+01, E, -1500.000000, NP, 30000 3000
21700, t, 8.680000e-07, KEe, 388896.428984, MEe, 1.296321430e+01, E, -1500.000000, NP, 30000 3000
21800, t, 8.720000e-07, KEe, 389643.594371, MEe, 1.298811981e+01, E, -1500.000000, NP, 30000 3000
21900, t, 8.760000e-07, KEe, 389086.486223, MEe, 1.296954954e+01, E, -1500.000000, NP, 30000 3000
22000, t, 8.800000e-07, KEe, 390049.177998, MEe, 1.300163927e+01, E, -1500.000000, NP, 30000 3000
22100, t, 8.840000e-07, KEe, 388500.360554, MEe, 1.295001202e+01, E, -1500.000000, NP, 30000 3000
22200, t, 8.880000e-07, KEe, 388326.296730, MEe, 1.294420989e+01, E, -1500.000000, NP, 30000 3000
22300, t, 8.920000e-07, KEe, 386950.630058, MEe, 1.289835434e+01, E, -1500.000000, NP, 30000 3000
22400, t, 8.960000e-07, KEe, 386884.317872, MEe, 1.289614393e+01, E, -1500.000000, NP, 30000 3000
22500, t, 9.000000e-07, KEe, 384197.642132, MEe, 1.280658807e+01, E, -1500.000000, NP, 30000 3000
22600, t, 9.040000e-07, KEe, 386135.146335, MEe, 1.287117154e+01, E, -1500.000000, NP, 30000 3000
22700, t, 9.080000e-07, KEe, 384229.952789, MEe, 1.280766509e+01, E, -1500.000000, NP, 30000 3000
22800, t, 9.120000e-07, KEe, 385114.359577, MEe, 1.283714532e+01, E, -1500.000000, NP, 30000 3000
22900, t, 9.160000e-07, KEe, 385266.825125, MEe, 1.284222750e+01, E, -1500.000000, NP, 30000 3000
23000, t, 9.200000e-07, KEe, 385908.271108, MEe, 1.286360904e+01, E, -1500.000000, NP, 30000 3000
23100, t, 9.240000e-07, KEe, 385442.868704, MEe, 1.284809562e+01, E, -1500.000000, NP, 30000 3000
23200, t, 9.280000e-07, KEe, 384578.627367, MEe, 1.281928758e+01, E, -1500.000000, NP, 30000 3000
23300, t, 9.320000e-07, KEe, 387202.872511, MEe, 1.290676242e+01, E, -1500.000000, NP, 30000 3000
23400, t, 9.360000e-07, KEe, 386046.106670, MEe, 1.286820356e+01, E, -1500.000000, NP, 30000 3000
23500, t, 9.400000e-07, KEe, 387320.684383, MEe, 1.291068948e+01, E, -1500.000000, NP, 30000 3000
23600, t, 9.440000e-07, KEe, 385631.681741, MEe, 1.285438939e+01, E, -1500.000000, NP, 30000 3000
23700, t, 9.480000e-07, KEe, 386542.640676, MEe, 1.288475469e+01, E, -1500.000000, NP, 30000 3000
23800, t, 9.520000e-07, KEe, 387317.621176, MEe, 1.291058737e+01, E, -1500.000000, NP, 30000 3000
23900, t, 9.560000e-07, KEe, 386338.635750, MEe, 1.287795452e+01, E, -1500.000000, NP, 30000 3000
24000, t, 9.600000e-07, KEe, 386673.632372, MEe, 1.288912108e+01, E, -1500.000000, NP, 30000 3000
24100, t, 9.640000e-07, KEe, 387114.438662, MEe, 1.290381462e+01, E, -1500.000000, NP, 30000 3000
24200, t, 9.680000e-07, KEe, 386599.254109, MEe, 1.288664180e+01, E, -1500.000000, NP, 30000 3000
24300, t, 9.720000e-07, KEe, 388137.004398, MEe, 1.293790015e+01, E, -1500.000000, NP, 30000 3000
24400, t, 9.760000e-07, KEe, 384489.904692, MEe, 1.281633016e+01, E, -1500.000000, NP, 30000 3000
24500, t, 9.800000e-07, KEe, 384213.026385, MEe, 1.280710088e+01, E, -1500.000000, NP, 30000 3000
24600, t, 9.840000e-07, KEe, 386118.383668, MEe, 1.287061279e+01, E, -1500.000000, NP, 30000 3000
24700, t, 9.880000e-07, KEe, 387293.022524, MEe, 1.290976742e+01, E, -1500.000000, NP, 30000 3000
24800, t, 9.920000e-07, KEe, 387031.909760, MEe, 1.290106366e+01, E, -1500.000000, NP, 30000 3000
24900, t, 9.960000e-07, KEe, 383128.491092, MEe, 1.277094970e+01, E, -1500.000000, NP, 30000 3000
25000, t, 1.000000e-06, KEe, 383480.390174, MEe, 1.278267967e+01, E, -1500.000000, NP, 30000 3000
25100, t, 1.004000e-06, KEe, 385042.711236, MEe, 1.283475704e+01, E, -1500.000000, NP, 30000 3000
25200, t, 1.008000e-06, KEe, 384951.941098, MEe, 1.283173137e+01, E, -1500.000000, NP, 30000 3000
25300, t, 1.012000e-06, KEe, 385111.624013, MEe, 1.283705413e+01, E, -1500.000000, NP, 30000 3000
25400, t, 1.016000e-06, KEe, 385357.684918, MEe, 1.284525616e+01, E, -1500.000000, NP, 30000 3000
25500, t, 1.020000e-06, KEe, 383593.476886, MEe, 1.278644923e+01, E, -1500.000000, NP, 30000 3000
25600, t, 1.024000e-06, KEe, 383651.414613, MEe, 1.278838049e+01, E, -1500.000000, NP, 30000 3000
25700, t, 1.028000e-06, KEe, 385201.656459, MEe, 1.284005522e+01, E, -1500.000000, NP, 30000 3000
25800, t, 1.032000e-06, KEe, 385134.465629, MEe, 1.283781552e+01, E, -1500.000000, NP, 30000 3000
25900, t, 1.036000e-06, KEe, 385126.103524, MEe, 1.283753678e+01, E, -1500.000000, NP, 30000 3000
26000, t, 1.040000e-06, KEe, 385029.848876, MEe, 1.283432830e+01, E, -1500.000000, NP, 30000 3000
26100, t, 1.044000e-06, KEe, 383447.958523, MEe, 1.278159862e+01, E, -1500.000000, NP, 30000 3000
26200, t, 1.048000e-06, KEe, 384579.915477, MEe, 1.281933052e+01, E, -1500.000000, NP, 30000 3000
26300, t, 1.052000e-06, KEe, 384612.951383, MEe, 1.282043171e+01, E, -1500.000000, NP, 30000 3000
26400, t, 1.056000e-06, KEe, 384198.511801, MEe, 1.280661706e+01, E, -1500.000000, NP, 30000 3000
26500, t, 1.060000e-06, KEe, 385158.295584, MEe, 1.283860985e+01, E, -1500.000000, NP, 30000 3000
26600, t, 1.064000e-06, KEe, 385154.416999, MEe, 1.283848057e+01, E, -1500.000000, NP, 30000 3000
26700, t, 1.068000e-06, KEe, 385630.137010, MEe, 1.285433790e+01, E, -1500.000000, NP, 30000 3000
26800, t, 1.072000e-06, KEe, 384497.793376, MEe, 1.281659311e+01, E, -1500.000000, NP, 30000 3000
26900, t, 1.076000e-06, KEe, 385617.343779, MEe, 1.285391146e+01, E, -1500.000000, NP, 30000 3000
27000, t, 1.080000e-06, KEe, 383542.683397, MEe, 1.278475611e+01, E, -1500.000000, NP, 30000 3000
27100, t, 1.084000e-06, KEe, 384685.523244, MEe, 1.282285077e+01, E, -1500.000000, NP, 30000 3000
27200, t, 1.088000e-06, KEe, 382621.796785, MEe, 1.275405989e+01, E, -1500.000000, NP, 30000 3000
27300, t, 1.092000e-06, KEe, 382603.123176, MEe, 1.275343744e+01, E, -1500.000000, NP, 30000 3000
27400, t, 1.096000e-06, KEe, 383438.184117, MEe, 1.278127280e+01, E, -1500.000000, NP, 30000 3000
27500, t, 1.100000e-06, KEe, 381505.066244, MEe, 1.271683554e+01, E, -1500.000000, NP, 30000 3000
27600, t, 1.104000e-06, KEe, 383938.634958, MEe, 1.279795450e+01, E, -1500.000000, NP, 30000 3000
27700, t, 1.108000e-06, KEe, 386949.272723, MEe, 1.289830909e+01, E, -1500.000000, NP, 30000 3000
27800, t, 1.112000e-06, KEe, 386352.019956, MEe, 1.287840067e+01, E, -1500.000000, NP, 30000 3000
27900, t, 1.116000e-06, KEe, 387116.524661, MEe, 1.290388416e+01, E, -1500.000000, NP, 30000 3000
28000, t, 1.120000e-06, KEe, 386309.673719, MEe, 1.287698912e+01, E, -1500.000000, NP, 30000 3000
28100, t, 1.124000e-06, KEe, 386634.084409, MEe, 1.288780281e+01, E, -1500.000000, NP, 30000 3000
28200, t, 1.128000e-06, KEe, 388108.104058, MEe, 1.293693680e+01, E, -1500.000000, NP, 30000 3000
28300, t, 1.132000e-06, KEe, 390603.963755, MEe, 1.302013213e+01, E, -1500.000000, NP, 30000 3000
28400, t, 1.136000e-06, KEe, 391795.292736, MEe, 1.305984309e+01, E, -1500.000000, NP, 30000 3000
28500, t, 1.140000e-06, KEe, 390330.969337, MEe, 1.301103231e+01, E, -1500.000000, NP, 30000 3000
28600, t, 1.144000e-06, KEe, 389634.980651, MEe, 1.298783269e+01, E, -1500.000000, NP, 30000 3000
28700, t, 1.148000e-06, KEe, 386378.395764, MEe, 1.287927986e+01, E, -1500.000000, NP, 30000 3000
28800, t, 1.152000e-06, KEe, 386738.088771, MEe, 1.289126963e+01, E, -1500.000000, NP, 30000 3000
28900, t, 1.156000e-06, KEe, 387115.280916, MEe, 1.290384270e+01, E, -1500.000000, NP, 30000 3000
29000, t, 1.160000e-06, KEe, 388981.228590, MEe, 1.296604095e+01, E, -1500.000000, NP, 30000 3000
29100, t, 1.164000e-06, KEe, 386797.284657, MEe, 1.289324282e+01, E, -1500.000000, NP, 30000 3000
29200, t, 1.168000e-06, KEe, 386527.795704, MEe, 1.288425986e+01, E, -1500.000000, NP, 30000 3000
29300, t, 1.172000e-06, KEe, 384601.015296, MEe, 1.282003384e+01, E, -1500.000000, NP, 30000 3000
29400, t, 1.176000e-06, KEe, 386056.031400, MEe, 1.286853438e+01, E, -1500.000000, NP, 30000 3000
29500, t, 1.180000e-06, KEe, 387117.343068, MEe, 1.290391144e+01, E, -1500.000000, NP, 30000 3000
29600, t, 1.184000e-06, KEe, 386569.085320, MEe, 1.288563618e+01, E, -1500.000000, NP, 30000 3000
29700, t, 1.188000e-06, KEe, 386983.425996, MEe, 1.289944753e+01, E, -1500.000000, NP, 30000 3000
29800, t, 1.192000e-06, KEe, 383918.162305, MEe, 1.279727208e+01, E, -1500.000000, NP, 30000 3000
29900, t, 1.196000e-06, KEe, 383033.604539, MEe, 1.276778682e+01, E, -1500.000000, NP, 30000 3000
30000, t, 1.200000e-06, KEe, 383636.138035, MEe, 1.278787127e+01, E, -1500.000000, NP, 30000 3000
30100, t, 1.204000e-06, KEe, 382563.995472, MEe, 1.275213318e+01, E, -1500.000000, NP, 30000 3000
30200, t, 1.208000e-06, KEe, 383156.803255, MEe, 1.277189344e+01, E, -1500.000000, NP, 30000 3000
30300, t, 1.212000e-06, KEe, 382470.358638, MEe, 1.274901195e+01, E, -1500.000000, NP, 30000 3000
30400, t, 1.216000e-06, KEe, 384227.304532, MEe, 1.280757682e+01, E, -1500.000000, NP, 30000 3000
30500, t, 1.220000e-06, KEe, 386685.873760, MEe, 1.288952913e+01, E, -1500.000000, NP, 30000 3000
30600, t, 1.224000e-06, KEe, 388101.411463, MEe, 1.293671372e+01, E, -1500.000000, NP, 30000 3000
30700, t, 1.228000e-06, KEe, 388688.573440, MEe, 1.295628578e+01, E, -1500.000000, NP, 30000 3000
30800, t, 1.232000e-06, KEe, 386492.896927, MEe, 1.288309656e+01, E, -1500.000000, NP, 30000 3000
30900, t, 1.236000e-06, KEe, 386145.587533, MEe, 1.287151958e+01, E, -1500.000000, NP, 30000 3000
31000, t, 1.240000e-06, KEe, 386750.571604, MEe, 1.289168572e+01, E, -1500.000000, NP, 30000 3000
31100, t, 1.244000e-06, KEe, 386575.241804, MEe, 1.288584139e+01, E, -1500.000000, NP, 30000 3000
31200, t, 1.248000e-06, KEe, 386049.170233, MEe, 1.286830567e+01, E, -1500.000000, NP, 30000 3000
31300, t, 1.252000e-06, KEe, 386200.191122, MEe, 1.287333970e+01, E, -1500.000000, NP, 30000 3000
31400, t, 1.256000e-06, KEe, 385660.702224, MEe, 1.285535674e+01, E, -1500.000000, NP, 30000 3000
31500, t, 1.260000e-06, KEe, 385212.370042, MEe, 1.284041233e+01, E, -1500.000000, NP, 30000 3000
31600, t, 1.264000e-06, KEe, 385398.806109, MEe, 1.284662687e+01, E, -1500.000000, NP, 30000 3000
31700, t, 1.268000e-06, KEe, 385367.405536, MEe, 1.284558018e+01, E, -1500.000000, NP, 30000 3000
31800, t, 1.272000e-06, KEe, 384857.006577, MEe, 1.282856689e+01, E, -1500.000000, NP, 30000 3000
31900, t, 1.276000e-06, KEe, 385289.082029, MEe, 1.284296940e+01, E, -1500.000000, NP, 30000 3000
32000, t, 1.280000e-06, KEe, 386412.564340, MEe, 1.288041881e+01, E, -1500.000000, NP, 30000 3000
32100, t, 1.284000e-06, KEe, 386474.687659, MEe, 1.288248959e+01, E, -1500.000000, NP, 30000 3000
32200, t, 1.288000e-06, KEe, 385774.400942, MEe, 1.285914670e+01, E, -1500.000000, NP, 30000 3000
32300, t, 1.292000e-06, KEe, 385113.338173, MEe, 1.283711127e+01, E, -1500.000000, NP, 30000 3000
32400, t, 1.296000e-06, KEe, 384761.493521, MEe, 1.282538312e+01, E, -1500.000000, NP, 30000 3000
32500, t, 1.300000e-06, KEe, 385926.524628, MEe, 1.286421749e+01, E, -1500.000000, NP, 30000 3000
32600, t, 1.304000e-06, KEe, 388533.419282, MEe, 1.295111398e+01, E, -1500.000000, NP, 30000 3000
32700, t, 1.308000e-06, KEe, 387471.326549, MEe, 1.291571088e+01, E, -1500.000000, NP, 30000 3000
32800, t, 1.312000e-06, KEe, 387853.549454, MEe, 1.292845165e+01, E, -1500.000000, NP, 30000 3000
32900, t, 1.316000e-06, KEe, 386646.465458, MEe, 1.288821552e+01, E, -1500.000000, NP, 30000 3000
33000, t, 1.320000e-06, KEe, 387315.147529, MEe, 1.291050492e+01, E, -1500.000000, NP, 30000 3000
33100, t, 1.324000e-06, KEe, 387016.706465, MEe, 1.290055688e+01, E, -1500.000000, NP, 30000 3000
33200, t, 1.328000e-06, KEe, 387382.808628, MEe, 1.291276029e+01, E, -1500.000000, NP, 30000 3000
33300, t, 1.332000e-06, KEe, 387401.648067, MEe, 1.291338827e+01, E, -1500.000000, NP, 30000 3000
33400, t, 1.336000e-06, KEe, 386692.517448, MEe, 1.288975058e+01, E, -1500.000000, NP, 30000 3000
33500, t, 1.340000e-06, KEe, 387322.407665, MEe, 1.291074692e+01, E, -1500.000000, NP, 30000 3000
33600, t, 1.344000e-06, KEe, 387605.317425, MEe, 1.292017725e+01, E, -1500.000000, NP, 30000 3000
33700, t, 1.348000e-06, KEe, 386916.825536, MEe, 1.289722752e+01, E, -1500.000000, NP, 30000 3000
33800, t, 1.352000e-06, KEe, 386115.065198, MEe, 1.287050217e+01, E, -1500.000000, NP, 30000 3000
33900, t, 1.356000e-06, KEe, 386806.062883, MEe, 1.289353543e+01, E, -1500.000000, NP, 30000 3000
34000, t, 1.360000e-06, KEe, 386727.581373, MEe, 1.289091938e+01, E, -1500.000000, NP, 30000 3000
34100, t, 1.364000e-06, KEe, 385424.909808, MEe, 1.284749699e+01, E, -1500.000000, NP, 30000 3000
34200, t, 1.368000e-06, KEe, 384102.038761, MEe, 1.280340129e+01, E, -1500.000000, NP, 30000 3000
34300, t, 1.372000e-06, KEe, 385085.756355, MEe, 1.283619188e+01, E, -1500.000000, NP, 30000 3000
34400, t, 1.376000e-06, KEe, 384712.978702, MEe, 1.282376596e+01, E, -1500.000000, NP, 30000 3000
34500, t, 1.380000e-06, KEe, 384603.352973, MEe, 1.282011177e+01, E, -1500.000000, NP, 30000 3000
34600, t, 1.384000e-06, KEe, 385340.274138, MEe, 1.284467580e+01, E, -1500.000000, NP, 30000 3000
34700, t, 1.388000e-06, KEe, 386685.832825, MEe, 1.288952776e+01, E, -1500.000000, NP, 30000 3000
34800, t, 1.392000e-06, KEe, 386379.071191, MEe, 1.287930237e+01, E, -1500.000000, NP, 30000 3000
34900, t, 1.396000e-06, KEe, 387325.898657, MEe, 1.291086329e+01, E, -1500.000000, NP, 30000 3000
35000, t, 1.400000e-06, KEe, 386790.619322, MEe, 1.289302064e+01, E, -1500.000000, NP, 30000 3000
35100, t, 1.404000e-06, KEe, 386179.366682, MEe, 1.287264556e+01, E, -1500.000000, NP, 30000 3000
35200, t, 1.408000e-06, KEe, 386610.162966, MEe, 1.288700543e+01, E, -1500.000000, NP, 30000 3000
35300, t, 1.412000e-06, KEe, 386108.857242, MEe, 1.287029524e+01, E, -1500.000000, NP, 30000 3000
35400, t, 1.416000e-06, KEe, 386362.591899, MEe, 1.287875306e+01, E, -1500.000000, NP, 30000 3000
35500, t, 1.420000e-06, KEe, 384549.064592, MEe, 1.281830215e+01, E, -1500.000000, NP, 30000 3000
35600, t, 1.424000e-06, KEe, 385532.528086, MEe, 1.285108427e+01, E, -1500.000000, NP, 30000 3000
35700, t, 1.428000e-06, KEe, 386412.009750, MEe, 1.288040032e+01, E, -1500.000000, NP, 30000 3000
35800, t, 1.432000e-06, KEe, 385713.018173, MEe, 1.285710061e+01, E, -1500.000000, NP, 30000 3000
35900, t, 1.436000e-06, KEe, 387017.064039, MEe, 1.290056880e+01, E, -1500.000000, NP, 30000 3000
36000, t, 1.440000e-06, KEe, 386262.905811, MEe, 1.287543019e+01, E, -1500.000000, NP, 30000 3000
36100, t, 1.444000e-06, KEe, 387809.783159, MEe, 1.292699277e+01, E, -1500.000000, NP, 30000 3000
36200, t, 1.448000e-06, KEe, 388401.079371, MEe, 1.294670265e+01, E, -1500.000000, NP, 30000 3000
36300, t, 1.452000e-06, KEe, 386280.168191, MEe, 1.287600561e+01, E, -1500.000000, NP, 30000 3000
36400, t, 1.456000e-06, KEe, 384760.893368, MEe, 1.282536311e+01, E, -1500.000000, NP, 30000 3000
36500, t, 1.460000e-06, KEe, 385824.734740, MEe, 1.286082449e+01, E, -1500.000000, NP, 30000 3000
36600, t, 1.464000e-06, KEe, 386464.055541, MEe, 1.288213518e+01, E, -1500.000000, NP, 30000 3000
36700, t, 1.468000e-06, KEe, 387238.323432, MEe, 1.290794411e+01, E, -1500.000000, NP, 30000 3000
36800, t, 1.472000e-06, KEe, 384377.903638, MEe, 1.281259679e+01, E, -1500.000000, NP, 30000 3000
36900, t, 1.476000e-06, KEe, 382855.901732, MEe, 1.276186339e+01, E, -1500.000000, NP, 30000 3000
37000, t, 1.480000e-06, KEe, 384323.083304, MEe, 1.281076944e+01, E, -1500.000000, NP, 30000 3000
37100, t, 1.484000e-06, KEe, 385487.141144, MEe, 1.284957137e+01, E, -1500.000000, NP, 30000 3000
37200, t, 1.488000e-06, KEe, 384938.936495, MEe, 1.283129788e+01, E, -1500.000000, NP, 30000 3000
37300, t, 1.492000e-06, KEe, 385223.526061, MEe, 1.284078420e+01, E, -1500.000000, NP, 30000 3000
37400, t, 1.496000e-06, KEe, 387386.704626, MEe, 1.291289015e+01, E, -1500.000000, NP, 30000 3000
37500, t, 1.500000e-06, KEe, 386498.672648, MEe, 1.288328909e+01, E, -1500.000000, NP, 30000 3000
37600, t, 1.504000e-06, KEe, 385387.333563, MEe, 1.284624445e+01, E, -1500.000000, NP, 30000 3000
37700, t, 1.508000e-06, KEe, 385821.820796, MEe, 1.286072736e+01, E, -1500.000000, NP, 30000 3000
37800, t, 1.512000e-06, KEe, 386282.331029, MEe, 1.287607770e+01, E, -1500.000000, NP, 30000 3000
37900, t, 1.516000e-06, KEe, 384369.595883, MEe, 1.281231986e+01, E, -1500.000000, NP, 30000 3000
38000, t, 1.520000e-06, KEe, 386690.505838, MEe, 1.288968353e+01, E, -1500.000000, NP, 30000 3000
38100, t, 1.524000e-06, KEe, 386009.422540, MEe, 1.286698075e+01, E, -1500.000000, NP, 30000 3000
38200, t, 1.528000e-06, KEe, 385616.813775, MEe, 1.285389379e+01, E, -1500.000000, NP, 30000 3000
38300, t, 1.532000e-06, KEe, 385814.603945, MEe, 1.286048680e+01, E, -1500.000000, NP, 30000 3000
38400, t, 1.536000e-06, KEe, 383044.522469, MEe, 1.276815075e+01, E, -1500.000000, NP, 30000 3000
38500, t, 1.540000e-06, KEe, 382850.588620, MEe, 1.276168629e+01, E, -1500.000000, NP, 30000 3000
38600, t, 1.544000e-06, KEe, 383290.194885, MEe, 1.277633983e+01, E, -1500.000000, NP, 30000 3000
38700, t, 1.548000e-06, KEe, 385409.409243, MEe, 1.284698031e+01, E, -1500.000000, NP, 30000 3000
38800, t, 1.552000e-06, KEe, 387471.568718, MEe, 1.291571896e+01, E, -1500.000000, NP, 30000 3000
38900, t, 1.556000e-06, KEe, 385422.238042, MEe, 1.284740793e+01, E, -1500.000000, NP, 30000 3000
39000, t, 1.560000e-06, KEe, 385210.226852, MEe, 1.284034090e+01, E, -1500.000000, NP, 30000 3000
39100, t, 1.564000e-06, KEe, 384497.198870, MEe, 1.281657330e+01, E, -1500.000000, NP, 30000 3000
39200, t, 1.568000e-06, KEe, 385280.872988, MEe, 1.284269577e+01, E, -1500.000000, NP, 30000 3000
39300, t, 1.572000e-06, KEe, 387073.378483, MEe, 1.290244595e+01, E, -1500.000000, NP, 30000 3000
39400, t, 1.576000e-06, KEe, 386877.472893, MEe, 1.289591576e+01, E, -1500.000000, NP, 30000 3000
39500, t, 1.580000e-06, KEe, 384742.054342, MEe, 1.282473514e+01, E, -1500.000000, NP, 30000 3000
39600, t, 1.584000e-06, KEe, 385943.616324, MEe, 1.286478721e+01, E, -1500.000000, NP, 30000 3000
39700, t, 1.588000e-06, KEe, 385242.683735, MEe, 1.284142279e+01, E, -1500.000000, NP, 30000 3000
39800, t, 1.592000e-06, KEe, 383590.027673, MEe, 1.278633426e+01, E, -1500.000000, NP, 30000 3000
39900, t, 1.596000e-06, KEe, 386261.499936, MEe, 1.287538333e+01, E, -1500.000000, NP, 30000 3000
40000, t, 1.600000e-06, KEe, 385614.689112, MEe, 1.285382297e+01, E, -1500.000000, NP, 30000 3000
40100, t, 1.604000e-06, KEe, 384307.018589, MEe, 1.281023395e+01, E, -1500.000000, NP, 30000 3000
40200, t, 1.608000e-06, KEe, 385309.981360, MEe, 1.284366605e+01, E, -1500.000000, NP, 30000 3000
40300, t, 1.612000e-06, KEe, 383902.348595, MEe, 1.279674495e+01, E, -1500.000000, NP, 30000 3000
40400, t, 1.616000e-06, KEe, 386831.564241, MEe, 1.289438547e+01, E, -1500.000000, NP, 30000 3000
40500, t, 1.620000e-06, KEe, 386571.344159, MEe, 1.288571147e+01, E, -1500.000000, NP, 30000 3000
40600, t, 1.624000e-06, KEe, 386014.205613, MEe, 1.286714019e+01, E, -1500.000000, NP, 30000 3000
40700, t, 1.628000e-06, KEe, 387391.616411, MEe, 1.291305388e+01, E, -1500.000000, NP, 30000 3000
40800, t, 1.632000e-06, KEe, 385058.442341, MEe, 1.283528141e+01, E, -1500.000000, NP, 30000 3000
40900, t, 1.636000e-06, KEe, 385593.329892, MEe, 1.285311100e+01, E, -1500.000000, NP, 30000 3000
41000, t, 1.640000e-06, KEe, 385829.079089, MEe, 1.286096930e+01, E, -1500.000000, NP, 30000 3000
41100, t, 1.644000e-06, KEe, 383591.782196, MEe, 1.278639274e+01, E, -1500.000000, NP, 30000 3000
41200, t, 1.648000e-06, KEe, 384657.543744, MEe, 1.282191812e+01, E, -1500.000000, NP, 30000 3000
41300, t, 1.652000e-06, KEe, 382084.811032, MEe, 1.273616037e+01, E, -1500.000000, NP, 30000 3000
41400, t, 1.656000e-06, KEe, 385676.689294, MEe, 1.285588964e+01, E, -1500.000000, NP, 30000 3000
41500, t, 1.660000e-06, KEe, 385822.321128, MEe, 1.286074404e+01, E, -1500.000000, NP, 30000 3000
41600, t, 1.664000e-06, KEe, 385876.110707, MEe, 1.286253702e+01, E, -1500.000000, NP, 30000 3000
41700, t, 1.668000e-06, KEe, 384646.347741, MEe, 1.282154492e+01, E, -1500.000000, NP, 30000 3000
41800, t, 1.672000e-06, KEe, 385279.198093, MEe, 1.284263994e+01, E, -1500.000000, NP, 30000 3000
41900, t, 1.676000e-06, KEe, 385273.448792, MEe, 1.284244829e+01, E, -1500.000000, NP, 30000 3000
42000, t, 1.680000e-06, KEe, 386737.319037, MEe, 1.289124397e+01, E, -1500.000000, NP, 30000 3000
42100, t, 1.684000e-06, KEe, 385185.442631, MEe, 1.283951475e+01, E, -1500.000000, NP, 30000 3000
42200, t, 1.688000e-06, KEe, 386170.330921, MEe, 1.287234436e+01, E, -1500.000000, NP, 30000 3000
42300, t, 1.692000e-06, KEe, 385316.168864, MEe, 1.284387230e+01, E, -1500.000000, NP, 30000 3000
42400, t, 1.696000e-06, KEe, 385877.383570, MEe, 1.286257945e+01, E, -1500.000000, NP, 30000 3000
42500, t, 1.700000e-06, KEe, 384978.885122, MEe, 1.283262950e+01, E, -1500.000000, NP, 30000 3000
42600, t, 1.704000e-06, KEe, 385278.323618, MEe, 1.284261079e+01, E, -1500.000000, NP, 30000 3000
42700, t, 1.708000e-06, KEe, 385531.354529, MEe, 1.285104515e+01, E, -1500.000000, NP, 30000 3000
42800, t, 1.712000e-06, KEe, 385915.502061, MEe, 1.286385007e+01, E, -1500.000000, NP, 30000 3000
42900, t, 1.716000e-06, KEe, 386503.265440, MEe, 1.288344218e+01, E, -1500.000000, NP, 30000 3000
43000, t, 1.720000e-06, KEe, 385352.061306, MEe, 1.284506871e+01, E, -1500.000000, NP, 30000 3000
43100, t, 1.724000e-06, KEe, 384569.914824, MEe, 1.281899716e+01, E, -1500.000000, NP, 30000 3000
43200, t, 1.728000e-06, KEe, 387635.278217, MEe, 1.292117594e+01, E, -1500.000000, NP, 30000 3000
43300, t, 1.732000e-06, KEe, 387348.152295, MEe, 1.291160508e+01, E, -1500.000000, NP, 30000 3000
43400, t, 1.736000e-06, KEe, 386718.560054, MEe, 1.289061867e+01, E, -1500.000000, NP, 30000 3000
43500, t, 1.740000e-06, KEe, 388985.316971, MEe, 1.296617723e+01, E, -1500.000000, NP, 30000 3000
43600, t, 1.744000e-06, KEe, 386164.492593, MEe, 1.287214975e+01, E, -1500.000000, NP, 30000 3000
43700, t, 1.748000e-06, KEe, 386232.802835, MEe, 1.287442676e+01, E, -1500.000000, NP, 30000 3000
43800, t, 1.752000e-06, KEe, 385049.414700, MEe, 1.283498049e+01, E, -1500.000000, NP, 30000 3000
43900, t, 1.756000e-06, KEe, 385634.288747, MEe, 1.285447629e+01, E, -1500.000000, NP, 30000 3000
44000, t, 1.760000e-06, KEe, 385024.862749, MEe, 1.283416209e+01, E, -1500.000000, NP, 30000 3000
44100, t, 1.764000e-06, KEe, 387077.950409, MEe, 1.290259835e+01, E, -1500.000000, NP, 30000 3000
44200, t, 1.768000e-06, KEe, 386966.740909, MEe, 1.289889136e+01, E, -1500.000000, NP, 30000 3000
44300, t, 1.772000e-06, KEe, 387189.764536, MEe, 1.290632548e+01, E, -1500.000000, NP, 30000 3000
44400, t, 1.776000e-06, KEe, 388519.034744, MEe, 1.295063449e+01, E, -1500.000000, NP, 30000 3000
44500, t, 1.780000e-06, KEe, 387464.749871, MEe, 1.291549166e+01, E, -1500.000000, NP, 30000 3000
44600, t, 1.784000e-06, KEe, 386667.107893, MEe, 1.288890360e+01, E, -1500.000000, NP, 30000 3000
44700, t, 1.788000e-06, KEe, 387743.647633, MEe, 1.292478825e+01, E, -1500.000000, NP, 30000 3000
44800, t, 1.792000e-06, KEe, 387829.218489, MEe, 1.292764062e+01, E, -1500.000000, NP, 30000 3000
44900, t, 1.796000e-06, KEe, 387788.688311, MEe, 1.292628961e+01, E, -1500.000000, NP, 30000 3000
45000, t, 1.800000e-06, KEe, 386343.149880, MEe, 1.287810500e+01, E, -1500.000000, NP, 30000 3000
45100, t, 1.804000e-06, KEe, 386722.261328, MEe, 1.289074204e+01, E, -1500.000000, NP, 30000 3000
45200, t, 1.808000e-06, KEe, 385778.598218, MEe, 1.285928661e+01, E, -1500.000000, NP, 30000 3000
45300, t, 1.812000e-06, KEe, 385635.103438, MEe, 1.285450345e+01, E, -1500.000000, NP, 30000 3000
45400, t, 1.816000e-06, KEe, 383648.552864, MEe, 1.278828510e+01, E, -1500.000000, NP, 30000 3000
45500, t, 1.820000e-06, KEe, 383800.155250, MEe, 1.279333851e+01, E, -1500.000000, NP, 30000 3000
45600, t, 1.824000e-06, KEe, 383266.621270, MEe, 1.277555404e+01, E, -1500.000000, NP, 30000 3000
45700, t, 1.828000e-06, KEe, 385293.640359, MEe, 1.284312135e+01, E, -1500.000000, NP, 30000 3000
45800, t, 1.832000e-06, KEe, 385957.899201, MEe, 1.286526331e+01, E, -1500.000000, NP, 30000 3000
45900, t, 1.836000e-06, KEe, 386221.951726, MEe, 1.287406506e+01, E, -1500.000000, NP, 30000 3000
46000, t, 1.840000e-06, KEe, 384865.064948, MEe, 1.282883550e+01, E, -1500.000000, NP, 30000 3000
46100, t, 1.844000e-06, KEe, 383088.577081, MEe, 1.276961924e+01, E, -1500.000000, NP, 30000 3000
46200, t, 1.848000e-06, KEe, 383663.577522, MEe, 1.278878592e+01, E, -1500.000000, NP, 30000 3000
46300, t, 1.852000e-06, KEe, 384779.819383, MEe, 1.282599398e+01, E, -1500.000000, NP, 30000 3000
46400, t, 1.856000e-06, KEe, 385176.680121, MEe, 1.283922267e+01, E, -1500.000000, NP, 30000 3000
46500, t, 1.860000e-06, KEe, 385794.061684, MEe, 1.285980206e+01, E, -1500.000000, NP, 30000 3000
46600, t, 1.864000e-06, KEe, 387382.687204, MEe, 1.291275624e+01, E, -1500.000000, NP, 30000 3000
46700, t, 1.868000e-06, KEe, 386552.049390, MEe, 1.288506831e+01, E, -1500.000000, NP, 30000 3000
46800, t, 1.872000e-06, KEe, 386967.309118, MEe, 1.289891030e+01, E, -1500.000000, NP, 30000 3000
46900, t, 1.876000e-06, KEe, 385778.101609, MEe, 1.285927005e+01, E, -1500.000000, NP, 30000 3000
47000, t, 1.880000e-06, KEe, 387649.387331, MEe, 1.292164624e+01, E, -1500.000000, NP, 30000 3000
47100, t, 1.884000e-06, KEe, 388781.618277, MEe, 1.295938728e+01, E, -1500.000000, NP, 30000 3000
47200, t, 1.888000e-06, KEe, 387663.649710, MEe, 1.292212166e+01, E, -1500.000000, NP, 30000 3000
47300, t, 1.892000e-06, KEe, 387000.344752, MEe, 1.290001149e+01, E, -1500.000000, NP, 30000 3000
47400, t, 1.896000e-06, KEe, 386074.417272, MEe, 1.286914724e+01, E, -1500.000000, NP, 30000 3000
47500, t, 1.900000e-06, KEe, 387352.890016, MEe, 1.291176300e+01, E, -1500.000000, NP, 30000 3000
47600, t, 1.904000e-06, KEe, 386849.735669, MEe, 1.289499119e+01, E, -1500.000000, NP, 30000 3000
47700, t, 1.908000e-06, KEe, 386325.696135, MEe, 1.287752320e+01, E, -1500.000000, NP, 30000 3000
47800, t, 1.912000e-06, KEe, 384973.779513, MEe, 1.283245932e+01, E, -1500.000000, NP, 30000 3000
47900, t, 1.916000e-06, KEe, 385924.580697, MEe, 1.286415269e+01, E, -1500.000000, NP, 30000 3000
48000, t, 1.920000e-06, KEe, 386275.274456, MEe, 1.287584248e+01, E, -1500.000000, NP, 30000 3000
48100, t, 1.924000e-06, KEe, 385674.881767, MEe, 1.285582939e+01, E, -1500.000000, NP, 30000 3000
48200, t, 1.928000e-06, KEe, 385422.314464, MEe, 1.284741048e+01, E, -1500.000000, NP, 30000 3000
48300, t, 1.932000e-06, KEe, 386708.825285, MEe, 1.289029418e+01, E, -1500.000000, NP, 30000 3000
48400, t, 1.936000e-06, KEe, 386352.921974, MEe, 1.287843073e+01, E, -1500.000000, NP, 30000 3000
48500, t, 1.940000e-06, KEe, 384702.207255, MEe, 1.282340691e+01, E, -1500.000000, NP, 30000 3000
48600, t, 1.944000e-06, KEe, 384178.594342, MEe, 1.280595314e+01, E, -1500.000000, NP, 30000 3000
48700, t, 1.948000e-06, KEe, 386084.577537, MEe, 1.286948592e+01, E, -1500.000000, NP, 30000 3000
48800, t, 1.952000e-06, KEe, 385139.778603, MEe, 1.283799262e+01, E, -1500.000000, NP, 30000 3000
48900, t, 1.956000e-06, KEe, 385058.890113, MEe, 1.283529634e+01, E, -1500.000000, NP, 30000 3000
49000, t, 1.960000e-06, KEe, 387130.849816, MEe, 1.290436166e+01, E, -1500.000000, NP, 30000 3000
49100, t, 1.964000e-06, KEe, 387479.456698, MEe, 1.291598189e+01, E, -1500.000000, NP, 30000 3000
49200, t, 1.968000e-06, KEe, 387375.919308, MEe, 1.291253064e+01, E, -1500.000000, NP, 30000 3000
49300, t, 1.972000e-06, KEe, 387256.369054, MEe, 1.290854564e+01, E, -1500.000000, NP, 30000 3000
49400, t, 1.976000e-06, KEe, 386111.383530, MEe, 1.287037945e+01, E, -1500.000000, NP, 30000 3000
49500, t, 1.980000e-06, KEe, 387504.541848, MEe, 1.291681806e+01, E, -1500.000000, NP, 30000 3000
49600, t, 1.984000e-06, KEe, 387559.514192, MEe, 1.291865047e+01, E, -1500.000000, NP, 30000 3000
49700, t, 1.988000e-06, KEe, 387528.463766, MEe, 1.291761546e+01, E, -1500.000000, NP, 30000 3000
49800, t, 1.992000e-06, KEe, 385974.501916, MEe, 1.286581673e+01, E, -1500.000000, NP, 30000 3000
49900, t, 1.996000e-06, KEe, 386476.485900, MEe, 1.288254953e+01, E, -1500.000000, NP, 30000 3000
50000, t, 2.000000e-06, KEe, 386015.015938, MEe, 1.286716720e+01, E, -1500.000000, NP, 30000 3000
50100, t, 2.004000e-06, KEe, 387642.531011, MEe, 1.292141770e+01, E, -1500.000000, NP, 30000 3000
50200, t, 2.008000e-06, KEe, 385512.820734, MEe, 1.285042736e+01, E, -1500.000000, NP, 30000 3000
50300, t, 2.012000e-06, KEe, 385900.427808, MEe, 1.286334759e+01, E, -1500.000000, NP, 30000 3000
50400, t, 2.016000e-06, KEe, 386143.801198, MEe, 1.287146004e+01, E, -1500.000000, NP, 30000 3000
50500, t, 2.020000e-06, KEe, 386982.344310, MEe, 1.289941148e+01, E, -1500.000000, NP, 30000 3000
50600, t, 2.024000e-06, KEe, 385457.034887, MEe, 1.284856783e+01, E, -1500.000000, NP, 30000 3000
50700, t, 2.028000e-06, KEe, 386283.547468, MEe, 1.287611825e+01, E, -1500.000000, NP, 30000 3000
50800, t, 2.032000e-06, KEe, 386483.273555, MEe, 1.288277579e+01, E, -1500.000000, NP, 30000 3000
50900, t, 2.036000e-06, KEe, 385561.055337, MEe, 1.285203518e+01, E, -1500.000000, NP, 30000 3000
51000, t, 2.040000e-06, KEe, 385828.748096, MEe, 1.286095827e+01, E, -1500.000000, NP, 30000 3000
51100, t, 2.044000e-06, KEe, 386021.045550, MEe, 1.286736818e+01, E, -1500.000000, NP, 30000 3000
51200, t, 2.048000e-06, KEe, 384935.118264, MEe, 1.283117061e+01, E, -1500.000000, NP, 30000 3000
51300, t, 2.052000e-06, KEe, 387472.835278, MEe, 1.291576118e+01, E, -1500.000000, NP, 30000 3000
51400, t, 2.056000e-06, KEe, 388889.231408, MEe, 1.296297438e+01, E, -1500.000000, NP, 30000 3000
51500, t, 2.060000e-06, KEe, 387112.143652, MEe, 1.290373812e+01, E, -1500.000000, NP, 30000 3000
51600, t, 2.064000e-06, KEe, 384902.579309, MEe, 1.283008598e+01, E, -1500.000000, NP, 30000 3000
51700, t, 2.068000e-06, KEe, 385947.511131, MEe, 1.286491704e+01, E, -1500.000000, NP, 30000 3000
51800, t, 2.072000e-06, KEe, 386323.980698, MEe, 1.287746602e+01, E, -1500.000000, NP, 30000 3000
51900, t, 2.076000e-06, KEe, 385536.656005, MEe, 1.285122187e+01, E, -1500.000000, NP, 30000 3000
52000, t, 2.080000e-06, KEe, 386014.653061, MEe, 1.286715510e+01, E, -1500.000000, NP, 30000 3000
52100, t, 2.084000e-06, KEe, 388265.981075, MEe, 1.294219937e+01, E, -1500.000000, NP, 30000 3000
52200, t, 2.088000e-06, KEe, 386793.938841, MEe, 1.289313129e+01, E, -1500.000000, NP, 30000 3000
52300, t, 2.092000e-06, KEe, 386556.995152, MEe, 1.288523317e+01, E, -1500.000000, NP, 30000 3000
52400, t, 2.096000e-06, KEe, 385844.852437, MEe, 1.286149508e+01, E, -1500.000000, NP, 30000 3000
52500, t, 2.100000e-06, KEe, 385172.170664, MEe, 1.283907236e+01, E, -1500.000000, NP, 30000 3000
52600, t, 2.104000e-06, KEe, 387337.520705, MEe, 1.291125069e+01, E, -1500.000000, NP, 30000 3000
52700, t, 2.108000e-06, KEe, 386051.619543, MEe, 1.286838732e+01, E, -1500.000000, NP, 30000 3000
52800, t, 2.112000e-06, KEe, 385560.741532, MEe, 1.285202472e+01, E, -1500.000000, NP, 30000 3000
52900, t, 2.116000e-06, KEe, 383813.303229, MEe, 1.279377677e+01, E, -1500.000000, NP, 30000 3000
53000, t, 2.120000e-06, KEe, 384842.628496, MEe, 1.282808762e+01, E, -1500.000000, NP, 30000 3000
53100, t, 2.124000e-06, KEe, 385704.072993, MEe, 1.285680243e+01, E, -1500.000000, NP, 30000 3000
53200, t, 2.128000e-06, KEe, 385570.760482, MEe, 1.285235868e+01, E, -1500.000000, NP, 30000 3000
53300, t, 2.132000e-06, KEe, 385727.725099, MEe, 1.285759084e+01, E, -1500.000000, NP, 30000 3000
53400, t, 2.136000e-06, KEe, 385113.306123, MEe, 1.283711020e+01, E, -1500.000000, NP, 30000 3000
53500, t, 2.140000e-06, KEe, 386359.991386, MEe, 1.287866638e+01, E, -1500.000000, NP, 30000 3000
53600, t, 2.144000e-06, KEe, 384418.206782, MEe, 1.281394023e+01, E, -1500.000000, NP, 30000 3000
53700, t, 2.148000e-06, KEe, 385752.213815, MEe, 1.285840713e+01, E, -1500.000000, NP, 30000 3000
53800, t, 2.152000e-06, KEe, 385834.097398, MEe, 1.286113658e+01, E, -1500.000000, NP, 30000 3000
53900, t, 2.156000e-06, KEe, 384692.722640, MEe, 1.282309075e+01, E, -1500.000000, NP, 30000 3000
54000, t, 2.160000e-06, KEe, 383189.990365, MEe, 1.277299968e+01, E, -1500.000000, NP, 30000 3000
54100, t, 2.164000e-06, KEe, 383720.546984, MEe, 1.279068490e+01, E, -1500.000000, NP, 30000 3000
54200, t, 2.168000e-06, KEe, 385592.599839, MEe, 1.285308666e+01, E, -1500.000000, NP, 30000 3000
54300, t, 2.172000e-06, KEe, 384202.162408, MEe, 1.280673875e+01, E, -1500.000000, NP, 30000 3000
54400, t, 2.176000e-06, KEe, 385750.621969, MEe, 1.285835407e+01, E, -1500.000000, NP, 30000 3000
54500, t, 2.180000e-06, KEe, 386527.337394, MEe, 1.288424458e+01, E, -1500.000000, NP, 30000 3000
54600, t, 2.184000e-06, KEe, 386650.790090, MEe, 1.288835967e+01, E, -1500.000000, NP, 30000 3000
54700, t, 2.188000e-06, KEe, 388595.047941, MEe, 1.295316826e+01, E, -1500.000000, NP, 30000 3000
54800, t, 2.192000e-06, KEe, 389257.049909, MEe, 1.297523500e+01, E, -1500.000000, NP, 30000 3000
54900, t, 2.196000e-06, KEe, 388489.083001, MEe, 1.294963610e+01, E, -1500.000000, NP, 30000 3000
55000, t, 2.200000e-06, KEe, 387274.180515, MEe, 1.290913935e+01, E, -1500.000000, NP, 30000 3000
55100, t, 2.204000e-06, KEe, 384562.579818, MEe, 1.281875266e+01, E, -1500.000000, NP, 30000 3000
55200, t, 2.208000e-06, KEe, 384581.041191, MEe, 1.281936804e+01, E, -1500.000000, NP, 30000 3000
55300, t, 2.212000e-06, KEe, 385323.653256, MEe, 1.284412178e+01, E, -1500.000000, NP, 30000 3000
55400, t, 2.216000e-06, KEe, 385259.333884, MEe, 1.284197780e+01, E, -1500.000000, NP, 30000 3000
55500, t, 2.220000e-06, KEe, 384520.669782, MEe, 1.281735566e+01, E, -1500.000000, NP, 30000 3000
55600, t, 2.224000e-06, KEe, 385470.923127, MEe, 1.284903077e+01, E, -1500.000000, NP, 30000 3000
55700, t, 2.228000e-06, KEe, 386436.281178, MEe, 1.288120937e+01, E, -1500.000000, NP, 30000 3000
55800, t, 2.232000e-06, KEe, 387283.448413, MEe, 1.290944828e+01, E, -1500.000000, NP, 30000 3000
55900, t, 2.236000e-06, KEe, 385846.087184, MEe, 1.286153624e+01, E, -1500.000000, NP, 30000 3000
56000, t, 2.240000e-06, KEe, 386013.688105, MEe, 1.286712294e+01, E, -1500.000000, NP, 30000 3000
56100, t, 2.244000e-06, KEe, 386500.826561, MEe, 1.288336089e+01, E, -1500.000000, NP, 30000 3000
56200, t, 2.248000e-06, KEe, 388882.698813, MEe, 1.296275663e+01, E, -1500.000000, NP, 30000 3000
56300, t, 2.252000e-06, KEe, 387176.443693, MEe, 1.290588146e+01, E, -1500.000000, NP, 30000 3000
56400, t, 2.256000e-06, KEe, 388119.541158, MEe, 1.293731804e+01, E, -1500.000000, NP, 30000 3000
56500, t, 2.260000e-06, KEe, 385335.852075, MEe, 1.284452840e+01, E, -1500.000000, NP, 30000 3000
56600, t, 2.264000e-06, KEe, 386066.617747, MEe, 1.286888726e+01, E, -1500.000000, NP, 30000 3000
56700, t, 2.268000e-06, KEe, 387020.693365, MEe, 1.290068978e+01, E, -1500.000000, NP, 30000 3000
56800, t, 2.272000e-06, KEe, 386047.977277, MEe, 1.286826591e+01, E, -1500.000000, NP, 30000 3000
56900, t, 2.276000e-06, KEe, 386210.530412, MEe, 1.287368435e+01, E, -1500.000000, NP, 30000 3000
57000, t, 2.280000e-06, KEe, 385502.108832, MEe, 1.285007029e+01, E, -1500.000000, NP, 30000 3000
57100, t, 2.284000e-06, KEe, 386122.165613, MEe, 1.287073885e+01, E, -1500.000000, NP, 30000 3000
57200, t, 2.288000e-06, KEe, 385638.041349, MEe, 1.285460138e+01, E, -1500.000000, NP, 30000 3000
57300, t, 2.292000e-06, KEe, 386221.823734, MEe, 1.287406079e+01, E, -1500.000000, NP, 30000 3000
57400, t, 2.296000e-06, KEe, 386196.767081, MEe, 1.287322557e+01, E, -1500.000000, NP, 30000 3000
57500, t, 2.300000e-06, KEe, 386818.522838, MEe, 1.289395076e+01, E, -1500.000000, NP, 30000 3000
57600, t, 2.304000e-06, KEe, 385139.970846, MEe, 1.283799903e+01, E, -1500.000000, NP, 30000 3000
57700, t, 2.308000e-06, KEe, 384987.770761, MEe, 1.283292569e+01, E, -1500.000000, NP, 30000 3000
57800, t, 2.312000e-06, KEe, 387426.471982, MEe, 1.291421573e+01, E, -1500.000000, NP, 30000 3000
57900, t, 2.316000e-06, KEe, 387545.447858, MEe, 1.291818160e+01, E, -1500.000000, NP, 30000 3000
58000, t, 2.320000e-06, KEe, 385665.955836, MEe, 1.285553186e+01, E, -1500.000000, NP, 30000 3000
58100, t, 2.324000e-06, KEe, 385569.389052, MEe, 1.285231297e+01, E, -1500.000000, NP, 30000 3000
58200, t, 2.328000e-06, KEe, 382590.231009, MEe, 1.275300770e+01, E, -1500.000000, NP, 30000 3000
58300, t, 2.332000e-06, KEe, 382780.377283, MEe, 1.275934591e+01, E, -1500.000000, NP, 30000 3000
58400, t, 2.336000e-06, KEe, 384964.279335, MEe, 1.283214264e+01, E, -1500.000000, NP, 30000 3000
58500, t, 2.340000e-06, KEe, 385280.646293, MEe, 1.284268821e+01, E, -1500.000000, NP, 30000 3000
58600, t, 2.344000e-06, KEe, 385441.156840, MEe, 1.284803856e+01, E, -1500.000000, NP, 30000 3000
58700, t, 2.348000e-06, KEe, 385657.124273, MEe, 1.285523748e+01, E, -1500.000000, NP, 30000 3000
58800, t, 2.352000e-06, KEe, 387859.206389, MEe, 1.292864021e+01, E, -1500.000000, NP, 30000 3000
58900, t, 2.356000e-06, KEe, 385900.270439, MEe, 1.286334235e+01, E, -1500.000000, NP, 30000 3000
59000, t, 2.360000e-06, KEe, 386305.815593, MEe, 1.287686052e+01, E, -1500.000000, NP, 30000 3000
59100, t, 2.364000e-06, KEe, 384421.147395, MEe, 1.281403825e+01, E, -1500.000000, NP, 30000 3000
59200, t, 2.368000e-06, KEe, 383260.270095, MEe, 1.277534234e+01, E, -1500.000000, NP, 30000 3000
59300, t, 2.372000e-06, KEe, 383876.869685, MEe, 1.279589566e+01, E, -1500.000000, NP, 30000 3000
59400, t, 2.376000e-06, KEe, 382193.887040, MEe, 1.273979623e+01, E, -1500.000000, NP, 30000 3000
59500, t, 2.380000e-06, KEe, 381979.822242, MEe, 1.273266074e+01, E, -1500.000000, NP, 30000 3000
59600, t, 2.384000e-06, KEe, 383828.449661, MEe, 1.279428166e+01, E, -1500.000000, NP, 30000 3000
59700, t, 2.388000e-06, KEe, 382847.378164, MEe, 1.276157927e+01, E, -1500.000000, NP, 30000 3000
59800, t, 2.392000e-06, KEe, 381555.704766, MEe, 1.271852349e+01, E, -1500.000000, NP, 30000 3000
59900, t, 2.396000e-06, KEe, 385535.892700, MEe, 1.285119642e+01, E, -1500.000000, NP, 30000 3000
60000, t, 2.400000e-06, KEe, 387307.977371, MEe, 1.291026591e+01, E, -1500.000000, NP, 30000 3000
60100, t, 2.404000e-06, KEe, 387844.400219, MEe, 1.292814667e+01, E, -1500.000000, NP, 30000 3000
60200, t, 2.408000e-06, KEe, 386048.954138, MEe, 1.286829847e+01, E, -1500.000000, NP, 30000 3000
60300, t, 2.412000e-06, KEe, 385782.716969, MEe, 1.285942390e+01, E, -1500.000000, NP, 30000 3000
60400, t, 2.416000e-06, KEe, 385892.929391, MEe, 1.286309765e+01, E, -1500.000000, NP, 30000 3000
60500, t, 2.420000e-06, KEe, 384991.978675, MEe, 1.283306596e+01, E, -1500.000000, NP, 30000 3000
60600, t, 2.424000e-06, KEe, 385635.537018, MEe, 1.285451790e+01, E, -1500.000000, NP, 30000 3000
60700, t, 2.428000e-06, KEe, 384906.196501, MEe, 1.283020655e+01, E, -1500.000000, NP, 30000 3000
60800, t, 2.432000e-06, KEe, 386157.917240, MEe, 1.287193057e+01, E, -1500.000000, NP, 30000 3000
60900, t, 2.436000e-06, KEe, 385435.488393, MEe, 1.284784961e+01, E, -1500.000000, NP, 30000 3000
61000, t, 2.440000e-06, KEe, 385559.687318, MEe, 1.285198958e+01, E, -1500.000000, NP, 30000 3000
61100, t, 2.444000e-06, KEe, 386944.647433, MEe, 1.289815491e+01, E, -1500.000000, NP, 30000 3000
61200, t, 2.448000e-06, KEe, 387563.524046, MEe, 1.291878413e+01, E, -1500.000000, NP, 30000 3000
61300, t, 2.452000e-06, KEe, 385139.298220, MEe, 1.283797661e+01, E, -1500.000000, NP, 30000 3000
61400, t, 2.456000e-06, KEe, 384321.011559, MEe, 1.281070039e+01, E, -1500.000000, NP, 30000 3000
61500, t, 2.460000e-06, KEe, 383863.091427, MEe, 1.279543638e+01, E, -1500.000000, NP, 30000 3000
61600, t, 2.464000e-06, KEe, 384875.790928, MEe, 1.282919303e+01, E, -1500.000000, NP, 30000 3000
61700, t, 2.468000e-06, KEe, 385935.446884, MEe, 1.286451490e+01, E, -1500.000000, NP, 30000 3000
61800, t, 2.472000e-06, KEe, 387116.215431, MEe, 1.290387385e+01, E, -1500.000000, NP, 30000 3000
61900, t, 2.476000e-06, KEe, 386552.418847, MEe, 1.288508063e+01, E, -1500.000000, NP, 30000 3000
62000, t, 2.480000e-06, KEe, 387905.252223, MEe, 1.293017507e+01, E, -1500.000000, NP, 30000 3000
62100, t, 2.484000e-06, KEe, 386973.868581, MEe, 1.289912895e+01, E, -1500.000000, NP, 30000 3000
62200, t, 2.488000e-06, KEe, 387850.174105, MEe, 1.292833914e+01, E, -1500.000000, NP, 30000 3000
62300, t, 2.492000e-06, KEe, 388305.759428, MEe, 1.294352531e+01, E, -1500.000000, NP, 30000 3000
62400, t, 2.496000e-06, KEe, 386778.565395, MEe, 1.289261885e+01, E, -1500.000000, NP, 30000 3000
62500, t, 2.500000e-06, KEe, 385922.728890, MEe, 1.286409096e+01, E, -1500.000000, NP, 30000 3000
62600, t, 2.504000e-06, KEe, 386034.330359, MEe, 1.286781101e+01, E, -1500.000000, NP, 30000 3000
62700, t, 2.508000e-06, KEe, 385923.045377, MEe, 1.286410151e+01, E, -1500.000000, NP, 30000 3000
62800, t, 2.512000e-06, KEe, 384198.847402, MEe, 1.280662825e+01, E, -1500.000000, NP, 30000 3000
62900, t, 2.516000e-06, KEe, 387098.246928, MEe, 1.290327490e+01, E, -1500.000000, NP, 30000 3000
63000, t, 2.520000e-06, KEe, 387778.630825, MEe, 1.292595436e+01, E, -1500.000000, NP, 30000 3000
63100, t, 2.524000e-06, KEe, 386977.592172, MEe, 1.289925307e+01, E, -1500.000000, NP, 30000 3000
63200, t, 2.528000e-06, KEe, 387977.815151, MEe, 1.293259384e+01, E, -1500.000000, NP, 30000 3000
63300, t, 2.532000e-06, KEe, 390148.586267, MEe, 1.300495288e+01, E, -1500.000000, NP, 30000 3000
63400, t, 2.536000e-06, KEe, 388483.735036, MEe, 1.294945783e+01, E, -1500.000000, NP, 30000 3000
63500, t, 2.540000e-06, KEe, 387697.798708, MEe, 1.292325996e+01, E, -1500.000000, NP, 30000 3000
63600, t, 2.544000e-06, KEe, 386042.193447, MEe, 1.286807311e+01, E, -1500.000000, NP, 30000 3000
63700, t, 2.548000e-06, KEe, 384093.595434, MEe, 1.280311985e+01, E, -1500.000000, NP, 30000 3000
63800, t, 2.552000e-06, KEe, 387216.104755, MEe, 1.290720349e+01, E, -1500.000000, NP, 30000 3000
63900, t, 2.556000e-06, KEe, 385712.650374, MEe, 1.285708835e+01, E, -1500.000000, NP, 30000 3000
64000, t, 2.560000e-06, KEe, 387680.294699, MEe, 1.292267649e+01, E, -1500.000000, NP, 30000 3000
64100, t, 2.564000e-06, KEe, 385674.654401, MEe, 1.285582181e+01, E, -1500.000000, NP, 30000 3000
64200, t, 2.568000e-06, KEe, 385002.387514, MEe, 1.283341292e+01, E, -1500.000000, NP, 30000 3000
64300, t, 2.572000e-06, KEe, 385240.032073, MEe, 1.284133440e+01, E, -1500.000000, NP, 30000 3000
64400, t, 2.576000e-06, KEe, 386719.251750, MEe, 1.289064173e+01, E, -1500.000000, NP, 30000 3000
64500, t, 2.580000e-06, KEe, 386598.263205, MEe, 1.288660877e+01, E, -1500.000000, NP, 30000 3000
64600, t, 2.584000e-06, KEe, 385837.993160, MEe, 1.286126644e+01, E, -1500.000000, NP, 30000 3000
64700, t, 2.588000e-06, KEe, 386386.367194, MEe, 1.287954557e+01, E, -1500.000000, NP, 30000 3000
64800, t, 2.592000e-06, KEe, 386797.986374, MEe, 1.289326621e+01, E, -1500.000000, NP, 30000 3000
64900, t, 2.596000e-06, KEe, 386492.102316, MEe, 1.288307008e+01, E, -1500.000000, NP, 30000 3000
65000, t, 2.600000e-06, KEe, 387737.544623, MEe, 1.292458482e+01, E, -1500.000000, NP, 30000 3000
65100, t, 2.604000e-06, KEe, 384515.636139, MEe, 1.281718787e+01, E, -1500.000000, NP, 30000 3000
65200, t, 2.608000e-06, KEe, 384893.453435, MEe, 1.282978178e+01, E, -1500.000000, NP, 30000 3000
65300, t, 2.612000e-06, KEe, 385184.294421, MEe, 1.283947648e+01, E, -1500.000000, NP, 30000 3000
65400, t, 2.616000e-06, KEe, 385258.895722, MEe, 1.284196319e+01, E, -1500.000000, NP, 30000 3000
65500, t, 2.620000e-06, KEe, 385942.315819, MEe, 1.286474386e+01, E, -1500.000000, NP, 30000 3000
65600, t, 2.624000e-06, KEe, 387264.379967, MEe, 1.290881267e+01, E, -1500.000000, NP, 30000 3000
65700, t, 2.628000e-06, KEe, 385953.264059, MEe, 1.286510880e+01, E, -1500.000000, NP, 30000 3000
65800, t, 2.632000e-06, KEe, 386381.117072, MEe, 1.287937057e+01, E, -1500.000000, NP, 30000 3000
65900, t, 2.636000e-06, KEe, 386760.814708, MEe, 1.289202716e+01, E, -1500.000000, NP, 30000 3000
66000, t, 2.640000e-06, KEe, 387053.046237, MEe, 1.290176821e+01, E, -1500.000000, NP, 30000 3000
66100, t, 2.644000e-06, KEe, 386894.550518, MEe, 1.289648502e+01, E, -1500.000000, NP, 30000 3000
66200, t, 2.648000e-06, KEe, 386968.329922, MEe, 1.289894433e+01, E, -1500.000000, NP, 30000 3000
66300, t, 2.652000e-06, KEe, 386485.524298, MEe, 1.288285081e+01, E, -1500.000000, NP, 30000 3000
66400, t, 2.656000e-06, KEe, 386255.153286, MEe, 1.287517178e+01, E, -1500.000000, NP, 30000 3000
66500, t, 2.660000e-06, KEe, 387429.075233, MEe, 1.291430251e+01, E, -1500.000000, NP, 30000 3000
66600, t, 2.664000e-06, KEe, 385154.985095, MEe, 1.283849950e+01, E, -1500.000000, NP, 30000 3000
66700, t, 2.668000e-06, KEe, 386065.735008, MEe, 1.286885783e+01, E, -1500.000000, NP, 30000 3000
66800, t, 2.672000e-06, KEe, 385297.080701, MEe, 1.284323602e+01, E, -1500.000000, NP, 30000 3000
66900, t, 2.676000e-06, KEe, 385993.485419, MEe, 1.286644951e+01, E, -1500.000000, NP, 30000 3000
67000, t, 2.680000e-06, KEe, 384475.174628, MEe, 1.281583915e+01, E, -1500.000000, NP, 30000 3000
67100, t, 2.684000e-06, KEe, 385043.892618, MEe, 1.283479642e+01, E, -1500.000000, NP, 30000 3000
67200, t, 2.688000e-06, KEe, 385788.421312, MEe, 1.285961404e+01, E, -1500.000000, NP, 30000 3000
67300, t, 2.692000e-06, KEe, 384492.571679, MEe, 1.281641906e+01, E, -1500.000000, NP, 30000 3000
67400, t, 2.696000e-06, KEe, 384199.440125, MEe, 1.280664800e+01, E, -1500.000000, NP, 30000 3000
67500, t, 2.700000e-06, KEe, 383825.622276, MEe, 1.279418741e+01, E, -1500.000000, NP, 30000 3000
67600, t, 2.704000e-06, KEe, 385244.260502, MEe, 1.284147535e+01, E, -1500.000000, NP, 30000 3000
67700, t, 2.708000e-06, KEe, 385304.804764, MEe, 1.284349349e+01, E, -1500.000000, NP, 30000 3000
67800, t, 2.712000e-06, KEe, 384097.390262, MEe, 1.280324634e+01, E, -1500.000000, NP, 30000 3000
67900, t, 2.716000e-06, KEe, 384873.234719, MEe, 1.282910782e+01, E, -1500.000000, NP, 30000 3000
68000, t, 2.720000e-06, KEe, 384977.589508, MEe, 1.283258632e+01, E, -1500.000000, NP, 30000 3000
68100, t, 2.724000e-06, KEe, 384660.095363, MEe, 1.282200318e+01, E, -1500.000000, NP, 30000 3000
68200, t, 2.728000e-06, KEe, 384429.363848, MEe, 1.281431213e+01, E, -1500.000000, NP, 30000 3000
68300, t, 2.732000e-06, KEe, 383759.676792, MEe, 1.279198923e+01, E, -1500.000000, NP, 30000 3000
68400, t, 2.736000e-06, KEe, 383622.266382, MEe, 1.278740888e+01, E, -1500.000000, NP, 30000 3000
68500, t, 2.740000e-06, KEe, 382970.610180, MEe, 1.276568701e+01, E, -1500.000000, NP, 30000 3000
68600, t, 2.744000e-06, KEe, 384109.511153, MEe, 1.280365037e+01, E, -1500.000000, NP, 30000 3000
68700, t, 2.748000e-06, KEe, 386872.829723, MEe, 1.289576099e+01, E, -1500.000000, NP, 30000 3000
68800, t, 2.752000e-06, KEe, 386553.585921, MEe, 1.288511953e+01, E, -1500.000000, NP, 30000 3000
68900, t, 2.756000e-06, KEe, 384992.022269, MEe, 1.283306741e+01, E, -1500.000000, NP, 30000 3000
69000, t, 2.760000e-06, KEe, 386287.500677, MEe, 1.287625002e+01, E, -1500.000000, NP, 30000 3000
69100, t, 2.764000e-06, KEe, 385887.384355, MEe, 1.286291281e+01, E, -1500.000000, NP, 30000 3000
69200, t, 2.768000e-06, KEe, 386551.302702, MEe, 1.288504342e+01, E, -1500.000000, NP, 30000 3000
69300, t, 2.772000e-06, KEe, 384319.173788, MEe, 1.281063913e+01, E, -1500.000000, NP, 30000 3000
69400, t, 2.776000e-06, KEe, 383770.667661, MEe, 1.279235559e+01, E, -1500.000000, NP, 30000 3000
69500, t, 2.780000e-06, KEe, 382981.089063, MEe, 1.276603630e+01, E, -1500.000000, NP, 30000 3000
69600, t, 2.784000e-06, KEe, 381099.468442, MEe, 1.270331561e+01, E, -1500.000000, NP, 30000 3000
69700, t, 2.788000e-06, KEe, 383443.451606, MEe, 1.278144839e+01, E, -1500.000000, NP, 30000 3000
69800, t, 2.792000e-06, KEe, 383915.983519, MEe, 1.279719945e+01, E, -1500.000000, NP, 30000 3000
69900, t, 2.796000e-06, KEe, 385514.612077, MEe, 1.285048707e+01, E, -1500.000000, NP, 30000 3000
70000, t, 2.800000e-06, KEe, 385884.589225, MEe, 1.286281964e+01, E, -1500.000000, NP, 30000 3000
70100, t, 2.804000e-06, KEe, 386677.678531, MEe, 1.288925595e+01, E, -1500.000000, NP, 30000 3000
70200, t, 2.808000e-06, KEe, 384166.921924, MEe, 1.280556406e+01, E, -1500.000000, NP, 30000 3000
70300, t, 2.812000e-06, KEe, 383496.180464, MEe, 1.278320602e+01, E, -1500.000000, NP, 30000 3000
70400, t, 2.816000e-06, KEe, 384060.614743, MEe, 1.280202049e+01, E, -1500.000000, NP, 30000 3000
70500, t, 2.820000e-06, KEe, 386105.899888, MEe, 1.287019666e+01, E, -1500.000000, NP, 30000 3000
70600, t, 2.824000e-06, KEe, 385519.801983, MEe, 1.285066007e+01, E, -1500.000000, NP, 30000 3000
70700, t, 2.828000e-06, KEe, 386031.680497, MEe, 1.286772268e+01, E, -1500.000000, NP, 30000 3000
70800, t, 2.832000e-06, KEe, 385920.368490, MEe, 1.286401228e+01, E, -1500.000000, NP, 30000 3000
70900, t, 2.836000e-06, KEe, 385324.220718, MEe, 1.284414069e+01, E, -1500.000000, NP, 30000 3000
71000, t, 2.840000e-06, KEe, 385494.028592, MEe, 1.284980095e+01, E, -1500.000000, NP, 30000 3000
71100, t, 2.844000e-06, KEe, 387399.537608, MEe, 1.291331792e+01, E, -1500.000000, NP, 30000 3000
71200, t, 2.848000e-06, KEe, 387100.155225, MEe, 1.290333851e+01, E, -1500.000000, NP, 30000 3000
71300, t, 2.852000e-06, KEe, 385064.561190, MEe, 1.283548537e+01, E, -1500.000000, NP, 30000 3000
71400, t, 2.856000e-06, KEe, 387205.960785, MEe, 1.290686536e+01, E, -1500.000000, NP, 30000 3000
71500, t, 2.860000e-06, KEe, 385578.714238, MEe, 1.285262381e+01, E, -1500.000000, NP, 30000 3000
71600, t, 2.864000e-06, KEe, 385378.680120, MEe, 1.284595600e+01, E, -1500.000000, NP, 30000 3000
71700, t, 2.868000e-06, KEe, 385156.901907, MEe, 1.283856340e+01, E, -1500.000000, NP, 30000 3000
71800, t, 2.872000e-06, KEe, 384778.951052, MEe, 1.282596504e+01, E, -1500.000000, NP, 30000 3000
71900, t, 2.876000e-06, KEe, 385906.065111, MEe, 1.286353550e+01, E, -1500.000000, NP, 30000 3000
72000, t, 2.880000e-06, KEe, 385055.702245, MEe, 1.283519007e+01, E, -1500.000000, NP, 30000 3000
72100, t, 2.884000e-06, KEe, 386964.242233, MEe, 1.289880807e+01, E, -1500.000000, NP, 30000 3000
72200, t, 2.888000e-06, KEe, 387708.663825, MEe, 1.292362213e+01, E, -1500.000000, NP, 30000 3000
72300, t, 2.892000e-06, KEe, 386875.517577, MEe, 1.289585059e+01, E, -1500.000000, NP, 30000 3000
72400, t, 2.896000e-06, KEe, 386204.719879, MEe, 1.287349066e+01, E, -1500.000000, NP, 30000 3000
72500, t, 2.900000e-06, KEe, 385085.357661, MEe, 1.283617859e+01, E, -1500.000000, NP, 30000 3000
72600, t, 2.904000e-06, KEe, 385903.022700, MEe, 1.286343409e+01, E, -1500.000000, NP, 30000 3000
72700, t, 2.908000e-06, KEe, 385812.854185, MEe, 1.286042847e+01, E, -1500.000000, NP, 30000 3000
72800, t, 2.912000e-06, KEe, 385956.131961, MEe, 1.286520440e+01, E, -1500.000000, NP, 30000 3000
72900, t, 2.916000e-06, KEe, 384932.412028, MEe, 1.283108040e+01, E, -1500.000000, NP, 30000 3000
73000, t, 2.920000e-06, KEe, 383870.927701, MEe, 1.279569759e+01, E, -1500.000000, NP, 30000 3000
73100, t, 2.924000e-06, KEe, 387013.942572, MEe, 1.290046475e+01, E, -1500.000000, NP, 30000 3000
73200, t, 2.928000e-06, KEe, 387450.365375, MEe, 1.291501218e+01, E, -1500.000000, NP, 30000 3000
73300, t, 2.932000e-06, KEe, 388169.232582, MEe, 1.293897442e+01, E, -1500.000000, NP, 30000 3000
73400, t, 2.936000e-06, KEe, 389738.935228, MEe, 1.299129784e+01, E, -1500.000000, NP, 30000 3000
73500, t, 2.940000e-06, KEe, 391273.685673, MEe, 1.304245619e+01, E, -1500.000000, NP, 30000 3000
73600, t, 2.944000e-06, KEe, 389044.827155, MEe, 1.296816091e+01, E, -1500.000000, NP, 30000 3000
73700, t, 2.948000e-06, KEe, 386057.742741, MEe, 1.286859142e+01, E, -1500.000000, NP, 30000 3000
73800, t, 2.952000e-06, KEe, 387812.172136, MEe, 1.292707240e+01, E, -1500.000000, NP, 30000 3000
73900, t, 2.956000e-06, KEe, 386194.348917, MEe, 1.287314496e+01, E, -1500.000000, NP, 30000 3000
74000, t, 2.960000e-06, KEe, 385413.428038, MEe, 1.284711427e+01, E, -1500.000000, NP, 30000 3000
74100, t, 2.964000e-06, KEe, 384349.897075, MEe, 1.281166324e+01, E, -1500.000000, NP, 30000 3000
74200, t, 2.968000e-06, KEe, 384514.814584, MEe, 1.281716049e+01, E, -1500.000000, NP, 30000 3000
74300, t, 2.972000e-06, KEe, 385228.818142, MEe, 1.284096060e+01, E, -1500.000000, NP, 30000 3000
74400, t, 2.976000e-06, KEe, 385773.856995, MEe, 1.285912857e+01, E, -1500.000000, NP, 30000 3000
74500, t, 2.980000e-06, KEe, 383835.036204, MEe, 1.279450121e+01, E, -1500.000000, NP, 30000 3000
74600, t, 2.984000e-06, KEe, 382057.820014, MEe, 1.273526067e+01, E, -1500.000000, NP, 30000 3000
74700, t, 2.988000e-06, KEe, 383005.365932, MEe, 1.276684553e+01, E, -1500.000000, NP, 30000 3000
74800, t, 2.992000e-06, KEe, 383666.960677, MEe, 1.278889869e+01, E, -1500.000000, NP, 30000 3000
74900, t, 2.996000e-06, KEe, 382790.003618, MEe, 1.275966679e+01, E, -1500.000000, NP, 30000 3000
75000, t, 3.000000e-06, KEe, 383641.836721, MEe, 1.278806122e+01, E, -1500.000000, NP, 30000 3000
75100, t, 3.004000e-06, KEe, 384439.577936, MEe, 1.281465260e+01, E, -1500.000000, NP, 30000 3000
75200, t, 3.008000e-06, KEe, 386035.775876, MEe, 1.286785920e+01, E, -1500.000000, NP, 30000 3000
75300, t, 3.012000e-06, KEe, 385196.720977, MEe, 1.283989070e+01, E, -1500.000000, NP, 30000 3000
75400, t, 3.016000e-06, KEe, 383932.676416, MEe, 1.279775588e+01, E, -1500.000000, NP, 30000 3000
75500, t, 3.020000e-06, KEe, 385780.629831, MEe, 1.285935433e+01, E, -1500.000000, NP, 30000 3000
75600, t, 3.024000e-06, KEe, 385401.822800, MEe, 1.284672743e+01, E, -1500.000000, NP, 30000 3000
75700, t, 3.028000e-06, KEe, 385625.321335, MEe, 1.285417738e+01, E, -1500.000000, NP, 30000 3000
75800, t, 3.032000e-06, KEe, 385306.680482, MEe, 1.284355602e+01, E, -1500.000000, NP, 30000 3000
75900, t, 3.036000e-06, KEe, 383956.442232, MEe, 1.279854807e+01, E, -1500.000000, NP, 30000 3000
76000, t, 3.040000e-06, KEe, 386665.376441, MEe, 1.288884588e+01, E, -1500.000000, NP, 30000 3000
76100, t, 3.044000e-06, KEe, 387236.239474, MEe, 1.290787465e+01, E, -1500.000000, NP, 30000 3000
76200, t, 3.048000e-06, KEe, 389320.571683, MEe, 1.297735239e+01, E, -1500.000000, NP, 30000 3000
76300, t, 3.052000e-06, KEe, 388115.470959, MEe, 1.293718237e+01, E, -1500.000000, NP, 30000 3000
76400, t, 3.056000e-06, KEe, 387167.841062, MEe, 1.290559470e+01, E, -1500.000000, NP, 30000 3000
76500, t, 3.060000e-06, KEe, 388303.407199, MEe, 1.294344691e+01, E, -1500.000000, NP, 30000 3000
76600, t, 3.064000e-06, KEe, 386708.348822, MEe, 1.289027829e+01, E, -1500.000000, NP, 30000 3000
76700, t, 3.068000e-06, KEe, 385614.250957, MEe, 1.285380837e+01, E, -1500.000000, NP, 30000 3000
76800, t, 3.072000e-06, KEe, 388812.057501, MEe, 1.296040192e+01, E, -1500.000000, NP, 30000 3000
76900, t, 3.076000e-06, KEe, 390030.028683, MEe, 1.300100096e+01, E, -1500.000000, NP, 30000 3000
77000, t, 3.080000e-06, KEe, 387499.393390, MEe, 1.291664645e+01, E, -1500.000000, NP, 30000 3000
77100, t, 3.084000e-06, KEe, 385466.493589, MEe, 1.284888312e+01, E, -1500.000000, NP, 30000 3000
77200, t, 3.088000e-06, KEe, 387268.299428, MEe, 1.290894331e+01, E, -1500.000000, NP, 30000 3000
77300, t, 3.092000e-06, KEe, 384828.651310, MEe, 1.282762171e+01, E, -1500.000000, NP, 30000 3000
77400, t, 3.096000e-06, KEe, 383290.712603, MEe, 1.277635709e+01, E, -1500.000000, NP, 30000 3000
77500, t, 3.100000e-06, KEe, 386212.329968, MEe, 1.287374433e+01, E, -1500.000000, NP, 30000 3000
77600, t, 3.104000e-06, KEe, 387389.536289, MEe, 1.291298454e+01, E, -1500.000000, NP, 30000 3000
77700, t, 3.108000e-06, KEe, 387579.007023, MEe, 1.291930023e+01, E, -1500.000000, NP, 30000 3000
77800, t, 3.112000e-06, KEe, 386254.861742, MEe, 1.287516206e+01, E, -1500.000000, NP, 30000 3000
77900, t, 3.116000e-06, KEe, 384346.671071, MEe, 1.281155570e+01, E, -1500.000000, NP, 30000 3000
78000, t, 3.120000e-06, KEe, 385963.047793, MEe, 1.286543493e+01, E, -1500.000000, NP, 30000 3000
78100, t, 3.124000e-06, KEe, 385602.379384, MEe, 1.285341265e+01, E, -1500.000000, NP, 30000 3000
78200, t, 3.128000e-06, KEe, 386794.514269, MEe, 1.289315048e+01, E, -1500.000000, NP, 30000 3000
78300, t, 3.132000e-06, KEe, 385323.113099, MEe, 1.284410377e+01, E, -1500.000000, NP, 30000 3000
78400, t, 3.136000e-06, KEe, 384619.992112, MEe, 1.282066640e+01, E, -1500.000000, NP, 30000 3000
78500, t, 3.140000e-06, KEe, 385397.419844, MEe, 1.284658066e+01, E, -1500.000000, NP, 30000 3000
78600, t, 3.144000e-06, KEe, 384628.782403, MEe, 1.282095941e+01, E, -1500.000000, NP, 30000 3000
78700, t, 3.148000e-06, KEe, 386714.838544, MEe, 1.289049462e+01, E, -1500.000000, NP, 30000 3000
78800, t, 3.152000e-06, KEe, 387693.009483, MEe, 1.292310032e+01, E, -1500.000000, NP, 30000 3000
78900, t, 3.156000e-06, KEe, 389937.288348, MEe, 1.299790961e+01, E, -1500.000000, NP, 30000 3000
79000, t, 3.160000e-06, KEe, 389507.536418, MEe, 1.298358455e+01, E, -1500.000000, NP, 30000 3000
79100, t, 3.164000e-06, KEe, 386905.890087, MEe, 1.289686300e+01, E, -1500.000000, NP, 30000 3000
79200, t, 3.168000e-06, KEe, 388016.625058, MEe, 1.293388750e+01, E, -1500.000000, NP, 30000 3000
79300, t, 3.172000e-06, KEe, 390429.324509, MEe, 1.301431082e+01, E, -1500.000000, NP, 30000 3000
79400, t, 3.176000e-06, KEe, 389794.510329, MEe, 1.299315034e+01, E, -1500.000000, NP, 30000 3000
79500, t, 3.180000e-06, KEe, 386783.404333, MEe, 1.289278014e+01, E, -1500.000000, NP, 30000 3000
79600, t, 3.184000e-06, KEe, 385754.502313, MEe, 1.285848341e+01, E, -1500.000000, NP, 30000 3000
79700, t, 3.188000e-06, KEe, 384334.840801, MEe, 1.281116136e+01, E, -1500.000000, NP, 30000 3000
79800, t, 3.192000e-06, KEe, 385312.308286, MEe, 1.284374361e+01, E, -1500.000000, NP, 30000 3000
79900, t, 3.196000e-06, KEe, 385893.467754, MEe, 1.286311559e+01, E, -1500.000000, NP, 30000 3000
80000, t, 3.200000e-06, KEe, 385181.285501, MEe, 1.283937618e+01, E, -1500.000000, NP, 30000 3000
