RandMax 2147483647
reading box length: 1.000000e-06 (m)
reading number of particle types: 2
reading number of particles of type 0: 30000
reading number of particles of type 1: 3000
reading temperature of particle type 0: 0.000000 (eV)
reading temperature of particle type 1: 0.025900 (eV)
reading flow velocity of particle type 0: 0.000000 (eV)
reading flow velocity of particle type 1: 0.000000 (eV)
reading charge of particle type 0: -1.000000 (elementary charge)
reading charge of particle type 1: 0.000000 (elementary charge)
reading mass of particle type 0: 0.000549 (amu)
reading mass of particle type 1: 28.000000 (amu)
reading number of time steps: 80000
reading vsigma max samples: 1000
reading time step dt: 5.000000e-10
reading electric field: -9.000000e+01 (V/m)
reading electric frequency: 0.000000e+00 (Hz)
reading magnetic field: 0.000000e+00 0.000000e+00 0.000000e+00 (Tesla)
reading vdf dump spec: 1000 1000000 0
reading extrapolation option: 0
reading memory allocation: 0.000000e+00 (GB)
reading auto dump spec: 0
reading output stride spec: 100
reading carry remainder spec: 0
found cross_sections/Ar.dat file for particle 0 with 1 in indeck, differential model found: Aubin
found cross_sections/Ar->Ar(3d'[3/2]1).dat file for particle 0 with 1 in indeck
found cross_sections/Ar->Ar(3d'[3/2]2).dat file for particle 0 with 1 in indeck
found cross_sections/Ar->Ar(3d'[5/2]2).dat file for particle 0 with 1 in indeck
found cross_sections/Ar->Ar(3d'[5/2]3).dat file for particle 0 with 1 in indeck
found cross_sections/Ar->Ar(3d[1/2]0).dat file for particle 0 with 1 in indeck
found cross_sections/Ar->Ar(3d[1/2]1).dat file for particle 0 with 1 in indeck
found cross_sections/Ar->Ar(3d[3/2]1).dat file for particle 0 with 1 in indeck
found cross_sections/Ar->Ar(3d[3/2]2).dat file for particle 0 with 1 in indeck
found cross_sections/Ar->Ar(3d[5/2]2).dat file for particle 0 with 1 in indeck
found cross_sections/Ar->Ar(3d[5/2]3).dat file for particle 0 with 1 in indeck
found cross_sections/Ar->Ar(3d[7/2]3).dat file for particle 0 with 1 in indeck
found cross_sections/Ar->Ar(3d[7/2]4).dat file for particle 0 with 1 in indeck
found cross_sections/Ar->Ar(4p'[1/2]0).dat file for particle 0 with 1 in indeck
found cross_sections/Ar->Ar(4p'[1/2]1).dat file for particle 0 with 1 in indeck
found cross_sections/Ar->Ar(4p'[3/2]1).dat file for particle 0 with 1 in indeck
found cross_sections/Ar->Ar(4p'[3/2]2).dat file for particle 0 with 1 in indeck
found cross_sections/Ar->Ar(4p[1/2]0).dat file for particle 0 with 1 in indeck
found cross_sections/Ar->Ar(4p[1/2]1).dat file for particle 0 with 1 in indeck
found cross_sections/Ar->Ar(4p[3/2]1).dat file for particle 0 with 1 in indeck
found cross_sections/Ar->Ar(4p[3/2]2).dat file for particle 0 with 1 in indeck
found cross_sections/Ar->Ar(4p[5/2]2).dat file for particle 0 with 1 in indeck
found cross_sections/Ar->Ar(4p[5/2]3).dat file for particle 0 with 1 in indeck
found cross_sections/Ar->Ar(4s'[1/2]0).dat file for particle 0 with 1 in indeck
found cross_sections/Ar->Ar(4s'[1/2]1).dat file for particle 0 with 1 in indeck
found cross_sections/Ar->Ar(4s[3/2]1).dat file for particle 0 with 1 in indeck
found cross_sections/Ar->Ar(4s[3/2]2).dat file for particle 0 with 1 in indeck
found cross_sections/Ar->Ar(5s'[1/2]0).dat file for particle 0 with 1 in indeck
found cross_sections/Ar->Ar(5s'[1/2]1).dat file for particle 0 with 1 in indeck
found cross_sections/Ar->Ar(5s[3/2]1).dat file for particle 0 with 1 in indeck
found cross_sections/Ar->Ar(5s[3/2]2).dat file for particle 0 with 1 in indeck
found cross_sections/Ar->Ar(Rydberg).dat file for particle 0 with 1 in indeck
found cross_sections/Ar->Ar^+.dat file for particle 0 with 1 in indeck, differential model found: Uniform
reading cross_sections/Ar.dat
reading cross_sections/Ar->Ar(3d'[3/2]1).dat
reading cross_sections/Ar->Ar(3d'[3/2]2).dat
reading cross_sections/Ar->Ar(3d'[5/2]2).dat
reading cross_sections/Ar->Ar(3d'[5/2]3).dat
reading cross_sections/Ar->Ar(3d[1/2]0).dat
reading cross_sections/Ar->Ar(3d[1/2]1).dat
reading cross_sections/Ar->Ar(3d[3/2]1).dat
reading cross_sections/Ar->Ar(3d[3/2]2).dat
reading cross_sections/Ar->Ar(3d[5/2]2).dat
reading cross_sections/Ar->Ar(3d[5/2]3).dat
reading cross_sections/Ar->Ar(3d[7/2]3).dat
reading cross_sections/Ar->Ar(3d[7/2]4).dat
reading cross_sections/Ar->Ar(4p'[1/2]0).dat
reading cross_sections/Ar->Ar(4p'[1/2]1).dat
reading cross_sections/Ar->Ar(4p'[3/2]1).dat
reading cross_sections/Ar->Ar(4p'[3/2]2).dat
reading cross_sections/Ar->Ar(4p[1/2]0).dat
reading cross_sections/Ar->Ar(4p[1/2]1).dat
reading cross_sections/Ar->Ar(4p[3/2]1).dat
reading cross_sections/Ar->Ar(4p[3/2]2).dat
reading cross_sections/Ar->Ar(4p[5/2]2).dat
reading cross_sections/Ar->Ar(4p[5/2]3).dat
reading cross_sections/Ar->Ar(4s'[1/2]0).dat
reading cross_sections/Ar->Ar(4s'[1/2]1).dat
reading cross_sections/Ar->Ar(4s[3/2]1).dat
reading cross_sections/Ar->Ar(4s[3/2]2).dat
reading cross_sections/Ar->Ar(5s'[1/2]0).dat
reading cross_sections/Ar->Ar(5s'[1/2]1).dat
reading cross_sections/Ar->Ar(5s[3/2]1).dat
reading cross_sections/Ar->Ar(5s[3/2]2).dat
reading cross_sections/Ar->Ar(Rydberg).dat
reading cross_sections/Ar->Ar^+.dat
Memory per particle: 72 bytes
Memory for all initial particles: 2.213e-03 GB
Allocating space for 132000 particles
------------------------------------
0, t, 0.000000e+00, KEe, 0.000000, MEe, 0.000000000e+00, E, -90.000000, NP, 30000 3000
100, t, 5.000000e-08, KEe, 43965.745933, MEe, 1.465524864e+00, E, -90.000000, NP, 30000 3000
200, t, 1.000000e-07, KEe, 70908.050221, MEe, 2.363601674e+00, E, -90.000000, NP, 30000 3000
300, t, 1.500000e-07, KEe, 82121.619957, MEe, 2.737387332e+00, E, -90.000000, NP, 30000 3000
400, t, 2.000000e-07, KEe, 92217.976349, MEe, 3.073932545e+00, E, -90.000000, NP, 30000 3000
500, t, 2.500000e-07, KEe, 101076.249086, MEe, 3.369208303e+00, E, -90.000000, NP, 30000 3000
600, t, 3.000000e-07, KEe, 108739.030108, MEe, 3.624634337e+00, E, -90.000000, NP, 30000 3000
700, t, 3.500000e-07, KEe, 115248.994897, MEe, 3.841633163e+00, E, -90.000000, NP, 30000 3000
800, t, 4.000000e-07, KEe, 121162.488433, MEe, 4.038749614e+00, E, -90.000000, NP, 30000 3000
900, t, 4.500000e-07, KEe, 126430.342025, MEe, 4.214344734e+00, E, -90.000000, NP, 30000 3000
1000, t, 5.000000e-07, KEe, 131783.927049, MEe, 4.392797568e+00, E, -90.000000, NP, 30000 3000
1100, t, 5.500000e-07, KEe, 136551.418449, MEe, 4.551713948e+00, E, -90.000000, NP, 30000 3000
1200, t, 6.000000e-07, KEe, 140694.031669, MEe, 4.689801056e+00, E, -90.000000, NP, 30000 3000
1300, t, 6.500000e-07, KEe, 144146.531748, MEe, 4.804884392e+00, E, -90.000000, NP, 30000 3000
1400, t, 7.000000e-07, KEe, 147590.770908, MEe, 4.919692364e+00, E, -90.000000, NP, 30000 3000
1500, t, 7.500000e-07, KEe, 150949.426709, MEe, 5.031647557e+00, E, -90.000000, NP, 30000 3000
1600, t, 8.000000e-07, KEe, 153699.261022, MEe, 5.123308701e+00, E, -90.000000, NP, 30000 3000
1700, t, 8.500000e-07, KEe, 156247.339501, MEe, 5.208244650e+00, E, -90.000000, NP, 30000 3000
1800, t, 9.000000e-07, KEe, 158091.722011, MEe, 5.269724067e+00, E, -90.000000, NP, 30000 3000
1900, t, 9.500000e-07, KEe, 159592.236617, MEe, 5.319741221e+00, E, -90.000000, NP, 30000 3000
2000, t, 1.000000e-06, KEe, 161525.198093, MEe, 5.384173270e+00, E, -90.000000, NP, 30000 3000
2100, t, 1.050000e-06, KEe, 162923.643552, MEe, 5.430788118e+00, E, -90.000000, NP, 30000 3000
2200, t, 1.100000e-06, KEe, 164212.545082, MEe, 5.473751503e+00, E, -90.000000, NP, 30000 3000
2300, t, 1.150000e-06, KEe, 164999.902309, MEe, 5.499996744e+00, E, -90.000000, NP, 30000 3000
2400, t, 1.200000e-06, KEe, 166263.082991, MEe, 5.542102766e+00, E, -90.000000, NP, 30000 3000
2500, t, 1.250000e-06, KEe, 167021.382356, MEe, 5.567379412e+00, E, -90.000000, NP, 30000 3000
2600, t, 1.300000e-06, KEe, 167121.000053, MEe, 5.570700002e+00, E, -90.000000, NP, 30000 3000
2700, t, 1.350000e-06, KEe, 167545.197239, MEe, 5.584839908e+00, E, -90.000000, NP, 30000 3000
2800, t, 1.400000e-06, KEe, 167933.143155, MEe, 5.597771439e+00, E, -90.000000, NP, 30000 3000
2900, t, 1.450000e-06, KEe, 168339.355502, MEe, 5.611311850e+00, E, -90.000000, NP, 30000 3000
3000, t, 1.500000e-06, KEe, 168622.671300, MEe, 5.620755710e+00, E, -90.000000, NP, 30000 3000
3100, t, 1.550000e-06, KEe, 168919.531659, MEe, 5.630651055e+00, E, -90.000000, NP, 30000 3000
3200, t, 1.600000e-06, KEe, 169301.991531, MEe, 5.643399718e+00, E, -90.000000, NP, 30000 3000
3300, t, 1.650000e-06, KEe, 169749.205956, MEe, 5.658306865e+00, E, -90.000000, NP, 30000 3000
3400, t, 1.700000e-06, KEe, 170006.549560, MEe, 5.666884985e+00, E, -90.000000, NP, 30000 3000
3500, t, 1.750000e-06, KEe, 170044.922676, MEe, 5.668164089e+00, E, -90.000000, NP, 30000 3000
3600, t, 1.800000e-06, KEe, 170180.245981, MEe, 5.672674866e+00, E, -90.000000, NP, 30000 3000
3700, t, 1.850000e-06, KEe, 170732.647140, MEe, 5.691088238e+00, E, -90.000000, NP, 30000 3000
3800, t, 1.900000e-06, KEe, 170496.962373, MEe, 5.683232079e+00, E, -90.000000, NP, 30000 3000
3900, t, 1.950000e-06, KEe, 170786.625118, MEe, 5.692887504e+00, E, -90.000000, NP, 30000 3000
4000, t, 2.000000e-06, KEe, 170860.447772, MEe, 5.695348259e+00, E, -90.000000, NP, 30000 3000
4100, t, 2.050000e-06, KEe, 171565.569017, MEe, 5.718852301e+00, E, -90.000000, NP, 30000 3000
4200, t, 2.100000e-06, KEe, 171161.747154, MEe, 5.705391572e+00, E, -90.000000, NP, 30000 3000
4300, t, 2.150000e-06, KEe, 171012.256718, MEe, 5.700408557e+00, E, -90.000000, NP, 30000 3000
4400, t, 2.200000e-06, KEe, 170526.434447, MEe, 5.684214482e+00, E, -90.000000, NP, 30000 3000
4500, t, 2.250000e-06, KEe, 170956.823002, MEe, 5.698560767e+00, E, -90.000000, NP, 30000 3000
4600, t, 2.300000e-06, KEe, 171025.020855, MEe, 5.700834028e+00, E, -90.000000, NP, 30000 3000
4700, t, 2.350000e-06, KEe, 170975.925131, MEe, 5.699197504e+00, E, -90.000000, NP, 30000 3000
4800, t, 2.400000e-06, KEe, 170779.629999, MEe, 5.692654333e+00, E, -90.000000, NP, 30000 3000
4900, t, 2.450000e-06, KEe, 170768.943447, MEe, 5.692298115e+00, E, -90.000000, NP, 30000 3000
5000, t, 2.500000e-06, KEe, 170393.576643, MEe, 5.679785888e+00, E, -90.000000, NP, 30000 3000
5100, t, 2.550000e-06, KEe, 170948.772303, MEe, 5.698292410e+00, E, -90.000000, NP, 30000 3000
5200, t, 2.600000e-06, KEe, 170990.211479, MEe, 5.699673716e+00, E, -90.000000, NP, 30000 3000
5300, t, 2.650000e-06, KEe, 171415.659598, MEe, 5.713855320e+00, E, -90.000000, NP, 30000 3000
5400, t, 2.700000e-06, KEe, 171191.147814, MEe, 5.706371594e+00, E, -90.000000, NP, 30000 3000
5500, t, 2.750000e-06, KEe, 170917.075457, MEe, 5.697235849e+00, E, -90.000000, NP, 30000 3000
5600, t, 2.800000e-06, KEe, 170915.497170, MEe, 5.697183239e+00, E, -90.000000, NP, 30000 3000
5700, t, 2.850000e-06, KEe, 170277.672712, MEe, 5.675922424e+00, E, -90.000000, NP, 30000 3000
5800, t, 2.900000e-06, KEe, 170118.201755, MEe, 5.670606725e+00, E, -90.000000, NP, 30000 3000
5900, t, 2.950000e-06, KEe, 170018.941805, MEe, 5.667298060e+00, E, -90.000000, NP, 30000 3000
6000, t, 3.000000e-06, KEe, 170449.115413, MEe, 5.681637180e+00, E, -90.000000, NP, 30000 3000
6100, t, 3.050000e-06, KEe, 170355.402463, MEe, 5.678513415e+00, E, -90.000000, NP, 30000 3000
6200, t, 3.100000e-06, KEe, 170478.192915, MEe, 5.682606431e+00, E, -90.000000, NP, 30000 3000
6300, t, 3.150000e-06, KEe, 171053.260757, MEe, 5.701775359e+00, E, -90.000000, NP, 30000 3000
6400, t, 3.200000e-06, KEe, 171650.294642, MEe, 5.721676488e+00, E, -90.000000, NP, 30000 3000
6500, t, 3.250000e-06, KEe, 171202.202673, MEe, 5.706740089e+00, E, -90.000000, NP, 30000 3000
6600, t, 3.300000e-06, KEe, 171141.570029, MEe, 5.704719001e+00, E, -90.000000, NP, 30000 3000
6700, t, 3.350000e-06, KEe, 171186.684565, MEe, 5.706222819e+00, E, -90.000000, NP, 30000 3000
6800, t, 3.400000e-06, KEe, 171314.698127, MEe, 5.710489938e+00, E, -90.000000, NP, 30000 3000
6900, t, 3.450000e-06, KEe, 171853.482322, MEe, 5.728449411e+00, E, -90.000000, NP, 30000 3000
7000, t, 3.500000e-06, KEe, 171460.321201, MEe, 5.715344040e+00, E, -90.000000, NP, 30000 3000
7100, t, 3.550000e-06, KEe, 171781.678848, MEe, 5.726055962e+00, E, -90.000000, NP, 30000 3000
7200, t, 3.600000e-06, KEe, 171804.956558, MEe, 5.726831885e+00, E, -90.000000, NP, 30000 3000
7300, t, 3.650000e-06, KEe, 171465.746607, MEe, 5.715524887e+00, E, -90.000000, NP, 30000 3000
7400, t, 3.700000e-06, KEe, 171531.199360, MEe, 5.717706645e+00, E, -90.000000, NP, 30000 3000
7500, t, 3.750000e-06, KEe, 171383.845527, MEe, 5.712794851e+00, E, -90.000000, NP, 30000 3000
7600, t, 3.800000e-06, KEe, 171397.483792, MEe, 5.713249460e+00, E, -90.000000, NP, 30000 3000
7700, t, 3.850000e-06, KEe, 170747.128756, MEe, 5.691570959e+00, E, -90.000000, NP, 30000 3000
7800, t, 3.900000e-06, KEe, 170773.460376, MEe, 5.692448679e+00, E, -90.000000, NP, 30000 3000
7900, t, 3.950000e-06, KEe, 171139.526003, MEe, 5.704650867e+00, E, -90.000000, NP, 30000 3000
8000, t, 4.000000e-06, KEe, 171200.021252, MEe, 5.706667375e+00, E, -90.000000, NP, 30000 3000
8100, t, 4.050000e-06, KEe, 170668.348072, MEe, 5.688944936e+00, E, -90.000000, NP, 30000 3000
8200, t, 4.100000e-06, KEe, 170956.792275, MEe, 5.698559743e+00, E, -90.000000, NP, 30000 3000
8300, t, 4.150000e-06, KEe, 171162.319288, MEe, 5.705410643e+00, E, -90.000000, NP, 30000 3000
8400, t, 4.200000e-06, KEe, 170698.335581, MEe, 5.689944519e+00, E, -90.000000, NP, 30000 3000
8500, t, 4.250000e-06, KEe, 170571.808592, MEe, 5.685726953e+00, E, -90.000000, NP, 30000 3000
8600, t, 4.300000e-06, KEe, 170675.198356, MEe, 5.689173279e+00, E, -90.000000, NP, 30000 3000
8700, t, 4.350000e-06, KEe, 170490.481202, MEe, 5.683016040e+00, E, -90.000000, NP, 30000 3000
8800, t, 4.400000e-06, KEe, 170575.734704, MEe, 5.685857823e+00, E, -90.000000, NP, 30000 3000
8900, t, 4.450000e-06, KEe, 170744.125677, MEe, 5.691470856e+00, E, -90.000000, NP, 30000 3000
9000, t, 4.500000e-06, KEe, 170117.333856, MEe, 5.670577795e+00, E, -90.000000, NP, 30000 3000
9100, t, 4.550000e-06, KEe, 170653.476254, MEe, 5.688449208e+00, E, -90.000000, NP, 30000 3000
9200, t, 4.600000e-06, KEe, 170166.138868, MEe, 5.672204629e+00, E, -90.000000, NP, 30000 3000
9300, t, 4.650000e-06, KEe, 170260.217945, MEe, 5.675340598e+00, E, -90.000000, NP, 30000 3000
9400, t, 4.700000e-06, KEe, 170237.434855, MEe, 5.674581162e+00, E, -90.000000, NP, 30000 3000
9500, t, 4.750000e-06, KEe, 170276.483937, MEe, 5.675882798e+00, E, -90.000000, NP, 30000 3000
9600, t, 4.800000e-06, KEe, 170284.603496, MEe, 5.676153450e+00, E, -90.000000, NP, 30000 3000
9700, t, 4.850000e-06, KEe, 170292.328507, MEe, 5.676410950e+00, E, -90.000000, NP, 30000 3000
9800, t, 4.900000e-06, KEe, 170501.140092, MEe, 5.683371336e+00, E, -90.000000, NP, 30000 3000
9900, t, 4.950000e-06, KEe, 171005.166070, MEe, 5.700172202e+00, E, -90.000000, NP, 30000 3000
10000, t, 5.000000e-06, KEe, 171008.893258, MEe, 5.700296442e+00, E, -90.000000, NP, 30000 3000
10100, t, 5.050000e-06, KEe, 170490.600782, MEe, 5.683020026e+00, E, -90.000000, NP, 30000 3000
10200, t, 5.100000e-06, KEe, 171064.470526, MEe, 5.702149018e+00, E, -90.000000, NP, 30000 3000
10300, t, 5.150000e-06, KEe, 170800.228591, MEe, 5.693340953e+00, E, -90.000000, NP, 30000 3000
10400, t, 5.200000e-06, KEe, 170725.086992, MEe, 5.690836233e+00, E, -90.000000, NP, 30000 3000
10500, t, 5.250000e-06, KEe, 170377.945892, MEe, 5.679264863e+00, E, -90.000000, NP, 30000 3000
10600, t, 5.300000e-06, KEe, 170409.459852, MEe, 5.680315328e+00, E, -90.000000, NP, 30000 3000
10700, t, 5.350000e-06, KEe, 170565.316733, MEe, 5.685510558e+00, E, -90.000000, NP, 30000 3000
10800, t, 5.400000e-06, KEe, 170814.361786, MEe, 5.693812060e+00, E, -90.000000, NP, 30000 3000
10900, t, 5.450000e-06, KEe, 170916.110791, MEe, 5.697203693e+00, E, -90.000000, NP, 30000 3000
11000, t, 5.500000e-06, KEe, 171003.574530, MEe, 5.700119151e+00, E, -90.000000, NP, 30000 3000
11100, t, 5.550000e-06, KEe, 171052.595769, MEe, 5.701753192e+00, E, -90.000000, NP, 30000 3000
11200, t, 5.600000e-06, KEe, 170777.469231, MEe, 5.692582308e+00, E, -90.000000, NP, 30000 3000
11300, t, 5.650000e-06, KEe, 171207.767716, MEe, 5.706925591e+00, E, -90.000000, NP, 30000 3000
11400, t, 5.700000e-06, KEe, 171130.211938, MEe, 5.704340398e+00, E, -90.000000, NP, 30000 3000
11500, t, 5.750000e-06, KEe, 171175.512192, MEe, 5.705850406e+00, E, -90.000000, NP, 30000 3000
11600, t, 5.800000e-06, KEe, 171431.094689, MEe, 5.714369823e+00, E, -90.000000, NP, 30000 3000
11700, t, 5.850000e-06, KEe, 171404.223518, MEe, 5.713474117e+00, E, -90.000000, NP, 30000 3000
11800, t, 5.900000e-06, KEe, 171197.637120, MEe, 5.706587904e+00, E, -90.000000, NP, 30000 3000
11900, t, 5.950000e-06, KEe, 171483.886905, MEe, 5.716129564e+00, E, -90.000000, NP, 30000 3000
12000, t, 6.000000e-06, KEe, 171437.776968, MEe, 5.714592566e+00, E, -90.000000, NP, 30000 3000
12100, t, 6.050000e-06, KEe, 171255.038924, MEe, 5.708501297e+00, E, -90.000000, NP, 30000 3000
12200, t, 6.100000e-06, KEe, 171316.727055, MEe, 5.710557568e+00, E, -90.000000, NP, 30000 3000
12300, t, 6.150000e-06, KEe, 171335.806579, MEe, 5.711193553e+00, E, -90.000000, NP, 30000 3000
12400, t, 6.200000e-06, KEe, 171129.738509, MEe, 5.704324617e+00, E, -90.000000, NP, 30000 3000
12500, t, 6.250000e-06, KEe, 171218.154308, MEe, 5.707271810e+00, E, -90.000000, NP, 30000 3000
12600, t, 6.300000e-06, KEe, 171173.500578, MEe, 5.705783353e+00, E, -90.000000, NP, 30000 3000
12700, t, 6.350000e-06, KEe, 170758.292309, MEe, 5.691943077e+00, E, -90.000000, NP, 30000 3000
12800, t, 6.400000e-06, KEe, 171113.644547, MEe, 5.703788152e+00, E, -90.000000, NP, 30000 3000
12900, t, 6.450000e-06, KEe, 170713.282456, MEe, 5.690442749e+00, E, -90.000000, NP, 30000 3000
13000, t, 6.500000e-06, KEe, 171130.129051, MEe, 5.704337635e+00, E, -90.000000, NP, 30000 3000
13100, t, 6.550000e-06, KEe, 170928.401977, MEe, 5.697613399e+00, E, -90.000000, NP, 30000 3000
13200, t, 6.600000e-06, KEe, 171151.787360, MEe, 5.705059579e+00, E, -90.000000, NP, 30000 3000
13300, t, 6.650000e-06, KEe, 171470.725626, MEe, 5.715690854e+00, E, -90.000000, NP, 30000 3000
13400, t, 6.700000e-06, KEe, 171095.198747, MEe, 5.703173292e+00, E, -90.000000, NP, 30000 3000
13500, t, 6.750000e-06, KEe, 171205.821798, MEe, 5.706860727e+00, E, -90.000000, NP, 30000 3000
13600, t, 6.800000e-06, KEe, 171326.639172, MEe, 5.710887972e+00, E, -90.000000, NP, 30000 3000
13700, t, 6.850000e-06, KEe, 171524.386999, MEe, 5.717479567e+00, E, -90.000000, NP, 30000 3000
13800, t, 6.900000e-06, KEe, 171413.382805, MEe, 5.713779427e+00, E, -90.000000, NP, 30000 3000
13900, t, 6.950000e-06, KEe, 171127.620441, MEe, 5.704254015e+00, E, -90.000000, NP, 30000 3000
14000, t, 7.000000e-06, KEe, 171649.672043, MEe, 5.721655735e+00, E, -90.000000, NP, 30000 3000
14100, t, 7.050000e-06, KEe, 171845.265298, MEe, 5.728175510e+00, E, -90.000000, NP, 30000 3000
14200, t, 7.100000e-06, KEe, 172020.941533, MEe, 5.734031384e+00, E, -90.000000, NP, 30000 3000
14300, t, 7.150000e-06, KEe, 172084.043795, MEe, 5.736134793e+00, E, -90.000000, NP, 30000 3000
14400, t, 7.200000e-06, KEe, 171923.610448, MEe, 5.730787015e+00, E, -90.000000, NP, 30000 3000
14500, t, 7.250000e-06, KEe, 171759.303803, MEe, 5.725310127e+00, E, -90.000000, NP, 30000 3000
14600, t, 7.300000e-06, KEe, 171360.708777, MEe, 5.712023626e+00, E, -90.000000, NP, 30000 3000
14700, t, 7.350000e-06, KEe, 171546.454764, MEe, 5.718215159e+00, E, -90.000000, NP, 30000 3000
14800, t, 7.400000e-06, KEe, 171566.439831, MEe, 5.718881328e+00, E, -90.000000, NP, 30000 3000
14900, t, 7.450000e-06, KEe, 171790.995046, MEe, 5.726366502e+00, E, -90.000000, NP, 30000 3000
15000, t, 7.500000e-06, KEe, 171837.194349, MEe, 5.727906478e+00, E, -90.000000, NP, 30000 3000
15100, t, 7.550000e-06, KEe, 171444.073917, MEe, 5.714802464e+00, E, -90.000000, NP, 30000 3000
15200, t, 7.600000e-06, KEe, 171568.442789, MEe, 5.718948093e+00, E, -90.000000, NP, 30000 3000
15300, t, 7.650000e-06, KEe, 171681.941648, MEe, 5.722731388e+00, E, -90.000000, NP, 30000 3000
15400, t, 7.700000e-06, KEe, 172163.359528, MEe, 5.738778651e+00, E, -90.000000, NP, 30000 3000
15500, t, 7.750000e-06, KEe, 172020.119190, MEe, 5.734003973e+00, E, -90.000000, NP, 30000 3000
15600, t, 7.800000e-06, KEe, 171856.833895, MEe, 5.728561130e+00, E, -90.000000, NP, 30000 3000
15700, t, 7.850000e-06, KEe, 171782.203245, MEe, 5.726073442e+00, E, -90.000000, NP, 30000 3000
15800, t, 7.900000e-06, KEe, 171760.019334, MEe, 5.725333978e+00, E, -90.000000, NP, 30000 3000
15900, t, 7.950000e-06, KEe, 171673.784556, MEe, 5.722459485e+00, E, -90.000000, NP, 30000 3000
16000, t, 8.000000e-06, KEe, 171909.122335, MEe, 5.730304078e+00, E, -90.000000, NP, 30000 3000
16100, t, 8.050000e-06, KEe, 171785.810151, MEe, 5.726193672e+00, E, -90.000000, NP, 30000 3000
16200, t, 8.100000e-06, KEe, 171672.826455, MEe, 5.722427548e+00, E, -90.000000, NP, 30000 3000
16300, t, 8.150000e-06, KEe, 171565.845479, MEe, 5.718861516e+00, E, -90.000000, NP, 30000 3000
16400, t, 8.200000e-06, KEe, 171459.959560, MEe, 5.715331985e+00, E, -90.000000, NP, 30000 3000
16500, t, 8.250000e-06, KEe, 171377.469622, MEe, 5.712582321e+00, E, -90.000000, NP, 30000 3000
16600, t, 8.300000e-06, KEe, 171100.171732, MEe, 5.703339058e+00, E, -90.000000, NP, 30000 3000
16700, t, 8.350000e-06, KEe, 170870.955964, MEe, 5.695698532e+00, E, -90.000000, NP, 30000 3000
16800, t, 8.400000e-06, KEe, 170727.242674, MEe, 5.690908089e+00, E, -90.000000, NP, 30000 3000
16900, t, 8.450000e-06, KEe, 171171.839853, MEe, 5.705727995e+00, E, -90.000000, NP, 30000 3000
17000, t, 8.500000e-06, KEe, 171034.918908, MEe, 5.701163964e+00, E, -90.000000, NP, 30000 3000
17100, t, 8.550000e-06, KEe, 171046.895642, MEe, 5.701563188e+00, E, -90.000000, NP, 30000 3000
17200, t, 8.600000e-06, KEe, 170898.572813, MEe, 5.696619094e+00, E, -90.000000, NP, 30000 3000
17300, t, 8.650000e-06, KEe, 170654.263990, MEe, 5.688475466e+00, E, -90.000000, NP, 30000 3000
17400, t, 8.700000e-06, KEe, 170897.593392, MEe, 5.696586446e+00, E, -90.000000, NP, 30000 3000
17500, t, 8.750000e-06, KEe, 170490.201354, MEe, 5.683006712e+00, E, -90.000000, NP, 30000 3000
17600, t, 8.800000e-06, KEe, 170557.438694, MEe, 5.685247956e+00, E, -90.000000, NP, 30000 3000
17700, t, 8.850000e-06, KEe, 170700.069123, MEe, 5.690002304e+00, E, -90.000000, NP, 30000 3000
17800, t, 8.900000e-06, KEe, 170995.866912, MEe, 5.699862230e+00, E, -90.000000, NP, 30000 3000
17900, t, 8.950000e-06, KEe, 171262.660848, MEe, 5.708755362e+00, E, -90.000000, NP, 30000 3000
18000, t, 9.000000e-06, KEe, 171259.467279, MEe, 5.708648909e+00, E, -90.000000, NP, 30000 3000
18100, t, 9.050000e-06, KEe, 170831.356204, MEe, 5.694378540e+00, E, -90.000000, NP, 30000 3000
18200, t, 9.100000e-06, KEe, 170710.689868, MEe, 5.690356329e+00, E, -90.000000, NP, 30000 3000
18300, t, 9.150000e-06, KEe, 171053.342559, MEe, 5.701778085e+00, E, -90.000000, NP, 30000 3000
18400, t, 9.200000e-06, KEe, 171361.492295, MEe, 5.712049743e+00, E, -90.000000, NP, 30000 3000
18500, t, 9.250000e-06, KEe, 171055.296780, MEe, 5.701843226e+00, E, -90.000000, NP, 30000 3000
18600, t, 9.300000e-06, KEe, 171612.050767, MEe, 5.720401692e+00, E, -90.000000, NP, 30000 3000
18700, t, 9.350000e-06, KEe, 171647.699684, MEe, 5.721589989e+00, E, -90.000000, NP, 30000 3000
18800, t, 9.400000e-06, KEe, 172104.120365, MEe, 5.736804012e+00, E, -90.000000, NP, 30000 3000
18900, t, 9.450000e-06, KEe, 171877.561471, MEe, 5.729252049e+00, E, -90.000000, NP, 30000 3000
19000, t, 9.500000e-06, KEe, 170920.075349, MEe, 5.697335845e+00, E, -90.000000, NP, 30000 3000
19100, t, 9.550000e-06, KEe, 171111.184217, MEe, 5.703706141e+00, E, -90.000000, NP, 30000 3000
19200, t, 9.600000e-06, KEe, 171145.424010, MEe, 5.704847467e+00, E, -90.000000, NP, 30000 3000
19300, t, 9.650000e-06, KEe, 171420.712622, MEe, 5.714023754e+00, E, -90.000000, NP, 30000 3000
19400, t, 9.700000e-06, KEe, 171182.662299, MEe, 5.706088743e+00, E, -90.000000, NP, 30000 3000
19500, t, 9.750000e-06, KEe, 171401.335882, MEe, 5.713377863e+00, E, -90.000000, NP, 30000 3000
19600, t, 9.800000e-06, KEe, 171184.602344, MEe, 5.706153411e+00, E, -90.000000, NP, 30000 3000
19700, t, 9.850000e-06, KEe, 170776.818225, MEe, 5.692560608e+00, E, -90.000000, NP, 30000 3000
19800, t, 9.900000e-06, KEe, 170585.200726, MEe, 5.686173358e+00, E, -90.000000, NP, 30000 3000
19900, t, 9.950000e-06, KEe, 170629.702902, MEe, 5.687656763e+00, E, -90.000000, NP, 30000 3000
20000, t, 1.000000e-05, KEe, 170785.498587, MEe, 5.692849953e+00, E, -90.000000, NP, 30000 3000
20100, t, 1.005000e-05, KEe, 170854.154751, MEe, 5.695138492e+00, E, -90.000000, NP, 30000 3000
20200, t, 1.010000e-05, KEe, 171091.182371, MEe, 5.703039412e+00, E, -90.000000, NP, 30000 3000
20300, t, 1.015000e-05, KEe, 171109.220902, MEe, 5.703640697e+00, E, -90.000000, NP, 30000 3000
20400, t, 1.020000e-05, KEe, 170836.246401, MEe, 5.694541547e+00, E, -90.000000, NP, 30000 3000
20500, t, 1.025000e-05, KEe, 170525.864767, MEe, 5.684195492e+00, E, -90.000000, NP, 30000 3000
20600, t, 1.030000e-05, KEe, 170719.366723, MEe, 5.690645557e+00, E, -90.000000, NP, 30000 3000
20700, t, 1.035000e-05, KEe, 170905.844943, MEe, 5.696861498e+00, E, -90.000000, NP, 30000 3000
20800, t, 1.040000e-05, KEe, 171246.526385, MEe, 5.708217546e+00, E, -90.000000, NP, 30000 3000
20900, t, 1.045000e-05, KEe, 171251.521394, MEe, 5.708384046e+00, E, -90.000000, NP, 30000 3000
21000, t, 1.050000e-05, KEe, 171427.525818, MEe, 5.714250861e+00, E, -90.000000, NP, 30000 3000
21100, t, 1.055000e-05, KEe, 171466.305089, MEe, 5.715543503e+00, E, -90.000000, NP, 30000 3000
21200, t, 1.060000e-05, KEe, 170783.902339, MEe, 5.692796745e+00, E, -90.000000, NP, 30000 3000
21300, t, 1.065000e-05, KEe, 171089.583594, MEe, 5.702986120e+00, E, -90.000000, NP, 30000 3000
21400, t, 1.070000e-05, KEe, 170818.726400, MEe, 5.693957547e+00, E, -90.000000, NP, 30000 3000
21500, t, 1.075000e-05, KEe, 171155.869767, MEe, 5.705195659e+00, E, -90.000000, NP, 30000 3000
21600, t, 1.080000e-05, KEe, 171035.288769, MEe, 5.701176292e+00, E, -90.000000, NP, 30000 3000
21700, t, 1.085000e-05, KEe, 171036.333601, MEe, 5.701211120e+00, E, -90.000000, NP, 30000 3000
21800, t, 1.090000e-05, KEe, 171136.064432, MEe, 5.704535481e+00, E, -90.000000, NP, 30000 3000
21900, t, 1.095000e-05, KEe, 171197.375208, MEe, 5.706579174e+00, E, -90.000000, NP, 30000 3000
22000, t, 1.100000e-05, KEe, 171121.549095, MEe, 5.704051636e+00, E, -90.000000, NP, 30000 3000
22100, t, 1.105000e-05, KEe, 171240.560024, MEe, 5.708018667e+00, E, -90.000000, NP, 30000 3000
22200, t, 1.110000e-05, KEe, 171209.825126, MEe, 5.706994171e+00, E, -90.000000, NP, 30000 3000
22300, t, 1.115000e-05, KEe, 171322.519350, MEe, 5.710750645e+00, E, -90.000000, NP, 30000 3000
22400, t, 1.120000e-05, KEe, 171155.406881, MEe, 5.705180229e+00, E, -90.000000, NP, 30000 3000
22500, t, 1.125000e-05, KEe, 170698.479474, MEe, 5.689949316e+00, E, -90.000000, NP, 30000 3000
22600, t, 1.130000e-05, KEe, 170516.119051, MEe, 5.683870635e+00, E, -90.000000, NP, 30000 3000
22700, t, 1.135000e-05, KEe, 170206.118278, MEe, 5.673537276e+00, E, -90.000000, NP, 30000 3000
22800, t, 1.140000e-05, KEe, 170599.042808, MEe, 5.686634760e+00, E, -90.000000, NP, 30000 3000
22900, t, 1.145000e-05, KEe, 170759.641607, MEe, 5.691988054e+00, E, -90.000000, NP, 30000 3000
23000, t, 1.150000e-05, KEe, 171035.032074, MEe, 5.701167736e+00, E, -90.000000, NP, 30000 3000
23100, t, 1.155000e-05, KEe, 170997.265215, MEe, 5.699908841e+00, E, -90.000000, NP, 30000 3000
23200, t, 1.160000e-05, KEe, 170893.576507, MEe, 5.696452550e+00, E, -90.000000, NP, 30000 3000
23300, t, 1.165000e-05, KEe, 170620.263808, MEe, 5.687342127e+00, E, -90.000000, NP, 30000 3000
23400, t, 1.170000e-05, KEe, 170924.106649, MEe, 5.697470222e+00, E, -90.000000, NP, 30000 3000
23500, t, 1.175000e-05, KEe, 170665.358375, MEe, 5.688845279e+00, E, -90.000000, NP, 30000 3000
23600, t, 1.180000e-05, KEe, 170542.042298, MEe, 5.684734743e+00, E, -90.000000, NP, 30000 3000
23700, t, 1.185000e-05, KEe, 170363.841691, MEe, 5.678794723e+00, E, -90.000000, NP, 30000 3000
23800, t, 1.190000e-05, KEe, 170753.634468, MEe, 5.691787816e+00, E, -90.000000, NP, 30000 3000
23900, t, 1.195000e-05, KEe, 170471.580713, MEe, 5.682386024e+00, E, -90.000000, NP, 30000 3000
24000, t, 1.200000e-05, KEe, 170384.928749, MEe, 5.679497625e+00, E, -90.000000, NP, 30000 3000
24100, t, 1.205000e-05, KEe, 170678.222396, MEe, 5.689274080e+00, E, -90.000000, NP, 30000 3000
24200, t, 1.210000e-05, KEe, 170761.704534, MEe, 5.692056818e+00, E, -90.000000, NP, 30000 3000
24300, t, 1.215000e-05, KEe, 170614.567077, MEe, 5.687152236e+00, E, -90.000000, NP, 30000 3000
24400, t, 1.220000e-05, KEe, 170555.591924, MEe, 5.685186397e+00, E, -90.000000, NP, 30000 3000
24500, t, 1.225000e-05, KEe, 170420.096557, MEe, 5.680669885e+00, E, -90.000000, NP, 30000 3000
24600, t, 1.230000e-05, KEe, 170209.138635, MEe, 5.673637954e+00, E, -90.000000, NP, 30000 3000
24700, t, 1.235000e-05, KEe, 170521.922641, MEe, 5.684064088e+00, E, -90.000000, NP, 30000 3000
24800, t, 1.240000e-05, KEe, 170617.438698, MEe, 5.687247957e+00, E, -90.000000, NP, 30000 3000
24900, t, 1.245000e-05, KEe, 170862.056054, MEe, 5.695401868e+00, E, -90.000000, NP, 30000 3000
25000, t, 1.250000e-05, KEe, 170436.597702, MEe, 5.681219923e+00, E, -90.000000, NP, 30000 3000
25100, t, 1.255000e-05, KEe, 170368.645636, MEe, 5.678954855e+00, E, -90.000000, NP, 30000 3000
25200, t, 1.260000e-05, KEe, 169653.126388, MEe, 5.655104213e+00, E, -90.000000, NP, 30000 3000
25300, t, 1.265000e-05, KEe, 169583.493770, MEe, 5.652783126e+00, E, -90.000000, NP, 30000 3000
25400, t, 1.270000e-05, KEe, 169946.714753, MEe, 5.664890492e+00, E, -90.000000, NP, 30000 3000
25500, t, 1.275000e-05, KEe, 170222.568890, MEe, 5.674085630e+00, E, -90.000000, NP, 30000 3000
25600, t, 1.280000e-05, KEe, 170121.858828, MEe, 5.670728628e+00, E, -90.000000, NP, 30000 3000
25700, t, 1.285000e-05, KEe, 170085.084742, MEe, 5.669502825e+00, E, -90.000000, NP, 30000 3000
25800, t, 1.290000e-05, KEe, 169752.128127, MEe, 5.658404271e+00, E, -90.000000, NP, 30000 3000
25900, t, 1.295000e-05, KEe, 169675.536065, MEe, 5.655851202e+00, E, -90.000000, NP, 30000 3000
26000, t, 1.300000e-05, KEe, 169763.868622, MEe, 5.658795621e+00, E, -90.000000, NP, 30000 3000
26100, t, 1.305000e-05, KEe, 170024.487893, MEe, 5.667482930e+00, E, -90.000000, NP, 30000 3000
26200, t, 1.310000e-05, KEe, 170386.488967, MEe, 5.679549632e+00, E, -90.000000, NP, 30000 3000
26300, t, 1.315000e-05, KEe, 170503.463679, MEe, 5.683448789e+00, E, -90.000000, NP, 30000 3000
26400, t, 1.320000e-05, KEe, 170689.424245, MEe, 5.689647475e+00, E, -90.000000, NP, 30000 3000
26500, t, 1.325000e-05, KEe, 170681.607581, MEe, 5.689386919e+00, E, -90.000000, NP, 30000 3000
26600, t, 1.330000e-05, KEe, 170773.797253, MEe, 5.692459908e+00, E, -90.000000, NP, 30000 3000
26700, t, 1.335000e-05, KEe, 170857.078719, MEe, 5.695235957e+00, E, -90.000000, NP, 30000 3000
26800, t, 1.340000e-05, KEe, 171241.726974, MEe, 5.708057566e+00, E, -90.000000, NP, 30000 3000
26900, t, 1.345000e-05, KEe, 171916.147985, MEe, 5.730538266e+00, E, -90.000000, NP, 30000 3000
27000, t, 1.350000e-05, KEe, 171379.201209, MEe, 5.712640040e+00, E, -90.000000, NP, 30000 3000
27100, t, 1.355000e-05, KEe, 171075.595765, MEe, 5.702519859e+00, E, -90.000000, NP, 30000 3000
27200, t, 1.360000e-05, KEe, 171183.168052, MEe, 5.706105602e+00, E, -90.000000, NP, 30000 3000
27300, t, 1.365000e-05, KEe, 170911.076005, MEe, 5.697035867e+00, E, -90.000000, NP, 30000 3000
27400, t, 1.370000e-05, KEe, 171077.003560, MEe, 5.702566785e+00, E, -90.000000, NP, 30000 3000
27500, t, 1.375000e-05, KEe, 170868.133140, MEe, 5.695604438e+00, E, -90.000000, NP, 30000 3000
27600, t, 1.380000e-05, KEe, 171060.087223, MEe, 5.702002907e+00, E, -90.000000, NP, 30000 3000
27700, t, 1.385000e-05, KEe, 171019.757587, MEe, 5.700658586e+00, E, -90.000000, NP, 30000 3000
27800, t, 1.390000e-05, KEe, 170976.480724, MEe, 5.699216024e+00, E, -90.000000, NP, 30000 3000
27900, t, 1.395000e-05, KEe, 170887.014648, MEe, 5.696233822e+00, E, -90.000000, NP, 30000 3000
28000, t, 1.400000e-05, KEe, 171442.110447, MEe, 5.714737015e+00, E, -90.000000, NP, 30000 3000
28100, t, 1.405000e-05, KEe, 171380.140266, MEe, 5.712671342e+00, E, -90.000000, NP, 30000 3000
28200, t, 1.410000e-05, KEe, 171893.009164, MEe, 5.729766972e+00, E, -90.000000, NP, 30000 3000
28300, t, 1.415000e-05, KEe, 171737.458250, MEe, 5.724581942e+00, E, -90.000000, NP, 30000 3000
28400, t, 1.420000e-05, KEe, 171162.961016, MEe, 5.705432034e+00, E, -90.000000, NP, 30000 3000
28500, t, 1.425000e-05, KEe, 171237.032591, MEe, 5.707901086e+00, E, -90.000000, NP, 30000 3000
28600, t, 1.430000e-05, KEe, 171089.604261, MEe, 5.702986809e+00, E, -90.000000, NP, 30000 3000
28700, t, 1.435000e-05, KEe, 170833.855295, MEe, 5.694461843e+00, E, -90.000000, NP, 30000 3000
28800, t, 1.440000e-05, KEe, 170335.940713, MEe, 5.677864690e+00, E, -90.000000, NP, 30000 3000
28900, t, 1.445000e-05, KEe, 169963.724834, MEe, 5.665457494e+00, E, -90.000000, NP, 30000 3000
29000, t, 1.450000e-05, KEe, 169700.932161, MEe, 5.656697739e+00, E, -90.000000, NP, 30000 3000
29100, t, 1.455000e-05, KEe, 169341.109712, MEe, 5.644703657e+00, E, -90.000000, NP, 30000 3000
29200, t, 1.460000e-05, KEe, 169448.517482, MEe, 5.648283916e+00, E, -90.000000, NP, 30000 3000
29300, t, 1.465000e-05, KEe, 170029.472641, MEe, 5.667649088e+00, E, -90.000000, NP, 30000 3000
29400, t, 1.470000e-05, KEe, 170409.868772, MEe, 5.680328959e+00, E, -90.000000, NP, 30000 3000
29500, t, 1.475000e-05, KEe, 170523.693028, MEe, 5.684123101e+00, E, -90.000000, NP, 30000 3000
29600, t, 1.480000e-05, KEe, 170453.280921, MEe, 5.681776031e+00, E, -90.000000, NP, 30000 3000
29700, t, 1.485000e-05, KEe, 170025.185616, MEe, 5.667506187e+00, E, -90.000000, NP, 30000 3000
29800, t, 1.490000e-05, KEe, 170544.794078, MEe, 5.684826469e+00, E, -90.000000, NP, 30000 3000
29900, t, 1.495000e-05, KEe, 171281.043404, MEe, 5.709368113e+00, E, -90.000000, NP, 30000 3000
30000, t, 1.500000e-05, KEe, 170786.189321, MEe, 5.692872977e+00, E, -90.000000, NP, 30000 3000
30100, t, 1.505000e-05, KEe, 170603.223632, MEe, 5.686774121e+00, E, -90.000000, NP, 30000 3000
30200, t, 1.510000e-05, KEe, 170121.711335, MEe, 5.670723711e+00, E, -90.000000, NP, 30000 3000
30300, t, 1.515000e-05, KEe, 170081.547382, MEe, 5.669384913e+00, E, -90.000000, NP, 30000 3000
30400, t, 1.520000e-05, KEe, 170219.613508, MEe, 5.673987117e+00, E, -90.000000, NP, 30000 3000
30500, t, 1.525000e-05, KEe, 170395.048418, MEe, 5.679834947e+00, E, -90.000000, NP, 30000 3000
30600, t, 1.530000e-05, KEe, 170921.993262, MEe, 5.697399775e+00, E, -90.000000, NP, 30000 3000
30700, t, 1.535000e-05, KEe, 171273.586910, MEe, 5.709119564e+00, E, -90.000000, NP, 30000 3000
30800, t, 1.540000e-05, KEe, 171297.184487, MEe, 5.709906150e+00, E, -90.000000, NP, 30000 3000
30900, t, 1.545000e-05, KEe, 171075.382845, MEe, 5.702512761e+00, E, -90.000000, NP, 30000 3000
31000, t, 1.550000e-05, KEe, 170955.627610, MEe, 5.698520920e+00, E, -90.000000, NP, 30000 3000
31100, t, 1.555000e-05, KEe, 170622.285073, MEe, 5.687409502e+00, E, -90.000000, NP, 30000 3000
31200, t, 1.560000e-05, KEe, 170327.511239, MEe, 5.677583708e+00, E, -90.000000, NP, 30000 3000
31300, t, 1.565000e-05, KEe, 170607.506180, MEe, 5.686916873e+00, E, -90.000000, NP, 30000 3000
31400, t, 1.570000e-05, KEe, 170766.158143, MEe, 5.692205271e+00, E, -90.000000, NP, 30000 3000
31500, t, 1.575000e-05, KEe, 170991.263801, MEe, 5.699708793e+00, E, -90.000000, NP, 30000 3000
31600, t, 1.580000e-05, KEe, 171224.605652, MEe, 5.707486855e+00, E, -90.000000, NP, 30000 3000
31700, t, 1.585000e-05, KEe, 171479.666910, MEe, 5.715988897e+00, E, -90.000000, NP, 30000 3000
31800, t, 1.590000e-05, KEe, 171455.692731, MEe, 5.715189758e+00, E, -90.000000, NP, 30000 3000
31900, t, 1.595000e-05, KEe, 171183.271057, MEe, 5.706109035e+00, E, -90.000000, NP, 30000 3000
32000, t, 1.600000e-05, KEe, 171300.607862, MEe, 5.710020262e+00, E, -90.000000, NP, 30000 3000
32100, t, 1.605000e-05, KEe, 170875.473429, MEe, 5.695849114e+00, E, -90.000000, NP, 30000 3000
32200, t, 1.610000e-05, KEe, 170868.468306, MEe, 5.695615610e+00, E, -90.000000, NP, 30000 3000
32300, t, 1.615000e-05, KEe, 171056.335748, MEe, 5.701877858e+00, E, -90.000000, NP, 30000 3000
32400, t, 1.620000e-05, KEe, 170961.819590, MEe, 5.698727320e+00, E, -90.000000, NP, 30000 3000
32500, t, 1.625000e-05, KEe, 171144.822847, MEe, 5.704827428e+00, E, -90.000000, NP, 30000 3000
32600, t, 1.630000e-05, KEe, 170901.517175, MEe, 5.696717239e+00, E, -90.000000, NP, 30000 3000
32700, t, 1.635000e-05, KEe, 170904.135766, MEe, 5.696804526e+00, E, -90.000000, NP, 30000 3000
32800, t, 1.640000e-05, KEe, 170647.072635, MEe, 5.688235754e+00, E, -90.000000, NP, 30000 3000
32900, t, 1.645000e-05, KEe, 171079.575855, MEe, 5.702652528e+00, E, -90.000000, NP, 30000 3000
33000, t, 1.650000e-05, KEe, 171275.394430, MEe, 5.709179814e+00, E, -90.000000, NP, 30000 3000
33100, t, 1.655000e-05, KEe, 170973.320099, MEe, 5.699110670e+00, E, -90.000000, NP, 30000 3000
33200, t, 1.660000e-05, KEe, 170998.422459, MEe, 5.699947415e+00, E, -90.000000, NP, 30000 3000
33300, t, 1.665000e-05, KEe, 171122.838244, MEe, 5.704094608e+00, E, -90.000000, NP, 30000 3000
33400, t, 1.670000e-05, KEe, 170617.229288, MEe, 5.687240976e+00, E, -90.000000, NP, 30000 3000
33500, t, 1.675000e-05, KEe, 170492.793059, MEe, 5.683093102e+00, E, -90.000000, NP, 30000 3000
33600, t, 1.680000e-05, KEe, 170747.403202, MEe, 5.691580107e+00, E, -90.000000, NP, 30000 3000
33700, t, 1.685000e-05, KEe, 170897.082980, MEe, 5.696569433e+00, E, -90.000000, NP, 30000 3000
33800, t, 1.690000e-05, KEe, 170837.428200, MEe, 5.694580940e+00, E, -90.000000, NP, 30000 3000
33900, t, 1.695000e-05, KEe, 170964.904574, MEe, 5.698830152e+00, E, -90.000000, NP, 30000 3000
34000, t, 1.700000e-05, KEe, 170689.921696, MEe, 5.689664057e+00, E, -90.000000, NP, 30000 3000
34100, t, 1.705000e-05, KEe, 170792.086565, MEe, 5.693069552e+00, E, -90.000000, NP, 30000 3000
34200, t, 1.710000e-05, KEe, 170466.031758, MEe, 5.682201059e+00, E, -90.000000, NP, 30000 3000
34300, t, 1.715000e-05, KEe, 170408.955351, MEe, 5.680298512e+00, E, -90.000000, NP, 30000 3000
34400, t, 1.720000e-05, KEe, 170126.755489, MEe, 5.670891850e+00, E, -90.000000, NP, 30000 3000
34500, t, 1.725000e-05, KEe, 170303.883011, MEe, 5.676796100e+00, E, -90.000000, NP, 30000 3000
34600, t, 1.730000e-05, KEe, 170377.326535, MEe, 5.679244218e+00, E, -90.000000, NP, 30000 3000
34700, t, 1.735000e-05, KEe, 170601.298399, MEe, 5.686709947e+00, E, -90.000000, NP, 30000 3000
34800, t, 1.740000e-05, KEe, 170384.976566, MEe, 5.679499219e+00, E, -90.000000, NP, 30000 3000
34900, t, 1.745000e-05, KEe, 170034.755309, MEe, 5.667825177e+00, E, -90.000000, NP, 30000 3000
35000, t, 1.750000e-05, KEe, 169649.380108, MEe, 5.654979337e+00, E, -90.000000, NP, 30000 3000
35100, t, 1.755000e-05, KEe, 169880.377299, MEe, 5.662679243e+00, E, -90.000000, NP, 30000 3000
35200, t, 1.760000e-05, KEe, 169678.842862, MEe, 5.655961429e+00, E, -90.000000, NP, 30000 3000
35300, t, 1.765000e-05, KEe, 169812.991134, MEe, 5.660433038e+00, E, -90.000000, NP, 30000 3000
35400, t, 1.770000e-05, KEe, 169685.325427, MEe, 5.656177514e+00, E, -90.000000, NP, 30000 3000
35500, t, 1.775000e-05, KEe, 169612.323292, MEe, 5.653744110e+00, E, -90.000000, NP, 30000 3000
35600, t, 1.780000e-05, KEe, 169932.526512, MEe, 5.664417550e+00, E, -90.000000, NP, 30000 3000
35700, t, 1.785000e-05, KEe, 169740.484436, MEe, 5.658016148e+00, E, -90.000000, NP, 30000 3000
35800, t, 1.790000e-05, KEe, 169975.710088, MEe, 5.665857003e+00, E, -90.000000, NP, 30000 3000
35900, t, 1.795000e-05, KEe, 170555.038008, MEe, 5.685167934e+00, E, -90.000000, NP, 30000 3000
36000, t, 1.800000e-05, KEe, 170567.949037, MEe, 5.685598301e+00, E, -90.000000, NP, 30000 3000
36100, t, 1.805000e-05, KEe, 170334.108441, MEe, 5.677803615e+00, E, -90.000000, NP, 30000 3000
36200, t, 1.810000e-05, KEe, 170993.598992, MEe, 5.699786633e+00, E, -90.000000, NP, 30000 3000
36300, t, 1.815000e-05, KEe, 170655.631482, MEe, 5.688521049e+00, E, -90.000000, NP, 30000 3000
36400, t, 1.820000e-05, KEe, 170291.785757, MEe, 5.676392859e+00, E, -90.000000, NP, 30000 3000
36500, t, 1.825000e-05, KEe, 170686.555949, MEe, 5.689551865e+00, E, -90.000000, NP, 30000 3000
36600, t, 1.830000e-05, KEe, 170304.081342, MEe, 5.676802711e+00, E, -90.000000, NP, 30000 3000
36700, t, 1.835000e-05, KEe, 170079.978475, MEe, 5.669332616e+00, E, -90.000000, NP, 30000 3000
36800, t, 1.840000e-05, KEe, 170251.836445, MEe, 5.675061215e+00, E, -90.000000, NP, 30000 3000
36900, t, 1.845000e-05, KEe, 170782.194449, MEe, 5.692739815e+00, E, -90.000000, NP, 30000 3000
37000, t, 1.850000e-05, KEe, 170683.603072, MEe, 5.689453436e+00, E, -90.000000, NP, 30000 3000
37100, t, 1.855000e-05, KEe, 170378.560934, MEe, 5.679285364e+00, E, -90.000000, NP, 30000 3000
37200, t, 1.860000e-05, KEe, 170692.107906, MEe, 5.689736930e+00, E, -90.000000, NP, 30000 3000
37300, t, 1.865000e-05, KEe, 170396.297441, MEe, 5.679876581e+00, E, -90.000000, NP, 30000 3000
37400, t, 1.870000e-05, KEe, 170518.771542, MEe, 5.683959051e+00, E, -90.000000, NP, 30000 3000
37500, t, 1.875000e-05, KEe, 170364.531177, MEe, 5.678817706e+00, E, -90.000000, NP, 30000 3000
37600, t, 1.880000e-05, KEe, 170623.480028, MEe, 5.687449334e+00, E, -90.000000, NP, 30000 3000
37700, t, 1.885000e-05, KEe, 170671.075566, MEe, 5.689035852e+00, E, -90.000000, NP, 30000 3000
37800, t, 1.890000e-05, KEe, 170512.897018, MEe, 5.683763234e+00, E, -90.000000, NP, 30000 3000
37900, t, 1.895000e-05, KEe, 170497.336363, MEe, 5.683244545e+00, E, -90.000000, NP, 30000 3000
38000, t, 1.900000e-05, KEe, 170995.184551, MEe, 5.699839485e+00, E, -90.000000, NP, 30000 3000
38100, t, 1.905000e-05, KEe, 171004.161472, MEe, 5.700138716e+00, E, -90.000000, NP, 30000 3000
38200, t, 1.910000e-05, KEe, 171182.426154, MEe, 5.706080872e+00, E, -90.000000, NP, 30000 3000
38300, t, 1.915000e-05, KEe, 171253.977099, MEe, 5.708465903e+00, E, -90.000000, NP, 30000 3000
38400, t, 1.920000e-05, KEe, 171502.484809, MEe, 5.716749494e+00, E, -90.000000, NP, 30000 3000
38500, t, 1.925000e-05, KEe, 171516.852927, MEe, 5.717228431e+00, E, -90.000000, NP, 30000 3000
38600, t, 1.930000e-05, KEe, 171662.644997, MEe, 5.722088167e+00, E, -90.000000, NP, 30000 3000
38700, t, 1.935000e-05, KEe, 171251.598989, MEe, 5.708386633e+00, E, -90.000000, NP, 30000 3000
38800, t, 1.940000e-05, KEe, 171295.046269, MEe, 5.709834876e+00, E, -90.000000, NP, 30000 3000
38900, t, 1.945000e-05, KEe, 170707.739989, MEe, 5.690258000e+00, E, -90.000000, NP, 30000 3000
39000, t, 1.950000e-05, KEe, 170678.606832, MEe, 5.689286894e+00, E, -90.000000, NP, 30000 3000
39100, t, 1.955000e-05, KEe, 171399.857430, MEe, 5.713328581e+00, E, -90.000000, NP, 30000 3000
39200, t, 1.960000e-05, KEe, 171117.689140, MEe, 5.703922971e+00, E, -90.000000, NP, 30000 3000
39300, t, 1.965000e-05, KEe, 171100.485227, MEe, 5.703349508e+00, E, -90.000000, NP, 30000 3000
39400, t, 1.970000e-05, KEe, 171302.516012, MEe, 5.710083867e+00, E, -90.000000, NP, 30000 3000
39500, t, 1.975000e-05, KEe, 171109.042275, MEe, 5.703634743e+00, E, -90.000000, NP, 30000 3000
39600, t, 1.980000e-05, KEe, 171588.157814, MEe, 5.719605260e+00, E, -90.000000, NP, 30000 3000
39700, t, 1.985000e-05, KEe, 171308.447917, MEe, 5.710281597e+00, E, -90.000000, NP, 30000 3000
39800, t, 1.990000e-05, KEe, 171137.921472, MEe, 5.704597382e+00, E, -90.000000, NP, 30000 3000
39900, t, 1.995000e-05, KEe, 171249.510471, MEe, 5.708317016e+00, E, -90.000000, NP, 30000 3000
40000, t, 2.000000e-05, KEe, 171486.167870, MEe, 5.716205596e+00, E, -90.000000, NP, 30000 3000
40100, t, 2.005000e-05, KEe, 171327.480157, MEe, 5.710916005e+00, E, -90.000000, NP, 30000 3000
40200, t, 2.010000e-05, KEe, 171031.322667, MEe, 5.701044089e+00, E, -90.000000, NP, 30000 3000
40300, t, 2.015000e-05, KEe, 170826.107226, MEe, 5.694203574e+00, E, -90.000000, NP, 30000 3000
40400, t, 2.020000e-05, KEe, 170669.122565, MEe, 5.688970752e+00, E, -90.000000, NP, 30000 3000
40500, t, 2.025000e-05, KEe, 170220.716131, MEe, 5.674023871e+00, E, -90.000000, NP, 30000 3000
40600, t, 2.030000e-05, KEe, 169889.630313, MEe, 5.662987677e+00, E, -90.000000, NP, 30000 3000
40700, t, 2.035000e-05, KEe, 169906.220439, MEe, 5.663540681e+00, E, -90.000000, NP, 30000 3000
40800, t, 2.040000e-05, KEe, 169937.653757, MEe, 5.664588459e+00, E, -90.000000, NP, 30000 3000
40900, t, 2.045000e-05, KEe, 169348.558643, MEe, 5.644951955e+00, E, -90.000000, NP, 30000 3000
41000, t, 2.050000e-05, KEe, 169128.325782, MEe, 5.637610859e+00, E, -90.000000, NP, 30000 3000
41100, t, 2.055000e-05, KEe, 169726.627699, MEe, 5.657554257e+00, E, -90.000000, NP, 30000 3000
41200, t, 2.060000e-05, KEe, 169748.813504, MEe, 5.658293783e+00, E, -90.000000, NP, 30000 3000
41300, t, 2.065000e-05, KEe, 169880.412306, MEe, 5.662680410e+00, E, -90.000000, NP, 30000 3000
41400, t, 2.070000e-05, KEe, 169655.476745, MEe, 5.655182558e+00, E, -90.000000, NP, 30000 3000
41500, t, 2.075000e-05, KEe, 169261.809423, MEe, 5.642060314e+00, E, -90.000000, NP, 30000 3000
41600, t, 2.080000e-05, KEe, 170077.665500, MEe, 5.669255517e+00, E, -90.000000, NP, 30000 3000
41700, t, 2.085000e-05, KEe, 170199.851096, MEe, 5.673328370e+00, E, -90.000000, NP, 30000 3000
41800, t, 2.090000e-05, KEe, 169735.625068, MEe, 5.657854169e+00, E, -90.000000, NP, 30000 3000
41900, t, 2.095000e-05, KEe, 170480.326607, MEe, 5.682677554e+00, E, -90.000000, NP, 30000 3000
42000, t, 2.100000e-05, KEe, 170586.799640, MEe, 5.686226655e+00, E, -90.000000, NP, 30000 3000
42100, t, 2.105000e-05, KEe, 170506.845512, MEe, 5.683561517e+00, E, -90.000000, NP, 30000 3000
42200, t, 2.110000e-05, KEe, 170639.427225, MEe, 5.687980908e+00, E, -90.000000, NP, 30000 3000
42300, t, 2.115000e-05, KEe, 170167.902707, MEe, 5.672263424e+00, E, -90.000000, NP, 30000 3000
42400, t, 2.120000e-05, KEe, 170133.224869, MEe, 5.671107496e+00, E, -90.000000, NP, 30000 3000
42500, t, 2.125000e-05, KEe, 170678.527137, MEe, 5.689284238e+00, E, -90.000000, NP, 30000 3000
42600, t, 2.130000e-05, KEe, 170646.771468, MEe, 5.688225716e+00, E, -90.000000, NP, 30000 3000
42700, t, 2.135000e-05, KEe, 170407.433680, MEe, 5.680247789e+00, E, -90.000000, NP, 30000 3000
42800, t, 2.140000e-05, KEe, 170808.686223, MEe, 5.693622874e+00, E, -90.000000, NP, 30000 3000
42900, t, 2.145000e-05, KEe, 170548.136985, MEe, 5.684937900e+00, E, -90.000000, NP, 30000 3000
43000, t, 2.150000e-05, KEe, 170393.946586, MEe, 5.679798220e+00, E, -90.000000, NP, 30000 3000
43100, t, 2.155000e-05, KEe, 171021.474608, MEe, 5.700715820e+00, E, -90.000000, NP, 30000 3000
43200, t, 2.160000e-05, KEe, 170792.268957, MEe, 5.693075632e+00, E, -90.000000, NP, 30000 3000
43300, t, 2.165000e-05, KEe, 170533.513492, MEe, 5.684450450e+00, E, -90.000000, NP, 30000 3000
43400, t, 2.170000e-05, KEe, 170793.377019, MEe, 5.693112567e+00, E, -90.000000, NP, 30000 3000
43500, t, 2.175000e-05, KEe, 170821.426850, MEe, 5.694047562e+00, E, -90.000000, NP, 30000 3000
43600, t, 2.180000e-05, KEe, 170324.492502, MEe, 5.677483083e+00, E, -90.000000, NP, 30000 3000
43700, t, 2.185000e-05, KEe, 170138.134031, MEe, 5.671271134e+00, E, -90.000000, NP, 30000 3000
43800, t, 2.190000e-05, KEe, 170354.638249, MEe, 5.678487942e+00, E, -90.000000, NP, 30000 3000
43900, t, 2.195000e-05, KEe, 170189.046097, MEe, 5.672968203e+00, E, -90.000000, NP, 30000 3000
44000, t, 2.200000e-05, KEe, 170670.238722, MEe, 5.689007957e+00, E, -90.000000, NP, 30000 3000
44100, t, 2.205000e-05, KEe, 171235.453182, MEe, 5.707848439e+00, E, -90.000000, NP, 30000 3000
44200, t, 2.210000e-05, KEe, 171205.837415, MEe, 5.706861247e+00, E, -90.000000, NP, 30000 3000
44300, t, 2.215000e-05, KEe, 171320.294866, MEe, 5.710676496e+00, E, -90.000000, NP, 30000 3000
44400, t, 2.220000e-05, KEe, 171329.811968, MEe, 5.710993732e+00, E, -90.000000, NP, 30000 3000
44500, t, 2.225000e-05, KEe, 171142.959979, MEe, 5.704765333e+00, E, -90.000000, NP, 30000 3000
44600, t, 2.230000e-05, KEe, 171367.871552, MEe, 5.712262385e+00, E, -90.000000, NP, 30000 3000
44700, t, 2.235000e-05, KEe, 170938.326908, MEe, 5.697944230e+00, E, -90.000000, NP, 30000 3000
44800, t, 2.240000e-05, KEe, 170941.084042, MEe, 5.698036135e+00, E, -90.000000, NP, 30000 3000
44900, t, 2.245000e-05, KEe, 170565.418619, MEe, 5.685513954e+00, E, -90.000000, NP, 30000 3000
45000, t, 2.250000e-05, KEe, 170313.760108, MEe, 5.677125337e+00, E, -90.000000, NP, 30000 3000
45100, t, 2.255000e-05, KEe, 170396.812889, MEe, 5.679893763e+00, E, -90.000000, NP, 30000 3000
45200, t, 2.260000e-05, KEe, 170188.965082, MEe, 5.672965503e+00, E, -90.000000, NP, 30000 3000
45300, t, 2.265000e-05, KEe, 169931.487105, MEe, 5.664382904e+00, E, -90.000000, NP, 30000 3000
45400, t, 2.270000e-05, KEe, 169619.821766, MEe, 5.653994059e+00, E, -90.000000, NP, 30000 3000
45500, t, 2.275000e-05, KEe, 170006.111690, MEe, 5.666870390e+00, E, -90.000000, NP, 30000 3000
45600, t, 2.280000e-05, KEe, 170542.289113, MEe, 5.684742970e+00, E, -90.000000, NP, 30000 3000
45700, t, 2.285000e-05, KEe, 170634.526296, MEe, 5.687817543e+00, E, -90.000000, NP, 30000 3000
45800, t, 2.290000e-05, KEe, 170417.459502, MEe, 5.680581983e+00, E, -90.000000, NP, 30000 3000
45900, t, 2.295000e-05, KEe, 170815.655634, MEe, 5.693855188e+00, E, -90.000000, NP, 30000 3000
46000, t, 2.300000e-05, KEe, 170274.279863, MEe, 5.675809329e+00, E, -90.000000, NP, 30000 3000
46100, t, 2.305000e-05, KEe, 169810.846034, MEe, 5.660361534e+00, E, -90.000000, NP, 30000 3000
46200, t, 2.310000e-05, KEe, 169702.857067, MEe, 5.656761902e+00, E, -90.000000, NP, 30000 3000
46300, t, 2.315000e-05, KEe, 170044.140000, MEe, 5.668138000e+00, E, -90.000000, NP, 30000 3000
46400, t, 2.320000e-05, KEe, 169791.450495, MEe, 5.659715017e+00, E, -90.000000, NP, 30000 3000
46500, t, 2.325000e-05, KEe, 169928.542931, MEe, 5.664284764e+00, E, -90.000000, NP, 30000 3000
46600, t, 2.330000e-05, KEe, 169874.607081, MEe, 5.662486903e+00, E, -90.000000, NP, 30000 3000
46700, t, 2.335000e-05, KEe, 169928.040132, MEe, 5.664268004e+00, E, -90.000000, NP, 30000 3000
46800, t, 2.340000e-05, KEe, 169905.229627, MEe, 5.663507654e+00, E, -90.000000, NP, 30000 3000
46900, t, 2.345000e-05, KEe, 169873.338787, MEe, 5.662444626e+00, E, -90.000000, NP, 30000 3000
47000, t, 2.350000e-05, KEe, 170176.122375, MEe, 5.672537413e+00, E, -90.000000, NP, 30000 3000
47100, t, 2.355000e-05, KEe, 170193.343044, MEe, 5.673111435e+00, E, -90.000000, NP, 30000 3000
47200, t, 2.360000e-05, KEe, 169875.497847, MEe, 5.662516595e+00, E, -90.000000, NP, 30000 3000
47300, t, 2.365000e-05, KEe, 169692.216427, MEe, 5.656407214e+00, E, -90.000000, NP, 30000 3000
47400, t, 2.370000e-05, KEe, 170306.934327, MEe, 5.676897811e+00, E, -90.000000, NP, 30000 3000
47500, t, 2.375000e-05, KEe, 169981.837061, MEe, 5.666061235e+00, E, -90.000000, NP, 30000 3000
47600, t, 2.380000e-05, KEe, 170123.928394, MEe, 5.670797613e+00, E, -90.000000, NP, 30000 3000
47700, t, 2.385000e-05, KEe, 170453.885047, MEe, 5.681796168e+00, E, -90.000000, NP, 30000 3000
47800, t, 2.390000e-05, KEe, 170735.804390, MEe, 5.691193480e+00, E, -90.000000, NP, 30000 3000
47900, t, 2.395000e-05, KEe, 171356.058002, MEe, 5.711868600e+00, E, -90.000000, NP, 30000 3000
48000, t, 2.400000e-05, KEe, 171458.047751, MEe, 5.715268258e+00, E, -90.000000, NP, 30000 3000
48100, t, 2.405000e-05, KEe, 171247.822127, MEe, 5.708260738e+00, E, -90.000000, NP, 30000 3000
48200, t, 2.410000e-05, KEe, 170973.333962, MEe, 5.699111132e+00, E, -90.000000, NP, 30000 3000
48300, t, 2.415000e-05, KEe, 170885.437640, MEe, 5.696181255e+00, E, -90.000000, NP, 30000 3000
48400, t, 2.420000e-05, KEe, 170804.330531, MEe, 5.693477684e+00, E, -90.000000, NP, 30000 3000
48500, t, 2.425000e-05, KEe, 170723.525830, MEe, 5.690784194e+00, E, -90.000000, NP, 30000 3000
48600, t, 2.430000e-05, KEe, 170543.056587, MEe, 5.684768553e+00, E, -90.000000, NP, 30000 3000
48700, t, 2.435000e-05, KEe, 170768.355596, MEe, 5.692278520e+00, E, -90.000000, NP, 30000 3000
48800, t, 2.440000e-05, KEe, 171009.249719, MEe, 5.700308324e+00, E, -90.000000, NP, 30000 3000
48900, t, 2.445000e-05, KEe, 171003.072762, MEe, 5.700102425e+00, E, -90.000000, NP, 30000 3000
49000, t, 2.450000e-05, KEe, 171066.773760, MEe, 5.702225792e+00, E, -90.000000, NP, 30000 3000
49100, t, 2.455000e-05, KEe, 171528.279332, MEe, 5.717609311e+00, E, -90.000000, NP, 30000 3000
49200, t, 2.460000e-05, KEe, 171190.814054, MEe, 5.706360468e+00, E, -90.000000, NP, 30000 3000
49300, t, 2.465000e-05, KEe, 171197.126679, MEe, 5.706570889e+00, E, -90.000000, NP, 30000 3000
49400, t, 2.470000e-05, KEe, 171500.552866, MEe, 5.716685096e+00, E, -90.000000, NP, 30000 3000
49500, t, 2.475000e-05, KEe, 171332.680295, MEe, 5.711089343e+00, E, -90.000000, NP, 30000 3000
49600, t, 2.480000e-05, KEe, 171255.118523, MEe, 5.708503951e+00, E, -90.000000, NP, 30000 3000
49700, t, 2.485000e-05, KEe, 170667.420560, MEe, 5.688914019e+00, E, -90.000000, NP, 30000 3000
49800, t, 2.490000e-05, KEe, 170384.959584, MEe, 5.679498653e+00, E, -90.000000, NP, 30000 3000
49900, t, 2.495000e-05, KEe, 170393.774935, MEe, 5.679792498e+00, E, -90.000000, NP, 30000 3000
50000, t, 2.500000e-05, KEe, 170640.035806, MEe, 5.688001194e+00, E, -90.000000, NP, 30000 3000
50100, t, 2.505000e-05, KEe, 170437.691452, MEe, 5.681256382e+00, E, -90.000000, NP, 30000 3000
50200, t, 2.510000e-05, KEe, 170794.511732, MEe, 5.693150391e+00, E, -90.000000, NP, 30000 3000
50300, t, 2.515000e-05, KEe, 170598.874984, MEe, 5.686629166e+00, E, -90.000000, NP, 30000 3000
50400, t, 2.520000e-05, KEe, 170420.163452, MEe, 5.680672115e+00, E, -90.000000, NP, 30000 3000
50500, t, 2.525000e-05, KEe, 170544.079301, MEe, 5.684802643e+00, E, -90.000000, NP, 30000 3000
50600, t, 2.530000e-05, KEe, 170550.637925, MEe, 5.685021264e+00, E, -90.000000, NP, 30000 3000
50700, t, 2.535000e-05, KEe, 170785.924762, MEe, 5.692864159e+00, E, -90.000000, NP, 30000 3000
50800, t, 2.540000e-05, KEe, 170687.847121, MEe, 5.689594904e+00, E, -90.000000, NP, 30000 3000
50900, t, 2.545000e-05, KEe, 170792.046990, MEe, 5.693068233e+00, E, -90.000000, NP, 30000 3000
51000, t, 2.550000e-05, KEe, 170805.487870, MEe, 5.693516262e+00, E, -90.000000, NP, 30000 3000
51100, t, 2.555000e-05, KEe, 170612.625615, MEe, 5.687087520e+00, E, -90.000000, NP, 30000 3000
51200, t, 2.560000e-05, KEe, 170530.890810, MEe, 5.684363027e+00, E, -90.000000, NP, 30000 3000
51300, t, 2.565000e-05, KEe, 170251.843278, MEe, 5.675061443e+00, E, -90.000000, NP, 30000 3000
51400, t, 2.570000e-05, KEe, 170721.799644, MEe, 5.690726655e+00, E, -90.000000, NP, 30000 3000
51500, t, 2.575000e-05, KEe, 170772.044527, MEe, 5.692401484e+00, E, -90.000000, NP, 30000 3000
51600, t, 2.580000e-05, KEe, 171066.650859, MEe, 5.702221695e+00, E, -90.000000, NP, 30000 3000
51700, t, 2.585000e-05, KEe, 170962.117685, MEe, 5.698737256e+00, E, -90.000000, NP, 30000 3000
51800, t, 2.590000e-05, KEe, 171205.035318, MEe, 5.706834511e+00, E, -90.000000, NP, 30000 3000
51900, t, 2.595000e-05, KEe, 171006.477521, MEe, 5.700215917e+00, E, -90.000000, NP, 30000 3000
52000, t, 2.600000e-05, KEe, 171060.426549, MEe, 5.702014218e+00, E, -90.000000, NP, 30000 3000
52100, t, 2.605000e-05, KEe, 170704.227472, MEe, 5.690140916e+00, E, -90.000000, NP, 30000 3000
52200, t, 2.610000e-05, KEe, 170744.835300, MEe, 5.691494510e+00, E, -90.000000, NP, 30000 3000
52300, t, 2.615000e-05, KEe, 170483.089355, MEe, 5.682769645e+00, E, -90.000000, NP, 30000 3000
52400, t, 2.620000e-05, KEe, 170971.359766, MEe, 5.699045326e+00, E, -90.000000, NP, 30000 3000
52500, t, 2.625000e-05, KEe, 171250.720937, MEe, 5.708357365e+00, E, -90.000000, NP, 30000 3000
52600, t, 2.630000e-05, KEe, 171060.436128, MEe, 5.702014538e+00, E, -90.000000, NP, 30000 3000
52700, t, 2.635000e-05, KEe, 170776.044242, MEe, 5.692534808e+00, E, -90.000000, NP, 30000 3000
52800, t, 2.640000e-05, KEe, 170764.240636, MEe, 5.692141355e+00, E, -90.000000, NP, 30000 3000
52900, t, 2.645000e-05, KEe, 170925.174144, MEe, 5.697505805e+00, E, -90.000000, NP, 30000 3000
53000, t, 2.650000e-05, KEe, 170606.203726, MEe, 5.686873458e+00, E, -90.000000, NP, 30000 3000
53100, t, 2.655000e-05, KEe, 170577.188013, MEe, 5.685906267e+00, E, -90.000000, NP, 30000 3000
53200, t, 2.660000e-05, KEe, 170397.779666, MEe, 5.679925989e+00, E, -90.000000, NP, 30000 3000
53300, t, 2.665000e-05, KEe, 169818.500608, MEe, 5.660616687e+00, E, -90.000000, NP, 30000 3000
53400, t, 2.670000e-05, KEe, 169941.894776, MEe, 5.664729826e+00, E, -90.000000, NP, 30000 3000
53500, t, 2.675000e-05, KEe, 170027.308679, MEe, 5.667576956e+00, E, -90.000000, NP, 30000 3000
53600, t, 2.680000e-05, KEe, 169811.319093, MEe, 5.660377303e+00, E, -90.000000, NP, 30000 3000
53700, t, 2.685000e-05, KEe, 169663.919698, MEe, 5.655463990e+00, E, -90.000000, NP, 30000 3000
53800, t, 2.690000e-05, KEe, 169880.559515, MEe, 5.662685317e+00, E, -90.000000, NP, 30000 3000
53900, t, 2.695000e-05, KEe, 170543.770571, MEe, 5.684792352e+00, E, -90.000000, NP, 30000 3000
54000, t, 2.700000e-05, KEe, 170527.302526, MEe, 5.684243418e+00, E, -90.000000, NP, 30000 3000
54100, t, 2.705000e-05, KEe, 170663.645190, MEe, 5.688788173e+00, E, -90.000000, NP, 30000 3000
54200, t, 2.710000e-05, KEe, 170609.018889, MEe, 5.686967296e+00, E, -90.000000, NP, 30000 3000
54300, t, 2.715000e-05, KEe, 170819.897307, MEe, 5.693996577e+00, E, -90.000000, NP, 30000 3000
54400, t, 2.720000e-05, KEe, 170744.683208, MEe, 5.691489440e+00, E, -90.000000, NP, 30000 3000
54500, t, 2.725000e-05, KEe, 171162.947657, MEe, 5.705431589e+00, E, -90.000000, NP, 30000 3000
54600, t, 2.730000e-05, KEe, 170740.949051, MEe, 5.691364968e+00, E, -90.000000, NP, 30000 3000
54700, t, 2.735000e-05, KEe, 170464.013816, MEe, 5.682133794e+00, E, -90.000000, NP, 30000 3000
54800, t, 2.740000e-05, KEe, 170309.082805, MEe, 5.676969427e+00, E, -90.000000, NP, 30000 3000
54900, t, 2.745000e-05, KEe, 170851.983829, MEe, 5.695066128e+00, E, -90.000000, NP, 30000 3000
55000, t, 2.750000e-05, KEe, 170897.697367, MEe, 5.696589912e+00, E, -90.000000, NP, 30000 3000
55100, t, 2.755000e-05, KEe, 170926.651549, MEe, 5.697555052e+00, E, -90.000000, NP, 30000 3000
55200, t, 2.760000e-05, KEe, 170413.583862, MEe, 5.680452795e+00, E, -90.000000, NP, 30000 3000
55300, t, 2.765000e-05, KEe, 170422.870551, MEe, 5.680762352e+00, E, -90.000000, NP, 30000 3000
55400, t, 2.770000e-05, KEe, 170347.647326, MEe, 5.678254911e+00, E, -90.000000, NP, 30000 3000
55500, t, 2.775000e-05, KEe, 170468.889209, MEe, 5.682296307e+00, E, -90.000000, NP, 30000 3000
55600, t, 2.780000e-05, KEe, 170268.620432, MEe, 5.675620681e+00, E, -90.000000, NP, 30000 3000
55700, t, 2.785000e-05, KEe, 170733.095536, MEe, 5.691103185e+00, E, -90.000000, NP, 30000 3000
55800, t, 2.790000e-05, KEe, 170506.334402, MEe, 5.683544480e+00, E, -90.000000, NP, 30000 3000
55900, t, 2.795000e-05, KEe, 170503.452370, MEe, 5.683448412e+00, E, -90.000000, NP, 30000 3000
56000, t, 2.800000e-05, KEe, 170300.498492, MEe, 5.676683283e+00, E, -90.000000, NP, 30000 3000
56100, t, 2.805000e-05, KEe, 170020.943456, MEe, 5.667364782e+00, E, -90.000000, NP, 30000 3000
56200, t, 2.810000e-05, KEe, 170406.538508, MEe, 5.680217950e+00, E, -90.000000, NP, 30000 3000
56300, t, 2.815000e-05, KEe, 170893.443118, MEe, 5.696448104e+00, E, -90.000000, NP, 30000 3000
56400, t, 2.820000e-05, KEe, 170730.169936, MEe, 5.691005665e+00, E, -90.000000, NP, 30000 3000
56500, t, 2.825000e-05, KEe, 170624.160685, MEe, 5.687472023e+00, E, -90.000000, NP, 30000 3000
56600, t, 2.830000e-05, KEe, 170349.534171, MEe, 5.678317806e+00, E, -90.000000, NP, 30000 3000
56700, t, 2.835000e-05, KEe, 170168.972295, MEe, 5.672299077e+00, E, -90.000000, NP, 30000 3000
56800, t, 2.840000e-05, KEe, 170186.488071, MEe, 5.672882936e+00, E, -90.000000, NP, 30000 3000
56900, t, 2.845000e-05, KEe, 170054.529939, MEe, 5.668484331e+00, E, -90.000000, NP, 30000 3000
57000, t, 2.850000e-05, KEe, 170376.027194, MEe, 5.679200906e+00, E, -90.000000, NP, 30000 3000
57100, t, 2.855000e-05, KEe, 170437.427358, MEe, 5.681247579e+00, E, -90.000000, NP, 30000 3000
57200, t, 2.860000e-05, KEe, 170947.294547, MEe, 5.698243152e+00, E, -90.000000, NP, 30000 3000
57300, t, 2.865000e-05, KEe, 171144.954007, MEe, 5.704831800e+00, E, -90.000000, NP, 30000 3000
57400, t, 2.870000e-05, KEe, 171011.111395, MEe, 5.700370380e+00, E, -90.000000, NP, 30000 3000
57500, t, 2.875000e-05, KEe, 170962.630738, MEe, 5.698754358e+00, E, -90.000000, NP, 30000 3000
57600, t, 2.880000e-05, KEe, 170540.260516, MEe, 5.684675351e+00, E, -90.000000, NP, 30000 3000
57700, t, 2.885000e-05, KEe, 170831.369826, MEe, 5.694378994e+00, E, -90.000000, NP, 30000 3000
57800, t, 2.890000e-05, KEe, 170892.772755, MEe, 5.696425758e+00, E, -90.000000, NP, 30000 3000
57900, t, 2.895000e-05, KEe, 170646.863187, MEe, 5.688228773e+00, E, -90.000000, NP, 30000 3000
58000, t, 2.900000e-05, KEe, 170543.269955, MEe, 5.684775665e+00, E, -90.000000, NP, 30000 3000
58100, t, 2.905000e-05, KEe, 170447.740556, MEe, 5.681591352e+00, E, -90.000000, NP, 30000 3000
58200, t, 2.910000e-05, KEe, 170247.450076, MEe, 5.674915003e+00, E, -90.000000, NP, 30000 3000
58300, t, 2.915000e-05, KEe, 170656.487072, MEe, 5.688549569e+00, E, -90.000000, NP, 30000 3000
58400, t, 2.920000e-05, KEe, 170703.686383, MEe, 5.690122879e+00, E, -90.000000, NP, 30000 3000
58500, t, 2.925000e-05, KEe, 170358.377593, MEe, 5.678612586e+00, E, -90.000000, NP, 30000 3000
58600, t, 2.930000e-05, KEe, 170622.134423, MEe, 5.687404481e+00, E, -90.000000, NP, 30000 3000
58700, t, 2.935000e-05, KEe, 170073.338120, MEe, 5.669111271e+00, E, -90.000000, NP, 30000 3000
58800, t, 2.940000e-05, KEe, 169946.643336, MEe, 5.664888111e+00, E, -90.000000, NP, 30000 3000
58900, t, 2.945000e-05, KEe, 170098.350590, MEe, 5.669945020e+00, E, -90.000000, NP, 30000 3000
59000, t, 2.950000e-05, KEe, 169987.579971, MEe, 5.666252666e+00, E, -90.000000, NP, 30000 3000
59100, t, 2.955000e-05, KEe, 169600.791970, MEe, 5.653359732e+00, E, -90.000000, NP, 30000 3000
59200, t, 2.960000e-05, KEe, 169790.447687, MEe, 5.659681590e+00, E, -90.000000, NP, 30000 3000
59300, t, 2.965000e-05, KEe, 169141.266219, MEe, 5.638042207e+00, E, -90.000000, NP, 30000 3000
59400, t, 2.970000e-05, KEe, 169270.060598, MEe, 5.642335353e+00, E, -90.000000, NP, 30000 3000
59500, t, 2.975000e-05, KEe, 169093.655403, MEe, 5.636455180e+00, E, -90.000000, NP, 30000 3000
59600, t, 2.980000e-05, KEe, 168931.429338, MEe, 5.631047645e+00, E, -90.000000, NP, 30000 3000
59700, t, 2.985000e-05, KEe, 169139.115127, MEe, 5.637970504e+00, E, -90.000000, NP, 30000 3000
59800, t, 2.990000e-05, KEe, 169106.859881, MEe, 5.636895329e+00, E, -90.000000, NP, 30000 3000
59900, t, 2.995000e-05, KEe, 169339.749858, MEe, 5.644658329e+00, E, -90.000000, NP, 30000 3000
60000, t, 3.000000e-05, KEe, 169880.719743, MEe, 5.662690658e+00, E, -90.000000, NP, 30000 3000
60100, t, 3.005000e-05, KEe, 169259.507794, MEe, 5.641983593e+00, E, -90.000000, NP, 30000 3000
60200, t, 3.010000e-05, KEe, 169569.297863, MEe, 5.652309929e+00, E, -90.000000, NP, 30000 3000
60300, t, 3.015000e-05, KEe, 169477.613769, MEe, 5.649253792e+00, E, -90.000000, NP, 30000 3000
60400, t, 3.020000e-05, KEe, 169868.181643, MEe, 5.662272721e+00, E, -90.000000, NP, 30000 3000
60500, t, 3.025000e-05, KEe, 170306.514897, MEe, 5.676883830e+00, E, -90.000000, NP, 30000 3000
60600, t, 3.030000e-05, KEe, 170429.638273, MEe, 5.680987942e+00, E, -90.000000, NP, 30000 3000
60700, t, 3.035000e-05, KEe, 170199.219663, MEe, 5.673307322e+00, E, -90.000000, NP, 30000 3000
60800, t, 3.040000e-05, KEe, 169635.206035, MEe, 5.654506868e+00, E, -90.000000, NP, 30000 3000
60900, t, 3.045000e-05, KEe, 169866.225521, MEe, 5.662207517e+00, E, -90.000000, NP, 30000 3000
61000, t, 3.050000e-05, KEe, 170247.920243, MEe, 5.674930675e+00, E, -90.000000, NP, 30000 3000
61100, t, 3.055000e-05, KEe, 170343.359283, MEe, 5.678111976e+00, E, -90.000000, NP, 30000 3000
61200, t, 3.060000e-05, KEe, 170745.951973, MEe, 5.691531732e+00, E, -90.000000, NP, 30000 3000
61300, t, 3.065000e-05, KEe, 170716.637488, MEe, 5.690554583e+00, E, -90.000000, NP, 30000 3000
61400, t, 3.070000e-05, KEe, 170715.330159, MEe, 5.690511005e+00, E, -90.000000, NP, 30000 3000
61500, t, 3.075000e-05, KEe, 170572.000486, MEe, 5.685733350e+00, E, -90.000000, NP, 30000 3000
61600, t, 3.080000e-05, KEe, 170916.991031, MEe, 5.697233034e+00, E, -90.000000, NP, 30000 3000
61700, t, 3.085000e-05, KEe, 171267.894881, MEe, 5.708929829e+00, E, -90.000000, NP, 30000 3000
61800, t, 3.090000e-05, KEe, 171577.785345, MEe, 5.719259512e+00, E, -90.000000, NP, 30000 3000
61900, t, 3.095000e-05, KEe, 171740.646797, MEe, 5.724688227e+00, E, -90.000000, NP, 30000 3000
62000, t, 3.100000e-05, KEe, 171525.044034, MEe, 5.717501468e+00, E, -90.000000, NP, 30000 3000
62100, t, 3.105000e-05, KEe, 170795.496484, MEe, 5.693183216e+00, E, -90.000000, NP, 30000 3000
62200, t, 3.110000e-05, KEe, 170790.677327, MEe, 5.693022578e+00, E, -90.000000, NP, 30000 3000
62300, t, 3.115000e-05, KEe, 170783.061595, MEe, 5.692768720e+00, E, -90.000000, NP, 30000 3000
62400, t, 3.120000e-05, KEe, 170811.605543, MEe, 5.693720185e+00, E, -90.000000, NP, 30000 3000
62500, t, 3.125000e-05, KEe, 171235.383960, MEe, 5.707846132e+00, E, -90.000000, NP, 30000 3000
62600, t, 3.130000e-05, KEe, 170963.008480, MEe, 5.698766949e+00, E, -90.000000, NP, 30000 3000
62700, t, 3.135000e-05, KEe, 170992.350612, MEe, 5.699745020e+00, E, -90.000000, NP, 30000 3000
62800, t, 3.140000e-05, KEe, 170667.430086, MEe, 5.688914336e+00, E, -90.000000, NP, 30000 3000
62900, t, 3.145000e-05, KEe, 170885.173914, MEe, 5.696172464e+00, E, -90.000000, NP, 30000 3000
63000, t, 3.150000e-05, KEe, 170216.143593, MEe, 5.673871453e+00, E, -90.000000, NP, 30000 3000
63100, t, 3.155000e-05, KEe, 170058.139840, MEe, 5.668604661e+00, E, -90.000000, NP, 30000 3000
63200, t, 3.160000e-05, KEe, 170158.821799, MEe, 5.671960727e+00, E, -90.000000, NP, 30000 3000
63300, t, 3.165000e-05, KEe, 170730.714723, MEe, 5.691023824e+00, E, -90.000000, NP, 30000 3000
63400, t, 3.170000e-05, KEe, 170694.709245, MEe, 5.689823641e+00, E, -90.000000, NP, 30000 3000
63500, t, 3.175000e-05, KEe, 170634.860713, MEe, 5.687828690e+00, E, -90.000000, NP, 30000 3000
63600, t, 3.180000e-05, KEe, 170637.536838, MEe, 5.687917895e+00, E, -90.000000, NP, 30000 3000
63700, t, 3.185000e-05, KEe, 170205.839510, MEe, 5.673527984e+00, E, -90.000000, NP, 30000 3000
63800, t, 3.190000e-05, KEe, 170494.619464, MEe, 5.683153982e+00, E, -90.000000, NP, 30000 3000
63900, t, 3.195000e-05, KEe, 170328.022725, MEe, 5.677600758e+00, E, -90.000000, NP, 30000 3000
64000, t, 3.200000e-05, KEe, 170430.795143, MEe, 5.681026505e+00, E, -90.000000, NP, 30000 3000
64100, t, 3.205000e-05, KEe, 170201.248880, MEe, 5.673374963e+00, E, -90.000000, NP, 30000 3000
64200, t, 3.210000e-05, KEe, 170385.874413, MEe, 5.679529147e+00, E, -90.000000, NP, 30000 3000
64300, t, 3.215000e-05, KEe, 170897.036408, MEe, 5.696567880e+00, E, -90.000000, NP, 30000 3000
64400, t, 3.220000e-05, KEe, 171165.287429, MEe, 5.705509581e+00, E, -90.000000, NP, 30000 3000
64500, t, 3.225000e-05, KEe, 170888.329201, MEe, 5.696277640e+00, E, -90.000000, NP, 30000 3000
64600, t, 3.230000e-05, KEe, 171157.356272, MEe, 5.705245209e+00, E, -90.000000, NP, 30000 3000
64700, t, 3.235000e-05, KEe, 170769.109440, MEe, 5.692303648e+00, E, -90.000000, NP, 30000 3000
64800, t, 3.240000e-05, KEe, 170591.930905, MEe, 5.686397697e+00, E, -90.000000, NP, 30000 3000
64900, t, 3.245000e-05, KEe, 170923.094783, MEe, 5.697436493e+00, E, -90.000000, NP, 30000 3000
65000, t, 3.250000e-05, KEe, 170694.591711, MEe, 5.689819724e+00, E, -90.000000, NP, 30000 3000
65100, t, 3.255000e-05, KEe, 170782.003987, MEe, 5.692733466e+00, E, -90.000000, NP, 30000 3000
65200, t, 3.260000e-05, KEe, 170838.916606, MEe, 5.694630554e+00, E, -90.000000, NP, 30000 3000
65300, t, 3.265000e-05, KEe, 171141.040279, MEe, 5.704701343e+00, E, -90.000000, NP, 30000 3000
65400, t, 3.270000e-05, KEe, 171062.397082, MEe, 5.702079903e+00, E, -90.000000, NP, 30000 3000
65500, t, 3.275000e-05, KEe, 171230.847587, MEe, 5.707694920e+00, E, -90.000000, NP, 30000 3000
65600, t, 3.280000e-05, KEe, 171231.313615, MEe, 5.707710454e+00, E, -90.000000, NP, 30000 3000
65700, t, 3.285000e-05, KEe, 170961.917090, MEe, 5.698730570e+00, E, -90.000000, NP, 30000 3000
65800, t, 3.290000e-05, KEe, 170713.005035, MEe, 5.690433501e+00, E, -90.000000, NP, 30000 3000
65900, t, 3.295000e-05, KEe, 170394.651000, MEe, 5.679821700e+00, E, -90.000000, NP, 30000 3000
66000, t, 3.300000e-05, KEe, 170407.675194, MEe, 5.680255840e+00, E, -90.000000, NP, 30000 3000
66100, t, 3.305000e-05, KEe, 170565.179596, MEe, 5.685505987e+00, E, -90.000000, NP, 30000 3000
66200, t, 3.310000e-05, KEe, 170590.537675, MEe, 5.686351256e+00, E, -90.000000, NP, 30000 3000
66300, t, 3.315000e-05, KEe, 170267.370153, MEe, 5.675579005e+00, E, -90.000000, NP, 30000 3000
66400, t, 3.320000e-05, KEe, 170140.909333, MEe, 5.671363644e+00, E, -90.000000, NP, 30000 3000
66500, t, 3.325000e-05, KEe, 170425.488408, MEe, 5.680849614e+00, E, -90.000000, NP, 30000 3000
66600, t, 3.330000e-05, KEe, 170644.859397, MEe, 5.688161980e+00, E, -90.000000, NP, 30000 3000
66700, t, 3.335000e-05, KEe, 170845.758081, MEe, 5.694858603e+00, E, -90.000000, NP, 30000 3000
66800, t, 3.340000e-05, KEe, 171296.857465, MEe, 5.709895249e+00, E, -90.000000, NP, 30000 3000
66900, t, 3.345000e-05, KEe, 170551.794707, MEe, 5.685059824e+00, E, -90.000000, NP, 30000 3000
67000, t, 3.350000e-05, KEe, 170588.571212, MEe, 5.686285707e+00, E, -90.000000, NP, 30000 3000
67100, t, 3.355000e-05, KEe, 170440.331625, MEe, 5.681344387e+00, E, -90.000000, NP, 30000 3000
67200, t, 3.360000e-05, KEe, 170764.715954, MEe, 5.692157198e+00, E, -90.000000, NP, 30000 3000
67300, t, 3.365000e-05, KEe, 170996.584601, MEe, 5.699886153e+00, E, -90.000000, NP, 30000 3000
67400, t, 3.370000e-05, KEe, 171041.127730, MEe, 5.701370924e+00, E, -90.000000, NP, 30000 3000
67500, t, 3.375000e-05, KEe, 171317.834207, MEe, 5.710594474e+00, E, -90.000000, NP, 30000 3000
67600, t, 3.380000e-05, KEe, 170978.370971, MEe, 5.699279032e+00, E, -90.000000, NP, 30000 3000
67700, t, 3.385000e-05, KEe, 170434.142180, MEe, 5.681138073e+00, E, -90.000000, NP, 30000 3000
67800, t, 3.390000e-05, KEe, 170300.396907, MEe, 5.676679897e+00, E, -90.000000, NP, 30000 3000
67900, t, 3.395000e-05, KEe, 170294.887545, MEe, 5.676496252e+00, E, -90.000000, NP, 30000 3000
68000, t, 3.400000e-05, KEe, 169816.630370, MEe, 5.660554346e+00, E, -90.000000, NP, 30000 3000
68100, t, 3.405000e-05, KEe, 169614.920613, MEe, 5.653830687e+00, E, -90.000000, NP, 30000 3000
68200, t, 3.410000e-05, KEe, 170362.840952, MEe, 5.678761365e+00, E, -90.000000, NP, 30000 3000
68300, t, 3.415000e-05, KEe, 170344.101637, MEe, 5.678136721e+00, E, -90.000000, NP, 30000 3000
68400, t, 3.420000e-05, KEe, 170677.871050, MEe, 5.689262368e+00, E, -90.000000, NP, 30000 3000
68500, t, 3.425000e-05, KEe, 170404.402328, MEe, 5.680146744e+00, E, -90.000000, NP, 30000 3000
68600, t, 3.430000e-05, KEe, 170774.283926, MEe, 5.692476131e+00, E, -90.000000, NP, 30000 3000
68700, t, 3.435000e-05, KEe, 171426.604838, MEe, 5.714220161e+00, E, -90.000000, NP, 30000 3000
68800, t, 3.440000e-05, KEe, 171288.257542, MEe, 5.709608585e+00, E, -90.000000, NP, 30000 3000
68900, t, 3.445000e-05, KEe, 171463.488898, MEe, 5.715449630e+00, E, -90.000000, NP, 30000 3000
69000, t, 3.450000e-05, KEe, 171272.355177, MEe, 5.709078506e+00, E, -90.000000, NP, 30000 3000
69100, t, 3.455000e-05, KEe, 171105.845100, MEe, 5.703528170e+00, E, -90.000000, NP, 30000 3000
69200, t, 3.460000e-05, KEe, 171154.116365, MEe, 5.705137212e+00, E, -90.000000, NP, 30000 3000
69300, t, 3.465000e-05, KEe, 170863.146147, MEe, 5.695438205e+00, E, -90.000000, NP, 30000 3000
69400, t, 3.470000e-05, KEe, 171048.070227, MEe, 5.701602341e+00, E, -90.000000, NP, 30000 3000
69500, t, 3.475000e-05, KEe, 171632.611570, MEe, 5.721087052e+00, E, -90.000000, NP, 30000 3000
69600, t, 3.480000e-05, KEe, 171563.381215, MEe, 5.718779374e+00, E, -90.000000, NP, 30000 3000
69700, t, 3.485000e-05, KEe, 171916.488560, MEe, 5.730549619e+00, E, -90.000000, NP, 30000 3000
69800, t, 3.490000e-05, KEe, 171205.438660, MEe, 5.706847955e+00, E, -90.000000, NP, 30000 3000
69900, t, 3.495000e-05, KEe, 171416.164852, MEe, 5.713872162e+00, E, -90.000000, NP, 30000 3000
70000, t, 3.500000e-05, KEe, 171193.540393, MEe, 5.706451346e+00, E, -90.000000, NP, 30000 3000
70100, t, 3.505000e-05, KEe, 170827.796359, MEe, 5.694259879e+00, E, -90.000000, NP, 30000 3000
70200, t, 3.510000e-05, KEe, 170697.091185, MEe, 5.689903040e+00, E, -90.000000, NP, 30000 3000
70300, t, 3.515000e-05, KEe, 170629.139042, MEe, 5.687637968e+00, E, -90.000000, NP, 30000 3000
70400, t, 3.520000e-05, KEe, 170949.510460, MEe, 5.698317015e+00, E, -90.000000, NP, 30000 3000
70500, t, 3.525000e-05, KEe, 170830.864824, MEe, 5.694362161e+00, E, -90.000000, NP, 30000 3000
70600, t, 3.530000e-05, KEe, 170772.584433, MEe, 5.692419481e+00, E, -90.000000, NP, 30000 3000
70700, t, 3.535000e-05, KEe, 170591.508790, MEe, 5.686383626e+00, E, -90.000000, NP, 30000 3000
70800, t, 3.540000e-05, KEe, 171110.256321, MEe, 5.703675211e+00, E, -90.000000, NP, 30000 3000
70900, t, 3.545000e-05, KEe, 170956.834813, MEe, 5.698561160e+00, E, -90.000000, NP, 30000 3000
71000, t, 3.550000e-05, KEe, 170989.292675, MEe, 5.699643089e+00, E, -90.000000, NP, 30000 3000
71100, t, 3.555000e-05, KEe, 170825.079828, MEe, 5.694169328e+00, E, -90.000000, NP, 30000 3000
71200, t, 3.560000e-05, KEe, 171208.737510, MEe, 5.706957917e+00, E, -90.000000, NP, 30000 3000
71300, t, 3.565000e-05, KEe, 171211.885301, MEe, 5.707062843e+00, E, -90.000000, NP, 30000 3000
71400, t, 3.570000e-05, KEe, 170880.044928, MEe, 5.696001498e+00, E, -90.000000, NP, 30000 3000
71500, t, 3.575000e-05, KEe, 170671.178063, MEe, 5.689039269e+00, E, -90.000000, NP, 30000 3000
71600, t, 3.580000e-05, KEe, 170523.150473, MEe, 5.684105016e+00, E, -90.000000, NP, 30000 3000
71700, t, 3.585000e-05, KEe, 170586.677588, MEe, 5.686222586e+00, E, -90.000000, NP, 30000 3000
71800, t, 3.590000e-05, KEe, 170465.111560, MEe, 5.682170385e+00, E, -90.000000, NP, 30000 3000
71900, t, 3.595000e-05, KEe, 170518.290633, MEe, 5.683943021e+00, E, -90.000000, NP, 30000 3000
72000, t, 3.600000e-05, KEe, 170716.653600, MEe, 5.690555120e+00, E, -90.000000, NP, 30000 3000
72100, t, 3.605000e-05, KEe, 171077.352731, MEe, 5.702578424e+00, E, -90.000000, NP, 30000 3000
72200, t, 3.610000e-05, KEe, 170610.997794, MEe, 5.687033260e+00, E, -90.000000, NP, 30000 3000
72300, t, 3.615000e-05, KEe, 170892.731840, MEe, 5.696424395e+00, E, -90.000000, NP, 30000 3000
72400, t, 3.620000e-05, KEe, 170688.868543, MEe, 5.689628951e+00, E, -90.000000, NP, 30000 3000
72500, t, 3.625000e-05, KEe, 170843.784007, MEe, 5.694792800e+00, E, -90.000000, NP, 30000 3000
72600, t, 3.630000e-05, KEe, 171139.146859, MEe, 5.704638229e+00, E, -90.000000, NP, 30000 3000
72700, t, 3.635000e-05, KEe, 171147.605764, MEe, 5.704920192e+00, E, -90.000000, NP, 30000 3000
72800, t, 3.640000e-05, KEe, 171095.355346, MEe, 5.703178512e+00, E, -90.000000, NP, 30000 3000
72900, t, 3.645000e-05, KEe, 170835.401972, MEe, 5.694513399e+00, E, -90.000000, NP, 30000 3000
73000, t, 3.650000e-05, KEe, 170455.210257, MEe, 5.681840342e+00, E, -90.000000, NP, 30000 3000
73100, t, 3.655000e-05, KEe, 170469.130524, MEe, 5.682304351e+00, E, -90.000000, NP, 30000 3000
73200, t, 3.660000e-05, KEe, 171099.725252, MEe, 5.703324175e+00, E, -90.000000, NP, 30000 3000
73300, t, 3.665000e-05, KEe, 171051.846679, MEe, 5.701728223e+00, E, -90.000000, NP, 30000 3000
73400, t, 3.670000e-05, KEe, 170830.749014, MEe, 5.694358300e+00, E, -90.000000, NP, 30000 3000
73500, t, 3.675000e-05, KEe, 170626.700526, MEe, 5.687556684e+00, E, -90.000000, NP, 30000 3000
73600, t, 3.680000e-05, KEe, 171066.763902, MEe, 5.702225463e+00, E, -90.000000, NP, 30000 3000
73700, t, 3.685000e-05, KEe, 171242.733783, MEe, 5.708091126e+00, E, -90.000000, NP, 30000 3000
73800, t, 3.690000e-05, KEe, 171381.787768, MEe, 5.712726259e+00, E, -90.000000, NP, 30000 3000
73900, t, 3.695000e-05, KEe, 171409.364893, MEe, 5.713645496e+00, E, -90.000000, NP, 30000 3000
74000, t, 3.700000e-05, KEe, 171489.506728, MEe, 5.716316891e+00, E, -90.000000, NP, 30000 3000
74100, t, 3.705000e-05, KEe, 171492.203383, MEe, 5.716406779e+00, E, -90.000000, NP, 30000 3000
74200, t, 3.710000e-05, KEe, 170992.464508, MEe, 5.699748817e+00, E, -90.000000, NP, 30000 3000
74300, t, 3.715000e-05, KEe, 170686.454870, MEe, 5.689548496e+00, E, -90.000000, NP, 30000 3000
74400, t, 3.720000e-05, KEe, 170736.077365, MEe, 5.691202579e+00, E, -90.000000, NP, 30000 3000
74500, t, 3.725000e-05, KEe, 170718.700494, MEe, 5.690623350e+00, E, -90.000000, NP, 30000 3000
74600, t, 3.730000e-05, KEe, 171087.159539, MEe, 5.702905318e+00, E, -90.000000, NP, 30000 3000
74700, t, 3.735000e-05, KEe, 170787.938151, MEe, 5.692931272e+00, E, -90.000000, NP, 30000 3000
74800, t, 3.740000e-05, KEe, 170741.398821, MEe, 5.691379961e+00, E, -90.000000, NP, 30000 3000
74900, t, 3.745000e-05, KEe, 170443.968834, MEe, 5.681465628e+00, E, -90.000000, NP, 30000 3000
75000, t, 3.750000e-05, KEe, 170350.506700, MEe, 5.678350223e+00, E, -90.000000, NP, 30000 3000
75100, t, 3.755000e-05, KEe, 170444.706504, MEe, 5.681490217e+00, E, -90.000000, NP, 30000 3000
75200, t, 3.760000e-05, KEe, 170217.979487, MEe, 5.673932650e+00, E, -90.000000, NP, 30000 3000
75300, t, 3.765000e-05, KEe, 170778.880441, MEe, 5.692629348e+00, E, -90.000000, NP, 30000 3000
75400, t, 3.770000e-05, KEe, 171039.753633, MEe, 5.701325121e+00, E, -90.000000, NP, 30000 3000
75500, t, 3.775000e-05, KEe, 171361.574434, MEe, 5.712052481e+00, E, -90.000000, NP, 30000 3000
75600, t, 3.780000e-05, KEe, 171150.549317, MEe, 5.705018311e+00, E, -90.000000, NP, 30000 3000
75700, t, 3.785000e-05, KEe, 170977.822451, MEe, 5.699260748e+00, E, -90.000000, NP, 30000 3000
75800, t, 3.790000e-05, KEe, 171105.499378, MEe, 5.703516646e+00, E, -90.000000, NP, 30000 3000
75900, t, 3.795000e-05, KEe, 170815.735378, MEe, 5.693857846e+00, E, -90.000000, NP, 30000 3000
76000, t, 3.800000e-05, KEe, 170645.600299, MEe, 5.688186677e+00, E, -90.000000, NP, 30000 3000
76100, t, 3.805000e-05, KEe, 170946.866078, MEe, 5.698228869e+00, E, -90.000000, NP, 30000 3000
76200, t, 3.810000e-05, KEe, 170891.807631, MEe, 5.696393588e+00, E, -90.000000, NP, 30000 3000
76300, t, 3.815000e-05, KEe, 170849.228709, MEe, 5.694974290e+00, E, -90.000000, NP, 30000 3000
76400, t, 3.820000e-05, KEe, 170687.730046, MEe, 5.689591002e+00, E, -90.000000, NP, 30000 3000
76500, t, 3.825000e-05, KEe, 170689.152052, MEe, 5.689638402e+00, E, -90.000000, NP, 30000 3000
76600, t, 3.830000e-05, KEe, 170842.086860, MEe, 5.694736229e+00, E, -90.000000, NP, 30000 3000
76700, t, 3.835000e-05, KEe, 170754.959458, MEe, 5.691831982e+00, E, -90.000000, NP, 30000 3000
76800, t, 3.840000e-05, KEe, 171032.594219, MEe, 5.701086474e+00, E, -90.000000, NP, 30000 3000
76900, t, 3.845000e-05, KEe, 170656.012987, MEe, 5.688533766e+00, E, -90.000000, NP, 30000 3000
77000, t, 3.850000e-05, KEe, 170409.094651, MEe, 5.680303155e+00, E, -90.000000, NP, 30000 3000
77100, t, 3.855000e-05, KEe, 169874.643071, MEe, 5.662488102e+00, E, -90.000000, NP, 30000 3000
77200, t, 3.860000e-05, KEe, 169964.428779, MEe, 5.665480959e+00, E, -90.000000, NP, 30000 3000
77300, t, 3.865000e-05, KEe, 170032.333045, MEe, 5.667744435e+00, E, -90.000000, NP, 30000 3000
77400, t, 3.870000e-05, KEe, 170239.857837, MEe, 5.674661928e+00, E, -90.000000, NP, 30000 3000
77500, t, 3.875000e-05, KEe, 170609.305834, MEe, 5.686976861e+00, E, -90.000000, NP, 30000 3000
77600, t, 3.880000e-05, KEe, 170925.598223, MEe, 5.697519941e+00, E, -90.000000, NP, 30000 3000
77700, t, 3.885000e-05, KEe, 171190.437970, MEe, 5.706347932e+00, E, -90.000000, NP, 30000 3000
77800, t, 3.890000e-05, KEe, 170593.219098, MEe, 5.686440637e+00, E, -90.000000, NP, 30000 3000
77900, t, 3.895000e-05, KEe, 170469.313045, MEe, 5.682310435e+00, E, -90.000000, NP, 30000 3000
78000, t, 3.900000e-05, KEe, 170389.498765, MEe, 5.679649959e+00, E, -90.000000, NP, 30000 3000
78100, t, 3.905000e-05, KEe, 170058.828474, MEe, 5.668627616e+00, E, -90.000000, NP, 30000 3000
78200, t, 3.910000e-05, KEe, 169534.940268, MEe, 5.651164676e+00, E, -90.000000, NP, 30000 3000
78300, t, 3.915000e-05, KEe, 169707.309880, MEe, 5.656910329e+00, E, -90.000000, NP, 30000 3000
78400, t, 3.920000e-05, KEe, 169412.761852, MEe, 5.647092062e+00, E, -90.000000, NP, 30000 3000
78500, t, 3.925000e-05, KEe, 169206.708382, MEe, 5.640223613e+00, E, -90.000000, NP, 30000 3000
78600, t, 3.930000e-05, KEe, 169156.214503, MEe, 5.638540483e+00, E, -90.000000, NP, 30000 3000
78700, t, 3.935000e-05, KEe, 169813.530541, MEe, 5.660451018e+00, E, -90.000000, NP, 30000 3000
78800, t, 3.940000e-05, KEe, 169829.120943, MEe, 5.660970698e+00, E, -90.000000, NP, 30000 3000
78900, t, 3.945000e-05, KEe, 169951.960751, MEe, 5.665065358e+00, E, -90.000000, NP, 30000 3000
79000, t, 3.950000e-05, KEe, 169835.986991, MEe, 5.661199566e+00, E, -90.000000, NP, 30000 3000
79100, t, 3.955000e-05, KEe, 169573.038901, MEe, 5.652434630e+00, E, -90.000000, NP, 30000 3000
79200, t, 3.960000e-05, KEe, 169773.822946, MEe, 5.659127432e+00, E, -90.000000, NP, 30000 3000
79300, t, 3.965000e-05, KEe, 169956.716891, MEe, 5.665223896e+00, E, -90.000000, NP, 30000 3000
79400, t, 3.970000e-05, KEe, 169830.450579, MEe, 5.661015019e+00, E, -90.000000, NP, 30000 3000
79500, t, 3.975000e-05, KEe, 169835.882798, MEe, 5.661196093e+00, E, -90.000000, NP, 30000 3000
79600, t, 3.980000e-05, KEe, 170395.732471, MEe, 5.679857749e+00, E, -90.000000, NP, 30000 3000
79700, t, 3.985000e-05, KEe, 170755.955273, MEe, 5.691865176e+00, E, -90.000000, NP, 30000 3000
79800, t, 3.990000e-05, KEe, 170154.489954, MEe, 5.671816332e+00, E, -90.000000, NP, 30000 3000
79900, t, 3.995000e-05, KEe, 170211.278052, MEe, 5.673709268e+00, E, -90.000000, NP, 30000 3000
80000, t, 4.000000e-05, KEe, 170203.544037, MEe, 5.673451468e+00, E, -90.000000, NP, 30000 3000
