RandMax 2147483647
reading box length: 1.000000e-06 (m)
reading number of particle types: 2
reading number of particles of type 0: 30000
reading number of particles of type 1: 3000
reading temperature of particle type 0: 0.000000 (eV)
reading temperature of particle type 1: 0.025900 (eV)
reading flow velocity of particle type 0: 0.000000 (eV)
reading flow velocity of particle type 1: 0.000000 (eV)
reading charge of particle type 0: -1.000000 (elementary charge)
reading charge of particle type 1: 0.000000 (elementary charge)
reading mass of particle type 0: 0.000549 (amu)
reading mass of particle type 1: 28.000000 (amu)
reading number of time steps: 30000
reading vsigma max samples: 1000
reading time step dt: 3.554537e-10
reading electric field: -1.500000e+02 (V/m)
reading electric frequency: 0.000000e+00 (Hz)
reading magnetic field: 0.000000e+00 0.000000e+00 0.000000e+00 (Tesla)
reading vdf dump spec: 1000 1000000 0
reading extrapolation option: 0
reading memory allocation: 0.000000e+00 (GB)
reading auto dump spec: 0
reading output stride spec: 100
reading carry remainder spec: 0
found cross_sections/Ar.dat file for particle 0 with 1 in indeck, differential model found: Aubin
found cross_sections/Ar->Ar(3d'[3/2]1).dat file for particle 0 with 1 in indeck
found cross_sections/Ar->Ar(3d'[3/2]2).dat file for particle 0 with 1 in indeck
found cross_sections/Ar->Ar(3d'[5/2]2).dat file for particle 0 with 1 in indeck
found cross_sections/Ar->Ar(3d'[5/2]3).dat file for particle 0 with 1 in indeck
found cross_sections/Ar->Ar(3d[1/2]0).dat file for particle 0 with 1 in indeck
found cross_sections/Ar->Ar(3d[1/2]1).dat file for particle 0 with 1 in indeck
found cross_sections/Ar->Ar(3d[3/2]1).dat file for particle 0 with 1 in indeck
found cross_sections/Ar->Ar(3d[3/2]2).dat file for particle 0 with 1 in indeck
found cross_sections/Ar->Ar(3d[5/2]2).dat file for particle 0 with 1 in indeck
found cross_sections/Ar->Ar(3d[5/2]3).dat file for particle 0 with 1 in indeck
found cross_sections/Ar->Ar(3d[7/2]3).dat file for particle 0 with 1 in indeck
found cross_sections/Ar->Ar(3d[7/2]4).dat file for particle 0 with 1 in indeck
found cross_sections/Ar->Ar(4p'[1/2]0).dat file for particle 0 with 1 in indeck
found cross_sections/Ar->Ar(4p'[1/2]1).dat file for particle 0 with 1 in indeck
found cross_sections/Ar->Ar(4p'[3/2]1).dat file for particle 0 with 1 in indeck
found cross_sections/Ar->Ar(4p'[3/2]2).dat file for particle 0 with 1 in indeck
found cross_sections/Ar->Ar(4p[1/2]0).dat file for particle 0 with 1 in indeck
found cross_sections/Ar->Ar(4p[1/2]1).dat file for particle 0 with 1 in indeck
found cross_sections/Ar->Ar(4p[3/2]1).dat file for particle 0 with 1 in indeck
found cross_sections/Ar->Ar(4p[3/2]2).dat file for particle 0 with 1 in indeck
found cross_sections/Ar->Ar(4p[5/2]2).dat file for particle 0 with 1 in indeck
found cross_sections/Ar->Ar(4p[5/2]3).dat file for particle 0 with 1 in indeck
found cross_sections/Ar->Ar(4s'[1/2]0).dat file for particle 0 with 1 in indeck
found cross_sections/Ar->Ar(4s'[1/2]1).dat file for particle 0 with 1 in indeck
found cross_sections/Ar->Ar(4s[3/2]1).dat file for particle 0 with 1 in indeck
found cross_sections/Ar->Ar(4s[3/2]2).dat file for particle 0 with 1 in indeck
found cross_sections/Ar->Ar(5s'[1/2]0).dat file for particle 0 with 1 in indeck
found cross_sections/Ar->Ar(5s'[1/2]1).dat file for particle 0 with 1 in indeck
found cross_sections/Ar->Ar(5s[3/2]1).dat file for particle 0 with 1 in indeck
found cross_sections/Ar->Ar(5s[3/2]2).dat file for particle 0 with 1 in indeck
found cross_sections/Ar->Ar(Rydberg).dat file for particle 0 with 1 in indeck
found cross_sections/Ar->Ar^+.dat file for particle 0 with 1 in indeck, differential model found: Uniform
reading cross_sections/Ar.dat
reading cross_sections/Ar->Ar(3d'[3/2]1).dat
reading cross_sections/Ar->Ar(3d'[3/2]2).dat
reading cross_sections/Ar->Ar(3d'[5/2]2).dat
reading cross_sections/Ar->Ar(3d'[5/2]3).dat
reading cross_sections/Ar->Ar(3d[1/2]0).dat
reading cross_sections/Ar->Ar(3d[1/2]1).dat
reading cross_sections/Ar->Ar(3d[3/2]1).dat
reading cross_sections/Ar->Ar(3d[3/2]2).dat
reading cross_sections/Ar->Ar(3d[5/2]2).dat
reading cross_sections/Ar->Ar(3d[5/2]3).dat
reading cross_sections/Ar->Ar(3d[7/2]3).dat
reading cross_sections/Ar->Ar(3d[7/2]4).dat
reading cross_sections/Ar->Ar(4p'[1/2]0).dat
reading cross_sections/Ar->Ar(4p'[1/2]1).dat
reading cross_sections/Ar->Ar(4p'[3/2]1).dat
reading cross_sections/Ar->Ar(4p'[3/2]2).dat
reading cross_sections/Ar->Ar(4p[1/2]0).dat
reading cross_sections/Ar->Ar(4p[1/2]1).dat
reading cross_sections/Ar->Ar(4p[3/2]1).dat
reading cross_sections/Ar->Ar(4p[3/2]2).dat
reading cross_sections/Ar->Ar(4p[5/2]2).dat
reading cross_sections/Ar->Ar(4p[5/2]3).dat
reading cross_sections/Ar->Ar(4s'[1/2]0).dat
reading cross_sections/Ar->Ar(4s'[1/2]1).dat
reading cross_sections/Ar->Ar(4s[3/2]1).dat
reading cross_sections/Ar->Ar(4s[3/2]2).dat
reading cross_sections/Ar->Ar(5s'[1/2]0).dat
reading cross_sections/Ar->Ar(5s'[1/2]1).dat
reading cross_sections/Ar->Ar(5s[3/2]1).dat
reading cross_sections/Ar->Ar(5s[3/2]2).dat
reading cross_sections/Ar->Ar(Rydberg).dat
reading cross_sections/Ar->Ar^+.dat
Memory per particle: 72 bytes
Memory for all initial particles: 2.213e-03 GB
Allocating space for 132000 particles
------------------------------------
0, t, 0.000000e+00, KEe, 0.000000, MEe, 0.000000000e+00, E, -150.000000, NP, 30000 3000
100, t, 3.554537e-08, KEe, 59904.952883, MEe, 1.996831763e+00, E, -150.000000, NP, 30000 3000
200, t, 7.109074e-08, KEe, 94041.142864, MEe, 3.134704762e+00, E, -150.000000, NP, 30000 3000
300, t, 1.066361e-07, KEe, 108524.611178, MEe, 3.617487039e+00, E, -150.000000, NP, 30000 3000
400, t, 1.421815e-07, KEe, 121176.981917, MEe, 4.039232731e+00, E, -150.000000, NP, 30000 3000
500, t, 1.777269e-07, KEe, 131759.548674, MEe, 4.391984956e+00, E, -150.000000, NP, 30000 3000
600, t, 2.132722e-07, KEe, 141056.218540, MEe, 4.701873951e+00, E, -150.000000, NP, 30000 3000
700, t, 2.488176e-07, KEe, 149386.901068, MEe, 4.979563369e+00, E, -150.000000, NP, 30000 3000
800, t, 2.843630e-07, KEe, 156204.078357, MEe, 5.206802612e+00, E, -150.000000, NP, 30000 3000
900, t, 3.199083e-07, KEe, 162076.353629, MEe, 5.402545121e+00, E, -150.000000, NP, 30000 3000
1000, t, 3.554537e-07, KEe, 166544.646789, MEe, 5.551488226e+00, E, -150.000000, NP, 30000 3000
1100, t, 3.909991e-07, KEe, 170698.392963, MEe, 5.689946432e+00, E, -150.000000, NP, 30000 3000
1200, t, 4.265444e-07, KEe, 173295.157474, MEe, 5.776505249e+00, E, -150.000000, NP, 30000 3000
1300, t, 4.620898e-07, KEe, 175264.864513, MEe, 5.842162150e+00, E, -150.000000, NP, 30000 3000
1400, t, 4.976352e-07, KEe, 177303.973578, MEe, 5.910132453e+00, E, -150.000000, NP, 30000 3000
1500, t, 5.331806e-07, KEe, 178304.875859, MEe, 5.943495862e+00, E, -150.000000, NP, 30000 3000
1600, t, 5.687259e-07, KEe, 179556.418865, MEe, 5.985213962e+00, E, -150.000000, NP, 30000 3000
1700, t, 6.042713e-07, KEe, 180685.695856, MEe, 6.022856529e+00, E, -150.000000, NP, 30000 3000
1800, t, 6.398167e-07, KEe, 181185.545720, MEe, 6.039518191e+00, E, -150.000000, NP, 30000 3000
1900, t, 6.753620e-07, KEe, 181016.333315, MEe, 6.033877777e+00, E, -150.000000, NP, 30000 3000
2000, t, 7.109074e-07, KEe, 181111.919498, MEe, 6.037063983e+00, E, -150.000000, NP, 30000 3000
2100, t, 7.464528e-07, KEe, 181484.167534, MEe, 6.049472251e+00, E, -150.000000, NP, 30000 3000
2200, t, 7.819981e-07, KEe, 181998.797817, MEe, 6.066626594e+00, E, -150.000000, NP, 30000 3000
2300, t, 8.175435e-07, KEe, 181883.697224, MEe, 6.062789907e+00, E, -150.000000, NP, 30000 3000
2400, t, 8.530889e-07, KEe, 181682.863947, MEe, 6.056095465e+00, E, -150.000000, NP, 30000 3000
2500, t, 8.886343e-07, KEe, 182074.522535, MEe, 6.069150751e+00, E, -150.000000, NP, 30000 3000
2600, t, 9.241796e-07, KEe, 181971.778918, MEe, 6.065725964e+00, E, -150.000000, NP, 30000 3000
2700, t, 9.597250e-07, KEe, 182289.629586, MEe, 6.076320986e+00, E, -150.000000, NP, 30000 3000
2800, t, 9.952704e-07, KEe, 182173.980288, MEe, 6.072466010e+00, E, -150.000000, NP, 30000 3000
2900, t, 1.030816e-06, KEe, 182781.817525, MEe, 6.092727251e+00, E, -150.000000, NP, 30000 3000
3000, t, 1.066361e-06, KEe, 182414.924764, MEe, 6.080497492e+00, E, -150.000000, NP, 30000 3000
3100, t, 1.101906e-06, KEe, 183355.222472, MEe, 6.111840749e+00, E, -150.000000, NP, 30000 3000
3200, t, 1.137452e-06, KEe, 182408.250946, MEe, 6.080275032e+00, E, -150.000000, NP, 30000 3000
3300, t, 1.172997e-06, KEe, 182630.072415, MEe, 6.087669081e+00, E, -150.000000, NP, 30000 3000
3400, t, 1.208543e-06, KEe, 182632.673271, MEe, 6.087755776e+00, E, -150.000000, NP, 30000 3000
3500, t, 1.244088e-06, KEe, 182633.790555, MEe, 6.087793018e+00, E, -150.000000, NP, 30000 3000
3600, t, 1.279633e-06, KEe, 182471.600055, MEe, 6.082386669e+00, E, -150.000000, NP, 30000 3000
3700, t, 1.315179e-06, KEe, 182295.011219, MEe, 6.076500374e+00, E, -150.000000, NP, 30000 3000
3800, t, 1.350724e-06, KEe, 182576.303948, MEe, 6.085876798e+00, E, -150.000000, NP, 30000 3000
3900, t, 1.386269e-06, KEe, 182581.144880, MEe, 6.086038163e+00, E, -150.000000, NP, 30000 3000
4000, t, 1.421815e-06, KEe, 182512.568308, MEe, 6.083752277e+00, E, -150.000000, NP, 30000 3000
4100, t, 1.457360e-06, KEe, 182683.793856, MEe, 6.089459795e+00, E, -150.000000, NP, 30000 3000
4200, t, 1.492906e-06, KEe, 182360.605641, MEe, 6.078686855e+00, E, -150.000000, NP, 30000 3000
4300, t, 1.528451e-06, KEe, 182117.205574, MEe, 6.070573519e+00, E, -150.000000, NP, 30000 3000
4400, t, 1.563996e-06, KEe, 182201.516969, MEe, 6.073383899e+00, E, -150.000000, NP, 30000 3000
4500, t, 1.599542e-06, KEe, 181911.091300, MEe, 6.063703043e+00, E, -150.000000, NP, 30000 3000
4600, t, 1.635087e-06, KEe, 181880.719675, MEe, 6.062690656e+00, E, -150.000000, NP, 30000 3000
4700, t, 1.670632e-06, KEe, 181733.739160, MEe, 6.057791305e+00, E, -150.000000, NP, 30000 3000
4800, t, 1.706178e-06, KEe, 181712.110082, MEe, 6.057070336e+00, E, -150.000000, NP, 30000 3000
4900, t, 1.741723e-06, KEe, 182371.130872, MEe, 6.079037696e+00, E, -150.000000, NP, 30000 3000
5000, t, 1.777269e-06, KEe, 182257.469704, MEe, 6.075248990e+00, E, -150.000000, NP, 30000 3000
5100, t, 1.812814e-06, KEe, 181978.270080, MEe, 6.065942336e+00, E, -150.000000, NP, 30000 3000
5200, t, 1.848359e-06, KEe, 182376.398992, MEe, 6.079213300e+00, E, -150.000000, NP, 30000 3000
5300, t, 1.883905e-06, KEe, 182685.241036, MEe, 6.089508035e+00, E, -150.000000, NP, 30000 3000
5400, t, 1.919450e-06, KEe, 182476.677075, MEe, 6.082555903e+00, E, -150.000000, NP, 30000 3000
5500, t, 1.954995e-06, KEe, 182110.504259, MEe, 6.070350142e+00, E, -150.000000, NP, 30000 3000
5600, t, 1.990541e-06, KEe, 181899.127849, MEe, 6.063304262e+00, E, -150.000000, NP, 30000 3000
5700, t, 2.026086e-06, KEe, 181697.164245, MEe, 6.056572142e+00, E, -150.000000, NP, 30000 3000
5800, t, 2.061631e-06, KEe, 182126.422957, MEe, 6.070880765e+00, E, -150.000000, NP, 30000 3000
5900, t, 2.097177e-06, KEe, 182045.405379, MEe, 6.068180179e+00, E, -150.000000, NP, 30000 3000
6000, t, 2.132722e-06, KEe, 182298.526591, MEe, 6.076617553e+00, E, -150.000000, NP, 30000 3000
6100, t, 2.168268e-06, KEe, 182065.471852, MEe, 6.068849062e+00, E, -150.000000, NP, 30000 3000
6200, t, 2.203813e-06, KEe, 182228.410931, MEe, 6.074280364e+00, E, -150.000000, NP, 30000 3000
6300, t, 2.239358e-06, KEe, 182516.663700, MEe, 6.083888790e+00, E, -150.000000, NP, 30000 3000
6400, t, 2.274904e-06, KEe, 182342.533129, MEe, 6.078084438e+00, E, -150.000000, NP, 30000 3000
6500, t, 2.310449e-06, KEe, 182555.583795, MEe, 6.085186127e+00, E, -150.000000, NP, 30000 3000
6600, t, 2.345994e-06, KEe, 182455.637000, MEe, 6.081854567e+00, E, -150.000000, NP, 30000 3000
6700, t, 2.381540e-06, KEe, 182539.328812, MEe, 6.084644294e+00, E, -150.000000, NP, 30000 3000
6800, t, 2.417085e-06, KEe, 183191.721363, MEe, 6.106390712e+00, E, -150.000000, NP, 30000 3000
6900, t, 2.452631e-06, KEe, 182674.580014, MEe, 6.089152667e+00, E, -150.000000, NP, 30000 3000
7000, t, 2.488176e-06, KEe, 182429.675034, MEe, 6.080989168e+00, E, -150.000000, NP, 30000 3000
7100, t, 2.523721e-06, KEe, 182521.942859, MEe, 6.084064762e+00, E, -150.000000, NP, 30000 3000
7200, t, 2.559267e-06, KEe, 182607.800294, MEe, 6.086926676e+00, E, -150.000000, NP, 30000 3000
7300, t, 2.594812e-06, KEe, 182553.111449, MEe, 6.085103715e+00, E, -150.000000, NP, 30000 3000
7400, t, 2.630357e-06, KEe, 181617.032348, MEe, 6.053901078e+00, E, -150.000000, NP, 30000 3000
7500, t, 2.665903e-06, KEe, 181091.488211, MEe, 6.036382940e+00, E, -150.000000, NP, 30000 3000
7600, t, 2.701448e-06, KEe, 180711.820995, MEe, 6.023727367e+00, E, -150.000000, NP, 30000 3000
7700, t, 2.736994e-06, KEe, 180722.138297, MEe, 6.024071277e+00, E, -150.000000, NP, 30000 3000
7800, t, 2.772539e-06, KEe, 180445.540089, MEe, 6.014851336e+00, E, -150.000000, NP, 30000 3000
7900, t, 2.808084e-06, KEe, 180288.395453, MEe, 6.009613182e+00, E, -150.000000, NP, 30000 3000
8000, t, 2.843630e-06, KEe, 180833.144033, MEe, 6.027771468e+00, E, -150.000000, NP, 30000 3000
8100, t, 2.879175e-06, KEe, 180995.938674, MEe, 6.033197956e+00, E, -150.000000, NP, 30000 3000
8200, t, 2.914720e-06, KEe, 181155.410264, MEe, 6.038513675e+00, E, -150.000000, NP, 30000 3000
8300, t, 2.950266e-06, KEe, 182078.865237, MEe, 6.069295508e+00, E, -150.000000, NP, 30000 3000
8400, t, 2.985811e-06, KEe, 182008.484383, MEe, 6.066949479e+00, E, -150.000000, NP, 30000 3000
8500, t, 3.021356e-06, KEe, 182640.782368, MEe, 6.088026079e+00, E, -150.000000, NP, 30000 3000
8600, t, 3.056902e-06, KEe, 182737.609025, MEe, 6.091253634e+00, E, -150.000000, NP, 30000 3000
8700, t, 3.092447e-06, KEe, 182628.149904, MEe, 6.087604997e+00, E, -150.000000, NP, 30000 3000
8800, t, 3.127993e-06, KEe, 183083.114754, MEe, 6.102770492e+00, E, -150.000000, NP, 30000 3000
8900, t, 3.163538e-06, KEe, 183294.207748, MEe, 6.109806925e+00, E, -150.000000, NP, 30000 3000
9000, t, 3.199083e-06, KEe, 183170.156506, MEe, 6.105671884e+00, E, -150.000000, NP, 30000 3000
9100, t, 3.234629e-06, KEe, 182727.506534, MEe, 6.090916884e+00, E, -150.000000, NP, 30000 3000
9200, t, 3.270174e-06, KEe, 182125.265252, MEe, 6.070842175e+00, E, -150.000000, NP, 30000 3000
9300, t, 3.305719e-06, KEe, 183085.762180, MEe, 6.102858739e+00, E, -150.000000, NP, 30000 3000
9400, t, 3.341265e-06, KEe, 182638.676560, MEe, 6.087955885e+00, E, -150.000000, NP, 30000 3000
9500, t, 3.376810e-06, KEe, 182538.100018, MEe, 6.084603334e+00, E, -150.000000, NP, 30000 3000
9600, t, 3.412356e-06, KEe, 182374.371489, MEe, 6.079145716e+00, E, -150.000000, NP, 30000 3000
9700, t, 3.447901e-06, KEe, 181144.630211, MEe, 6.038154340e+00, E, -150.000000, NP, 30000 3000
9800, t, 3.483446e-06, KEe, 181314.003631, MEe, 6.043800121e+00, E, -150.000000, NP, 30000 3000
9900, t, 3.518992e-06, KEe, 181482.374959, MEe, 6.049412499e+00, E, -150.000000, NP, 30000 3000
10000, t, 3.554537e-06, KEe, 181740.676918, MEe, 6.058022564e+00, E, -150.000000, NP, 30000 3000
10100, t, 3.590082e-06, KEe, 181525.101724, MEe, 6.050836724e+00, E, -150.000000, NP, 30000 3000
10200, t, 3.625628e-06, KEe, 181325.761717, MEe, 6.044192057e+00, E, -150.000000, NP, 30000 3000
10300, t, 3.661173e-06, KEe, 181371.956910, MEe, 6.045731897e+00, E, -150.000000, NP, 30000 3000
10400, t, 3.696719e-06, KEe, 181340.666368, MEe, 6.044688879e+00, E, -150.000000, NP, 30000 3000
10500, t, 3.732264e-06, KEe, 181364.340039, MEe, 6.045478001e+00, E, -150.000000, NP, 30000 3000
10600, t, 3.767809e-06, KEe, 181468.779761, MEe, 6.048959325e+00, E, -150.000000, NP, 30000 3000
10700, t, 3.803355e-06, KEe, 181479.825057, MEe, 6.049327502e+00, E, -150.000000, NP, 30000 3000
10800, t, 3.838900e-06, KEe, 181621.240068, MEe, 6.054041336e+00, E, -150.000000, NP, 30000 3000
10900, t, 3.874445e-06, KEe, 181765.107791, MEe, 6.058836926e+00, E, -150.000000, NP, 30000 3000
11000, t, 3.909991e-06, KEe, 181732.037951, MEe, 6.057734598e+00, E, -150.000000, NP, 30000 3000
11100, t, 3.945536e-06, KEe, 181879.734261, MEe, 6.062657809e+00, E, -150.000000, NP, 30000 3000
11200, t, 3.981081e-06, KEe, 182891.321164, MEe, 6.096377372e+00, E, -150.000000, NP, 30000 3000
11300, t, 4.016627e-06, KEe, 182223.948015, MEe, 6.074131601e+00, E, -150.000000, NP, 30000 3000
11400, t, 4.052172e-06, KEe, 181701.430156, MEe, 6.056714339e+00, E, -150.000000, NP, 30000 3000
11500, t, 4.087718e-06, KEe, 181698.398621, MEe, 6.056613287e+00, E, -150.000000, NP, 30000 3000
11600, t, 4.123263e-06, KEe, 182215.047890, MEe, 6.073834930e+00, E, -150.000000, NP, 30000 3000
11700, t, 4.158808e-06, KEe, 182583.940793, MEe, 6.086131360e+00, E, -150.000000, NP, 30000 3000
11800, t, 4.194354e-06, KEe, 181990.303260, MEe, 6.066343442e+00, E, -150.000000, NP, 30000 3000
11900, t, 4.229899e-06, KEe, 182089.784067, MEe, 6.069659469e+00, E, -150.000000, NP, 30000 3000
12000, t, 4.265444e-06, KEe, 181899.308352, MEe, 6.063310278e+00, E, -150.000000, NP, 30000 3000
12100, t, 4.300990e-06, KEe, 182296.869121, MEe, 6.076562304e+00, E, -150.000000, NP, 30000 3000
12200, t, 4.336535e-06, KEe, 182017.726143, MEe, 6.067257538e+00, E, -150.000000, NP, 30000 3000
12300, t, 4.372081e-06, KEe, 182143.734032, MEe, 6.071457801e+00, E, -150.000000, NP, 30000 3000
12400, t, 4.407626e-06, KEe, 182164.404422, MEe, 6.072146814e+00, E, -150.000000, NP, 30000 3000
12500, t, 4.443171e-06, KEe, 181753.976778, MEe, 6.058465893e+00, E, -150.000000, NP, 30000 3000
12600, t, 4.478717e-06, KEe, 181814.634748, MEe, 6.060487825e+00, E, -150.000000, NP, 30000 3000
12700, t, 4.514262e-06, KEe, 182019.869281, MEe, 6.067328976e+00, E, -150.000000, NP, 30000 3000
12800, t, 4.549807e-06, KEe, 182337.755129, MEe, 6.077925171e+00, E, -150.000000, NP, 30000 3000
12900, t, 4.585353e-06, KEe, 182059.678014, MEe, 6.068655934e+00, E, -150.000000, NP, 30000 3000
13000, t, 4.620898e-06, KEe, 182073.538537, MEe, 6.069117951e+00, E, -150.000000, NP, 30000 3000
13100, t, 4.656444e-06, KEe, 181649.464295, MEe, 6.054982143e+00, E, -150.000000, NP, 30000 3000
13200, t, 4.691989e-06, KEe, 181361.581135, MEe, 6.045386038e+00, E, -150.000000, NP, 30000 3000
13300, t, 4.727534e-06, KEe, 181830.909579, MEe, 6.061030319e+00, E, -150.000000, NP, 30000 3000
13400, t, 4.763080e-06, KEe, 182347.046859, MEe, 6.078234895e+00, E, -150.000000, NP, 30000 3000
13500, t, 4.798625e-06, KEe, 182973.609013, MEe, 6.099120300e+00, E, -150.000000, NP, 30000 3000
13600, t, 4.834170e-06, KEe, 182900.956329, MEe, 6.096698544e+00, E, -150.000000, NP, 30000 3000
13700, t, 4.869716e-06, KEe, 182989.042029, MEe, 6.099634734e+00, E, -150.000000, NP, 30000 3000
13800, t, 4.905261e-06, KEe, 183252.206015, MEe, 6.108406867e+00, E, -150.000000, NP, 30000 3000
13900, t, 4.940806e-06, KEe, 183119.276914, MEe, 6.103975897e+00, E, -150.000000, NP, 30000 3000
14000, t, 4.976352e-06, KEe, 183211.401895, MEe, 6.107046730e+00, E, -150.000000, NP, 30000 3000
14100, t, 5.011897e-06, KEe, 183233.254087, MEe, 6.107775136e+00, E, -150.000000, NP, 30000 3000
14200, t, 5.047443e-06, KEe, 182737.353060, MEe, 6.091245102e+00, E, -150.000000, NP, 30000 3000
14300, t, 5.082988e-06, KEe, 182304.421949, MEe, 6.076814065e+00, E, -150.000000, NP, 30000 3000
14400, t, 5.118533e-06, KEe, 183062.636900, MEe, 6.102087897e+00, E, -150.000000, NP, 30000 3000
14500, t, 5.154079e-06, KEe, 182698.606393, MEe, 6.089953546e+00, E, -150.000000, NP, 30000 3000
14600, t, 5.189624e-06, KEe, 182580.073196, MEe, 6.086002440e+00, E, -150.000000, NP, 30000 3000
14700, t, 5.225169e-06, KEe, 183032.617271, MEe, 6.101087242e+00, E, -150.000000, NP, 30000 3000
14800, t, 5.260715e-06, KEe, 182735.068772, MEe, 6.091168959e+00, E, -150.000000, NP, 30000 3000
14900, t, 5.296260e-06, KEe, 182289.748520, MEe, 6.076324951e+00, E, -150.000000, NP, 30000 3000
15000, t, 5.331806e-06, KEe, 182045.810039, MEe, 6.068193668e+00, E, -150.000000, NP, 30000 3000
15100, t, 5.367351e-06, KEe, 182111.125461, MEe, 6.070370849e+00, E, -150.000000, NP, 30000 3000
15200, t, 5.402896e-06, KEe, 182761.256580, MEe, 6.092041886e+00, E, -150.000000, NP, 30000 3000
15300, t, 5.438442e-06, KEe, 183218.517954, MEe, 6.107283932e+00, E, -150.000000, NP, 30000 3000
15400, t, 5.473987e-06, KEe, 182966.429170, MEe, 6.098880972e+00, E, -150.000000, NP, 30000 3000
15500, t, 5.509532e-06, KEe, 182058.307507, MEe, 6.068610250e+00, E, -150.000000, NP, 30000 3000
15600, t, 5.545078e-06, KEe, 182319.093029, MEe, 6.077303101e+00, E, -150.000000, NP, 30000 3000
15700, t, 5.580623e-06, KEe, 182200.202297, MEe, 6.073340077e+00, E, -150.000000, NP, 30000 3000
15800, t, 5.616169e-06, KEe, 182419.093108, MEe, 6.080636437e+00, E, -150.000000, NP, 30000 3000
15900, t, 5.651714e-06, KEe, 182766.468299, MEe, 6.092215610e+00, E, -150.000000, NP, 30000 3000
16000, t, 5.687259e-06, KEe, 182258.447285, MEe, 6.075281576e+00, E, -150.000000, NP, 30000 3000
16100, t, 5.722805e-06, KEe, 181909.776141, MEe, 6.063659205e+00, E, -150.000000, NP, 30000 3000
16200, t, 5.758350e-06, KEe, 181422.533175, MEe, 6.047417772e+00, E, -150.000000, NP, 30000 3000
16300, t, 5.793895e-06, KEe, 181664.159840, MEe, 6.055471995e+00, E, -150.000000, NP, 30000 3000
16400, t, 5.829441e-06, KEe, 181678.393287, MEe, 6.055946443e+00, E, -150.000000, NP, 30000 3000
16500, t, 5.864986e-06, KEe, 181390.086368, MEe, 6.046336212e+00, E, -150.000000, NP, 30000 3000
16600, t, 5.900531e-06, KEe, 182344.488918, MEe, 6.078149631e+00, E, -150.000000, NP, 30000 3000
16700, t, 5.936077e-06, KEe, 182423.914434, MEe, 6.080797148e+00, E, -150.000000, NP, 30000 3000
16800, t, 5.971622e-06, KEe, 182575.094196, MEe, 6.085836473e+00, E, -150.000000, NP, 30000 3000
16900, t, 6.007168e-06, KEe, 182961.593654, MEe, 6.098719788e+00, E, -150.000000, NP, 30000 3000
17000, t, 6.042713e-06, KEe, 182658.639221, MEe, 6.088621307e+00, E, -150.000000, NP, 30000 3000
17100, t, 6.078258e-06, KEe, 183118.273904, MEe, 6.103942463e+00, E, -150.000000, NP, 30000 3000
17200, t, 6.113804e-06, KEe, 183114.279425, MEe, 6.103809314e+00, E, -150.000000, NP, 30000 3000
17300, t, 6.149349e-06, KEe, 182999.105358, MEe, 6.099970179e+00, E, -150.000000, NP, 30000 3000
17400, t, 6.184894e-06, KEe, 182625.878470, MEe, 6.087529282e+00, E, -150.000000, NP, 30000 3000
17500, t, 6.220440e-06, KEe, 182887.256932, MEe, 6.096241898e+00, E, -150.000000, NP, 30000 3000
17600, t, 6.255985e-06, KEe, 182773.323909, MEe, 6.092444130e+00, E, -150.000000, NP, 30000 3000
17700, t, 6.291531e-06, KEe, 182410.342843, MEe, 6.080344761e+00, E, -150.000000, NP, 30000 3000
17800, t, 6.327076e-06, KEe, 181987.680608, MEe, 6.066256020e+00, E, -150.000000, NP, 30000 3000
17900, t, 6.362621e-06, KEe, 182428.126496, MEe, 6.080937550e+00, E, -150.000000, NP, 30000 3000
18000, t, 6.398167e-06, KEe, 182413.104223, MEe, 6.080436807e+00, E, -150.000000, NP, 30000 3000
18100, t, 6.433712e-06, KEe, 181985.184347, MEe, 6.066172812e+00, E, -150.000000, NP, 30000 3000
18200, t, 6.469257e-06, KEe, 182212.748859, MEe, 6.073758295e+00, E, -150.000000, NP, 30000 3000
18300, t, 6.504803e-06, KEe, 181414.284057, MEe, 6.047142802e+00, E, -150.000000, NP, 30000 3000
18400, t, 6.540348e-06, KEe, 181452.902707, MEe, 6.048430090e+00, E, -150.000000, NP, 30000 3000
18500, t, 6.575894e-06, KEe, 181308.825477, MEe, 6.043627516e+00, E, -150.000000, NP, 30000 3000
18600, t, 6.611439e-06, KEe, 181554.432521, MEe, 6.051814417e+00, E, -150.000000, NP, 30000 3000
18700, t, 6.646984e-06, KEe, 181475.791214, MEe, 6.049193040e+00, E, -150.000000, NP, 30000 3000
18800, t, 6.682530e-06, KEe, 182177.916797, MEe, 6.072597227e+00, E, -150.000000, NP, 30000 3000
18900, t, 6.718075e-06, KEe, 182290.013194, MEe, 6.076333773e+00, E, -150.000000, NP, 30000 3000
19000, t, 6.753620e-06, KEe, 181685.398413, MEe, 6.056179947e+00, E, -150.000000, NP, 30000 3000
19100, t, 6.789166e-06, KEe, 181376.695691, MEe, 6.045889856e+00, E, -150.000000, NP, 30000 3000
19200, t, 6.824711e-06, KEe, 181224.917857, MEe, 6.040830595e+00, E, -150.000000, NP, 30000 3000
19300, t, 6.860256e-06, KEe, 181280.976969, MEe, 6.042699232e+00, E, -150.000000, NP, 30000 3000
19400, t, 6.895802e-06, KEe, 181787.278583, MEe, 6.059575953e+00, E, -150.000000, NP, 30000 3000
19500, t, 6.931347e-06, KEe, 182030.833831, MEe, 6.067694461e+00, E, -150.000000, NP, 30000 3000
19600, t, 6.966893e-06, KEe, 182125.701281, MEe, 6.070856709e+00, E, -150.000000, NP, 30000 3000
19700, t, 7.002438e-06, KEe, 181898.207134, MEe, 6.063273571e+00, E, -150.000000, NP, 30000 3000
19800, t, 7.037983e-06, KEe, 181793.981916, MEe, 6.059799397e+00, E, -150.000000, NP, 30000 3000
19900, t, 7.073529e-06, KEe, 181988.211756, MEe, 6.066273725e+00, E, -150.000000, NP, 30000 3000
20000, t, 7.109074e-06, KEe, 181952.716704, MEe, 6.065090557e+00, E, -150.000000, NP, 30000 3000
20100, t, 7.144619e-06, KEe, 182044.446607, MEe, 6.068148220e+00, E, -150.000000, NP, 30000 3000
20200, t, 7.180165e-06, KEe, 181675.205584, MEe, 6.055840186e+00, E, -150.000000, NP, 30000 3000
20300, t, 7.215710e-06, KEe, 181948.072217, MEe, 6.064935741e+00, E, -150.000000, NP, 30000 3000
20400, t, 7.251256e-06, KEe, 182626.139596, MEe, 6.087537987e+00, E, -150.000000, NP, 30000 3000
20500, t, 7.286801e-06, KEe, 183368.138368, MEe, 6.112271279e+00, E, -150.000000, NP, 30000 3000
20600, t, 7.322346e-06, KEe, 183442.534751, MEe, 6.114751158e+00, E, -150.000000, NP, 30000 3000
20700, t, 7.357892e-06, KEe, 183144.817933, MEe, 6.104827264e+00, E, -150.000000, NP, 30000 3000
20800, t, 7.393437e-06, KEe, 182578.597535, MEe, 6.085953251e+00, E, -150.000000, NP, 30000 3000
20900, t, 7.428982e-06, KEe, 182850.514132, MEe, 6.095017138e+00, E, -150.000000, NP, 30000 3000
21000, t, 7.464528e-06, KEe, 183005.468261, MEe, 6.100182275e+00, E, -150.000000, NP, 30000 3000
21100, t, 7.500073e-06, KEe, 182497.688356, MEe, 6.083256279e+00, E, -150.000000, NP, 30000 3000
21200, t, 7.535619e-06, KEe, 182050.442379, MEe, 6.068348079e+00, E, -150.000000, NP, 30000 3000
21300, t, 7.571164e-06, KEe, 182274.586758, MEe, 6.075819559e+00, E, -150.000000, NP, 30000 3000
21400, t, 7.606709e-06, KEe, 182712.310239, MEe, 6.090410341e+00, E, -150.000000, NP, 30000 3000
21500, t, 7.642255e-06, KEe, 182263.767947, MEe, 6.075458932e+00, E, -150.000000, NP, 30000 3000
21600, t, 7.677800e-06, KEe, 182569.365660, MEe, 6.085645522e+00, E, -150.000000, NP, 30000 3000
21700, t, 7.713345e-06, KEe, 182229.556855, MEe, 6.074318562e+00, E, -150.000000, NP, 30000 3000
21800, t, 7.748891e-06, KEe, 182396.887941, MEe, 6.079896265e+00, E, -150.000000, NP, 30000 3000
21900, t, 7.784436e-06, KEe, 181538.778806, MEe, 6.051292627e+00, E, -150.000000, NP, 30000 3000
22000, t, 7.819981e-06, KEe, 181253.625771, MEe, 6.041787526e+00, E, -150.000000, NP, 30000 3000
22100, t, 7.855527e-06, KEe, 181287.021243, MEe, 6.042900708e+00, E, -150.000000, NP, 30000 3000
22200, t, 7.891072e-06, KEe, 181927.286266, MEe, 6.064242876e+00, E, -150.000000, NP, 30000 3000
22300, t, 7.926618e-06, KEe, 181845.168478, MEe, 6.061505616e+00, E, -150.000000, NP, 30000 3000
22400, t, 7.962163e-06, KEe, 181619.632619, MEe, 6.053987754e+00, E, -150.000000, NP, 30000 3000
22500, t, 7.997708e-06, KEe, 181091.393340, MEe, 6.036379778e+00, E, -150.000000, NP, 30000 3000
22600, t, 8.033254e-06, KEe, 181334.816108, MEe, 6.044493870e+00, E, -150.000000, NP, 30000 3000
22700, t, 8.068799e-06, KEe, 181977.281531, MEe, 6.065909384e+00, E, -150.000000, NP, 30000 3000
22800, t, 8.104344e-06, KEe, 181950.633759, MEe, 6.065021125e+00, E, -150.000000, NP, 30000 3000
22900, t, 8.139890e-06, KEe, 181860.548433, MEe, 6.062018281e+00, E, -150.000000, NP, 30000 3000
23000, t, 8.175435e-06, KEe, 181983.356076, MEe, 6.066111869e+00, E, -150.000000, NP, 30000 3000
23100, t, 8.210981e-06, KEe, 182367.873556, MEe, 6.078929119e+00, E, -150.000000, NP, 30000 3000
23200, t, 8.246526e-06, KEe, 182013.392889, MEe, 6.067113096e+00, E, -150.000000, NP, 30000 3000
23300, t, 8.282071e-06, KEe, 182473.447485, MEe, 6.082448250e+00, E, -150.000000, NP, 30000 3000
23400, t, 8.317617e-06, KEe, 183035.694896, MEe, 6.101189830e+00, E, -150.000000, NP, 30000 3000
23500, t, 8.353162e-06, KEe, 182806.796535, MEe, 6.093559884e+00, E, -150.000000, NP, 30000 3000
23600, t, 8.388707e-06, KEe, 182904.080669, MEe, 6.096802689e+00, E, -150.000000, NP, 30000 3000
23700, t, 8.424253e-06, KEe, 182362.761178, MEe, 6.078758706e+00, E, -150.000000, NP, 30000 3000
23800, t, 8.459798e-06, KEe, 181853.225389, MEe, 6.061774180e+00, E, -150.000000, NP, 30000 3000
23900, t, 8.495344e-06, KEe, 181573.081892, MEe, 6.052436063e+00, E, -150.000000, NP, 30000 3000
24000, t, 8.530889e-06, KEe, 182212.513998, MEe, 6.073750467e+00, E, -150.000000, NP, 30000 3000
24100, t, 8.566434e-06, KEe, 181821.232124, MEe, 6.060707737e+00, E, -150.000000, NP, 30000 3000
24200, t, 8.601980e-06, KEe, 182486.704247, MEe, 6.082890142e+00, E, -150.000000, NP, 30000 3000
24300, t, 8.637525e-06, KEe, 182311.113336, MEe, 6.077037111e+00, E, -150.000000, NP, 30000 3000
24400, t, 8.673070e-06, KEe, 182174.731246, MEe, 6.072491042e+00, E, -150.000000, NP, 30000 3000
24500, t, 8.708616e-06, KEe, 182302.935326, MEe, 6.076764511e+00, E, -150.000000, NP, 30000 3000
24600, t, 8.744161e-06, KEe, 182503.264321, MEe, 6.083442144e+00, E, -150.000000, NP, 30000 3000
24700, t, 8.779706e-06, KEe, 182379.126601, MEe, 6.079304220e+00, E, -150.000000, NP, 30000 3000
24800, t, 8.815252e-06, KEe, 181907.555304, MEe, 6.063585177e+00, E, -150.000000, NP, 30000 3000
24900, t, 8.850797e-06, KEe, 181967.677296, MEe, 6.065589243e+00, E, -150.000000, NP, 30000 3000
25000, t, 8.886343e-06, KEe, 181273.178385, MEe, 6.042439280e+00, E, -150.000000, NP, 30000 3000
25100, t, 8.921888e-06, KEe, 181142.154569, MEe, 6.038071819e+00, E, -150.000000, NP, 30000 3000
25200, t, 8.957433e-06, KEe, 181886.111022, MEe, 6.062870367e+00, E, -150.000000, NP, 30000 3000
25300, t, 8.992979e-06, KEe, 181645.721986, MEe, 6.054857400e+00, E, -150.000000, NP, 30000 3000
25400, t, 9.028524e-06, KEe, 181675.203418, MEe, 6.055840114e+00, E, -150.000000, NP, 30000 3000
25500, t, 9.064069e-06, KEe, 181650.399057, MEe, 6.055013302e+00, E, -150.000000, NP, 30000 3000
25600, t, 9.099615e-06, KEe, 181576.095220, MEe, 6.052536507e+00, E, -150.000000, NP, 30000 3000
25700, t, 9.135160e-06, KEe, 181617.367468, MEe, 6.053912249e+00, E, -150.000000, NP, 30000 3000
25800, t, 9.170706e-06, KEe, 181924.133284, MEe, 6.064137776e+00, E, -150.000000, NP, 30000 3000
25900, t, 9.206251e-06, KEe, 181890.789168, MEe, 6.063026306e+00, E, -150.000000, NP, 30000 3000
26000, t, 9.241796e-06, KEe, 182156.535998, MEe, 6.071884533e+00, E, -150.000000, NP, 30000 3000
26100, t, 9.277342e-06, KEe, 182007.735884, MEe, 6.066924529e+00, E, -150.000000, NP, 30000 3000
26200, t, 9.312887e-06, KEe, 181533.284877, MEe, 6.051109496e+00, E, -150.000000, NP, 30000 3000
26300, t, 9.348432e-06, KEe, 181818.299773, MEe, 6.060609992e+00, E, -150.000000, NP, 30000 3000
26400, t, 9.383978e-06, KEe, 181838.874628, MEe, 6.061295821e+00, E, -150.000000, NP, 30000 3000
26500, t, 9.419523e-06, KEe, 182470.494260, MEe, 6.082349809e+00, E, -150.000000, NP, 30000 3000
26600, t, 9.455069e-06, KEe, 182924.585614, MEe, 6.097486187e+00, E, -150.000000, NP, 30000 3000
26700, t, 9.490614e-06, KEe, 182150.291019, MEe, 6.071676367e+00, E, -150.000000, NP, 30000 3000
26800, t, 9.526159e-06, KEe, 181960.006823, MEe, 6.065333561e+00, E, -150.000000, NP, 30000 3000
26900, t, 9.561705e-06, KEe, 182218.922651, MEe, 6.073964088e+00, E, -150.000000, NP, 30000 3000
27000, t, 9.597250e-06, KEe, 182286.621788, MEe, 6.076220726e+00, E, -150.000000, NP, 30000 3000
27100, t, 9.632795e-06, KEe, 182188.803564, MEe, 6.072960119e+00, E, -150.000000, NP, 30000 3000
27200, t, 9.668341e-06, KEe, 182563.686157, MEe, 6.085456205e+00, E, -150.000000, NP, 30000 3000
27300, t, 9.703886e-06, KEe, 182523.993321, MEe, 6.084133111e+00, E, -150.000000, NP, 30000 3000
27400, t, 9.739431e-06, KEe, 181947.490278, MEe, 6.064916343e+00, E, -150.000000, NP, 30000 3000
27500, t, 9.774977e-06, KEe, 181708.231333, MEe, 6.056941044e+00, E, -150.000000, NP, 30000 3000
27600, t, 9.810522e-06, KEe, 181554.575369, MEe, 6.051819179e+00, E, -150.000000, NP, 30000 3000
27700, t, 9.846068e-06, KEe, 181807.760380, MEe, 6.060258679e+00, E, -150.000000, NP, 30000 3000
27800, t, 9.881613e-06, KEe, 182242.415041, MEe, 6.074747168e+00, E, -150.000000, NP, 30000 3000
27900, t, 9.917158e-06, KEe, 182069.058756, MEe, 6.068968625e+00, E, -150.000000, NP, 30000 3000
28000, t, 9.952704e-06, KEe, 182891.180947, MEe, 6.096372698e+00, E, -150.000000, NP, 30000 3000
28100, t, 9.988249e-06, KEe, 183066.019221, MEe, 6.102200641e+00, E, -150.000000, NP, 30000 3000
28200, t, 1.002379e-05, KEe, 182257.213396, MEe, 6.075240447e+00, E, -150.000000, NP, 30000 3000
28300, t, 1.005934e-05, KEe, 182417.053632, MEe, 6.080568454e+00, E, -150.000000, NP, 30000 3000
28400, t, 1.009489e-05, KEe, 182932.414576, MEe, 6.097747153e+00, E, -150.000000, NP, 30000 3000
28500, t, 1.013043e-05, KEe, 183146.716410, MEe, 6.104890547e+00, E, -150.000000, NP, 30000 3000
28600, t, 1.016598e-05, KEe, 182993.530048, MEe, 6.099784335e+00, E, -150.000000, NP, 30000 3000
28700, t, 1.020152e-05, KEe, 182831.842886, MEe, 6.094394763e+00, E, -150.000000, NP, 30000 3000
28800, t, 1.023707e-05, KEe, 182944.227886, MEe, 6.098140930e+00, E, -150.000000, NP, 30000 3000
28900, t, 1.027261e-05, KEe, 182547.803765, MEe, 6.084926792e+00, E, -150.000000, NP, 30000 3000
29000, t, 1.030816e-05, KEe, 182346.997019, MEe, 6.078233234e+00, E, -150.000000, NP, 30000 3000
29100, t, 1.034370e-05, KEe, 182642.737527, MEe, 6.088091251e+00, E, -150.000000, NP, 30000 3000
29200, t, 1.037925e-05, KEe, 182589.775952, MEe, 6.086325865e+00, E, -150.000000, NP, 30000 3000
29300, t, 1.041479e-05, KEe, 182277.959810, MEe, 6.075931994e+00, E, -150.000000, NP, 30000 3000
29400, t, 1.045034e-05, KEe, 182233.812985, MEe, 6.074460433e+00, E, -150.000000, NP, 30000 3000
29500, t, 1.048588e-05, KEe, 182054.872388, MEe, 6.068495746e+00, E, -150.000000, NP, 30000 3000
29600, t, 1.052143e-05, KEe, 182148.952095, MEe, 6.071631737e+00, E, -150.000000, NP, 30000 3000
29700, t, 1.055698e-05, KEe, 182835.827145, MEe, 6.094527572e+00, E, -150.000000, NP, 30000 3000
29800, t, 1.059252e-05, KEe, 182646.552950, MEe, 6.088218432e+00, E, -150.000000, NP, 30000 3000
29900, t, 1.062807e-05, KEe, 182758.637556, MEe, 6.091954585e+00, E, -150.000000, NP, 30000 3000
30000, t, 1.066361e-05, KEe, 183016.365658, MEe, 6.100545522e+00, E, -150.000000, NP, 30000 3000
