RandMax 2147483647
reading box length: 1.000000e-06 (m)
reading number of particle types: 2
reading number of particles of type 0: 30000
reading number of particles of type 1: 3000
reading temperature of particle type 0: 0.000000 (eV)
reading temperature of particle type 1: 0.025900 (eV)
reading flow velocity of particle type 0: 0.000000 (eV)
reading flow velocity of particle type 1: 0.000000 (eV)
reading charge of particle type 0: -1.000000 (elementary charge)
reading charge of particle type 1: 0.000000 (elementary charge)
reading mass of particle type 0: 0.000549 (amu)
reading mass of particle type 1: 28.000000 (amu)
reading number of time steps: 30000
reading vsigma max samples: 1000
reading time step dt: 2.221586e-10
reading electric field: -2.400000e+02 (V/m)
reading electric frequency: 0.000000e+00 (Hz)
reading magnetic field: 0.000000e+00 0.000000e+00 0.000000e+00 (Tesla)
reading vdf dump spec: 1000 1000000 0
reading extrapolation option: 0
reading memory allocation: 0.000000e+00 (GB)
reading auto dump spec: 0
reading output stride spec: 100
reading carry remainder spec: 0
found cross_sections/Ar.dat file for particle 0 with 1 in indeck, differential model found: Aubin
found cross_sections/Ar->Ar(3d'[3/2]1).dat file for particle 0 with 1 in indeck
found cross_sections/Ar->Ar(3d'[3/2]2).dat file for particle 0 with 1 in indeck
found cross_sections/Ar->Ar(3d'[5/2]2).dat file for particle 0 with 1 in indeck
found cross_sections/Ar->Ar(3d'[5/2]3).dat file for particle 0 with 1 in indeck
found cross_sections/Ar->Ar(3d[1/2]0).dat file for particle 0 with 1 in indeck
found cross_sections/Ar->Ar(3d[1/2]1).dat file for particle 0 with 1 in indeck
found cross_sections/Ar->Ar(3d[3/2]1).dat file for particle 0 with 1 in indeck
found cross_sections/Ar->Ar(3d[3/2]2).dat file for particle 0 with 1 in indeck
found cross_sections/Ar->Ar(3d[5/2]2).dat file for particle 0 with 1 in indeck
found cross_sections/Ar->Ar(3d[5/2]3).dat file for particle 0 with 1 in indeck
found cross_sections/Ar->Ar(3d[7/2]3).dat file for particle 0 with 1 in indeck
found cross_sections/Ar->Ar(3d[7/2]4).dat file for particle 0 with 1 in indeck
found cross_sections/Ar->Ar(4p'[1/2]0).dat file for particle 0 with 1 in indeck
found cross_sections/Ar->Ar(4p'[1/2]1).dat file for particle 0 with 1 in indeck
found cross_sections/Ar->Ar(4p'[3/2]1).dat file for particle 0 with 1 in indeck
found cross_sections/Ar->Ar(4p'[3/2]2).dat file for particle 0 with 1 in indeck
found cross_sections/Ar->Ar(4p[1/2]0).dat file for particle 0 with 1 in indeck
found cross_sections/Ar->Ar(4p[1/2]1).dat file for particle 0 with 1 in indeck
found cross_sections/Ar->Ar(4p[3/2]1).dat file for particle 0 with 1 in indeck
found cross_sections/Ar->Ar(4p[3/2]2).dat file for particle 0 with 1 in indeck
found cross_sections/Ar->Ar(4p[5/2]2).dat file for particle 0 with 1 in indeck
found cross_sections/Ar->Ar(4p[5/2]3).dat file for particle 0 with 1 in indeck
found cross_sections/Ar->Ar(4s'[1/2]0).dat file for particle 0 with 1 in indeck
found cross_sections/Ar->Ar(4s'[1/2]1).dat file for particle 0 with 1 in indeck
found cross_sections/Ar->Ar(4s[3/2]1).dat file for particle 0 with 1 in indeck
found cross_sections/Ar->Ar(4s[3/2]2).dat file for particle 0 with 1 in indeck
found cross_sections/Ar->Ar(5s'[1/2]0).dat file for particle 0 with 1 in indeck
found cross_sections/Ar->Ar(5s'[1/2]1).dat file for particle 0 with 1 in indeck
found cross_sections/Ar->Ar(5s[3/2]1).dat file for particle 0 with 1 in indeck
found cross_sections/Ar->Ar(5s[3/2]2).dat file for particle 0 with 1 in indeck
found cross_sections/Ar->Ar(Rydberg).dat file for particle 0 with 1 in indeck
found cross_sections/Ar->Ar^+.dat file for particle 0 with 1 in indeck, differential model found: Uniform
reading cross_sections/Ar.dat
reading cross_sections/Ar->Ar(3d'[3/2]1).dat
reading cross_sections/Ar->Ar(3d'[3/2]2).dat
reading cross_sections/Ar->Ar(3d'[5/2]2).dat
reading cross_sections/Ar->Ar(3d'[5/2]3).dat
reading cross_sections/Ar->Ar(3d[1/2]0).dat
reading cross_sections/Ar->Ar(3d[1/2]1).dat
reading cross_sections/Ar->Ar(3d[3/2]1).dat
reading cross_sections/Ar->Ar(3d[3/2]2).dat
reading cross_sections/Ar->Ar(3d[5/2]2).dat
reading cross_sections/Ar->Ar(3d[5/2]3).dat
reading cross_sections/Ar->Ar(3d[7/2]3).dat
reading cross_sections/Ar->Ar(3d[7/2]4).dat
reading cross_sections/Ar->Ar(4p'[1/2]0).dat
reading cross_sections/Ar->Ar(4p'[1/2]1).dat
reading cross_sections/Ar->Ar(4p'[3/2]1).dat
reading cross_sections/Ar->Ar(4p'[3/2]2).dat
reading cross_sections/Ar->Ar(4p[1/2]0).dat
reading cross_sections/Ar->Ar(4p[1/2]1).dat
reading cross_sections/Ar->Ar(4p[3/2]1).dat
reading cross_sections/Ar->Ar(4p[3/2]2).dat
reading cross_sections/Ar->Ar(4p[5/2]2).dat
reading cross_sections/Ar->Ar(4p[5/2]3).dat
reading cross_sections/Ar->Ar(4s'[1/2]0).dat
reading cross_sections/Ar->Ar(4s'[1/2]1).dat
reading cross_sections/Ar->Ar(4s[3/2]1).dat
reading cross_sections/Ar->Ar(4s[3/2]2).dat
reading cross_sections/Ar->Ar(5s'[1/2]0).dat
reading cross_sections/Ar->Ar(5s'[1/2]1).dat
reading cross_sections/Ar->Ar(5s[3/2]1).dat
reading cross_sections/Ar->Ar(5s[3/2]2).dat
reading cross_sections/Ar->Ar(Rydberg).dat
reading cross_sections/Ar->Ar^+.dat
Memory per particle: 72 bytes
Memory for all initial particles: 2.213e-03 GB
Allocating space for 132000 particles
------------------------------------
0, t, 0.000000e+00, KEe, 0.000000, MEe, 0.000000000e+00, E, -240.000000, NP, 30000 3000
100, t, 2.221586e-08, KEe, 64794.176569, MEe, 2.159805886e+00, E, -240.000000, NP, 30000 3000
200, t, 4.443171e-08, KEe, 113833.130052, MEe, 3.794437668e+00, E, -240.000000, NP, 30000 3000
300, t, 6.664757e-08, KEe, 129701.987996, MEe, 4.323399600e+00, E, -240.000000, NP, 30000 3000
400, t, 8.886343e-08, KEe, 144826.657640, MEe, 4.827555255e+00, E, -240.000000, NP, 30000 3000
500, t, 1.110793e-07, KEe, 157623.099558, MEe, 5.254103319e+00, E, -240.000000, NP, 30000 3000
600, t, 1.332951e-07, KEe, 167729.132403, MEe, 5.590971080e+00, E, -240.000000, NP, 30000 3000
700, t, 1.555110e-07, KEe, 175879.357432, MEe, 5.862645248e+00, E, -240.000000, NP, 30000 3000
800, t, 1.777269e-07, KEe, 181984.925889, MEe, 6.066164196e+00, E, -240.000000, NP, 30000 3000
900, t, 1.999427e-07, KEe, 186355.016952, MEe, 6.211833898e+00, E, -240.000000, NP, 30000 3000
1000, t, 2.221586e-07, KEe, 190070.125047, MEe, 6.335670835e+00, E, -240.000000, NP, 30000 3000
1100, t, 2.443744e-07, KEe, 192441.709788, MEe, 6.414723660e+00, E, -240.000000, NP, 30000 3000
1200, t, 2.665903e-07, KEe, 194035.650411, MEe, 6.467855014e+00, E, -240.000000, NP, 30000 3000
1300, t, 2.888061e-07, KEe, 195427.060457, MEe, 6.514235349e+00, E, -240.000000, NP, 30000 3000
1400, t, 3.110220e-07, KEe, 196621.368387, MEe, 6.554045613e+00, E, -240.000000, NP, 30000 3000
1500, t, 3.332378e-07, KEe, 197085.812885, MEe, 6.569527096e+00, E, -240.000000, NP, 30000 3000
1600, t, 3.554537e-07, KEe, 197370.793007, MEe, 6.579026434e+00, E, -240.000000, NP, 30000 3000
1700, t, 3.776696e-07, KEe, 198281.347869, MEe, 6.609378262e+00, E, -240.000000, NP, 30000 3000
1800, t, 3.998854e-07, KEe, 197940.557265, MEe, 6.598018575e+00, E, -240.000000, NP, 30000 3000
1900, t, 4.221013e-07, KEe, 197182.258630, MEe, 6.572741954e+00, E, -240.000000, NP, 30000 3000
2000, t, 4.443171e-07, KEe, 196944.110063, MEe, 6.564803669e+00, E, -240.000000, NP, 30000 3000
2100, t, 4.665330e-07, KEe, 197302.275897, MEe, 6.576742530e+00, E, -240.000000, NP, 30000 3000
2200, t, 4.887488e-07, KEe, 197412.521329, MEe, 6.580417378e+00, E, -240.000000, NP, 30000 3000
2300, t, 5.109647e-07, KEe, 198066.286475, MEe, 6.602209549e+00, E, -240.000000, NP, 30000 3000
2400, t, 5.331806e-07, KEe, 197528.718213, MEe, 6.584290607e+00, E, -240.000000, NP, 30000 3000
2500, t, 5.553964e-07, KEe, 197027.183191, MEe, 6.567572773e+00, E, -240.000000, NP, 30000 3000
2600, t, 5.776123e-07, KEe, 197203.030732, MEe, 6.573434358e+00, E, -240.000000, NP, 30000 3000
2700, t, 5.998281e-07, KEe, 196898.887931, MEe, 6.563296264e+00, E, -240.000000, NP, 30000 3000
2800, t, 6.220440e-07, KEe, 197149.086789, MEe, 6.571636226e+00, E, -240.000000, NP, 30000 3000
2900, t, 6.442598e-07, KEe, 197243.764962, MEe, 6.574792165e+00, E, -240.000000, NP, 30000 3000
3000, t, 6.664757e-07, KEe, 197108.250608, MEe, 6.570275020e+00, E, -240.000000, NP, 30000 3000
3100, t, 6.886916e-07, KEe, 197943.702805, MEe, 6.598123427e+00, E, -240.000000, NP, 30000 3000
3200, t, 7.109074e-07, KEe, 198999.337607, MEe, 6.633311254e+00, E, -240.000000, NP, 30000 3000
3300, t, 7.331233e-07, KEe, 198698.376107, MEe, 6.623279204e+00, E, -240.000000, NP, 30000 3000
3400, t, 7.553391e-07, KEe, 197877.030937, MEe, 6.595901031e+00, E, -240.000000, NP, 30000 3000
3500, t, 7.775550e-07, KEe, 198311.681843, MEe, 6.610389395e+00, E, -240.000000, NP, 30000 3000
3600, t, 7.997708e-07, KEe, 197704.177813, MEe, 6.590139260e+00, E, -240.000000, NP, 30000 3000
3700, t, 8.219867e-07, KEe, 197160.723971, MEe, 6.572024132e+00, E, -240.000000, NP, 30000 3000
3800, t, 8.442025e-07, KEe, 197779.456930, MEe, 6.592648564e+00, E, -240.000000, NP, 30000 3000
3900, t, 8.664184e-07, KEe, 198229.206318, MEe, 6.607640211e+00, E, -240.000000, NP, 30000 3000
4000, t, 8.886343e-07, KEe, 198229.435974, MEe, 6.607647866e+00, E, -240.000000, NP, 30000 3000
4100, t, 9.108501e-07, KEe, 197993.908523, MEe, 6.599796951e+00, E, -240.000000, NP, 30000 3000
4200, t, 9.330660e-07, KEe, 197904.423939, MEe, 6.596814131e+00, E, -240.000000, NP, 30000 3000
4300, t, 9.552818e-07, KEe, 198610.934361, MEe, 6.620364479e+00, E, -240.000000, NP, 30000 3000
4400, t, 9.774977e-07, KEe, 197775.397281, MEe, 6.592513243e+00, E, -240.000000, NP, 30000 3000
4500, t, 9.997135e-07, KEe, 198285.794959, MEe, 6.609526499e+00, E, -240.000000, NP, 30000 3000
4600, t, 1.021929e-06, KEe, 198161.512262, MEe, 6.605383742e+00, E, -240.000000, NP, 30000 3000
4700, t, 1.044145e-06, KEe, 197740.255367, MEe, 6.591341846e+00, E, -240.000000, NP, 30000 3000
4800, t, 1.066361e-06, KEe, 197822.440045, MEe, 6.594081335e+00, E, -240.000000, NP, 30000 3000
4900, t, 1.088577e-06, KEe, 197745.670505, MEe, 6.591522350e+00, E, -240.000000, NP, 30000 3000
5000, t, 1.110793e-06, KEe, 197315.369877, MEe, 6.577178996e+00, E, -240.000000, NP, 30000 3000
5100, t, 1.133009e-06, KEe, 197269.554859, MEe, 6.575651829e+00, E, -240.000000, NP, 30000 3000
5200, t, 1.155225e-06, KEe, 196937.587214, MEe, 6.564586240e+00, E, -240.000000, NP, 30000 3000
5300, t, 1.177440e-06, KEe, 197357.019998, MEe, 6.578567333e+00, E, -240.000000, NP, 30000 3000
5400, t, 1.199656e-06, KEe, 197346.316304, MEe, 6.578210543e+00, E, -240.000000, NP, 30000 3000
5500, t, 1.221872e-06, KEe, 197787.643119, MEe, 6.592921437e+00, E, -240.000000, NP, 30000 3000
5600, t, 1.244088e-06, KEe, 197614.331830, MEe, 6.587144394e+00, E, -240.000000, NP, 30000 3000
5700, t, 1.266304e-06, KEe, 198175.661069, MEe, 6.605855369e+00, E, -240.000000, NP, 30000 3000
5800, t, 1.288520e-06, KEe, 197829.151121, MEe, 6.594305037e+00, E, -240.000000, NP, 30000 3000
5900, t, 1.310736e-06, KEe, 197880.127215, MEe, 6.596004241e+00, E, -240.000000, NP, 30000 3000
6000, t, 1.332951e-06, KEe, 197919.857037, MEe, 6.597328568e+00, E, -240.000000, NP, 30000 3000
6100, t, 1.355167e-06, KEe, 198531.433291, MEe, 6.617714443e+00, E, -240.000000, NP, 30000 3000
6200, t, 1.377383e-06, KEe, 198010.461725, MEe, 6.600348724e+00, E, -240.000000, NP, 30000 3000
6300, t, 1.399599e-06, KEe, 197804.988038, MEe, 6.593499601e+00, E, -240.000000, NP, 30000 3000
6400, t, 1.421815e-06, KEe, 197559.293959, MEe, 6.585309799e+00, E, -240.000000, NP, 30000 3000
6500, t, 1.444031e-06, KEe, 197365.107985, MEe, 6.578836933e+00, E, -240.000000, NP, 30000 3000
6600, t, 1.466247e-06, KEe, 197990.639869, MEe, 6.599687996e+00, E, -240.000000, NP, 30000 3000
6700, t, 1.488462e-06, KEe, 196865.890566, MEe, 6.562196352e+00, E, -240.000000, NP, 30000 3000
6800, t, 1.510678e-06, KEe, 197276.362872, MEe, 6.575878762e+00, E, -240.000000, NP, 30000 3000
6900, t, 1.532894e-06, KEe, 196959.323679, MEe, 6.565310789e+00, E, -240.000000, NP, 30000 3000
7000, t, 1.555110e-06, KEe, 196961.550104, MEe, 6.565385003e+00, E, -240.000000, NP, 30000 3000
7100, t, 1.577326e-06, KEe, 197174.287768, MEe, 6.572476259e+00, E, -240.000000, NP, 30000 3000
7200, t, 1.599542e-06, KEe, 197442.051308, MEe, 6.581401710e+00, E, -240.000000, NP, 30000 3000
7300, t, 1.621758e-06, KEe, 198189.723689, MEe, 6.606324123e+00, E, -240.000000, NP, 30000 3000
7400, t, 1.643973e-06, KEe, 198836.690670, MEe, 6.627889689e+00, E, -240.000000, NP, 30000 3000
7500, t, 1.666189e-06, KEe, 199166.253723, MEe, 6.638875124e+00, E, -240.000000, NP, 30000 3000
7600, t, 1.688405e-06, KEe, 198386.970275, MEe, 6.612899009e+00, E, -240.000000, NP, 30000 3000
7700, t, 1.710621e-06, KEe, 198150.754691, MEe, 6.605025156e+00, E, -240.000000, NP, 30000 3000
7800, t, 1.732837e-06, KEe, 198614.404511, MEe, 6.620480150e+00, E, -240.000000, NP, 30000 3000
7900, t, 1.755053e-06, KEe, 197998.461794, MEe, 6.599948726e+00, E, -240.000000, NP, 30000 3000
8000, t, 1.777269e-06, KEe, 197751.325110, MEe, 6.591710837e+00, E, -240.000000, NP, 30000 3000
8100, t, 1.799484e-06, KEe, 197633.940393, MEe, 6.587798013e+00, E, -240.000000, NP, 30000 3000
8200, t, 1.821700e-06, KEe, 197672.104481, MEe, 6.589070149e+00, E, -240.000000, NP, 30000 3000
8300, t, 1.843916e-06, KEe, 198334.822381, MEe, 6.611160746e+00, E, -240.000000, NP, 30000 3000
8400, t, 1.866132e-06, KEe, 198383.993582, MEe, 6.612799786e+00, E, -240.000000, NP, 30000 3000
8500, t, 1.888348e-06, KEe, 198079.130243, MEe, 6.602637675e+00, E, -240.000000, NP, 30000 3000
8600, t, 1.910564e-06, KEe, 198298.342824, MEe, 6.609944761e+00, E, -240.000000, NP, 30000 3000
8700, t, 1.932780e-06, KEe, 199038.643202, MEe, 6.634621440e+00, E, -240.000000, NP, 30000 3000
8800, t, 1.954995e-06, KEe, 198675.676252, MEe, 6.622522542e+00, E, -240.000000, NP, 30000 3000
8900, t, 1.977211e-06, KEe, 197539.516374, MEe, 6.584650546e+00, E, -240.000000, NP, 30000 3000
9000, t, 1.999427e-06, KEe, 197467.488170, MEe, 6.582249606e+00, E, -240.000000, NP, 30000 3000
9100, t, 2.021643e-06, KEe, 197514.333884, MEe, 6.583811129e+00, E, -240.000000, NP, 30000 3000
9200, t, 2.043859e-06, KEe, 198475.552760, MEe, 6.615851759e+00, E, -240.000000, NP, 30000 3000
9300, t, 2.066075e-06, KEe, 198211.128234, MEe, 6.607037608e+00, E, -240.000000, NP, 30000 3000
9400, t, 2.088291e-06, KEe, 197222.699228, MEe, 6.574089974e+00, E, -240.000000, NP, 30000 3000
9500, t, 2.110506e-06, KEe, 197476.149587, MEe, 6.582538320e+00, E, -240.000000, NP, 30000 3000
9600, t, 2.132722e-06, KEe, 197252.192246, MEe, 6.575073075e+00, E, -240.000000, NP, 30000 3000
9700, t, 2.154938e-06, KEe, 197619.770279, MEe, 6.587325676e+00, E, -240.000000, NP, 30000 3000
9800, t, 2.177154e-06, KEe, 198138.337120, MEe, 6.604611237e+00, E, -240.000000, NP, 30000 3000
9900, t, 2.199370e-06, KEe, 199292.080888, MEe, 6.643069363e+00, E, -240.000000, NP, 30000 3000
10000, t, 2.221586e-06, KEe, 199081.854152, MEe, 6.636061805e+00, E, -240.000000, NP, 30000 3000
10100, t, 2.243802e-06, KEe, 198958.035618, MEe, 6.631934521e+00, E, -240.000000, NP, 30000 3000
10200, t, 2.266017e-06, KEe, 199033.939727, MEe, 6.634464658e+00, E, -240.000000, NP, 30000 3000
10300, t, 2.288233e-06, KEe, 198829.483913, MEe, 6.627649464e+00, E, -240.000000, NP, 30000 3000
10400, t, 2.310449e-06, KEe, 198652.575492, MEe, 6.621752516e+00, E, -240.000000, NP, 30000 3000
10500, t, 2.332665e-06, KEe, 198595.128652, MEe, 6.619837622e+00, E, -240.000000, NP, 30000 3000
10600, t, 2.354881e-06, KEe, 198040.260837, MEe, 6.601342028e+00, E, -240.000000, NP, 30000 3000
10700, t, 2.377097e-06, KEe, 197916.356217, MEe, 6.597211874e+00, E, -240.000000, NP, 30000 3000
10800, t, 2.399313e-06, KEe, 198541.388428, MEe, 6.618046281e+00, E, -240.000000, NP, 30000 3000
10900, t, 2.421528e-06, KEe, 198523.681720, MEe, 6.617456057e+00, E, -240.000000, NP, 30000 3000
11000, t, 2.443744e-06, KEe, 198319.050972, MEe, 6.610635032e+00, E, -240.000000, NP, 30000 3000
11100, t, 2.465960e-06, KEe, 198393.405548, MEe, 6.613113518e+00, E, -240.000000, NP, 30000 3000
11200, t, 2.488176e-06, KEe, 197930.165522, MEe, 6.597672184e+00, E, -240.000000, NP, 30000 3000
11300, t, 2.510392e-06, KEe, 198130.148512, MEe, 6.604338284e+00, E, -240.000000, NP, 30000 3000
11400, t, 2.532608e-06, KEe, 197692.139322, MEe, 6.589737977e+00, E, -240.000000, NP, 30000 3000
11500, t, 2.554823e-06, KEe, 198284.918724, MEe, 6.609497291e+00, E, -240.000000, NP, 30000 3000
11600, t, 2.577039e-06, KEe, 198265.863968, MEe, 6.608862132e+00, E, -240.000000, NP, 30000 3000
11700, t, 2.599255e-06, KEe, 198168.983288, MEe, 6.605632776e+00, E, -240.000000, NP, 30000 3000
11800, t, 2.621471e-06, KEe, 197978.122311, MEe, 6.599270744e+00, E, -240.000000, NP, 30000 3000
11900, t, 2.643687e-06, KEe, 198378.414719, MEe, 6.612613824e+00, E, -240.000000, NP, 30000 3000
12000, t, 2.665903e-06, KEe, 199156.907356, MEe, 6.638563579e+00, E, -240.000000, NP, 30000 3000
12100, t, 2.688119e-06, KEe, 198349.913222, MEe, 6.611663774e+00, E, -240.000000, NP, 30000 3000
12200, t, 2.710334e-06, KEe, 199195.985496, MEe, 6.639866183e+00, E, -240.000000, NP, 30000 3000
12300, t, 2.732550e-06, KEe, 198163.388800, MEe, 6.605446293e+00, E, -240.000000, NP, 30000 3000
12400, t, 2.754766e-06, KEe, 197287.660282, MEe, 6.576255343e+00, E, -240.000000, NP, 30000 3000
12500, t, 2.776982e-06, KEe, 197309.558653, MEe, 6.576985288e+00, E, -240.000000, NP, 30000 3000
12600, t, 2.799198e-06, KEe, 197760.626385, MEe, 6.592020879e+00, E, -240.000000, NP, 30000 3000
12700, t, 2.821414e-06, KEe, 197471.303446, MEe, 6.582376782e+00, E, -240.000000, NP, 30000 3000
12800, t, 2.843630e-06, KEe, 197600.872026, MEe, 6.586695734e+00, E, -240.000000, NP, 30000 3000
12900, t, 2.865845e-06, KEe, 198217.874464, MEe, 6.607262482e+00, E, -240.000000, NP, 30000 3000
13000, t, 2.888061e-06, KEe, 197884.670199, MEe, 6.596155673e+00, E, -240.000000, NP, 30000 3000
13100, t, 2.910277e-06, KEe, 196684.267494, MEe, 6.556142250e+00, E, -240.000000, NP, 30000 3000
13200, t, 2.932493e-06, KEe, 197017.523615, MEe, 6.567250787e+00, E, -240.000000, NP, 30000 3000
13300, t, 2.954709e-06, KEe, 197580.335961, MEe, 6.586011199e+00, E, -240.000000, NP, 30000 3000
13400, t, 2.976925e-06, KEe, 197852.811651, MEe, 6.595093722e+00, E, -240.000000, NP, 30000 3000
13500, t, 2.999141e-06, KEe, 197928.527969, MEe, 6.597617599e+00, E, -240.000000, NP, 30000 3000
13600, t, 3.021356e-06, KEe, 198268.699323, MEe, 6.608956644e+00, E, -240.000000, NP, 30000 3000
13700, t, 3.043572e-06, KEe, 198901.947153, MEe, 6.630064905e+00, E, -240.000000, NP, 30000 3000
13800, t, 3.065788e-06, KEe, 199522.671353, MEe, 6.650755712e+00, E, -240.000000, NP, 30000 3000
13900, t, 3.088004e-06, KEe, 198760.022951, MEe, 6.625334098e+00, E, -240.000000, NP, 30000 3000
14000, t, 3.110220e-06, KEe, 198820.145814, MEe, 6.627338194e+00, E, -240.000000, NP, 30000 3000
14100, t, 3.132436e-06, KEe, 199077.707001, MEe, 6.635923567e+00, E, -240.000000, NP, 30000 3000
14200, t, 3.154652e-06, KEe, 198554.391114, MEe, 6.618479704e+00, E, -240.000000, NP, 30000 3000
14300, t, 3.176867e-06, KEe, 198436.292828, MEe, 6.614543094e+00, E, -240.000000, NP, 30000 3000
14400, t, 3.199083e-06, KEe, 198490.136907, MEe, 6.616337897e+00, E, -240.000000, NP, 30000 3000
14500, t, 3.221299e-06, KEe, 198557.275289, MEe, 6.618575843e+00, E, -240.000000, NP, 30000 3000
14600, t, 3.243515e-06, KEe, 198832.741299, MEe, 6.627758043e+00, E, -240.000000, NP, 30000 3000
14700, t, 3.265731e-06, KEe, 198100.066377, MEe, 6.603335546e+00, E, -240.000000, NP, 30000 3000
14800, t, 3.287947e-06, KEe, 198230.404916, MEe, 6.607680164e+00, E, -240.000000, NP, 30000 3000
14900, t, 3.310163e-06, KEe, 197733.499470, MEe, 6.591116649e+00, E, -240.000000, NP, 30000 3000
15000, t, 3.332378e-06, KEe, 198958.267629, MEe, 6.631942254e+00, E, -240.000000, NP, 30000 3000
15100, t, 3.354594e-06, KEe, 198546.375402, MEe, 6.618212513e+00, E, -240.000000, NP, 30000 3000
15200, t, 3.376810e-06, KEe, 197997.473382, MEe, 6.599915779e+00, E, -240.000000, NP, 30000 3000
15300, t, 3.399026e-06, KEe, 198062.439651, MEe, 6.602081322e+00, E, -240.000000, NP, 30000 3000
15400, t, 3.421242e-06, KEe, 198442.172921, MEe, 6.614739097e+00, E, -240.000000, NP, 30000 3000
15500, t, 3.443458e-06, KEe, 198555.837366, MEe, 6.618527912e+00, E, -240.000000, NP, 30000 3000
15600, t, 3.465674e-06, KEe, 198411.749644, MEe, 6.613724988e+00, E, -240.000000, NP, 30000 3000
15700, t, 3.487889e-06, KEe, 197941.143404, MEe, 6.598038113e+00, E, -240.000000, NP, 30000 3000
15800, t, 3.510105e-06, KEe, 198555.877006, MEe, 6.618529234e+00, E, -240.000000, NP, 30000 3000
15900, t, 3.532321e-06, KEe, 198411.387549, MEe, 6.613712918e+00, E, -240.000000, NP, 30000 3000
16000, t, 3.554537e-06, KEe, 198638.998042, MEe, 6.621299935e+00, E, -240.000000, NP, 30000 3000
16100, t, 3.576753e-06, KEe, 198737.437748, MEe, 6.624581258e+00, E, -240.000000, NP, 30000 3000
16200, t, 3.598969e-06, KEe, 198192.764396, MEe, 6.606425480e+00, E, -240.000000, NP, 30000 3000
16300, t, 3.621185e-06, KEe, 199010.214855, MEe, 6.633673828e+00, E, -240.000000, NP, 30000 3000
16400, t, 3.643400e-06, KEe, 199019.578505, MEe, 6.633985950e+00, E, -240.000000, NP, 30000 3000
16500, t, 3.665616e-06, KEe, 199254.349410, MEe, 6.641811647e+00, E, -240.000000, NP, 30000 3000
16600, t, 3.687832e-06, KEe, 198262.827933, MEe, 6.608760931e+00, E, -240.000000, NP, 30000 3000
16700, t, 3.710048e-06, KEe, 198510.799948, MEe, 6.617026665e+00, E, -240.000000, NP, 30000 3000
16800, t, 3.732264e-06, KEe, 198282.909698, MEe, 6.609430323e+00, E, -240.000000, NP, 30000 3000
16900, t, 3.754480e-06, KEe, 198266.804340, MEe, 6.608893478e+00, E, -240.000000, NP, 30000 3000
17000, t, 3.776696e-06, KEe, 198338.702251, MEe, 6.611290075e+00, E, -240.000000, NP, 30000 3000
17100, t, 3.798911e-06, KEe, 197898.691603, MEe, 6.596623053e+00, E, -240.000000, NP, 30000 3000
17200, t, 3.821127e-06, KEe, 197461.991680, MEe, 6.582066389e+00, E, -240.000000, NP, 30000 3000
17300, t, 3.843343e-06, KEe, 197482.938316, MEe, 6.582764611e+00, E, -240.000000, NP, 30000 3000
17400, t, 3.865559e-06, KEe, 197654.689571, MEe, 6.588489652e+00, E, -240.000000, NP, 30000 3000
17500, t, 3.887775e-06, KEe, 197975.653139, MEe, 6.599188438e+00, E, -240.000000, NP, 30000 3000
17600, t, 3.909991e-06, KEe, 198162.544705, MEe, 6.605418157e+00, E, -240.000000, NP, 30000 3000
17700, t, 3.932207e-06, KEe, 197372.567328, MEe, 6.579085578e+00, E, -240.000000, NP, 30000 3000
17800, t, 3.954422e-06, KEe, 197050.269828, MEe, 6.568342328e+00, E, -240.000000, NP, 30000 3000
17900, t, 3.976638e-06, KEe, 197022.765334, MEe, 6.567425511e+00, E, -240.000000, NP, 30000 3000
18000, t, 3.998854e-06, KEe, 197494.848191, MEe, 6.583161606e+00, E, -240.000000, NP, 30000 3000
18100, t, 4.021070e-06, KEe, 197315.688807, MEe, 6.577189627e+00, E, -240.000000, NP, 30000 3000
18200, t, 4.043286e-06, KEe, 197149.108857, MEe, 6.571636962e+00, E, -240.000000, NP, 30000 3000
18300, t, 4.065502e-06, KEe, 198099.313111, MEe, 6.603310437e+00, E, -240.000000, NP, 30000 3000
18400, t, 4.087718e-06, KEe, 198326.633137, MEe, 6.610887771e+00, E, -240.000000, NP, 30000 3000
18500, t, 4.109933e-06, KEe, 198267.424031, MEe, 6.608914134e+00, E, -240.000000, NP, 30000 3000
18600, t, 4.132149e-06, KEe, 198076.056015, MEe, 6.602535201e+00, E, -240.000000, NP, 30000 3000
18700, t, 4.154365e-06, KEe, 198854.999673, MEe, 6.628499989e+00, E, -240.000000, NP, 30000 3000
18800, t, 4.176581e-06, KEe, 198815.685722, MEe, 6.627189524e+00, E, -240.000000, NP, 30000 3000
18900, t, 4.198797e-06, KEe, 199006.737315, MEe, 6.633557910e+00, E, -240.000000, NP, 30000 3000
19000, t, 4.221013e-06, KEe, 198283.274398, MEe, 6.609442480e+00, E, -240.000000, NP, 30000 3000
19100, t, 4.243229e-06, KEe, 198022.599103, MEe, 6.600753303e+00, E, -240.000000, NP, 30000 3000
19200, t, 4.265444e-06, KEe, 197530.524744, MEe, 6.584350825e+00, E, -240.000000, NP, 30000 3000
19300, t, 4.287660e-06, KEe, 197764.063077, MEe, 6.592135436e+00, E, -240.000000, NP, 30000 3000
19400, t, 4.309876e-06, KEe, 197423.017611, MEe, 6.580767254e+00, E, -240.000000, NP, 30000 3000
19500, t, 4.332092e-06, KEe, 197738.847204, MEe, 6.591294907e+00, E, -240.000000, NP, 30000 3000
19600, t, 4.354308e-06, KEe, 197963.124161, MEe, 6.598770805e+00, E, -240.000000, NP, 30000 3000
19700, t, 4.376524e-06, KEe, 198156.693541, MEe, 6.605223118e+00, E, -240.000000, NP, 30000 3000
19800, t, 4.398740e-06, KEe, 198245.645708, MEe, 6.608188190e+00, E, -240.000000, NP, 30000 3000
19900, t, 4.420955e-06, KEe, 198161.050038, MEe, 6.605368335e+00, E, -240.000000, NP, 30000 3000
20000, t, 4.443171e-06, KEe, 198396.676957, MEe, 6.613222565e+00, E, -240.000000, NP, 30000 3000
20100, t, 4.465387e-06, KEe, 198387.148338, MEe, 6.612904945e+00, E, -240.000000, NP, 30000 3000
20200, t, 4.487603e-06, KEe, 197470.175657, MEe, 6.582339189e+00, E, -240.000000, NP, 30000 3000
20300, t, 4.509819e-06, KEe, 197554.927125, MEe, 6.585164238e+00, E, -240.000000, NP, 30000 3000
20400, t, 4.532035e-06, KEe, 197950.973979, MEe, 6.598365799e+00, E, -240.000000, NP, 30000 3000
20500, t, 4.554251e-06, KEe, 197505.672683, MEe, 6.583522423e+00, E, -240.000000, NP, 30000 3000
20600, t, 4.576466e-06, KEe, 197449.686010, MEe, 6.581656200e+00, E, -240.000000, NP, 30000 3000
20700, t, 4.598682e-06, KEe, 197639.356917, MEe, 6.587978564e+00, E, -240.000000, NP, 30000 3000
20800, t, 4.620898e-06, KEe, 197852.645366, MEe, 6.595088179e+00, E, -240.000000, NP, 30000 3000
20900, t, 4.643114e-06, KEe, 197098.829803, MEe, 6.569960993e+00, E, -240.000000, NP, 30000 3000
21000, t, 4.665330e-06, KEe, 197390.580752, MEe, 6.579686025e+00, E, -240.000000, NP, 30000 3000
21100, t, 4.687546e-06, KEe, 198030.411587, MEe, 6.601013720e+00, E, -240.000000, NP, 30000 3000
21200, t, 4.709762e-06, KEe, 197824.480141, MEe, 6.594149338e+00, E, -240.000000, NP, 30000 3000
21300, t, 4.731977e-06, KEe, 197361.122230, MEe, 6.578704074e+00, E, -240.000000, NP, 30000 3000
21400, t, 4.754193e-06, KEe, 197519.442888, MEe, 6.583981430e+00, E, -240.000000, NP, 30000 3000
21500, t, 4.776409e-06, KEe, 197089.735798, MEe, 6.569657860e+00, E, -240.000000, NP, 30000 3000
21600, t, 4.798625e-06, KEe, 197537.937983, MEe, 6.584597933e+00, E, -240.000000, NP, 30000 3000
21700, t, 4.820841e-06, KEe, 197895.574964, MEe, 6.596519165e+00, E, -240.000000, NP, 30000 3000
21800, t, 4.843057e-06, KEe, 197129.743922, MEe, 6.570991464e+00, E, -240.000000, NP, 30000 3000
21900, t, 4.865273e-06, KEe, 197247.860848, MEe, 6.574928695e+00, E, -240.000000, NP, 30000 3000
22000, t, 4.887488e-06, KEe, 197223.675384, MEe, 6.574122513e+00, E, -240.000000, NP, 30000 3000
22100, t, 4.909704e-06, KEe, 196670.229685, MEe, 6.555674323e+00, E, -240.000000, NP, 30000 3000
22200, t, 4.931920e-06, KEe, 197723.685033, MEe, 6.590789501e+00, E, -240.000000, NP, 30000 3000
22300, t, 4.954136e-06, KEe, 197884.063724, MEe, 6.596135457e+00, E, -240.000000, NP, 30000 3000
22400, t, 4.976352e-06, KEe, 197896.168839, MEe, 6.596538961e+00, E, -240.000000, NP, 30000 3000
22500, t, 4.998568e-06, KEe, 198432.353746, MEe, 6.614411792e+00, E, -240.000000, NP, 30000 3000
22600, t, 5.020784e-06, KEe, 198196.907832, MEe, 6.606563594e+00, E, -240.000000, NP, 30000 3000
22700, t, 5.042999e-06, KEe, 198111.501267, MEe, 6.603716709e+00, E, -240.000000, NP, 30000 3000
22800, t, 5.065215e-06, KEe, 198393.520196, MEe, 6.613117340e+00, E, -240.000000, NP, 30000 3000
22900, t, 5.087431e-06, KEe, 197568.586952, MEe, 6.585619565e+00, E, -240.000000, NP, 30000 3000
23000, t, 5.109647e-06, KEe, 197020.896013, MEe, 6.567363200e+00, E, -240.000000, NP, 30000 3000
23100, t, 5.131863e-06, KEe, 197096.257287, MEe, 6.569875243e+00, E, -240.000000, NP, 30000 3000
23200, t, 5.154079e-06, KEe, 198685.723837, MEe, 6.622857461e+00, E, -240.000000, NP, 30000 3000
23300, t, 5.176295e-06, KEe, 198154.764433, MEe, 6.605158814e+00, E, -240.000000, NP, 30000 3000
23400, t, 5.198510e-06, KEe, 198471.819588, MEe, 6.615727320e+00, E, -240.000000, NP, 30000 3000
23500, t, 5.220726e-06, KEe, 197715.588334, MEe, 6.590519611e+00, E, -240.000000, NP, 30000 3000
23600, t, 5.242942e-06, KEe, 197904.918165, MEe, 6.596830606e+00, E, -240.000000, NP, 30000 3000
23700, t, 5.265158e-06, KEe, 197657.761390, MEe, 6.588592046e+00, E, -240.000000, NP, 30000 3000
23800, t, 5.287374e-06, KEe, 197565.677956, MEe, 6.585522599e+00, E, -240.000000, NP, 30000 3000
23900, t, 5.309590e-06, KEe, 197438.775756, MEe, 6.581292525e+00, E, -240.000000, NP, 30000 3000
24000, t, 5.331806e-06, KEe, 197137.555636, MEe, 6.571251855e+00, E, -240.000000, NP, 30000 3000
24100, t, 5.354021e-06, KEe, 197662.564391, MEe, 6.588752146e+00, E, -240.000000, NP, 30000 3000
24200, t, 5.376237e-06, KEe, 197428.367322, MEe, 6.580945577e+00, E, -240.000000, NP, 30000 3000
24300, t, 5.398453e-06, KEe, 197170.886032, MEe, 6.572362868e+00, E, -240.000000, NP, 30000 3000
24400, t, 5.420669e-06, KEe, 198052.333808, MEe, 6.601744460e+00, E, -240.000000, NP, 30000 3000
24500, t, 5.442885e-06, KEe, 198094.956407, MEe, 6.603165214e+00, E, -240.000000, NP, 30000 3000
24600, t, 5.465101e-06, KEe, 198037.539760, MEe, 6.601251325e+00, E, -240.000000, NP, 30000 3000
24700, t, 5.487317e-06, KEe, 198665.376586, MEe, 6.622179220e+00, E, -240.000000, NP, 30000 3000
24800, t, 5.509532e-06, KEe, 198373.650286, MEe, 6.612455010e+00, E, -240.000000, NP, 30000 3000
24900, t, 5.531748e-06, KEe, 199009.086360, MEe, 6.633636212e+00, E, -240.000000, NP, 30000 3000
25000, t, 5.553964e-06, KEe, 198767.390548, MEe, 6.625579685e+00, E, -240.000000, NP, 30000 3000
25100, t, 5.576180e-06, KEe, 198953.555383, MEe, 6.631785179e+00, E, -240.000000, NP, 30000 3000
25200, t, 5.598396e-06, KEe, 199321.873322, MEe, 6.644062444e+00, E, -240.000000, NP, 30000 3000
25300, t, 5.620612e-06, KEe, 199056.589529, MEe, 6.635219651e+00, E, -240.000000, NP, 30000 3000
25400, t, 5.642828e-06, KEe, 198450.813600, MEe, 6.615027120e+00, E, -240.000000, NP, 30000 3000
25500, t, 5.665043e-06, KEe, 198009.045229, MEe, 6.600301508e+00, E, -240.000000, NP, 30000 3000
25600, t, 5.687259e-06, KEe, 197837.247427, MEe, 6.594574914e+00, E, -240.000000, NP, 30000 3000
25700, t, 5.709475e-06, KEe, 198158.241173, MEe, 6.605274706e+00, E, -240.000000, NP, 30000 3000
25800, t, 5.731691e-06, KEe, 198104.938077, MEe, 6.603497936e+00, E, -240.000000, NP, 30000 3000
25900, t, 5.753907e-06, KEe, 198049.999569, MEe, 6.601666652e+00, E, -240.000000, NP, 30000 3000
26000, t, 5.776123e-06, KEe, 197211.846454, MEe, 6.573728215e+00, E, -240.000000, NP, 30000 3000
26100, t, 5.798339e-06, KEe, 196968.261446, MEe, 6.565608715e+00, E, -240.000000, NP, 30000 3000
26200, t, 5.820554e-06, KEe, 197501.939257, MEe, 6.583397975e+00, E, -240.000000, NP, 30000 3000
26300, t, 5.842770e-06, KEe, 198223.477735, MEe, 6.607449258e+00, E, -240.000000, NP, 30000 3000
26400, t, 5.864986e-06, KEe, 197812.525306, MEe, 6.593750844e+00, E, -240.000000, NP, 30000 3000
26500, t, 5.887202e-06, KEe, 198030.912950, MEe, 6.601030432e+00, E, -240.000000, NP, 30000 3000
26600, t, 5.909418e-06, KEe, 198203.241082, MEe, 6.606774703e+00, E, -240.000000, NP, 30000 3000
26700, t, 5.931634e-06, KEe, 198090.750441, MEe, 6.603025015e+00, E, -240.000000, NP, 30000 3000
26800, t, 5.953850e-06, KEe, 198025.733660, MEe, 6.600857789e+00, E, -240.000000, NP, 30000 3000
26900, t, 5.976065e-06, KEe, 198060.263087, MEe, 6.602008770e+00, E, -240.000000, NP, 30000 3000
27000, t, 5.998281e-06, KEe, 197489.322124, MEe, 6.582977404e+00, E, -240.000000, NP, 30000 3000
27100, t, 6.020497e-06, KEe, 197160.486657, MEe, 6.572016222e+00, E, -240.000000, NP, 30000 3000
27200, t, 6.042713e-06, KEe, 197742.124296, MEe, 6.591404143e+00, E, -240.000000, NP, 30000 3000
27300, t, 6.064929e-06, KEe, 197823.760232, MEe, 6.594125341e+00, E, -240.000000, NP, 30000 3000
27400, t, 6.087145e-06, KEe, 197718.720633, MEe, 6.590624021e+00, E, -240.000000, NP, 30000 3000
27500, t, 6.109361e-06, KEe, 197814.024849, MEe, 6.593800828e+00, E, -240.000000, NP, 30000 3000
27600, t, 6.131576e-06, KEe, 197912.540034, MEe, 6.597084668e+00, E, -240.000000, NP, 30000 3000
27700, t, 6.153792e-06, KEe, 198156.676379, MEe, 6.605222546e+00, E, -240.000000, NP, 30000 3000
27800, t, 6.176008e-06, KEe, 197652.701827, MEe, 6.588423394e+00, E, -240.000000, NP, 30000 3000
27900, t, 6.198224e-06, KEe, 197719.353677, MEe, 6.590645123e+00, E, -240.000000, NP, 30000 3000
28000, t, 6.220440e-06, KEe, 197751.366535, MEe, 6.591712218e+00, E, -240.000000, NP, 30000 3000
28100, t, 6.242656e-06, KEe, 197272.583282, MEe, 6.575752776e+00, E, -240.000000, NP, 30000 3000
28200, t, 6.264872e-06, KEe, 197244.663753, MEe, 6.574822125e+00, E, -240.000000, NP, 30000 3000
28300, t, 6.287087e-06, KEe, 197255.656977, MEe, 6.575188566e+00, E, -240.000000, NP, 30000 3000
28400, t, 6.309303e-06, KEe, 197596.813867, MEe, 6.586560462e+00, E, -240.000000, NP, 30000 3000
28500, t, 6.331519e-06, KEe, 197105.267575, MEe, 6.570175586e+00, E, -240.000000, NP, 30000 3000
28600, t, 6.353735e-06, KEe, 196795.879108, MEe, 6.559862637e+00, E, -240.000000, NP, 30000 3000
28700, t, 6.375951e-06, KEe, 196765.608166, MEe, 6.558853606e+00, E, -240.000000, NP, 30000 3000
28800, t, 6.398167e-06, KEe, 197149.306563, MEe, 6.571643552e+00, E, -240.000000, NP, 30000 3000
28900, t, 6.420383e-06, KEe, 197043.260559, MEe, 6.568108685e+00, E, -240.000000, NP, 30000 3000
29000, t, 6.442598e-06, KEe, 196459.675271, MEe, 6.548655842e+00, E, -240.000000, NP, 30000 3000
29100, t, 6.464814e-06, KEe, 197627.250050, MEe, 6.587575002e+00, E, -240.000000, NP, 30000 3000
29200, t, 6.487030e-06, KEe, 198186.190592, MEe, 6.606206353e+00, E, -240.000000, NP, 30000 3000
29300, t, 6.509246e-06, KEe, 198212.316932, MEe, 6.607077231e+00, E, -240.000000, NP, 30000 3000
29400, t, 6.531462e-06, KEe, 197713.258242, MEe, 6.590441941e+00, E, -240.000000, NP, 30000 3000
29500, t, 6.553678e-06, KEe, 197494.748587, MEe, 6.583158286e+00, E, -240.000000, NP, 30000 3000
29600, t, 6.575894e-06, KEe, 197567.761951, MEe, 6.585592065e+00, E, -240.000000, NP, 30000 3000
29700, t, 6.598109e-06, KEe, 197544.850628, MEe, 6.584828354e+00, E, -240.000000, NP, 30000 3000
29800, t, 6.620325e-06, KEe, 197679.760472, MEe, 6.589325349e+00, E, -240.000000, NP, 30000 3000
29900, t, 6.642541e-06, KEe, 197555.919897, MEe, 6.585197330e+00, E, -240.000000, NP, 30000 3000
30000, t, 6.664757e-06, KEe, 197452.812152, MEe, 6.581760405e+00, E, -240.000000, NP, 30000 3000
