RandMax 2147483647
reading box length: 1.000000e-06 (m)
reading number of particle types: 2
reading number of particles of type 0: 30000
reading number of particles of type 1: 3000
reading temperature of particle type 0: 0.000000 (eV)
reading temperature of particle type 1: 0.025900 (eV)
reading flow velocity of particle type 0: 0.000000 (eV)
reading flow velocity of particle type 1: 0.000000 (eV)
reading charge of particle type 0: -1.000000 (elementary charge)
reading charge of particle type 1: 0.000000 (elementary charge)
reading mass of particle type 0: 0.000549 (amu)
reading mass of particle type 1: 28.000000 (amu)
reading number of time steps: 80000
reading vsigma max samples: 1000
reading time step dt: 5.000000e-10
reading electric field: -3.000000e+01 (V/m)
reading electric frequency: 0.000000e+00 (Hz)
reading magnetic field: 0.000000e+00 0.000000e+00 0.000000e+00 (Tesla)
reading vdf dump spec: 1000 1000000 0
reading extrapolation option: 0
reading memory allocation: 0.000000e+00 (GB)
reading auto dump spec: 0
reading output stride spec: 100
reading carry remainder spec: 0
found cross_sections/Ar.dat file for particle 0 with 1 in indeck, differential model found: Aubin
found cross_sections/Ar->Ar(3d'[3/2]1).dat file for particle 0 with 1 in indeck
found cross_sections/Ar->Ar(3d'[3/2]2).dat file for particle 0 with 1 in indeck
found cross_sections/Ar->Ar(3d'[5/2]2).dat file for particle 0 with 1 in indeck
found cross_sections/Ar->Ar(3d'[5/2]3).dat file for particle 0 with 1 in indeck
found cross_sections/Ar->Ar(3d[1/2]0).dat file for particle 0 with 1 in indeck
found cross_sections/Ar->Ar(3d[1/2]1).dat file for particle 0 with 1 in indeck
found cross_sections/Ar->Ar(3d[3/2]1).dat file for particle 0 with 1 in indeck
found cross_sections/Ar->Ar(3d[3/2]2).dat file for particle 0 with 1 in indeck
found cross_sections/Ar->Ar(3d[5/2]2).dat file for particle 0 with 1 in indeck
found cross_sections/Ar->Ar(3d[5/2]3).dat file for particle 0 with 1 in indeck
found cross_sections/Ar->Ar(3d[7/2]3).dat file for particle 0 with 1 in indeck
found cross_sections/Ar->Ar(3d[7/2]4).dat file for particle 0 with 1 in indeck
found cross_sections/Ar->Ar(4p'[1/2]0).dat file for particle 0 with 1 in indeck
found cross_sections/Ar->Ar(4p'[1/2]1).dat file for particle 0 with 1 in indeck
found cross_sections/Ar->Ar(4p'[3/2]1).dat file for particle 0 with 1 in indeck
found cross_sections/Ar->Ar(4p'[3/2]2).dat file for particle 0 with 1 in indeck
found cross_sections/Ar->Ar(4p[1/2]0).dat file for particle 0 with 1 in indeck
found cross_sections/Ar->Ar(4p[1/2]1).dat file for particle 0 with 1 in indeck
found cross_sections/Ar->Ar(4p[3/2]1).dat file for particle 0 with 1 in indeck
found cross_sections/Ar->Ar(4p[3/2]2).dat file for particle 0 with 1 in indeck
found cross_sections/Ar->Ar(4p[5/2]2).dat file for particle 0 with 1 in indeck
found cross_sections/Ar->Ar(4p[5/2]3).dat file for particle 0 with 1 in indeck
found cross_sections/Ar->Ar(4s'[1/2]0).dat file for particle 0 with 1 in indeck
found cross_sections/Ar->Ar(4s'[1/2]1).dat file for particle 0 with 1 in indeck
found cross_sections/Ar->Ar(4s[3/2]1).dat file for particle 0 with 1 in indeck
found cross_sections/Ar->Ar(4s[3/2]2).dat file for particle 0 with 1 in indeck
found cross_sections/Ar->Ar(5s'[1/2]0).dat file for particle 0 with 1 in indeck
found cross_sections/Ar->Ar(5s'[1/2]1).dat file for particle 0 with 1 in indeck
found cross_sections/Ar->Ar(5s[3/2]1).dat file for particle 0 with 1 in indeck
found cross_sections/Ar->Ar(5s[3/2]2).dat file for particle 0 with 1 in indeck
found cross_sections/Ar->Ar(Rydberg).dat file for particle 0 with 1 in indeck
found cross_sections/Ar->Ar^+.dat file for particle 0 with 1 in indeck, differential model found: Uniform
reading cross_sections/Ar.dat
reading cross_sections/Ar->Ar(3d'[3/2]1).dat
reading cross_sections/Ar->Ar(3d'[3/2]2).dat
reading cross_sections/Ar->Ar(3d'[5/2]2).dat
reading cross_sections/Ar->Ar(3d'[5/2]3).dat
reading cross_sections/Ar->Ar(3d[1/2]0).dat
reading cross_sections/Ar->Ar(3d[1/2]1).dat
reading cross_sections/Ar->Ar(3d[3/2]1).dat
reading cross_sections/Ar->Ar(3d[3/2]2).dat
reading cross_sections/Ar->Ar(3d[5/2]2).dat
reading cross_sections/Ar->Ar(3d[5/2]3).dat
reading cross_sections/Ar->Ar(3d[7/2]3).dat
reading cross_sections/Ar->Ar(3d[7/2]4).dat
reading cross_sections/Ar->Ar(4p'[1/2]0).dat
reading cross_sections/Ar->Ar(4p'[1/2]1).dat
reading cross_sections/Ar->Ar(4p'[3/2]1).dat
reading cross_sections/Ar->Ar(4p'[3/2]2).dat
reading cross_sections/Ar->Ar(4p[1/2]0).dat
reading cross_sections/Ar->Ar(4p[1/2]1).dat
reading cross_sections/Ar->Ar(4p[3/2]1).dat
reading cross_sections/Ar->Ar(4p[3/2]2).dat
reading cross_sections/Ar->Ar(4p[5/2]2).dat
reading cross_sections/Ar->Ar(4p[5/2]3).dat
reading cross_sections/Ar->Ar(4s'[1/2]0).dat
reading cross_sections/Ar->Ar(4s'[1/2]1).dat
reading cross_sections/Ar->Ar(4s[3/2]1).dat
reading cross_sections/Ar->Ar(4s[3/2]2).dat
reading cross_sections/Ar->Ar(5s'[1/2]0).dat
reading cross_sections/Ar->Ar(5s'[1/2]1).dat
reading cross_sections/Ar->Ar(5s[3/2]1).dat
reading cross_sections/Ar->Ar(5s[3/2]2).dat
reading cross_sections/Ar->Ar(Rydberg).dat
reading cross_sections/Ar->Ar^+.dat
Memory per particle: 72 bytes
Memory for all initial particles: 2.213e-03 GB
Allocating space for 132000 particles
------------------------------------
0, t, 0.000000e+00, KEe, 0.000000, MEe, 0.000000000e+00, E, -30.000000, NP, 30000 3000
100, t, 5.000000e-08, KEe, 5375.813285, MEe, 1.791937762e-01, E, -30.000000, NP, 30000 3000
200, t, 1.000000e-07, KEe, 20592.852986, MEe, 6.864284329e-01, E, -30.000000, NP, 30000 3000
300, t, 1.500000e-07, KEe, 33556.863962, MEe, 1.118562132e+00, E, -30.000000, NP, 30000 3000
400, t, 2.000000e-07, KEe, 38562.114635, MEe, 1.285403821e+00, E, -30.000000, NP, 30000 3000
500, t, 2.500000e-07, KEe, 41775.213105, MEe, 1.392507104e+00, E, -30.000000, NP, 30000 3000
600, t, 3.000000e-07, KEe, 44625.032520, MEe, 1.487501084e+00, E, -30.000000, NP, 30000 3000
700, t, 3.500000e-07, KEe, 47337.606794, MEe, 1.577920226e+00, E, -30.000000, NP, 30000 3000
800, t, 4.000000e-07, KEe, 49919.021852, MEe, 1.663967395e+00, E, -30.000000, NP, 30000 3000
900, t, 4.500000e-07, KEe, 52380.921414, MEe, 1.746030714e+00, E, -30.000000, NP, 30000 3000
1000, t, 5.000000e-07, KEe, 54655.097077, MEe, 1.821836569e+00, E, -30.000000, NP, 30000 3000
1100, t, 5.500000e-07, KEe, 56865.372762, MEe, 1.895512425e+00, E, -30.000000, NP, 30000 3000
1200, t, 6.000000e-07, KEe, 58938.404641, MEe, 1.964613488e+00, E, -30.000000, NP, 30000 3000
1300, t, 6.500000e-07, KEe, 61009.477914, MEe, 2.033649264e+00, E, -30.000000, NP, 30000 3000
1400, t, 7.000000e-07, KEe, 62857.111659, MEe, 2.095237055e+00, E, -30.000000, NP, 30000 3000
1500, t, 7.500000e-07, KEe, 64582.762628, MEe, 2.152758754e+00, E, -30.000000, NP, 30000 3000
1600, t, 8.000000e-07, KEe, 66206.357617, MEe, 2.206878587e+00, E, -30.000000, NP, 30000 3000
1700, t, 8.500000e-07, KEe, 67804.631941, MEe, 2.260154398e+00, E, -30.000000, NP, 30000 3000
1800, t, 9.000000e-07, KEe, 69380.488134, MEe, 2.312682938e+00, E, -30.000000, NP, 30000 3000
1900, t, 9.500000e-07, KEe, 70963.222308, MEe, 2.365440744e+00, E, -30.000000, NP, 30000 3000
2000, t, 1.000000e-06, KEe, 72405.016598, MEe, 2.413500553e+00, E, -30.000000, NP, 30000 3000
2100, t, 1.050000e-06, KEe, 73842.459721, MEe, 2.461415324e+00, E, -30.000000, NP, 30000 3000
2200, t, 1.100000e-06, KEe, 75134.037670, MEe, 2.504467922e+00, E, -30.000000, NP, 30000 3000
2300, t, 1.150000e-06, KEe, 76502.658031, MEe, 2.550088601e+00, E, -30.000000, NP, 30000 3000
2400, t, 1.200000e-06, KEe, 77984.568888, MEe, 2.599485630e+00, E, -30.000000, NP, 30000 3000
2500, t, 1.250000e-06, KEe, 79287.639012, MEe, 2.642921300e+00, E, -30.000000, NP, 30000 3000
2600, t, 1.300000e-06, KEe, 80632.365977, MEe, 2.687745533e+00, E, -30.000000, NP, 30000 3000
2700, t, 1.350000e-06, KEe, 81908.000142, MEe, 2.730266671e+00, E, -30.000000, NP, 30000 3000
2800, t, 1.400000e-06, KEe, 83162.865040, MEe, 2.772095501e+00, E, -30.000000, NP, 30000 3000
2900, t, 1.450000e-06, KEe, 84400.729245, MEe, 2.813357641e+00, E, -30.000000, NP, 30000 3000
3000, t, 1.500000e-06, KEe, 85442.352157, MEe, 2.848078405e+00, E, -30.000000, NP, 30000 3000
3100, t, 1.550000e-06, KEe, 86591.366865, MEe, 2.886378895e+00, E, -30.000000, NP, 30000 3000
3200, t, 1.600000e-06, KEe, 87726.487530, MEe, 2.924216251e+00, E, -30.000000, NP, 30000 3000
3300, t, 1.650000e-06, KEe, 88858.088582, MEe, 2.961936286e+00, E, -30.000000, NP, 30000 3000
3400, t, 1.700000e-06, KEe, 89954.546336, MEe, 2.998484878e+00, E, -30.000000, NP, 30000 3000
3500, t, 1.750000e-06, KEe, 90939.511792, MEe, 3.031317060e+00, E, -30.000000, NP, 30000 3000
3600, t, 1.800000e-06, KEe, 91961.916817, MEe, 3.065397227e+00, E, -30.000000, NP, 30000 3000
3700, t, 1.850000e-06, KEe, 92808.497346, MEe, 3.093616578e+00, E, -30.000000, NP, 30000 3000
3800, t, 1.900000e-06, KEe, 93712.723508, MEe, 3.123757450e+00, E, -30.000000, NP, 30000 3000
3900, t, 1.950000e-06, KEe, 94641.102576, MEe, 3.154703419e+00, E, -30.000000, NP, 30000 3000
4000, t, 2.000000e-06, KEe, 95666.200211, MEe, 3.188873340e+00, E, -30.000000, NP, 30000 3000
4100, t, 2.050000e-06, KEe, 96618.841550, MEe, 3.220628052e+00, E, -30.000000, NP, 30000 3000
4200, t, 2.100000e-06, KEe, 97437.989839, MEe, 3.247932995e+00, E, -30.000000, NP, 30000 3000
4300, t, 2.150000e-06, KEe, 98272.944195, MEe, 3.275764807e+00, E, -30.000000, NP, 30000 3000
4400, t, 2.200000e-06, KEe, 99124.255766, MEe, 3.304141859e+00, E, -30.000000, NP, 30000 3000
4500, t, 2.250000e-06, KEe, 99872.276032, MEe, 3.329075868e+00, E, -30.000000, NP, 30000 3000
4600, t, 2.300000e-06, KEe, 100767.451763, MEe, 3.358915059e+00, E, -30.000000, NP, 30000 3000
4700, t, 2.350000e-06, KEe, 101528.024875, MEe, 3.384267496e+00, E, -30.000000, NP, 30000 3000
4800, t, 2.400000e-06, KEe, 102327.900693, MEe, 3.410930023e+00, E, -30.000000, NP, 30000 3000
4900, t, 2.450000e-06, KEe, 103244.014345, MEe, 3.441467145e+00, E, -30.000000, NP, 30000 3000
5000, t, 2.500000e-06, KEe, 104077.630706, MEe, 3.469254357e+00, E, -30.000000, NP, 30000 3000
5100, t, 2.550000e-06, KEe, 104828.184345, MEe, 3.494272812e+00, E, -30.000000, NP, 30000 3000
5200, t, 2.600000e-06, KEe, 105589.960336, MEe, 3.519665345e+00, E, -30.000000, NP, 30000 3000
5300, t, 2.650000e-06, KEe, 106300.920210, MEe, 3.543364007e+00, E, -30.000000, NP, 30000 3000
5400, t, 2.700000e-06, KEe, 106986.423921, MEe, 3.566214131e+00, E, -30.000000, NP, 30000 3000
5500, t, 2.750000e-06, KEe, 107576.132326, MEe, 3.585871078e+00, E, -30.000000, NP, 30000 3000
5600, t, 2.800000e-06, KEe, 108286.926523, MEe, 3.609564217e+00, E, -30.000000, NP, 30000 3000
5700, t, 2.850000e-06, KEe, 109114.450292, MEe, 3.637148343e+00, E, -30.000000, NP, 30000 3000
5800, t, 2.900000e-06, KEe, 109847.415224, MEe, 3.661580507e+00, E, -30.000000, NP, 30000 3000
5900, t, 2.950000e-06, KEe, 110484.857034, MEe, 3.682828568e+00, E, -30.000000, NP, 30000 3000
6000, t, 3.000000e-06, KEe, 111155.095891, MEe, 3.705169863e+00, E, -30.000000, NP, 30000 3000
6100, t, 3.050000e-06, KEe, 111853.731850, MEe, 3.728457728e+00, E, -30.000000, NP, 30000 3000
6200, t, 3.100000e-06, KEe, 112308.041382, MEe, 3.743601379e+00, E, -30.000000, NP, 30000 3000
6300, t, 3.150000e-06, KEe, 112908.301069, MEe, 3.763610036e+00, E, -30.000000, NP, 30000 3000
6400, t, 3.200000e-06, KEe, 113723.681270, MEe, 3.790789376e+00, E, -30.000000, NP, 30000 3000
6500, t, 3.250000e-06, KEe, 114349.195518, MEe, 3.811639851e+00, E, -30.000000, NP, 30000 3000
6600, t, 3.300000e-06, KEe, 115029.330681, MEe, 3.834311023e+00, E, -30.000000, NP, 30000 3000
6700, t, 3.350000e-06, KEe, 115668.439085, MEe, 3.855614636e+00, E, -30.000000, NP, 30000 3000
6800, t, 3.400000e-06, KEe, 116246.386764, MEe, 3.874879559e+00, E, -30.000000, NP, 30000 3000
6900, t, 3.450000e-06, KEe, 116816.147861, MEe, 3.893871595e+00, E, -30.000000, NP, 30000 3000
7000, t, 3.500000e-06, KEe, 117384.047383, MEe, 3.912801579e+00, E, -30.000000, NP, 30000 3000
7100, t, 3.550000e-06, KEe, 117945.539075, MEe, 3.931517969e+00, E, -30.000000, NP, 30000 3000
7200, t, 3.600000e-06, KEe, 118496.296444, MEe, 3.949876548e+00, E, -30.000000, NP, 30000 3000
7300, t, 3.650000e-06, KEe, 119085.674091, MEe, 3.969522470e+00, E, -30.000000, NP, 30000 3000
7400, t, 3.700000e-06, KEe, 119597.406815, MEe, 3.986580227e+00, E, -30.000000, NP, 30000 3000
7500, t, 3.750000e-06, KEe, 120199.031401, MEe, 4.006634380e+00, E, -30.000000, NP, 30000 3000
7600, t, 3.800000e-06, KEe, 120699.631408, MEe, 4.023321047e+00, E, -30.000000, NP, 30000 3000
7700, t, 3.850000e-06, KEe, 121168.601131, MEe, 4.038953371e+00, E, -30.000000, NP, 30000 3000
7800, t, 3.900000e-06, KEe, 121671.802699, MEe, 4.055726757e+00, E, -30.000000, NP, 30000 3000
7900, t, 3.950000e-06, KEe, 122287.870942, MEe, 4.076262365e+00, E, -30.000000, NP, 30000 3000
8000, t, 4.000000e-06, KEe, 122900.088046, MEe, 4.096669602e+00, E, -30.000000, NP, 30000 3000
8100, t, 4.050000e-06, KEe, 123422.129531, MEe, 4.114070984e+00, E, -30.000000, NP, 30000 3000
8200, t, 4.100000e-06, KEe, 123926.738487, MEe, 4.130891283e+00, E, -30.000000, NP, 30000 3000
8300, t, 4.150000e-06, KEe, 124322.423277, MEe, 4.144080776e+00, E, -30.000000, NP, 30000 3000
8400, t, 4.200000e-06, KEe, 124690.173472, MEe, 4.156339116e+00, E, -30.000000, NP, 30000 3000
8500, t, 4.250000e-06, KEe, 125194.879406, MEe, 4.173162647e+00, E, -30.000000, NP, 30000 3000
8600, t, 4.300000e-06, KEe, 125724.337512, MEe, 4.190811250e+00, E, -30.000000, NP, 30000 3000
8700, t, 4.350000e-06, KEe, 126195.797504, MEe, 4.206526583e+00, E, -30.000000, NP, 30000 3000
8800, t, 4.400000e-06, KEe, 126617.244804, MEe, 4.220574827e+00, E, -30.000000, NP, 30000 3000
8900, t, 4.450000e-06, KEe, 126964.619784, MEe, 4.232153993e+00, E, -30.000000, NP, 30000 3000
9000, t, 4.500000e-06, KEe, 127423.862831, MEe, 4.247462094e+00, E, -30.000000, NP, 30000 3000
9100, t, 4.550000e-06, KEe, 127706.530594, MEe, 4.256884353e+00, E, -30.000000, NP, 30000 3000
9200, t, 4.600000e-06, KEe, 128166.443715, MEe, 4.272214790e+00, E, -30.000000, NP, 30000 3000
9300, t, 4.650000e-06, KEe, 128686.191559, MEe, 4.289539719e+00, E, -30.000000, NP, 30000 3000
9400, t, 4.700000e-06, KEe, 129085.989954, MEe, 4.302866332e+00, E, -30.000000, NP, 30000 3000
9500, t, 4.750000e-06, KEe, 129565.656054, MEe, 4.318855202e+00, E, -30.000000, NP, 30000 3000
9600, t, 4.800000e-06, KEe, 130026.881308, MEe, 4.334229377e+00, E, -30.000000, NP, 30000 3000
9700, t, 4.850000e-06, KEe, 130415.694588, MEe, 4.347189820e+00, E, -30.000000, NP, 30000 3000
9800, t, 4.900000e-06, KEe, 130953.139771, MEe, 4.365104659e+00, E, -30.000000, NP, 30000 3000
9900, t, 4.950000e-06, KEe, 131371.959629, MEe, 4.379065321e+00, E, -30.000000, NP, 30000 3000
10000, t, 5.000000e-06, KEe, 131758.879581, MEe, 4.391962653e+00, E, -30.000000, NP, 30000 3000
10100, t, 5.050000e-06, KEe, 132126.023397, MEe, 4.404200780e+00, E, -30.000000, NP, 30000 3000
10200, t, 5.100000e-06, KEe, 132501.754322, MEe, 4.416725144e+00, E, -30.000000, NP, 30000 3000
10300, t, 5.150000e-06, KEe, 133044.123873, MEe, 4.434804129e+00, E, -30.000000, NP, 30000 3000
10400, t, 5.200000e-06, KEe, 133352.202855, MEe, 4.445073428e+00, E, -30.000000, NP, 30000 3000
10500, t, 5.250000e-06, KEe, 133652.169761, MEe, 4.455072325e+00, E, -30.000000, NP, 30000 3000
10600, t, 5.300000e-06, KEe, 133859.917371, MEe, 4.461997246e+00, E, -30.000000, NP, 30000 3000
10700, t, 5.350000e-06, KEe, 134335.690565, MEe, 4.477856352e+00, E, -30.000000, NP, 30000 3000
10800, t, 5.400000e-06, KEe, 134765.153949, MEe, 4.492171798e+00, E, -30.000000, NP, 30000 3000
10900, t, 5.450000e-06, KEe, 135144.483262, MEe, 4.504816109e+00, E, -30.000000, NP, 30000 3000
11000, t, 5.500000e-06, KEe, 135366.852374, MEe, 4.512228412e+00, E, -30.000000, NP, 30000 3000
11100, t, 5.550000e-06, KEe, 135738.315766, MEe, 4.524610526e+00, E, -30.000000, NP, 30000 3000
11200, t, 5.600000e-06, KEe, 135907.249485, MEe, 4.530241649e+00, E, -30.000000, NP, 30000 3000
11300, t, 5.650000e-06, KEe, 136221.993606, MEe, 4.540733120e+00, E, -30.000000, NP, 30000 3000
11400, t, 5.700000e-06, KEe, 136575.615173, MEe, 4.552520506e+00, E, -30.000000, NP, 30000 3000
11500, t, 5.750000e-06, KEe, 136902.269730, MEe, 4.563408991e+00, E, -30.000000, NP, 30000 3000
11600, t, 5.800000e-06, KEe, 137210.730182, MEe, 4.573691006e+00, E, -30.000000, NP, 30000 3000
11700, t, 5.850000e-06, KEe, 137453.980584, MEe, 4.581799353e+00, E, -30.000000, NP, 30000 3000
11800, t, 5.900000e-06, KEe, 137639.294699, MEe, 4.587976490e+00, E, -30.000000, NP, 30000 3000
11900, t, 5.950000e-06, KEe, 137967.698168, MEe, 4.598923272e+00, E, -30.000000, NP, 30000 3000
12000, t, 6.000000e-06, KEe, 138301.278398, MEe, 4.610042613e+00, E, -30.000000, NP, 30000 3000
12100, t, 6.050000e-06, KEe, 138610.016101, MEe, 4.620333870e+00, E, -30.000000, NP, 30000 3000
12200, t, 6.100000e-06, KEe, 138795.194597, MEe, 4.626506487e+00, E, -30.000000, NP, 30000 3000
12300, t, 6.150000e-06, KEe, 139098.535847, MEe, 4.636617862e+00, E, -30.000000, NP, 30000 3000
12400, t, 6.200000e-06, KEe, 139393.282120, MEe, 4.646442737e+00, E, -30.000000, NP, 30000 3000
12500, t, 6.250000e-06, KEe, 139854.757413, MEe, 4.661825247e+00, E, -30.000000, NP, 30000 3000
12600, t, 6.300000e-06, KEe, 140116.246614, MEe, 4.670541554e+00, E, -30.000000, NP, 30000 3000
12700, t, 6.350000e-06, KEe, 140298.918356, MEe, 4.676630612e+00, E, -30.000000, NP, 30000 3000
12800, t, 6.400000e-06, KEe, 140602.320495, MEe, 4.686744016e+00, E, -30.000000, NP, 30000 3000
12900, t, 6.450000e-06, KEe, 140952.715185, MEe, 4.698423840e+00, E, -30.000000, NP, 30000 3000
13000, t, 6.500000e-06, KEe, 141256.185557, MEe, 4.708539519e+00, E, -30.000000, NP, 30000 3000
13100, t, 6.550000e-06, KEe, 141567.048145, MEe, 4.718901605e+00, E, -30.000000, NP, 30000 3000
13200, t, 6.600000e-06, KEe, 141809.675642, MEe, 4.726989188e+00, E, -30.000000, NP, 30000 3000
13300, t, 6.650000e-06, KEe, 141970.817707, MEe, 4.732360590e+00, E, -30.000000, NP, 30000 3000
13400, t, 6.700000e-06, KEe, 142140.156988, MEe, 4.738005233e+00, E, -30.000000, NP, 30000 3000
13500, t, 6.750000e-06, KEe, 142638.641289, MEe, 4.754621376e+00, E, -30.000000, NP, 30000 3000
13600, t, 6.800000e-06, KEe, 142929.421449, MEe, 4.764314048e+00, E, -30.000000, NP, 30000 3000
13700, t, 6.850000e-06, KEe, 143235.184985, MEe, 4.774506166e+00, E, -30.000000, NP, 30000 3000
13800, t, 6.900000e-06, KEe, 143425.946642, MEe, 4.780864888e+00, E, -30.000000, NP, 30000 3000
13900, t, 6.950000e-06, KEe, 143670.347156, MEe, 4.789011572e+00, E, -30.000000, NP, 30000 3000
14000, t, 7.000000e-06, KEe, 143785.055882, MEe, 4.792835196e+00, E, -30.000000, NP, 30000 3000
14100, t, 7.050000e-06, KEe, 144121.673306, MEe, 4.804055777e+00, E, -30.000000, NP, 30000 3000
14200, t, 7.100000e-06, KEe, 144419.991096, MEe, 4.813999703e+00, E, -30.000000, NP, 30000 3000
14300, t, 7.150000e-06, KEe, 144728.956446, MEe, 4.824298548e+00, E, -30.000000, NP, 30000 3000
14400, t, 7.200000e-06, KEe, 144876.458113, MEe, 4.829215270e+00, E, -30.000000, NP, 30000 3000
14500, t, 7.250000e-06, KEe, 144892.188329, MEe, 4.829739611e+00, E, -30.000000, NP, 30000 3000
14600, t, 7.300000e-06, KEe, 144956.511693, MEe, 4.831883723e+00, E, -30.000000, NP, 30000 3000
14700, t, 7.350000e-06, KEe, 145086.922695, MEe, 4.836230756e+00, E, -30.000000, NP, 30000 3000
14800, t, 7.400000e-06, KEe, 145191.356872, MEe, 4.839711896e+00, E, -30.000000, NP, 30000 3000
14900, t, 7.450000e-06, KEe, 145211.646023, MEe, 4.840388201e+00, E, -30.000000, NP, 30000 3000
15000, t, 7.500000e-06, KEe, 145527.185982, MEe, 4.850906199e+00, E, -30.000000, NP, 30000 3000
15100, t, 7.550000e-06, KEe, 145754.623085, MEe, 4.858487436e+00, E, -30.000000, NP, 30000 3000
15200, t, 7.600000e-06, KEe, 145953.207191, MEe, 4.865106906e+00, E, -30.000000, NP, 30000 3000
15300, t, 7.650000e-06, KEe, 146180.237736, MEe, 4.872674591e+00, E, -30.000000, NP, 30000 3000
15400, t, 7.700000e-06, KEe, 146222.389948, MEe, 4.874079665e+00, E, -30.000000, NP, 30000 3000
15500, t, 7.750000e-06, KEe, 146397.905013, MEe, 4.879930167e+00, E, -30.000000, NP, 30000 3000
15600, t, 7.800000e-06, KEe, 146600.362395, MEe, 4.886678747e+00, E, -30.000000, NP, 30000 3000
15700, t, 7.850000e-06, KEe, 146625.428583, MEe, 4.887514286e+00, E, -30.000000, NP, 30000 3000
15800, t, 7.900000e-06, KEe, 146841.092894, MEe, 4.894703096e+00, E, -30.000000, NP, 30000 3000
15900, t, 7.950000e-06, KEe, 147033.184814, MEe, 4.901106160e+00, E, -30.000000, NP, 30000 3000
16000, t, 8.000000e-06, KEe, 147281.647803, MEe, 4.909388260e+00, E, -30.000000, NP, 30000 3000
16100, t, 8.050000e-06, KEe, 147406.011865, MEe, 4.913533729e+00, E, -30.000000, NP, 30000 3000
16200, t, 8.100000e-06, KEe, 147578.750217, MEe, 4.919291674e+00, E, -30.000000, NP, 30000 3000
16300, t, 8.150000e-06, KEe, 147817.581228, MEe, 4.927252708e+00, E, -30.000000, NP, 30000 3000
16400, t, 8.200000e-06, KEe, 147956.482071, MEe, 4.931882736e+00, E, -30.000000, NP, 30000 3000
16500, t, 8.250000e-06, KEe, 148233.461983, MEe, 4.941115399e+00, E, -30.000000, NP, 30000 3000
16600, t, 8.300000e-06, KEe, 148288.094163, MEe, 4.942936472e+00, E, -30.000000, NP, 30000 3000
16700, t, 8.350000e-06, KEe, 148290.727672, MEe, 4.943024256e+00, E, -30.000000, NP, 30000 3000
16800, t, 8.400000e-06, KEe, 148386.623019, MEe, 4.946220767e+00, E, -30.000000, NP, 30000 3000
16900, t, 8.450000e-06, KEe, 148687.600136, MEe, 4.956253338e+00, E, -30.000000, NP, 30000 3000
17000, t, 8.500000e-06, KEe, 148792.183934, MEe, 4.959739464e+00, E, -30.000000, NP, 30000 3000
17100, t, 8.550000e-06, KEe, 148946.354134, MEe, 4.964878471e+00, E, -30.000000, NP, 30000 3000
17200, t, 8.600000e-06, KEe, 149112.284618, MEe, 4.970409487e+00, E, -30.000000, NP, 30000 3000
17300, t, 8.650000e-06, KEe, 149321.294737, MEe, 4.977376491e+00, E, -30.000000, NP, 30000 3000
17400, t, 8.700000e-06, KEe, 149412.726640, MEe, 4.980424221e+00, E, -30.000000, NP, 30000 3000
17500, t, 8.750000e-06, KEe, 149622.410487, MEe, 4.987413683e+00, E, -30.000000, NP, 30000 3000
17600, t, 8.800000e-06, KEe, 149635.086591, MEe, 4.987836220e+00, E, -30.000000, NP, 30000 3000
17700, t, 8.850000e-06, KEe, 149588.184290, MEe, 4.986272810e+00, E, -30.000000, NP, 30000 3000
17800, t, 8.900000e-06, KEe, 149739.706407, MEe, 4.991323547e+00, E, -30.000000, NP, 30000 3000
17900, t, 8.950000e-06, KEe, 149912.420510, MEe, 4.997080684e+00, E, -30.000000, NP, 30000 3000
18000, t, 9.000000e-06, KEe, 149994.576642, MEe, 4.999819221e+00, E, -30.000000, NP, 30000 3000
18100, t, 9.050000e-06, KEe, 150171.861149, MEe, 5.005728705e+00, E, -30.000000, NP, 30000 3000
18200, t, 9.100000e-06, KEe, 150196.305952, MEe, 5.006543532e+00, E, -30.000000, NP, 30000 3000
18300, t, 9.150000e-06, KEe, 150316.153949, MEe, 5.010538465e+00, E, -30.000000, NP, 30000 3000
18400, t, 9.200000e-06, KEe, 150373.583564, MEe, 5.012452785e+00, E, -30.000000, NP, 30000 3000
18500, t, 9.250000e-06, KEe, 150496.800644, MEe, 5.016560021e+00, E, -30.000000, NP, 30000 3000
18600, t, 9.300000e-06, KEe, 150607.921670, MEe, 5.020264056e+00, E, -30.000000, NP, 30000 3000
18700, t, 9.350000e-06, KEe, 150735.196691, MEe, 5.024506556e+00, E, -30.000000, NP, 30000 3000
18800, t, 9.400000e-06, KEe, 150782.796546, MEe, 5.026093218e+00, E, -30.000000, NP, 30000 3000
18900, t, 9.450000e-06, KEe, 150782.167206, MEe, 5.026072240e+00, E, -30.000000, NP, 30000 3000
19000, t, 9.500000e-06, KEe, 150844.184190, MEe, 5.028139473e+00, E, -30.000000, NP, 30000 3000
19100, t, 9.550000e-06, KEe, 150899.464375, MEe, 5.029982146e+00, E, -30.000000, NP, 30000 3000
19200, t, 9.600000e-06, KEe, 151107.551444, MEe, 5.036918381e+00, E, -30.000000, NP, 30000 3000
19300, t, 9.650000e-06, KEe, 151127.366132, MEe, 5.037578871e+00, E, -30.000000, NP, 30000 3000
19400, t, 9.700000e-06, KEe, 151115.458448, MEe, 5.037181948e+00, E, -30.000000, NP, 30000 3000
19500, t, 9.750000e-06, KEe, 151056.639403, MEe, 5.035221313e+00, E, -30.000000, NP, 30000 3000
19600, t, 9.800000e-06, KEe, 151146.881149, MEe, 5.038229372e+00, E, -30.000000, NP, 30000 3000
19700, t, 9.850000e-06, KEe, 151202.226012, MEe, 5.040074200e+00, E, -30.000000, NP, 30000 3000
19800, t, 9.900000e-06, KEe, 151240.256573, MEe, 5.041341886e+00, E, -30.000000, NP, 30000 3000
19900, t, 9.950000e-06, KEe, 151260.726409, MEe, 5.042024214e+00, E, -30.000000, NP, 30000 3000
20000, t, 1.000000e-05, KEe, 151230.174823, MEe, 5.041005827e+00, E, -30.000000, NP, 30000 3000
20100, t, 1.005000e-05, KEe, 151319.877765, MEe, 5.043995925e+00, E, -30.000000, NP, 30000 3000
20200, t, 1.010000e-05, KEe, 151304.169075, MEe, 5.043472303e+00, E, -30.000000, NP, 30000 3000
20300, t, 1.015000e-05, KEe, 151414.876104, MEe, 5.047162537e+00, E, -30.000000, NP, 30000 3000
20400, t, 1.020000e-05, KEe, 151528.508292, MEe, 5.050950276e+00, E, -30.000000, NP, 30000 3000
20500, t, 1.025000e-05, KEe, 151596.190996, MEe, 5.053206367e+00, E, -30.000000, NP, 30000 3000
20600, t, 1.030000e-05, KEe, 151686.641651, MEe, 5.056221388e+00, E, -30.000000, NP, 30000 3000
20700, t, 1.035000e-05, KEe, 151861.020864, MEe, 5.062034029e+00, E, -30.000000, NP, 30000 3000
20800, t, 1.040000e-05, KEe, 151983.704787, MEe, 5.066123493e+00, E, -30.000000, NP, 30000 3000
20900, t, 1.045000e-05, KEe, 152038.089777, MEe, 5.067936326e+00, E, -30.000000, NP, 30000 3000
21000, t, 1.050000e-05, KEe, 152257.855034, MEe, 5.075261834e+00, E, -30.000000, NP, 30000 3000
21100, t, 1.055000e-05, KEe, 152341.766990, MEe, 5.078058900e+00, E, -30.000000, NP, 30000 3000
21200, t, 1.060000e-05, KEe, 152427.164905, MEe, 5.080905497e+00, E, -30.000000, NP, 30000 3000
21300, t, 1.065000e-05, KEe, 152477.961858, MEe, 5.082598729e+00, E, -30.000000, NP, 30000 3000
21400, t, 1.070000e-05, KEe, 152502.929625, MEe, 5.083430988e+00, E, -30.000000, NP, 30000 3000
21500, t, 1.075000e-05, KEe, 152423.360365, MEe, 5.080778679e+00, E, -30.000000, NP, 30000 3000
21600, t, 1.080000e-05, KEe, 152465.441327, MEe, 5.082181378e+00, E, -30.000000, NP, 30000 3000
21700, t, 1.085000e-05, KEe, 152609.653226, MEe, 5.086988441e+00, E, -30.000000, NP, 30000 3000
21800, t, 1.090000e-05, KEe, 152621.835101, MEe, 5.087394503e+00, E, -30.000000, NP, 30000 3000
21900, t, 1.095000e-05, KEe, 152652.294166, MEe, 5.088409806e+00, E, -30.000000, NP, 30000 3000
22000, t, 1.100000e-05, KEe, 152636.455366, MEe, 5.087881846e+00, E, -30.000000, NP, 30000 3000
22100, t, 1.105000e-05, KEe, 152646.332748, MEe, 5.088211092e+00, E, -30.000000, NP, 30000 3000
22200, t, 1.110000e-05, KEe, 152787.593297, MEe, 5.092919777e+00, E, -30.000000, NP, 30000 3000
22300, t, 1.115000e-05, KEe, 152885.604405, MEe, 5.096186814e+00, E, -30.000000, NP, 30000 3000
22400, t, 1.120000e-05, KEe, 152852.291353, MEe, 5.095076378e+00, E, -30.000000, NP, 30000 3000
22500, t, 1.125000e-05, KEe, 152962.407655, MEe, 5.098746922e+00, E, -30.000000, NP, 30000 3000
22600, t, 1.130000e-05, KEe, 153019.942271, MEe, 5.100664742e+00, E, -30.000000, NP, 30000 3000
22700, t, 1.135000e-05, KEe, 153132.614226, MEe, 5.104420474e+00, E, -30.000000, NP, 30000 3000
22800, t, 1.140000e-05, KEe, 153167.782308, MEe, 5.105592744e+00, E, -30.000000, NP, 30000 3000
22900, t, 1.145000e-05, KEe, 153226.498976, MEe, 5.107549966e+00, E, -30.000000, NP, 30000 3000
23000, t, 1.150000e-05, KEe, 153292.475334, MEe, 5.109749178e+00, E, -30.000000, NP, 30000 3000
23100, t, 1.155000e-05, KEe, 153276.800750, MEe, 5.109226692e+00, E, -30.000000, NP, 30000 3000
23200, t, 1.160000e-05, KEe, 153255.577658, MEe, 5.108519255e+00, E, -30.000000, NP, 30000 3000
23300, t, 1.165000e-05, KEe, 153294.417114, MEe, 5.109813904e+00, E, -30.000000, NP, 30000 3000
23400, t, 1.170000e-05, KEe, 153373.590249, MEe, 5.112453008e+00, E, -30.000000, NP, 30000 3000
23500, t, 1.175000e-05, KEe, 153297.914112, MEe, 5.109930470e+00, E, -30.000000, NP, 30000 3000
23600, t, 1.180000e-05, KEe, 153145.652429, MEe, 5.104855081e+00, E, -30.000000, NP, 30000 3000
23700, t, 1.185000e-05, KEe, 153192.104715, MEe, 5.106403491e+00, E, -30.000000, NP, 30000 3000
23800, t, 1.190000e-05, KEe, 153344.347068, MEe, 5.111478236e+00, E, -30.000000, NP, 30000 3000
23900, t, 1.195000e-05, KEe, 153480.758518, MEe, 5.116025284e+00, E, -30.000000, NP, 30000 3000
24000, t, 1.200000e-05, KEe, 153431.591473, MEe, 5.114386382e+00, E, -30.000000, NP, 30000 3000
24100, t, 1.205000e-05, KEe, 153580.458936, MEe, 5.119348631e+00, E, -30.000000, NP, 30000 3000
24200, t, 1.210000e-05, KEe, 153782.582548, MEe, 5.126086085e+00, E, -30.000000, NP, 30000 3000
24300, t, 1.215000e-05, KEe, 153774.600731, MEe, 5.125820024e+00, E, -30.000000, NP, 30000 3000
24400, t, 1.220000e-05, KEe, 153846.234215, MEe, 5.128207807e+00, E, -30.000000, NP, 30000 3000
24500, t, 1.225000e-05, KEe, 153884.148519, MEe, 5.129471617e+00, E, -30.000000, NP, 30000 3000
24600, t, 1.230000e-05, KEe, 153819.239597, MEe, 5.127307987e+00, E, -30.000000, NP, 30000 3000
24700, t, 1.235000e-05, KEe, 153806.142089, MEe, 5.126871403e+00, E, -30.000000, NP, 30000 3000
24800, t, 1.240000e-05, KEe, 153786.489992, MEe, 5.126216333e+00, E, -30.000000, NP, 30000 3000
24900, t, 1.245000e-05, KEe, 153771.179716, MEe, 5.125705991e+00, E, -30.000000, NP, 30000 3000
25000, t, 1.250000e-05, KEe, 153845.435212, MEe, 5.128181174e+00, E, -30.000000, NP, 30000 3000
25100, t, 1.255000e-05, KEe, 153971.584326, MEe, 5.132386144e+00, E, -30.000000, NP, 30000 3000
25200, t, 1.260000e-05, KEe, 153954.406999, MEe, 5.131813567e+00, E, -30.000000, NP, 30000 3000
25300, t, 1.265000e-05, KEe, 153942.900251, MEe, 5.131430008e+00, E, -30.000000, NP, 30000 3000
25400, t, 1.270000e-05, KEe, 154034.812869, MEe, 5.134493762e+00, E, -30.000000, NP, 30000 3000
25500, t, 1.275000e-05, KEe, 154117.784472, MEe, 5.137259482e+00, E, -30.000000, NP, 30000 3000
25600, t, 1.280000e-05, KEe, 154004.636650, MEe, 5.133487888e+00, E, -30.000000, NP, 30000 3000
25700, t, 1.285000e-05, KEe, 154081.038591, MEe, 5.136034620e+00, E, -30.000000, NP, 30000 3000
25800, t, 1.290000e-05, KEe, 154096.207635, MEe, 5.136540255e+00, E, -30.000000, NP, 30000 3000
25900, t, 1.295000e-05, KEe, 154119.396841, MEe, 5.137313228e+00, E, -30.000000, NP, 30000 3000
26000, t, 1.300000e-05, KEe, 154169.170606, MEe, 5.138972354e+00, E, -30.000000, NP, 30000 3000
26100, t, 1.305000e-05, KEe, 154162.698703, MEe, 5.138756623e+00, E, -30.000000, NP, 30000 3000
26200, t, 1.310000e-05, KEe, 154245.151957, MEe, 5.141505065e+00, E, -30.000000, NP, 30000 3000
26300, t, 1.315000e-05, KEe, 154217.467278, MEe, 5.140582243e+00, E, -30.000000, NP, 30000 3000
26400, t, 1.320000e-05, KEe, 154252.099198, MEe, 5.141736640e+00, E, -30.000000, NP, 30000 3000
26500, t, 1.325000e-05, KEe, 154260.333788, MEe, 5.142011126e+00, E, -30.000000, NP, 30000 3000
26600, t, 1.330000e-05, KEe, 154106.933812, MEe, 5.136897794e+00, E, -30.000000, NP, 30000 3000
26700, t, 1.335000e-05, KEe, 154108.607939, MEe, 5.136953598e+00, E, -30.000000, NP, 30000 3000
26800, t, 1.340000e-05, KEe, 154196.379422, MEe, 5.139879314e+00, E, -30.000000, NP, 30000 3000
26900, t, 1.345000e-05, KEe, 154209.702336, MEe, 5.140323411e+00, E, -30.000000, NP, 30000 3000
27000, t, 1.350000e-05, KEe, 154240.935566, MEe, 5.141364519e+00, E, -30.000000, NP, 30000 3000
27100, t, 1.355000e-05, KEe, 154188.499222, MEe, 5.139616641e+00, E, -30.000000, NP, 30000 3000
27200, t, 1.360000e-05, KEe, 154226.477819, MEe, 5.140882594e+00, E, -30.000000, NP, 30000 3000
27300, t, 1.365000e-05, KEe, 154430.151348, MEe, 5.147671712e+00, E, -30.000000, NP, 30000 3000
27400, t, 1.370000e-05, KEe, 154409.774197, MEe, 5.146992473e+00, E, -30.000000, NP, 30000 3000
27500, t, 1.375000e-05, KEe, 154397.124146, MEe, 5.146570805e+00, E, -30.000000, NP, 30000 3000
27600, t, 1.380000e-05, KEe, 154470.883158, MEe, 5.149029439e+00, E, -30.000000, NP, 30000 3000
27700, t, 1.385000e-05, KEe, 154617.096922, MEe, 5.153903231e+00, E, -30.000000, NP, 30000 3000
27800, t, 1.390000e-05, KEe, 154557.368972, MEe, 5.151912299e+00, E, -30.000000, NP, 30000 3000
27900, t, 1.395000e-05, KEe, 154717.690247, MEe, 5.157256342e+00, E, -30.000000, NP, 30000 3000
28000, t, 1.400000e-05, KEe, 154789.544225, MEe, 5.159651474e+00, E, -30.000000, NP, 30000 3000
28100, t, 1.405000e-05, KEe, 154865.484803, MEe, 5.162182827e+00, E, -30.000000, NP, 30000 3000
28200, t, 1.410000e-05, KEe, 154915.869892, MEe, 5.163862330e+00, E, -30.000000, NP, 30000 3000
28300, t, 1.415000e-05, KEe, 154970.579598, MEe, 5.165685987e+00, E, -30.000000, NP, 30000 3000
28400, t, 1.420000e-05, KEe, 155030.868019, MEe, 5.167695601e+00, E, -30.000000, NP, 30000 3000
28500, t, 1.425000e-05, KEe, 155029.036074, MEe, 5.167634536e+00, E, -30.000000, NP, 30000 3000
28600, t, 1.430000e-05, KEe, 155168.004480, MEe, 5.172266816e+00, E, -30.000000, NP, 30000 3000
28700, t, 1.435000e-05, KEe, 155134.894271, MEe, 5.171163142e+00, E, -30.000000, NP, 30000 3000
28800, t, 1.440000e-05, KEe, 155179.611473, MEe, 5.172653716e+00, E, -30.000000, NP, 30000 3000
28900, t, 1.445000e-05, KEe, 155036.489950, MEe, 5.167882998e+00, E, -30.000000, NP, 30000 3000
29000, t, 1.450000e-05, KEe, 155012.782573, MEe, 5.167092752e+00, E, -30.000000, NP, 30000 3000
29100, t, 1.455000e-05, KEe, 155247.079508, MEe, 5.174902650e+00, E, -30.000000, NP, 30000 3000
29200, t, 1.460000e-05, KEe, 155293.328751, MEe, 5.176444292e+00, E, -30.000000, NP, 30000 3000
29300, t, 1.465000e-05, KEe, 155370.159551, MEe, 5.179005318e+00, E, -30.000000, NP, 30000 3000
29400, t, 1.470000e-05, KEe, 155170.433123, MEe, 5.172347771e+00, E, -30.000000, NP, 30000 3000
29500, t, 1.475000e-05, KEe, 155096.462946, MEe, 5.169882098e+00, E, -30.000000, NP, 30000 3000
29600, t, 1.480000e-05, KEe, 155037.689521, MEe, 5.167922984e+00, E, -30.000000, NP, 30000 3000
29700, t, 1.485000e-05, KEe, 154921.585532, MEe, 5.164052851e+00, E, -30.000000, NP, 30000 3000
29800, t, 1.490000e-05, KEe, 154843.217969, MEe, 5.161440599e+00, E, -30.000000, NP, 30000 3000
29900, t, 1.495000e-05, KEe, 154894.980913, MEe, 5.163166030e+00, E, -30.000000, NP, 30000 3000
30000, t, 1.500000e-05, KEe, 154921.636166, MEe, 5.164054539e+00, E, -30.000000, NP, 30000 3000
30100, t, 1.505000e-05, KEe, 154832.921672, MEe, 5.161097389e+00, E, -30.000000, NP, 30000 3000
30200, t, 1.510000e-05, KEe, 154816.665782, MEe, 5.160555526e+00, E, -30.000000, NP, 30000 3000
30300, t, 1.515000e-05, KEe, 154839.079490, MEe, 5.161302650e+00, E, -30.000000, NP, 30000 3000
30400, t, 1.520000e-05, KEe, 154837.004940, MEe, 5.161233498e+00, E, -30.000000, NP, 30000 3000
30500, t, 1.525000e-05, KEe, 154888.454877, MEe, 5.162948496e+00, E, -30.000000, NP, 30000 3000
30600, t, 1.530000e-05, KEe, 154999.411748, MEe, 5.166647058e+00, E, -30.000000, NP, 30000 3000
30700, t, 1.535000e-05, KEe, 154914.588579, MEe, 5.163819619e+00, E, -30.000000, NP, 30000 3000
30800, t, 1.540000e-05, KEe, 154855.385998, MEe, 5.161846200e+00, E, -30.000000, NP, 30000 3000
30900, t, 1.545000e-05, KEe, 154704.988488, MEe, 5.156832950e+00, E, -30.000000, NP, 30000 3000
31000, t, 1.550000e-05, KEe, 154708.998678, MEe, 5.156966623e+00, E, -30.000000, NP, 30000 3000
31100, t, 1.555000e-05, KEe, 154551.877319, MEe, 5.151729244e+00, E, -30.000000, NP, 30000 3000
31200, t, 1.560000e-05, KEe, 154396.748796, MEe, 5.146558293e+00, E, -30.000000, NP, 30000 3000
31300, t, 1.565000e-05, KEe, 154349.722635, MEe, 5.144990754e+00, E, -30.000000, NP, 30000 3000
31400, t, 1.570000e-05, KEe, 154284.849412, MEe, 5.142828314e+00, E, -30.000000, NP, 30000 3000
31500, t, 1.575000e-05, KEe, 154359.840184, MEe, 5.145328006e+00, E, -30.000000, NP, 30000 3000
31600, t, 1.580000e-05, KEe, 154377.965723, MEe, 5.145932191e+00, E, -30.000000, NP, 30000 3000
31700, t, 1.585000e-05, KEe, 154471.608163, MEe, 5.149053605e+00, E, -30.000000, NP, 30000 3000
31800, t, 1.590000e-05, KEe, 154574.628403, MEe, 5.152487613e+00, E, -30.000000, NP, 30000 3000
31900, t, 1.595000e-05, KEe, 154658.324952, MEe, 5.155277498e+00, E, -30.000000, NP, 30000 3000
32000, t, 1.600000e-05, KEe, 154693.327688, MEe, 5.156444256e+00, E, -30.000000, NP, 30000 3000
32100, t, 1.605000e-05, KEe, 154883.551464, MEe, 5.162785049e+00, E, -30.000000, NP, 30000 3000
32200, t, 1.610000e-05, KEe, 154786.071470, MEe, 5.159535716e+00, E, -30.000000, NP, 30000 3000
32300, t, 1.615000e-05, KEe, 154698.912125, MEe, 5.156630404e+00, E, -30.000000, NP, 30000 3000
32400, t, 1.620000e-05, KEe, 154747.026326, MEe, 5.158234211e+00, E, -30.000000, NP, 30000 3000
32500, t, 1.625000e-05, KEe, 154857.536936, MEe, 5.161917898e+00, E, -30.000000, NP, 30000 3000
32600, t, 1.630000e-05, KEe, 154797.972924, MEe, 5.159932431e+00, E, -30.000000, NP, 30000 3000
32700, t, 1.635000e-05, KEe, 154710.842098, MEe, 5.157028070e+00, E, -30.000000, NP, 30000 3000
32800, t, 1.640000e-05, KEe, 154742.044640, MEe, 5.158068155e+00, E, -30.000000, NP, 30000 3000
32900, t, 1.645000e-05, KEe, 154700.571787, MEe, 5.156685726e+00, E, -30.000000, NP, 30000 3000
33000, t, 1.650000e-05, KEe, 154523.303880, MEe, 5.150776796e+00, E, -30.000000, NP, 30000 3000
33100, t, 1.655000e-05, KEe, 154516.881957, MEe, 5.150562732e+00, E, -30.000000, NP, 30000 3000
33200, t, 1.660000e-05, KEe, 154622.104198, MEe, 5.154070140e+00, E, -30.000000, NP, 30000 3000
33300, t, 1.665000e-05, KEe, 154612.021911, MEe, 5.153734064e+00, E, -30.000000, NP, 30000 3000
33400, t, 1.670000e-05, KEe, 154489.909296, MEe, 5.149663643e+00, E, -30.000000, NP, 30000 3000
33500, t, 1.675000e-05, KEe, 154600.351415, MEe, 5.153345047e+00, E, -30.000000, NP, 30000 3000
33600, t, 1.680000e-05, KEe, 154592.732982, MEe, 5.153091099e+00, E, -30.000000, NP, 30000 3000
33700, t, 1.685000e-05, KEe, 154627.082712, MEe, 5.154236090e+00, E, -30.000000, NP, 30000 3000
33800, t, 1.690000e-05, KEe, 154587.109206, MEe, 5.152903640e+00, E, -30.000000, NP, 30000 3000
33900, t, 1.695000e-05, KEe, 154597.919429, MEe, 5.153263981e+00, E, -30.000000, NP, 30000 3000
34000, t, 1.700000e-05, KEe, 154646.325525, MEe, 5.154877517e+00, E, -30.000000, NP, 30000 3000
34100, t, 1.705000e-05, KEe, 154581.795621, MEe, 5.152726521e+00, E, -30.000000, NP, 30000 3000
34200, t, 1.710000e-05, KEe, 154654.607898, MEe, 5.155153597e+00, E, -30.000000, NP, 30000 3000
34300, t, 1.715000e-05, KEe, 154690.849532, MEe, 5.156361651e+00, E, -30.000000, NP, 30000 3000
34400, t, 1.720000e-05, KEe, 154573.035446, MEe, 5.152434515e+00, E, -30.000000, NP, 30000 3000
34500, t, 1.725000e-05, KEe, 154632.855562, MEe, 5.154428519e+00, E, -30.000000, NP, 30000 3000
34600, t, 1.730000e-05, KEe, 154703.953818, MEe, 5.156798461e+00, E, -30.000000, NP, 30000 3000
34700, t, 1.735000e-05, KEe, 154510.160141, MEe, 5.150338671e+00, E, -30.000000, NP, 30000 3000
34800, t, 1.740000e-05, KEe, 154661.474062, MEe, 5.155382469e+00, E, -30.000000, NP, 30000 3000
34900, t, 1.745000e-05, KEe, 154571.409400, MEe, 5.152380313e+00, E, -30.000000, NP, 30000 3000
35000, t, 1.750000e-05, KEe, 154569.272700, MEe, 5.152309090e+00, E, -30.000000, NP, 30000 3000
35100, t, 1.755000e-05, KEe, 154586.116884, MEe, 5.152870563e+00, E, -30.000000, NP, 30000 3000
35200, t, 1.760000e-05, KEe, 154457.986754, MEe, 5.148599558e+00, E, -30.000000, NP, 30000 3000
35300, t, 1.765000e-05, KEe, 154413.056677, MEe, 5.147101889e+00, E, -30.000000, NP, 30000 3000
35400, t, 1.770000e-05, KEe, 154457.729106, MEe, 5.148590970e+00, E, -30.000000, NP, 30000 3000
35500, t, 1.775000e-05, KEe, 154575.345391, MEe, 5.152511513e+00, E, -30.000000, NP, 30000 3000
35600, t, 1.780000e-05, KEe, 154689.969188, MEe, 5.156332306e+00, E, -30.000000, NP, 30000 3000
35700, t, 1.785000e-05, KEe, 154591.096604, MEe, 5.153036553e+00, E, -30.000000, NP, 30000 3000
35800, t, 1.790000e-05, KEe, 154649.101904, MEe, 5.154970063e+00, E, -30.000000, NP, 30000 3000
35900, t, 1.795000e-05, KEe, 154591.391682, MEe, 5.153046389e+00, E, -30.000000, NP, 30000 3000
36000, t, 1.800000e-05, KEe, 154509.824215, MEe, 5.150327474e+00, E, -30.000000, NP, 30000 3000
36100, t, 1.805000e-05, KEe, 154540.730427, MEe, 5.151357681e+00, E, -30.000000, NP, 30000 3000
36200, t, 1.810000e-05, KEe, 154397.264267, MEe, 5.146575476e+00, E, -30.000000, NP, 30000 3000
36300, t, 1.815000e-05, KEe, 154549.787483, MEe, 5.151659583e+00, E, -30.000000, NP, 30000 3000
36400, t, 1.820000e-05, KEe, 154632.033768, MEe, 5.154401126e+00, E, -30.000000, NP, 30000 3000
36500, t, 1.825000e-05, KEe, 154817.439054, MEe, 5.160581302e+00, E, -30.000000, NP, 30000 3000
36600, t, 1.830000e-05, KEe, 154767.369897, MEe, 5.158912330e+00, E, -30.000000, NP, 30000 3000
36700, t, 1.835000e-05, KEe, 154733.559299, MEe, 5.157785310e+00, E, -30.000000, NP, 30000 3000
36800, t, 1.840000e-05, KEe, 154867.728809, MEe, 5.162257627e+00, E, -30.000000, NP, 30000 3000
36900, t, 1.845000e-05, KEe, 154877.581426, MEe, 5.162586048e+00, E, -30.000000, NP, 30000 3000
37000, t, 1.850000e-05, KEe, 154857.752236, MEe, 5.161925075e+00, E, -30.000000, NP, 30000 3000
37100, t, 1.855000e-05, KEe, 154829.966272, MEe, 5.160998876e+00, E, -30.000000, NP, 30000 3000
37200, t, 1.860000e-05, KEe, 154850.352335, MEe, 5.161678411e+00, E, -30.000000, NP, 30000 3000
37300, t, 1.865000e-05, KEe, 154990.764384, MEe, 5.166358813e+00, E, -30.000000, NP, 30000 3000
37400, t, 1.870000e-05, KEe, 154905.135803, MEe, 5.163504527e+00, E, -30.000000, NP, 30000 3000
37500, t, 1.875000e-05, KEe, 154844.505436, MEe, 5.161483515e+00, E, -30.000000, NP, 30000 3000
37600, t, 1.880000e-05, KEe, 154872.018430, MEe, 5.162400614e+00, E, -30.000000, NP, 30000 3000
37700, t, 1.885000e-05, KEe, 154763.664597, MEe, 5.158788820e+00, E, -30.000000, NP, 30000 3000
37800, t, 1.890000e-05, KEe, 154728.457761, MEe, 5.157615259e+00, E, -30.000000, NP, 30000 3000
37900, t, 1.895000e-05, KEe, 154650.528805, MEe, 5.155017627e+00, E, -30.000000, NP, 30000 3000
38000, t, 1.900000e-05, KEe, 154609.798066, MEe, 5.153659936e+00, E, -30.000000, NP, 30000 3000
38100, t, 1.905000e-05, KEe, 154467.007185, MEe, 5.148900240e+00, E, -30.000000, NP, 30000 3000
38200, t, 1.910000e-05, KEe, 154463.463337, MEe, 5.148782111e+00, E, -30.000000, NP, 30000 3000
38300, t, 1.915000e-05, KEe, 154547.809353, MEe, 5.151593645e+00, E, -30.000000, NP, 30000 3000
38400, t, 1.920000e-05, KEe, 154573.602354, MEe, 5.152453412e+00, E, -30.000000, NP, 30000 3000
38500, t, 1.925000e-05, KEe, 154620.816796, MEe, 5.154027227e+00, E, -30.000000, NP, 30000 3000
38600, t, 1.930000e-05, KEe, 154585.117669, MEe, 5.152837256e+00, E, -30.000000, NP, 30000 3000
38700, t, 1.935000e-05, KEe, 154573.535203, MEe, 5.152451173e+00, E, -30.000000, NP, 30000 3000
38800, t, 1.940000e-05, KEe, 154619.603700, MEe, 5.153986790e+00, E, -30.000000, NP, 30000 3000
38900, t, 1.945000e-05, KEe, 154644.232092, MEe, 5.154807736e+00, E, -30.000000, NP, 30000 3000
39000, t, 1.950000e-05, KEe, 154726.954278, MEe, 5.157565143e+00, E, -30.000000, NP, 30000 3000
39100, t, 1.955000e-05, KEe, 154813.628025, MEe, 5.160454268e+00, E, -30.000000, NP, 30000 3000
39200, t, 1.960000e-05, KEe, 154829.759138, MEe, 5.160991971e+00, E, -30.000000, NP, 30000 3000
39300, t, 1.965000e-05, KEe, 154978.014110, MEe, 5.165933804e+00, E, -30.000000, NP, 30000 3000
39400, t, 1.970000e-05, KEe, 155121.560515, MEe, 5.170718684e+00, E, -30.000000, NP, 30000 3000
39500, t, 1.975000e-05, KEe, 155234.700071, MEe, 5.174490002e+00, E, -30.000000, NP, 30000 3000
39600, t, 1.980000e-05, KEe, 155405.688749, MEe, 5.180189625e+00, E, -30.000000, NP, 30000 3000
39700, t, 1.985000e-05, KEe, 155449.495259, MEe, 5.181649842e+00, E, -30.000000, NP, 30000 3000
39800, t, 1.990000e-05, KEe, 155554.603215, MEe, 5.185153441e+00, E, -30.000000, NP, 30000 3000
39900, t, 1.995000e-05, KEe, 155635.258634, MEe, 5.187841954e+00, E, -30.000000, NP, 30000 3000
40000, t, 2.000000e-05, KEe, 155440.939961, MEe, 5.181364665e+00, E, -30.000000, NP, 30000 3000
40100, t, 2.005000e-05, KEe, 155340.406439, MEe, 5.178013548e+00, E, -30.000000, NP, 30000 3000
40200, t, 2.010000e-05, KEe, 155416.271997, MEe, 5.180542400e+00, E, -30.000000, NP, 30000 3000
40300, t, 2.015000e-05, KEe, 155383.049392, MEe, 5.179434980e+00, E, -30.000000, NP, 30000 3000
40400, t, 2.020000e-05, KEe, 155327.317221, MEe, 5.177577241e+00, E, -30.000000, NP, 30000 3000
40500, t, 2.025000e-05, KEe, 155281.629166, MEe, 5.176054306e+00, E, -30.000000, NP, 30000 3000
40600, t, 2.030000e-05, KEe, 155376.099838, MEe, 5.179203328e+00, E, -30.000000, NP, 30000 3000
40700, t, 2.035000e-05, KEe, 155419.282413, MEe, 5.180642747e+00, E, -30.000000, NP, 30000 3000
40800, t, 2.040000e-05, KEe, 155443.843120, MEe, 5.181461437e+00, E, -30.000000, NP, 30000 3000
40900, t, 2.045000e-05, KEe, 155471.222120, MEe, 5.182374071e+00, E, -30.000000, NP, 30000 3000
41000, t, 2.050000e-05, KEe, 155388.525317, MEe, 5.179617511e+00, E, -30.000000, NP, 30000 3000
41100, t, 2.055000e-05, KEe, 155274.175032, MEe, 5.175805834e+00, E, -30.000000, NP, 30000 3000
41200, t, 2.060000e-05, KEe, 155234.766971, MEe, 5.174492232e+00, E, -30.000000, NP, 30000 3000
41300, t, 2.065000e-05, KEe, 155294.703331, MEe, 5.176490111e+00, E, -30.000000, NP, 30000 3000
41400, t, 2.070000e-05, KEe, 155499.284292, MEe, 5.183309476e+00, E, -30.000000, NP, 30000 3000
41500, t, 2.075000e-05, KEe, 155447.165966, MEe, 5.181572199e+00, E, -30.000000, NP, 30000 3000
41600, t, 2.080000e-05, KEe, 155468.359261, MEe, 5.182278642e+00, E, -30.000000, NP, 30000 3000
41700, t, 2.085000e-05, KEe, 155484.726284, MEe, 5.182824209e+00, E, -30.000000, NP, 30000 3000
41800, t, 2.090000e-05, KEe, 155402.327167, MEe, 5.180077572e+00, E, -30.000000, NP, 30000 3000
41900, t, 2.095000e-05, KEe, 155368.848275, MEe, 5.178961609e+00, E, -30.000000, NP, 30000 3000
42000, t, 2.100000e-05, KEe, 155394.589524, MEe, 5.179819651e+00, E, -30.000000, NP, 30000 3000
42100, t, 2.105000e-05, KEe, 155313.147772, MEe, 5.177104926e+00, E, -30.000000, NP, 30000 3000
42200, t, 2.110000e-05, KEe, 155326.291469, MEe, 5.177543049e+00, E, -30.000000, NP, 30000 3000
42300, t, 2.115000e-05, KEe, 155453.765288, MEe, 5.181792176e+00, E, -30.000000, NP, 30000 3000
42400, t, 2.120000e-05, KEe, 155633.339604, MEe, 5.187777987e+00, E, -30.000000, NP, 30000 3000
42500, t, 2.125000e-05, KEe, 155667.988039, MEe, 5.188932935e+00, E, -30.000000, NP, 30000 3000
42600, t, 2.130000e-05, KEe, 155702.396991, MEe, 5.190079900e+00, E, -30.000000, NP, 30000 3000
42700, t, 2.135000e-05, KEe, 155596.593974, MEe, 5.186553132e+00, E, -30.000000, NP, 30000 3000
42800, t, 2.140000e-05, KEe, 155674.708216, MEe, 5.189156941e+00, E, -30.000000, NP, 30000 3000
42900, t, 2.145000e-05, KEe, 155650.744072, MEe, 5.188358136e+00, E, -30.000000, NP, 30000 3000
43000, t, 2.150000e-05, KEe, 155648.552704, MEe, 5.188285090e+00, E, -30.000000, NP, 30000 3000
43100, t, 2.155000e-05, KEe, 155701.895555, MEe, 5.190063185e+00, E, -30.000000, NP, 30000 3000
43200, t, 2.160000e-05, KEe, 155795.570410, MEe, 5.193185680e+00, E, -30.000000, NP, 30000 3000
43300, t, 2.165000e-05, KEe, 155742.718666, MEe, 5.191423956e+00, E, -30.000000, NP, 30000 3000
43400, t, 2.170000e-05, KEe, 155848.417100, MEe, 5.194947237e+00, E, -30.000000, NP, 30000 3000
43500, t, 2.175000e-05, KEe, 155769.399494, MEe, 5.192313316e+00, E, -30.000000, NP, 30000 3000
43600, t, 2.180000e-05, KEe, 155534.565100, MEe, 5.184485503e+00, E, -30.000000, NP, 30000 3000
43700, t, 2.185000e-05, KEe, 155535.189631, MEe, 5.184506321e+00, E, -30.000000, NP, 30000 3000
43800, t, 2.190000e-05, KEe, 155763.559729, MEe, 5.192118658e+00, E, -30.000000, NP, 30000 3000
43900, t, 2.195000e-05, KEe, 155849.797199, MEe, 5.194993240e+00, E, -30.000000, NP, 30000 3000
44000, t, 2.200000e-05, KEe, 155834.216913, MEe, 5.194473897e+00, E, -30.000000, NP, 30000 3000
44100, t, 2.205000e-05, KEe, 155747.747693, MEe, 5.191591590e+00, E, -30.000000, NP, 30000 3000
44200, t, 2.210000e-05, KEe, 155802.644541, MEe, 5.193421485e+00, E, -30.000000, NP, 30000 3000
44300, t, 2.215000e-05, KEe, 155718.871102, MEe, 5.190629037e+00, E, -30.000000, NP, 30000 3000
44400, t, 2.220000e-05, KEe, 155470.779319, MEe, 5.182359311e+00, E, -30.000000, NP, 30000 3000
44500, t, 2.225000e-05, KEe, 155307.332506, MEe, 5.176911084e+00, E, -30.000000, NP, 30000 3000
44600, t, 2.230000e-05, KEe, 155282.355790, MEe, 5.176078526e+00, E, -30.000000, NP, 30000 3000
44700, t, 2.235000e-05, KEe, 155339.944166, MEe, 5.177998139e+00, E, -30.000000, NP, 30000 3000
44800, t, 2.240000e-05, KEe, 155241.495691, MEe, 5.174716523e+00, E, -30.000000, NP, 30000 3000
44900, t, 2.245000e-05, KEe, 155189.207344, MEe, 5.172973578e+00, E, -30.000000, NP, 30000 3000
45000, t, 2.250000e-05, KEe, 155188.978590, MEe, 5.172965953e+00, E, -30.000000, NP, 30000 3000
45100, t, 2.255000e-05, KEe, 155233.563193, MEe, 5.174452106e+00, E, -30.000000, NP, 30000 3000
45200, t, 2.260000e-05, KEe, 155281.774739, MEe, 5.176059158e+00, E, -30.000000, NP, 30000 3000
45300, t, 2.265000e-05, KEe, 155304.775951, MEe, 5.176825865e+00, E, -30.000000, NP, 30000 3000
45400, t, 2.270000e-05, KEe, 155374.168736, MEe, 5.179138958e+00, E, -30.000000, NP, 30000 3000
45500, t, 2.275000e-05, KEe, 155391.255335, MEe, 5.179708511e+00, E, -30.000000, NP, 30000 3000
45600, t, 2.280000e-05, KEe, 155227.449726, MEe, 5.174248324e+00, E, -30.000000, NP, 30000 3000
45700, t, 2.285000e-05, KEe, 155388.674200, MEe, 5.179622473e+00, E, -30.000000, NP, 30000 3000
45800, t, 2.290000e-05, KEe, 155397.800070, MEe, 5.179926669e+00, E, -30.000000, NP, 30000 3000
45900, t, 2.295000e-05, KEe, 155337.395868, MEe, 5.177913196e+00, E, -30.000000, NP, 30000 3000
46000, t, 2.300000e-05, KEe, 155269.351240, MEe, 5.175645041e+00, E, -30.000000, NP, 30000 3000
46100, t, 2.305000e-05, KEe, 155216.544747, MEe, 5.173884825e+00, E, -30.000000, NP, 30000 3000
46200, t, 2.310000e-05, KEe, 155114.251351, MEe, 5.170475045e+00, E, -30.000000, NP, 30000 3000
46300, t, 2.315000e-05, KEe, 155029.065673, MEe, 5.167635522e+00, E, -30.000000, NP, 30000 3000
46400, t, 2.320000e-05, KEe, 154921.853979, MEe, 5.164061799e+00, E, -30.000000, NP, 30000 3000
46500, t, 2.325000e-05, KEe, 155009.734456, MEe, 5.166991149e+00, E, -30.000000, NP, 30000 3000
46600, t, 2.330000e-05, KEe, 154966.895477, MEe, 5.165563183e+00, E, -30.000000, NP, 30000 3000
46700, t, 2.335000e-05, KEe, 154913.093271, MEe, 5.163769776e+00, E, -30.000000, NP, 30000 3000
46800, t, 2.340000e-05, KEe, 155031.447017, MEe, 5.167714901e+00, E, -30.000000, NP, 30000 3000
46900, t, 2.345000e-05, KEe, 155111.372595, MEe, 5.170379086e+00, E, -30.000000, NP, 30000 3000
47000, t, 2.350000e-05, KEe, 155133.350113, MEe, 5.171111670e+00, E, -30.000000, NP, 30000 3000
47100, t, 2.355000e-05, KEe, 155104.260781, MEe, 5.170142026e+00, E, -30.000000, NP, 30000 3000
47200, t, 2.360000e-05, KEe, 155016.362822, MEe, 5.167212094e+00, E, -30.000000, NP, 30000 3000
47300, t, 2.365000e-05, KEe, 154939.452613, MEe, 5.164648420e+00, E, -30.000000, NP, 30000 3000
47400, t, 2.370000e-05, KEe, 154968.948793, MEe, 5.165631626e+00, E, -30.000000, NP, 30000 3000
47500, t, 2.375000e-05, KEe, 154974.025402, MEe, 5.165800847e+00, E, -30.000000, NP, 30000 3000
47600, t, 2.380000e-05, KEe, 154765.654261, MEe, 5.158855142e+00, E, -30.000000, NP, 30000 3000
47700, t, 2.385000e-05, KEe, 154666.658690, MEe, 5.155555290e+00, E, -30.000000, NP, 30000 3000
47800, t, 2.390000e-05, KEe, 154763.558731, MEe, 5.158785291e+00, E, -30.000000, NP, 30000 3000
47900, t, 2.395000e-05, KEe, 154735.879234, MEe, 5.157862641e+00, E, -30.000000, NP, 30000 3000
48000, t, 2.400000e-05, KEe, 154778.149503, MEe, 5.159271650e+00, E, -30.000000, NP, 30000 3000
48100, t, 2.405000e-05, KEe, 154954.145433, MEe, 5.165138181e+00, E, -30.000000, NP, 30000 3000
48200, t, 2.410000e-05, KEe, 155126.069766, MEe, 5.170868992e+00, E, -30.000000, NP, 30000 3000
48300, t, 2.415000e-05, KEe, 155013.671876, MEe, 5.167122396e+00, E, -30.000000, NP, 30000 3000
48400, t, 2.420000e-05, KEe, 155096.306800, MEe, 5.169876893e+00, E, -30.000000, NP, 30000 3000
48500, t, 2.425000e-05, KEe, 155132.844947, MEe, 5.171094832e+00, E, -30.000000, NP, 30000 3000
48600, t, 2.430000e-05, KEe, 155105.167591, MEe, 5.170172253e+00, E, -30.000000, NP, 30000 3000
48700, t, 2.435000e-05, KEe, 155129.676824, MEe, 5.170989227e+00, E, -30.000000, NP, 30000 3000
48800, t, 2.440000e-05, KEe, 155241.314884, MEe, 5.174710496e+00, E, -30.000000, NP, 30000 3000
48900, t, 2.445000e-05, KEe, 155233.932497, MEe, 5.174464417e+00, E, -30.000000, NP, 30000 3000
49000, t, 2.450000e-05, KEe, 155403.576176, MEe, 5.180119206e+00, E, -30.000000, NP, 30000 3000
49100, t, 2.455000e-05, KEe, 155523.969314, MEe, 5.184132310e+00, E, -30.000000, NP, 30000 3000
49200, t, 2.460000e-05, KEe, 155407.093796, MEe, 5.180236460e+00, E, -30.000000, NP, 30000 3000
49300, t, 2.465000e-05, KEe, 155428.166044, MEe, 5.180938868e+00, E, -30.000000, NP, 30000 3000
49400, t, 2.470000e-05, KEe, 155563.992752, MEe, 5.185466425e+00, E, -30.000000, NP, 30000 3000
49500, t, 2.475000e-05, KEe, 155617.518557, MEe, 5.187250619e+00, E, -30.000000, NP, 30000 3000
49600, t, 2.480000e-05, KEe, 155537.780863, MEe, 5.184592695e+00, E, -30.000000, NP, 30000 3000
49700, t, 2.485000e-05, KEe, 155611.552318, MEe, 5.187051744e+00, E, -30.000000, NP, 30000 3000
49800, t, 2.490000e-05, KEe, 155549.830859, MEe, 5.184994362e+00, E, -30.000000, NP, 30000 3000
49900, t, 2.495000e-05, KEe, 155545.742640, MEe, 5.184858088e+00, E, -30.000000, NP, 30000 3000
50000, t, 2.500000e-05, KEe, 155577.780770, MEe, 5.185926026e+00, E, -30.000000, NP, 30000 3000
50100, t, 2.505000e-05, KEe, 155544.352008, MEe, 5.184811734e+00, E, -30.000000, NP, 30000 3000
50200, t, 2.510000e-05, KEe, 155533.230638, MEe, 5.184441021e+00, E, -30.000000, NP, 30000 3000
50300, t, 2.515000e-05, KEe, 155690.485356, MEe, 5.189682845e+00, E, -30.000000, NP, 30000 3000
50400, t, 2.520000e-05, KEe, 155706.207875, MEe, 5.190206929e+00, E, -30.000000, NP, 30000 3000
50500, t, 2.525000e-05, KEe, 155806.217432, MEe, 5.193540581e+00, E, -30.000000, NP, 30000 3000
50600, t, 2.530000e-05, KEe, 155849.854716, MEe, 5.194995157e+00, E, -30.000000, NP, 30000 3000
50700, t, 2.535000e-05, KEe, 155856.748305, MEe, 5.195224943e+00, E, -30.000000, NP, 30000 3000
50800, t, 2.540000e-05, KEe, 155718.498635, MEe, 5.190616621e+00, E, -30.000000, NP, 30000 3000
50900, t, 2.545000e-05, KEe, 155611.805492, MEe, 5.187060183e+00, E, -30.000000, NP, 30000 3000
51000, t, 2.550000e-05, KEe, 155544.729142, MEe, 5.184824305e+00, E, -30.000000, NP, 30000 3000
51100, t, 2.555000e-05, KEe, 155498.940300, MEe, 5.183298010e+00, E, -30.000000, NP, 30000 3000
51200, t, 2.560000e-05, KEe, 155652.380396, MEe, 5.188412680e+00, E, -30.000000, NP, 30000 3000
51300, t, 2.565000e-05, KEe, 155641.535058, MEe, 5.188051169e+00, E, -30.000000, NP, 30000 3000
51400, t, 2.570000e-05, KEe, 155693.495329, MEe, 5.189783178e+00, E, -30.000000, NP, 30000 3000
51500, t, 2.575000e-05, KEe, 155809.730260, MEe, 5.193657675e+00, E, -30.000000, NP, 30000 3000
51600, t, 2.580000e-05, KEe, 155856.415931, MEe, 5.195213864e+00, E, -30.000000, NP, 30000 3000
51700, t, 2.585000e-05, KEe, 155870.219692, MEe, 5.195673990e+00, E, -30.000000, NP, 30000 3000
51800, t, 2.590000e-05, KEe, 155897.321658, MEe, 5.196577389e+00, E, -30.000000, NP, 30000 3000
51900, t, 2.595000e-05, KEe, 155727.364502, MEe, 5.190912150e+00, E, -30.000000, NP, 30000 3000
52000, t, 2.600000e-05, KEe, 155861.144995, MEe, 5.195371500e+00, E, -30.000000, NP, 30000 3000
52100, t, 2.605000e-05, KEe, 155802.764374, MEe, 5.193425479e+00, E, -30.000000, NP, 30000 3000
52200, t, 2.610000e-05, KEe, 155752.552626, MEe, 5.191751754e+00, E, -30.000000, NP, 30000 3000
52300, t, 2.615000e-05, KEe, 155809.431538, MEe, 5.193647718e+00, E, -30.000000, NP, 30000 3000
52400, t, 2.620000e-05, KEe, 155801.552568, MEe, 5.193385086e+00, E, -30.000000, NP, 30000 3000
52500, t, 2.625000e-05, KEe, 155810.901133, MEe, 5.193696704e+00, E, -30.000000, NP, 30000 3000
52600, t, 2.630000e-05, KEe, 155911.636218, MEe, 5.197054541e+00, E, -30.000000, NP, 30000 3000
52700, t, 2.635000e-05, KEe, 155986.408050, MEe, 5.199546935e+00, E, -30.000000, NP, 30000 3000
52800, t, 2.640000e-05, KEe, 156012.508556, MEe, 5.200416952e+00, E, -30.000000, NP, 30000 3000
52900, t, 2.645000e-05, KEe, 155976.704477, MEe, 5.199223483e+00, E, -30.000000, NP, 30000 3000
53000, t, 2.650000e-05, KEe, 155982.857000, MEe, 5.199428567e+00, E, -30.000000, NP, 30000 3000
53100, t, 2.655000e-05, KEe, 155982.384306, MEe, 5.199412810e+00, E, -30.000000, NP, 30000 3000
53200, t, 2.660000e-05, KEe, 155951.441222, MEe, 5.198381374e+00, E, -30.000000, NP, 30000 3000
53300, t, 2.665000e-05, KEe, 155905.741868, MEe, 5.196858062e+00, E, -30.000000, NP, 30000 3000
53400, t, 2.670000e-05, KEe, 155728.029454, MEe, 5.190934315e+00, E, -30.000000, NP, 30000 3000
53500, t, 2.675000e-05, KEe, 155525.885654, MEe, 5.184196188e+00, E, -30.000000, NP, 30000 3000
53600, t, 2.680000e-05, KEe, 155459.760099, MEe, 5.181992003e+00, E, -30.000000, NP, 30000 3000
53700, t, 2.685000e-05, KEe, 155463.570301, MEe, 5.182119010e+00, E, -30.000000, NP, 30000 3000
53800, t, 2.690000e-05, KEe, 155559.849443, MEe, 5.185328315e+00, E, -30.000000, NP, 30000 3000
53900, t, 2.695000e-05, KEe, 155401.722476, MEe, 5.180057416e+00, E, -30.000000, NP, 30000 3000
54000, t, 2.700000e-05, KEe, 155377.157423, MEe, 5.179238581e+00, E, -30.000000, NP, 30000 3000
54100, t, 2.705000e-05, KEe, 155379.019045, MEe, 5.179300635e+00, E, -30.000000, NP, 30000 3000
54200, t, 2.710000e-05, KEe, 155546.759087, MEe, 5.184891970e+00, E, -30.000000, NP, 30000 3000
54300, t, 2.715000e-05, KEe, 155576.852244, MEe, 5.185895075e+00, E, -30.000000, NP, 30000 3000
54400, t, 2.720000e-05, KEe, 155459.722846, MEe, 5.181990762e+00, E, -30.000000, NP, 30000 3000
54500, t, 2.725000e-05, KEe, 155581.381272, MEe, 5.186046042e+00, E, -30.000000, NP, 30000 3000
54600, t, 2.730000e-05, KEe, 155649.903742, MEe, 5.188330125e+00, E, -30.000000, NP, 30000 3000
54700, t, 2.735000e-05, KEe, 155764.587431, MEe, 5.192152914e+00, E, -30.000000, NP, 30000 3000
54800, t, 2.740000e-05, KEe, 155739.103844, MEe, 5.191303461e+00, E, -30.000000, NP, 30000 3000
54900, t, 2.745000e-05, KEe, 155875.214655, MEe, 5.195840489e+00, E, -30.000000, NP, 30000 3000
55000, t, 2.750000e-05, KEe, 155890.436330, MEe, 5.196347878e+00, E, -30.000000, NP, 30000 3000
55100, t, 2.755000e-05, KEe, 155735.220351, MEe, 5.191174012e+00, E, -30.000000, NP, 30000 3000
55200, t, 2.760000e-05, KEe, 155554.538220, MEe, 5.185151274e+00, E, -30.000000, NP, 30000 3000
55300, t, 2.765000e-05, KEe, 155552.609185, MEe, 5.185086973e+00, E, -30.000000, NP, 30000 3000
55400, t, 2.770000e-05, KEe, 155631.056789, MEe, 5.187701893e+00, E, -30.000000, NP, 30000 3000
55500, t, 2.775000e-05, KEe, 155599.269495, MEe, 5.186642316e+00, E, -30.000000, NP, 30000 3000
55600, t, 2.780000e-05, KEe, 155539.194663, MEe, 5.184639822e+00, E, -30.000000, NP, 30000 3000
55700, t, 2.785000e-05, KEe, 155678.867116, MEe, 5.189295571e+00, E, -30.000000, NP, 30000 3000
55800, t, 2.790000e-05, KEe, 155633.834714, MEe, 5.187794490e+00, E, -30.000000, NP, 30000 3000
55900, t, 2.795000e-05, KEe, 155559.163460, MEe, 5.185305449e+00, E, -30.000000, NP, 30000 3000
56000, t, 2.800000e-05, KEe, 155434.074510, MEe, 5.181135817e+00, E, -30.000000, NP, 30000 3000
56100, t, 2.805000e-05, KEe, 155443.604922, MEe, 5.181453497e+00, E, -30.000000, NP, 30000 3000
56200, t, 2.810000e-05, KEe, 155434.437781, MEe, 5.181147926e+00, E, -30.000000, NP, 30000 3000
56300, t, 2.815000e-05, KEe, 155606.065118, MEe, 5.186868837e+00, E, -30.000000, NP, 30000 3000
56400, t, 2.820000e-05, KEe, 155629.946664, MEe, 5.187664889e+00, E, -30.000000, NP, 30000 3000
56500, t, 2.825000e-05, KEe, 155650.091956, MEe, 5.188336399e+00, E, -30.000000, NP, 30000 3000
56600, t, 2.830000e-05, KEe, 155581.844745, MEe, 5.186061492e+00, E, -30.000000, NP, 30000 3000
56700, t, 2.835000e-05, KEe, 155498.517297, MEe, 5.183283910e+00, E, -30.000000, NP, 30000 3000
56800, t, 2.840000e-05, KEe, 155686.101681, MEe, 5.189536723e+00, E, -30.000000, NP, 30000 3000
56900, t, 2.845000e-05, KEe, 155787.776807, MEe, 5.192925894e+00, E, -30.000000, NP, 30000 3000
57000, t, 2.850000e-05, KEe, 155799.369868, MEe, 5.193312329e+00, E, -30.000000, NP, 30000 3000
57100, t, 2.855000e-05, KEe, 155818.610864, MEe, 5.193953695e+00, E, -30.000000, NP, 30000 3000
57200, t, 2.860000e-05, KEe, 155803.940180, MEe, 5.193464673e+00, E, -30.000000, NP, 30000 3000
57300, t, 2.865000e-05, KEe, 155809.143125, MEe, 5.193638104e+00, E, -30.000000, NP, 30000 3000
57400, t, 2.870000e-05, KEe, 155598.275662, MEe, 5.186609189e+00, E, -30.000000, NP, 30000 3000
57500, t, 2.875000e-05, KEe, 155698.807164, MEe, 5.189960239e+00, E, -30.000000, NP, 30000 3000
57600, t, 2.880000e-05, KEe, 155600.656507, MEe, 5.186688550e+00, E, -30.000000, NP, 30000 3000
57700, t, 2.885000e-05, KEe, 155565.784640, MEe, 5.185526155e+00, E, -30.000000, NP, 30000 3000
57800, t, 2.890000e-05, KEe, 155573.175548, MEe, 5.185772518e+00, E, -30.000000, NP, 30000 3000
57900, t, 2.895000e-05, KEe, 155549.733616, MEe, 5.184991121e+00, E, -30.000000, NP, 30000 3000
58000, t, 2.900000e-05, KEe, 155570.479734, MEe, 5.185682658e+00, E, -30.000000, NP, 30000 3000
58100, t, 2.905000e-05, KEe, 155512.283759, MEe, 5.183742792e+00, E, -30.000000, NP, 30000 3000
58200, t, 2.910000e-05, KEe, 155629.481296, MEe, 5.187649377e+00, E, -30.000000, NP, 30000 3000
58300, t, 2.915000e-05, KEe, 155664.961729, MEe, 5.188832058e+00, E, -30.000000, NP, 30000 3000
58400, t, 2.920000e-05, KEe, 155765.555370, MEe, 5.192185179e+00, E, -30.000000, NP, 30000 3000
58500, t, 2.925000e-05, KEe, 155641.543341, MEe, 5.188051445e+00, E, -30.000000, NP, 30000 3000
58600, t, 2.930000e-05, KEe, 155578.975358, MEe, 5.185965845e+00, E, -30.000000, NP, 30000 3000
58700, t, 2.935000e-05, KEe, 155678.925253, MEe, 5.189297508e+00, E, -30.000000, NP, 30000 3000
58800, t, 2.940000e-05, KEe, 155564.319246, MEe, 5.185477308e+00, E, -30.000000, NP, 30000 3000
58900, t, 2.945000e-05, KEe, 155557.360592, MEe, 5.185245353e+00, E, -30.000000, NP, 30000 3000
59000, t, 2.950000e-05, KEe, 155612.317581, MEe, 5.187077253e+00, E, -30.000000, NP, 30000 3000
59100, t, 2.955000e-05, KEe, 155717.293374, MEe, 5.190576446e+00, E, -30.000000, NP, 30000 3000
59200, t, 2.960000e-05, KEe, 155694.747848, MEe, 5.189824928e+00, E, -30.000000, NP, 30000 3000
59300, t, 2.965000e-05, KEe, 155725.846183, MEe, 5.190861539e+00, E, -30.000000, NP, 30000 3000
59400, t, 2.970000e-05, KEe, 155688.644949, MEe, 5.189621498e+00, E, -30.000000, NP, 30000 3000
59500, t, 2.975000e-05, KEe, 155503.359329, MEe, 5.183445311e+00, E, -30.000000, NP, 30000 3000
59600, t, 2.980000e-05, KEe, 155419.766335, MEe, 5.180658878e+00, E, -30.000000, NP, 30000 3000
59700, t, 2.985000e-05, KEe, 155451.731714, MEe, 5.181724390e+00, E, -30.000000, NP, 30000 3000
59800, t, 2.990000e-05, KEe, 155461.298432, MEe, 5.182043281e+00, E, -30.000000, NP, 30000 3000
59900, t, 2.995000e-05, KEe, 155455.013099, MEe, 5.181833770e+00, E, -30.000000, NP, 30000 3000
60000, t, 3.000000e-05, KEe, 155461.259134, MEe, 5.182041971e+00, E, -30.000000, NP, 30000 3000
60100, t, 3.005000e-05, KEe, 155432.317676, MEe, 5.181077256e+00, E, -30.000000, NP, 30000 3000
60200, t, 3.010000e-05, KEe, 155510.854787, MEe, 5.183695160e+00, E, -30.000000, NP, 30000 3000
60300, t, 3.015000e-05, KEe, 155457.750383, MEe, 5.181925013e+00, E, -30.000000, NP, 30000 3000
60400, t, 3.020000e-05, KEe, 155501.938212, MEe, 5.183397940e+00, E, -30.000000, NP, 30000 3000
60500, t, 3.025000e-05, KEe, 155564.552259, MEe, 5.185485075e+00, E, -30.000000, NP, 30000 3000
60600, t, 3.030000e-05, KEe, 155513.516370, MEe, 5.183783879e+00, E, -30.000000, NP, 30000 3000
60700, t, 3.035000e-05, KEe, 155510.219873, MEe, 5.183673996e+00, E, -30.000000, NP, 30000 3000
60800, t, 3.040000e-05, KEe, 155527.767204, MEe, 5.184258907e+00, E, -30.000000, NP, 30000 3000
60900, t, 3.045000e-05, KEe, 155479.403127, MEe, 5.182646771e+00, E, -30.000000, NP, 30000 3000
61000, t, 3.050000e-05, KEe, 155473.788721, MEe, 5.182459624e+00, E, -30.000000, NP, 30000 3000
61100, t, 3.055000e-05, KEe, 155441.350852, MEe, 5.181378362e+00, E, -30.000000, NP, 30000 3000
61200, t, 3.060000e-05, KEe, 155545.567342, MEe, 5.184852245e+00, E, -30.000000, NP, 30000 3000
61300, t, 3.065000e-05, KEe, 155626.451906, MEe, 5.187548397e+00, E, -30.000000, NP, 30000 3000
61400, t, 3.070000e-05, KEe, 155671.810587, MEe, 5.189060353e+00, E, -30.000000, NP, 30000 3000
61500, t, 3.075000e-05, KEe, 155747.064799, MEe, 5.191568827e+00, E, -30.000000, NP, 30000 3000
61600, t, 3.080000e-05, KEe, 155615.721713, MEe, 5.187190724e+00, E, -30.000000, NP, 30000 3000
61700, t, 3.085000e-05, KEe, 155508.775421, MEe, 5.183625847e+00, E, -30.000000, NP, 30000 3000
61800, t, 3.090000e-05, KEe, 155689.374352, MEe, 5.189645812e+00, E, -30.000000, NP, 30000 3000
61900, t, 3.095000e-05, KEe, 155629.543444, MEe, 5.187651448e+00, E, -30.000000, NP, 30000 3000
62000, t, 3.100000e-05, KEe, 155513.013643, MEe, 5.183767121e+00, E, -30.000000, NP, 30000 3000
62100, t, 3.105000e-05, KEe, 155524.045052, MEe, 5.184134835e+00, E, -30.000000, NP, 30000 3000
62200, t, 3.110000e-05, KEe, 155685.803636, MEe, 5.189526788e+00, E, -30.000000, NP, 30000 3000
62300, t, 3.115000e-05, KEe, 155820.335845, MEe, 5.194011195e+00, E, -30.000000, NP, 30000 3000
62400, t, 3.120000e-05, KEe, 155730.278468, MEe, 5.191009282e+00, E, -30.000000, NP, 30000 3000
62500, t, 3.125000e-05, KEe, 155616.845112, MEe, 5.187228170e+00, E, -30.000000, NP, 30000 3000
62600, t, 3.130000e-05, KEe, 155643.287569, MEe, 5.188109586e+00, E, -30.000000, NP, 30000 3000
62700, t, 3.135000e-05, KEe, 155713.250055, MEe, 5.190441668e+00, E, -30.000000, NP, 30000 3000
62800, t, 3.140000e-05, KEe, 155675.058331, MEe, 5.189168611e+00, E, -30.000000, NP, 30000 3000
62900, t, 3.145000e-05, KEe, 155824.074875, MEe, 5.194135829e+00, E, -30.000000, NP, 30000 3000
63000, t, 3.150000e-05, KEe, 155862.319558, MEe, 5.195410652e+00, E, -30.000000, NP, 30000 3000
63100, t, 3.155000e-05, KEe, 155802.564429, MEe, 5.193418814e+00, E, -30.000000, NP, 30000 3000
63200, t, 3.160000e-05, KEe, 155850.429736, MEe, 5.195014325e+00, E, -30.000000, NP, 30000 3000
63300, t, 3.165000e-05, KEe, 155755.015831, MEe, 5.191833861e+00, E, -30.000000, NP, 30000 3000
63400, t, 3.170000e-05, KEe, 155682.549084, MEe, 5.189418303e+00, E, -30.000000, NP, 30000 3000
63500, t, 3.175000e-05, KEe, 155949.850135, MEe, 5.198328338e+00, E, -30.000000, NP, 30000 3000
63600, t, 3.180000e-05, KEe, 155956.417975, MEe, 5.198547266e+00, E, -30.000000, NP, 30000 3000
63700, t, 3.185000e-05, KEe, 155968.231414, MEe, 5.198941047e+00, E, -30.000000, NP, 30000 3000
63800, t, 3.190000e-05, KEe, 156062.585961, MEe, 5.202086199e+00, E, -30.000000, NP, 30000 3000
63900, t, 3.195000e-05, KEe, 156061.495979, MEe, 5.202049866e+00, E, -30.000000, NP, 30000 3000
64000, t, 3.200000e-05, KEe, 156225.183431, MEe, 5.207506114e+00, E, -30.000000, NP, 30000 3000
64100, t, 3.205000e-05, KEe, 156182.309095, MEe, 5.206076970e+00, E, -30.000000, NP, 30000 3000
64200, t, 3.210000e-05, KEe, 156037.078974, MEe, 5.201235966e+00, E, -30.000000, NP, 30000 3000
64300, t, 3.215000e-05, KEe, 156053.924489, MEe, 5.201797483e+00, E, -30.000000, NP, 30000 3000
64400, t, 3.220000e-05, KEe, 156129.847286, MEe, 5.204328243e+00, E, -30.000000, NP, 30000 3000
64500, t, 3.225000e-05, KEe, 156138.503410, MEe, 5.204616780e+00, E, -30.000000, NP, 30000 3000
64600, t, 3.230000e-05, KEe, 156099.917662, MEe, 5.203330589e+00, E, -30.000000, NP, 30000 3000
64700, t, 3.235000e-05, KEe, 156095.017517, MEe, 5.203167251e+00, E, -30.000000, NP, 30000 3000
64800, t, 3.240000e-05, KEe, 156100.733635, MEe, 5.203357788e+00, E, -30.000000, NP, 30000 3000
64900, t, 3.245000e-05, KEe, 156130.338800, MEe, 5.204344627e+00, E, -30.000000, NP, 30000 3000
65000, t, 3.250000e-05, KEe, 156095.688783, MEe, 5.203189626e+00, E, -30.000000, NP, 30000 3000
65100, t, 3.255000e-05, KEe, 156155.424523, MEe, 5.205180817e+00, E, -30.000000, NP, 30000 3000
65200, t, 3.260000e-05, KEe, 156308.252143, MEe, 5.210275071e+00, E, -30.000000, NP, 30000 3000
65300, t, 3.265000e-05, KEe, 156187.802423, MEe, 5.206260081e+00, E, -30.000000, NP, 30000 3000
65400, t, 3.270000e-05, KEe, 156179.108533, MEe, 5.205970284e+00, E, -30.000000, NP, 30000 3000
65500, t, 3.275000e-05, KEe, 156164.532474, MEe, 5.205484416e+00, E, -30.000000, NP, 30000 3000
65600, t, 3.280000e-05, KEe, 156235.469481, MEe, 5.207848983e+00, E, -30.000000, NP, 30000 3000
65700, t, 3.285000e-05, KEe, 156269.928325, MEe, 5.208997611e+00, E, -30.000000, NP, 30000 3000
65800, t, 3.290000e-05, KEe, 156283.985840, MEe, 5.209466195e+00, E, -30.000000, NP, 30000 3000
65900, t, 3.295000e-05, KEe, 156392.689111, MEe, 5.213089637e+00, E, -30.000000, NP, 30000 3000
66000, t, 3.300000e-05, KEe, 156390.825902, MEe, 5.213027530e+00, E, -30.000000, NP, 30000 3000
66100, t, 3.305000e-05, KEe, 156352.626463, MEe, 5.211754215e+00, E, -30.000000, NP, 30000 3000
66200, t, 3.310000e-05, KEe, 156484.095625, MEe, 5.216136521e+00, E, -30.000000, NP, 30000 3000
66300, t, 3.315000e-05, KEe, 156460.974868, MEe, 5.215365829e+00, E, -30.000000, NP, 30000 3000
66400, t, 3.320000e-05, KEe, 156462.644470, MEe, 5.215421482e+00, E, -30.000000, NP, 30000 3000
66500, t, 3.325000e-05, KEe, 156439.732270, MEe, 5.214657742e+00, E, -30.000000, NP, 30000 3000
66600, t, 3.330000e-05, KEe, 156383.702047, MEe, 5.212790068e+00, E, -30.000000, NP, 30000 3000
66700, t, 3.335000e-05, KEe, 156477.904409, MEe, 5.215930147e+00, E, -30.000000, NP, 30000 3000
66800, t, 3.340000e-05, KEe, 156612.016248, MEe, 5.220400542e+00, E, -30.000000, NP, 30000 3000
66900, t, 3.345000e-05, KEe, 156571.865044, MEe, 5.219062168e+00, E, -30.000000, NP, 30000 3000
67000, t, 3.350000e-05, KEe, 156608.013415, MEe, 5.220267114e+00, E, -30.000000, NP, 30000 3000
67100, t, 3.355000e-05, KEe, 156632.781637, MEe, 5.221092721e+00, E, -30.000000, NP, 30000 3000
67200, t, 3.360000e-05, KEe, 156537.356195, MEe, 5.217911873e+00, E, -30.000000, NP, 30000 3000
67300, t, 3.365000e-05, KEe, 156574.133034, MEe, 5.219137768e+00, E, -30.000000, NP, 30000 3000
67400, t, 3.370000e-05, KEe, 156721.127135, MEe, 5.224037571e+00, E, -30.000000, NP, 30000 3000
67500, t, 3.375000e-05, KEe, 156668.431347, MEe, 5.222281045e+00, E, -30.000000, NP, 30000 3000
67600, t, 3.380000e-05, KEe, 156644.593969, MEe, 5.221486466e+00, E, -30.000000, NP, 30000 3000
67700, t, 3.385000e-05, KEe, 156666.706359, MEe, 5.222223545e+00, E, -30.000000, NP, 30000 3000
67800, t, 3.390000e-05, KEe, 156626.490982, MEe, 5.220883033e+00, E, -30.000000, NP, 30000 3000
67900, t, 3.395000e-05, KEe, 156514.397010, MEe, 5.217146567e+00, E, -30.000000, NP, 30000 3000
68000, t, 3.400000e-05, KEe, 156648.361010, MEe, 5.221612034e+00, E, -30.000000, NP, 30000 3000
68100, t, 3.405000e-05, KEe, 156701.388617, MEe, 5.223379621e+00, E, -30.000000, NP, 30000 3000
68200, t, 3.410000e-05, KEe, 156691.391966, MEe, 5.223046399e+00, E, -30.000000, NP, 30000 3000
68300, t, 3.415000e-05, KEe, 156734.913541, MEe, 5.224497118e+00, E, -30.000000, NP, 30000 3000
68400, t, 3.420000e-05, KEe, 156766.393554, MEe, 5.225546452e+00, E, -30.000000, NP, 30000 3000
68500, t, 3.425000e-05, KEe, 156649.181535, MEe, 5.221639384e+00, E, -30.000000, NP, 30000 3000
68600, t, 3.430000e-05, KEe, 156694.892890, MEe, 5.223163096e+00, E, -30.000000, NP, 30000 3000
68700, t, 3.435000e-05, KEe, 156725.570218, MEe, 5.224185674e+00, E, -30.000000, NP, 30000 3000
68800, t, 3.440000e-05, KEe, 156630.284863, MEe, 5.221009495e+00, E, -30.000000, NP, 30000 3000
68900, t, 3.445000e-05, KEe, 156587.788294, MEe, 5.219592943e+00, E, -30.000000, NP, 30000 3000
69000, t, 3.450000e-05, KEe, 156524.313793, MEe, 5.217477126e+00, E, -30.000000, NP, 30000 3000
69100, t, 3.455000e-05, KEe, 156561.443229, MEe, 5.218714774e+00, E, -30.000000, NP, 30000 3000
69200, t, 3.460000e-05, KEe, 156458.272650, MEe, 5.215275755e+00, E, -30.000000, NP, 30000 3000
69300, t, 3.465000e-05, KEe, 156490.251427, MEe, 5.216341714e+00, E, -30.000000, NP, 30000 3000
69400, t, 3.470000e-05, KEe, 156633.855145, MEe, 5.221128505e+00, E, -30.000000, NP, 30000 3000
69500, t, 3.475000e-05, KEe, 156687.333476, MEe, 5.222911116e+00, E, -30.000000, NP, 30000 3000
69600, t, 3.480000e-05, KEe, 156710.523122, MEe, 5.223684104e+00, E, -30.000000, NP, 30000 3000
69700, t, 3.485000e-05, KEe, 156730.899183, MEe, 5.224363306e+00, E, -30.000000, NP, 30000 3000
69800, t, 3.490000e-05, KEe, 156669.766095, MEe, 5.222325536e+00, E, -30.000000, NP, 30000 3000
69900, t, 3.495000e-05, KEe, 156846.672710, MEe, 5.228222424e+00, E, -30.000000, NP, 30000 3000
70000, t, 3.500000e-05, KEe, 156822.587818, MEe, 5.227419594e+00, E, -30.000000, NP, 30000 3000
70100, t, 3.505000e-05, KEe, 156650.271479, MEe, 5.221675716e+00, E, -30.000000, NP, 30000 3000
70200, t, 3.510000e-05, KEe, 156540.178439, MEe, 5.218005948e+00, E, -30.000000, NP, 30000 3000
70300, t, 3.515000e-05, KEe, 156517.099140, MEe, 5.217236638e+00, E, -30.000000, NP, 30000 3000
70400, t, 3.520000e-05, KEe, 156470.013858, MEe, 5.215667129e+00, E, -30.000000, NP, 30000 3000
70500, t, 3.525000e-05, KEe, 156439.425477, MEe, 5.214647516e+00, E, -30.000000, NP, 30000 3000
70600, t, 3.530000e-05, KEe, 156469.655938, MEe, 5.215655198e+00, E, -30.000000, NP, 30000 3000
70700, t, 3.535000e-05, KEe, 156532.766239, MEe, 5.217758875e+00, E, -30.000000, NP, 30000 3000
70800, t, 3.540000e-05, KEe, 156482.652354, MEe, 5.216088412e+00, E, -30.000000, NP, 30000 3000
70900, t, 3.545000e-05, KEe, 156312.909972, MEe, 5.210430332e+00, E, -30.000000, NP, 30000 3000
71000, t, 3.550000e-05, KEe, 156291.518579, MEe, 5.209717286e+00, E, -30.000000, NP, 30000 3000
71100, t, 3.555000e-05, KEe, 156213.411519, MEe, 5.207113717e+00, E, -30.000000, NP, 30000 3000
71200, t, 3.560000e-05, KEe, 156241.537913, MEe, 5.208051264e+00, E, -30.000000, NP, 30000 3000
71300, t, 3.565000e-05, KEe, 156180.857085, MEe, 5.206028569e+00, E, -30.000000, NP, 30000 3000
71400, t, 3.570000e-05, KEe, 156164.102447, MEe, 5.205470082e+00, E, -30.000000, NP, 30000 3000
71500, t, 3.575000e-05, KEe, 156176.401268, MEe, 5.205880042e+00, E, -30.000000, NP, 30000 3000
71600, t, 3.580000e-05, KEe, 156111.874857, MEe, 5.203729162e+00, E, -30.000000, NP, 30000 3000
71700, t, 3.585000e-05, KEe, 156143.496449, MEe, 5.204783215e+00, E, -30.000000, NP, 30000 3000
71800, t, 3.590000e-05, KEe, 156095.546330, MEe, 5.203184878e+00, E, -30.000000, NP, 30000 3000
71900, t, 3.595000e-05, KEe, 156174.923910, MEe, 5.205830797e+00, E, -30.000000, NP, 30000 3000
72000, t, 3.600000e-05, KEe, 156171.413059, MEe, 5.205713769e+00, E, -30.000000, NP, 30000 3000
72100, t, 3.605000e-05, KEe, 156214.978584, MEe, 5.207165953e+00, E, -30.000000, NP, 30000 3000
72200, t, 3.610000e-05, KEe, 156303.124698, MEe, 5.210104157e+00, E, -30.000000, NP, 30000 3000
72300, t, 3.615000e-05, KEe, 156276.737049, MEe, 5.209224568e+00, E, -30.000000, NP, 30000 3000
72400, t, 3.620000e-05, KEe, 156438.305320, MEe, 5.214610177e+00, E, -30.000000, NP, 30000 3000
72500, t, 3.625000e-05, KEe, 156400.267589, MEe, 5.213342253e+00, E, -30.000000, NP, 30000 3000
72600, t, 3.630000e-05, KEe, 156428.291575, MEe, 5.214276386e+00, E, -30.000000, NP, 30000 3000
72700, t, 3.635000e-05, KEe, 156495.045208, MEe, 5.216501507e+00, E, -30.000000, NP, 30000 3000
72800, t, 3.640000e-05, KEe, 156504.640867, MEe, 5.216821362e+00, E, -30.000000, NP, 30000 3000
72900, t, 3.645000e-05, KEe, 156461.723362, MEe, 5.215390779e+00, E, -30.000000, NP, 30000 3000
73000, t, 3.650000e-05, KEe, 156227.437315, MEe, 5.207581244e+00, E, -30.000000, NP, 30000 3000
73100, t, 3.655000e-05, KEe, 156304.744791, MEe, 5.210158160e+00, E, -30.000000, NP, 30000 3000
73200, t, 3.660000e-05, KEe, 156252.225651, MEe, 5.208407522e+00, E, -30.000000, NP, 30000 3000
73300, t, 3.665000e-05, KEe, 156226.983943, MEe, 5.207566131e+00, E, -30.000000, NP, 30000 3000
73400, t, 3.670000e-05, KEe, 156211.665899, MEe, 5.207055530e+00, E, -30.000000, NP, 30000 3000
73500, t, 3.675000e-05, KEe, 156291.992267, MEe, 5.209733076e+00, E, -30.000000, NP, 30000 3000
73600, t, 3.680000e-05, KEe, 156419.139592, MEe, 5.213971320e+00, E, -30.000000, NP, 30000 3000
73700, t, 3.685000e-05, KEe, 156277.856541, MEe, 5.209261885e+00, E, -30.000000, NP, 30000 3000
73800, t, 3.690000e-05, KEe, 156205.796633, MEe, 5.206859888e+00, E, -30.000000, NP, 30000 3000
73900, t, 3.695000e-05, KEe, 156202.510541, MEe, 5.206750351e+00, E, -30.000000, NP, 30000 3000
74000, t, 3.700000e-05, KEe, 156126.948026, MEe, 5.204231601e+00, E, -30.000000, NP, 30000 3000
74100, t, 3.705000e-05, KEe, 156078.549169, MEe, 5.202618306e+00, E, -30.000000, NP, 30000 3000
74200, t, 3.710000e-05, KEe, 155945.136521, MEe, 5.198171217e+00, E, -30.000000, NP, 30000 3000
74300, t, 3.715000e-05, KEe, 156044.472386, MEe, 5.201482413e+00, E, -30.000000, NP, 30000 3000
74400, t, 3.720000e-05, KEe, 156185.361909, MEe, 5.206178730e+00, E, -30.000000, NP, 30000 3000
74500, t, 3.725000e-05, KEe, 156189.678774, MEe, 5.206322626e+00, E, -30.000000, NP, 30000 3000
74600, t, 3.730000e-05, KEe, 156317.786195, MEe, 5.210592873e+00, E, -30.000000, NP, 30000 3000
74700, t, 3.735000e-05, KEe, 156247.498481, MEe, 5.208249949e+00, E, -30.000000, NP, 30000 3000
74800, t, 3.740000e-05, KEe, 156207.379952, MEe, 5.206912665e+00, E, -30.000000, NP, 30000 3000
74900, t, 3.745000e-05, KEe, 156176.160106, MEe, 5.205872004e+00, E, -30.000000, NP, 30000 3000
75000, t, 3.750000e-05, KEe, 156130.920907, MEe, 5.204364030e+00, E, -30.000000, NP, 30000 3000
75100, t, 3.755000e-05, KEe, 156054.319642, MEe, 5.201810655e+00, E, -30.000000, NP, 30000 3000
75200, t, 3.760000e-05, KEe, 156069.329825, MEe, 5.202310994e+00, E, -30.000000, NP, 30000 3000
75300, t, 3.765000e-05, KEe, 156059.603909, MEe, 5.201986797e+00, E, -30.000000, NP, 30000 3000
75400, t, 3.770000e-05, KEe, 155997.925922, MEe, 5.199930864e+00, E, -30.000000, NP, 30000 3000
75500, t, 3.775000e-05, KEe, 156030.677857, MEe, 5.201022595e+00, E, -30.000000, NP, 30000 3000
75600, t, 3.780000e-05, KEe, 156083.220811, MEe, 5.202774027e+00, E, -30.000000, NP, 30000 3000
75700, t, 3.785000e-05, KEe, 155897.646486, MEe, 5.196588216e+00, E, -30.000000, NP, 30000 3000
75800, t, 3.790000e-05, KEe, 155801.524711, MEe, 5.193384157e+00, E, -30.000000, NP, 30000 3000
75900, t, 3.795000e-05, KEe, 155718.703868, MEe, 5.190623462e+00, E, -30.000000, NP, 30000 3000
76000, t, 3.800000e-05, KEe, 155707.663504, MEe, 5.190255450e+00, E, -30.000000, NP, 30000 3000
76100, t, 3.805000e-05, KEe, 155768.020267, MEe, 5.192267342e+00, E, -30.000000, NP, 30000 3000
76200, t, 3.810000e-05, KEe, 155838.523797, MEe, 5.194617460e+00, E, -30.000000, NP, 30000 3000
76300, t, 3.815000e-05, KEe, 155858.313185, MEe, 5.195277106e+00, E, -30.000000, NP, 30000 3000
76400, t, 3.820000e-05, KEe, 155932.724373, MEe, 5.197757479e+00, E, -30.000000, NP, 30000 3000
76500, t, 3.825000e-05, KEe, 155930.706656, MEe, 5.197690222e+00, E, -30.000000, NP, 30000 3000
76600, t, 3.830000e-05, KEe, 155975.939309, MEe, 5.199197977e+00, E, -30.000000, NP, 30000 3000
76700, t, 3.835000e-05, KEe, 155986.034921, MEe, 5.199534497e+00, E, -30.000000, NP, 30000 3000
76800, t, 3.840000e-05, KEe, 155988.854040, MEe, 5.199628468e+00, E, -30.000000, NP, 30000 3000
76900, t, 3.845000e-05, KEe, 155915.567634, MEe, 5.197185588e+00, E, -30.000000, NP, 30000 3000
77000, t, 3.850000e-05, KEe, 155945.942368, MEe, 5.198198079e+00, E, -30.000000, NP, 30000 3000
77100, t, 3.855000e-05, KEe, 155741.387646, MEe, 5.191379588e+00, E, -30.000000, NP, 30000 3000
77200, t, 3.860000e-05, KEe, 155727.217445, MEe, 5.190907248e+00, E, -30.000000, NP, 30000 3000
77300, t, 3.865000e-05, KEe, 155895.143406, MEe, 5.196504780e+00, E, -30.000000, NP, 30000 3000
77400, t, 3.870000e-05, KEe, 155918.804770, MEe, 5.197293492e+00, E, -30.000000, NP, 30000 3000
77500, t, 3.875000e-05, KEe, 155981.692329, MEe, 5.199389744e+00, E, -30.000000, NP, 30000 3000
77600, t, 3.880000e-05, KEe, 156132.111134, MEe, 5.204403704e+00, E, -30.000000, NP, 30000 3000
77700, t, 3.885000e-05, KEe, 156217.776722, MEe, 5.207259224e+00, E, -30.000000, NP, 30000 3000
77800, t, 3.890000e-05, KEe, 156183.138126, MEe, 5.206104604e+00, E, -30.000000, NP, 30000 3000
77900, t, 3.895000e-05, KEe, 156018.698168, MEe, 5.200623272e+00, E, -30.000000, NP, 30000 3000
78000, t, 3.900000e-05, KEe, 156121.438184, MEe, 5.204047939e+00, E, -30.000000, NP, 30000 3000
78100, t, 3.905000e-05, KEe, 156057.470603, MEe, 5.201915687e+00, E, -30.000000, NP, 30000 3000
78200, t, 3.910000e-05, KEe, 156018.628702, MEe, 5.200620957e+00, E, -30.000000, NP, 30000 3000
78300, t, 3.915000e-05, KEe, 156065.479124, MEe, 5.202182637e+00, E, -30.000000, NP, 30000 3000
78400, t, 3.920000e-05, KEe, 155935.486638, MEe, 5.197849555e+00, E, -30.000000, NP, 30000 3000
78500, t, 3.925000e-05, KEe, 155898.327189, MEe, 5.196610906e+00, E, -30.000000, NP, 30000 3000
78600, t, 3.930000e-05, KEe, 155821.115814, MEe, 5.194037194e+00, E, -30.000000, NP, 30000 3000
78700, t, 3.935000e-05, KEe, 155959.458972, MEe, 5.198648632e+00, E, -30.000000, NP, 30000 3000
78800, t, 3.940000e-05, KEe, 155976.445733, MEe, 5.199214858e+00, E, -30.000000, NP, 30000 3000
78900, t, 3.945000e-05, KEe, 155890.294517, MEe, 5.196343151e+00, E, -30.000000, NP, 30000 3000
79000, t, 3.950000e-05, KEe, 156012.536772, MEe, 5.200417892e+00, E, -30.000000, NP, 30000 3000
79100, t, 3.955000e-05, KEe, 156013.781992, MEe, 5.200459400e+00, E, -30.000000, NP, 30000 3000
79200, t, 3.960000e-05, KEe, 156031.160738, MEe, 5.201038691e+00, E, -30.000000, NP, 30000 3000
79300, t, 3.965000e-05, KEe, 156127.101158, MEe, 5.204236705e+00, E, -30.000000, NP, 30000 3000
79400, t, 3.970000e-05, KEe, 156037.171750, MEe, 5.201239058e+00, E, -30.000000, NP, 30000 3000
79500, t, 3.975000e-05, KEe, 155809.092878, MEe, 5.193636429e+00, E, -30.000000, NP, 30000 3000
79600, t, 3.980000e-05, KEe, 155835.387349, MEe, 5.194512912e+00, E, -30.000000, NP, 30000 3000
79700, t, 3.985000e-05, KEe, 155776.995851, MEe, 5.192566528e+00, E, -30.000000, NP, 30000 3000
79800, t, 3.990000e-05, KEe, 155778.710310, MEe, 5.192623677e+00, E, -30.000000, NP, 30000 3000
79900, t, 3.995000e-05, KEe, 155735.333427, MEe, 5.191177781e+00, E, -30.000000, NP, 30000 3000
80000, t, 4.000000e-05, KEe, 155819.360534, MEe, 5.193978684e+00, E, -30.000000, NP, 30000 3000
