RandMax 2147483647
reading box length: 1.000000e-06 (m)
reading number of particle types: 2
reading number of particles of type 0: 30000
reading number of particles of type 1: 3000
reading temperature of particle type 0: 0.000000 (eV)
reading temperature of particle type 1: 0.025900 (eV)
reading flow velocity of particle type 0: 0.000000 (eV)
reading flow velocity of particle type 1: 0.000000 (eV)
reading charge of particle type 0: -1.000000 (elementary charge)
reading charge of particle type 1: 0.000000 (elementary charge)
reading mass of particle type 0: 0.000549 (amu)
reading mass of particle type 1: 28.000000 (amu)
reading number of time steps: 30000
reading vsigma max samples: 1000
reading time step dt: 2.538955e-10
reading electric field: -2.100000e+02 (V/m)
reading electric frequency: 0.000000e+00 (Hz)
reading magnetic field: 0.000000e+00 0.000000e+00 0.000000e+00 (Tesla)
reading vdf dump spec: 1000 1000000 0
reading extrapolation option: 0
reading memory allocation: 0.000000e+00 (GB)
reading auto dump spec: 0
reading output stride spec: 100
reading carry remainder spec: 0
found cross_sections/Ar.dat file for particle 0 with 1 in indeck, differential model found: Aubin
found cross_sections/Ar->Ar(3d'[3/2]1).dat file for particle 0 with 1 in indeck
found cross_sections/Ar->Ar(3d'[3/2]2).dat file for particle 0 with 1 in indeck
found cross_sections/Ar->Ar(3d'[5/2]2).dat file for particle 0 with 1 in indeck
found cross_sections/Ar->Ar(3d'[5/2]3).dat file for particle 0 with 1 in indeck
found cross_sections/Ar->Ar(3d[1/2]0).dat file for particle 0 with 1 in indeck
found cross_sections/Ar->Ar(3d[1/2]1).dat file for particle 0 with 1 in indeck
found cross_sections/Ar->Ar(3d[3/2]1).dat file for particle 0 with 1 in indeck
found cross_sections/Ar->Ar(3d[3/2]2).dat file for particle 0 with 1 in indeck
found cross_sections/Ar->Ar(3d[5/2]2).dat file for particle 0 with 1 in indeck
found cross_sections/Ar->Ar(3d[5/2]3).dat file for particle 0 with 1 in indeck
found cross_sections/Ar->Ar(3d[7/2]3).dat file for particle 0 with 1 in indeck
found cross_sections/Ar->Ar(3d[7/2]4).dat file for particle 0 with 1 in indeck
found cross_sections/Ar->Ar(4p'[1/2]0).dat file for particle 0 with 1 in indeck
found cross_sections/Ar->Ar(4p'[1/2]1).dat file for particle 0 with 1 in indeck
found cross_sections/Ar->Ar(4p'[3/2]1).dat file for particle 0 with 1 in indeck
found cross_sections/Ar->Ar(4p'[3/2]2).dat file for particle 0 with 1 in indeck
found cross_sections/Ar->Ar(4p[1/2]0).dat file for particle 0 with 1 in indeck
found cross_sections/Ar->Ar(4p[1/2]1).dat file for particle 0 with 1 in indeck
found cross_sections/Ar->Ar(4p[3/2]1).dat file for particle 0 with 1 in indeck
found cross_sections/Ar->Ar(4p[3/2]2).dat file for particle 0 with 1 in indeck
found cross_sections/Ar->Ar(4p[5/2]2).dat file for particle 0 with 1 in indeck
found cross_sections/Ar->Ar(4p[5/2]3).dat file for particle 0 with 1 in indeck
found cross_sections/Ar->Ar(4s'[1/2]0).dat file for particle 0 with 1 in indeck
found cross_sections/Ar->Ar(4s'[1/2]1).dat file for particle 0 with 1 in indeck
found cross_sections/Ar->Ar(4s[3/2]1).dat file for particle 0 with 1 in indeck
found cross_sections/Ar->Ar(4s[3/2]2).dat file for particle 0 with 1 in indeck
found cross_sections/Ar->Ar(5s'[1/2]0).dat file for particle 0 with 1 in indeck
found cross_sections/Ar->Ar(5s'[1/2]1).dat file for particle 0 with 1 in indeck
found cross_sections/Ar->Ar(5s[3/2]1).dat file for particle 0 with 1 in indeck
found cross_sections/Ar->Ar(5s[3/2]2).dat file for particle 0 with 1 in indeck
found cross_sections/Ar->Ar(Rydberg).dat file for particle 0 with 1 in indeck
found cross_sections/Ar->Ar^+.dat file for particle 0 with 1 in indeck, differential model found: Uniform
reading cross_sections/Ar.dat
reading cross_sections/Ar->Ar(3d'[3/2]1).dat
reading cross_sections/Ar->Ar(3d'[3/2]2).dat
reading cross_sections/Ar->Ar(3d'[5/2]2).dat
reading cross_sections/Ar->Ar(3d'[5/2]3).dat
reading cross_sections/Ar->Ar(3d[1/2]0).dat
reading cross_sections/Ar->Ar(3d[1/2]1).dat
reading cross_sections/Ar->Ar(3d[3/2]1).dat
reading cross_sections/Ar->Ar(3d[3/2]2).dat
reading cross_sections/Ar->Ar(3d[5/2]2).dat
reading cross_sections/Ar->Ar(3d[5/2]3).dat
reading cross_sections/Ar->Ar(3d[7/2]3).dat
reading cross_sections/Ar->Ar(3d[7/2]4).dat
reading cross_sections/Ar->Ar(4p'[1/2]0).dat
reading cross_sections/Ar->Ar(4p'[1/2]1).dat
reading cross_sections/Ar->Ar(4p'[3/2]1).dat
reading cross_sections/Ar->Ar(4p'[3/2]2).dat
reading cross_sections/Ar->Ar(4p[1/2]0).dat
reading cross_sections/Ar->Ar(4p[1/2]1).dat
reading cross_sections/Ar->Ar(4p[3/2]1).dat
reading cross_sections/Ar->Ar(4p[3/2]2).dat
reading cross_sections/Ar->Ar(4p[5/2]2).dat
reading cross_sections/Ar->Ar(4p[5/2]3).dat
reading cross_sections/Ar->Ar(4s'[1/2]0).dat
reading cross_sections/Ar->Ar(4s'[1/2]1).dat
reading cross_sections/Ar->Ar(4s[3/2]1).dat
reading cross_sections/Ar->Ar(4s[3/2]2).dat
reading cross_sections/Ar->Ar(5s'[1/2]0).dat
reading cross_sections/Ar->Ar(5s'[1/2]1).dat
reading cross_sections/Ar->Ar(5s[3/2]1).dat
reading cross_sections/Ar->Ar(5s[3/2]2).dat
reading cross_sections/Ar->Ar(Rydberg).dat
reading cross_sections/Ar->Ar^+.dat
Memory per particle: 72 bytes
Memory for all initial particles: 2.213e-03 GB
Allocating space for 132000 particles
------------------------------------
0, t, 0.000000e+00, KEe, 0.000000, MEe, 0.000000000e+00, E, -210.000000, NP, 30000 3000
100, t, 2.538955e-08, KEe, 63488.548562, MEe, 2.116284952e+00, E, -210.000000, NP, 30000 3000
200, t, 5.077910e-08, KEe, 107547.487510, MEe, 3.584916250e+00, E, -210.000000, NP, 30000 3000
300, t, 7.616865e-08, KEe, 122786.003875, MEe, 4.092866796e+00, E, -210.000000, NP, 30000 3000
400, t, 1.015582e-07, KEe, 137379.059365, MEe, 4.579301979e+00, E, -210.000000, NP, 30000 3000
500, t, 1.269478e-07, KEe, 150224.378858, MEe, 5.007479295e+00, E, -210.000000, NP, 30000 3000
600, t, 1.523373e-07, KEe, 159574.973232, MEe, 5.319165774e+00, E, -210.000000, NP, 30000 3000
700, t, 1.777269e-07, KEe, 168738.899564, MEe, 5.624629985e+00, E, -210.000000, NP, 30000 3000
800, t, 2.031164e-07, KEe, 174857.087234, MEe, 5.828569574e+00, E, -210.000000, NP, 30000 3000
900, t, 2.285060e-07, KEe, 180158.686779, MEe, 6.005289559e+00, E, -210.000000, NP, 30000 3000
1000, t, 2.538955e-07, KEe, 183887.678914, MEe, 6.129589297e+00, E, -210.000000, NP, 30000 3000
1100, t, 2.792851e-07, KEe, 186390.352184, MEe, 6.213011739e+00, E, -210.000000, NP, 30000 3000
1200, t, 3.046746e-07, KEe, 187844.269205, MEe, 6.261475640e+00, E, -210.000000, NP, 30000 3000
1300, t, 3.300642e-07, KEe, 188923.483945, MEe, 6.297449465e+00, E, -210.000000, NP, 30000 3000
1400, t, 3.554537e-07, KEe, 189814.085931, MEe, 6.327136198e+00, E, -210.000000, NP, 30000 3000
1500, t, 3.808433e-07, KEe, 190520.708878, MEe, 6.350690296e+00, E, -210.000000, NP, 30000 3000
1600, t, 4.062328e-07, KEe, 190873.817554, MEe, 6.362460585e+00, E, -210.000000, NP, 30000 3000
1700, t, 4.316224e-07, KEe, 191646.737851, MEe, 6.388224595e+00, E, -210.000000, NP, 30000 3000
1800, t, 4.570119e-07, KEe, 191941.736912, MEe, 6.398057897e+00, E, -210.000000, NP, 30000 3000
1900, t, 4.824015e-07, KEe, 191902.441112, MEe, 6.396748037e+00, E, -210.000000, NP, 30000 3000
2000, t, 5.077910e-07, KEe, 191933.146720, MEe, 6.397771557e+00, E, -210.000000, NP, 30000 3000
2100, t, 5.331806e-07, KEe, 191911.745147, MEe, 6.397058172e+00, E, -210.000000, NP, 30000 3000
2200, t, 5.585701e-07, KEe, 191901.584865, MEe, 6.396719495e+00, E, -210.000000, NP, 30000 3000
2300, t, 5.839597e-07, KEe, 192140.692555, MEe, 6.404689752e+00, E, -210.000000, NP, 30000 3000
2400, t, 6.093492e-07, KEe, 192968.954392, MEe, 6.432298480e+00, E, -210.000000, NP, 30000 3000
2500, t, 6.347388e-07, KEe, 193092.612896, MEe, 6.436420430e+00, E, -210.000000, NP, 30000 3000
2600, t, 6.601283e-07, KEe, 193035.706778, MEe, 6.434523559e+00, E, -210.000000, NP, 30000 3000
2700, t, 6.855179e-07, KEe, 192923.970543, MEe, 6.430799018e+00, E, -210.000000, NP, 30000 3000
2800, t, 7.109074e-07, KEe, 193110.428308, MEe, 6.437014277e+00, E, -210.000000, NP, 30000 3000
2900, t, 7.362970e-07, KEe, 192553.153453, MEe, 6.418438448e+00, E, -210.000000, NP, 30000 3000
3000, t, 7.616865e-07, KEe, 192331.193871, MEe, 6.411039796e+00, E, -210.000000, NP, 30000 3000
3100, t, 7.870761e-07, KEe, 191995.143456, MEe, 6.399838115e+00, E, -210.000000, NP, 30000 3000
3200, t, 8.124656e-07, KEe, 191702.626365, MEe, 6.390087545e+00, E, -210.000000, NP, 30000 3000
3300, t, 8.378552e-07, KEe, 191241.032724, MEe, 6.374701091e+00, E, -210.000000, NP, 30000 3000
3400, t, 8.632447e-07, KEe, 191387.037139, MEe, 6.379567905e+00, E, -210.000000, NP, 30000 3000
3500, t, 8.886343e-07, KEe, 191563.245021, MEe, 6.385441501e+00, E, -210.000000, NP, 30000 3000
3600, t, 9.140238e-07, KEe, 191989.177971, MEe, 6.399639266e+00, E, -210.000000, NP, 30000 3000
3700, t, 9.394134e-07, KEe, 192052.679259, MEe, 6.401755975e+00, E, -210.000000, NP, 30000 3000
3800, t, 9.648029e-07, KEe, 192473.472370, MEe, 6.415782412e+00, E, -210.000000, NP, 30000 3000
3900, t, 9.901925e-07, KEe, 192555.224392, MEe, 6.418507480e+00, E, -210.000000, NP, 30000 3000
4000, t, 1.015582e-06, KEe, 192924.841506, MEe, 6.430828050e+00, E, -210.000000, NP, 30000 3000
4100, t, 1.040972e-06, KEe, 193369.321879, MEe, 6.445644063e+00, E, -210.000000, NP, 30000 3000
4200, t, 1.066361e-06, KEe, 192717.220682, MEe, 6.423907356e+00, E, -210.000000, NP, 30000 3000
4300, t, 1.091751e-06, KEe, 193500.119661, MEe, 6.450003989e+00, E, -210.000000, NP, 30000 3000
4400, t, 1.117140e-06, KEe, 193278.553060, MEe, 6.442618435e+00, E, -210.000000, NP, 30000 3000
4500, t, 1.142530e-06, KEe, 193793.080603, MEe, 6.459769353e+00, E, -210.000000, NP, 30000 3000
4600, t, 1.167919e-06, KEe, 193079.799675, MEe, 6.435993323e+00, E, -210.000000, NP, 30000 3000
4700, t, 1.193309e-06, KEe, 192828.211578, MEe, 6.427607053e+00, E, -210.000000, NP, 30000 3000
4800, t, 1.218698e-06, KEe, 193105.699101, MEe, 6.436856637e+00, E, -210.000000, NP, 30000 3000
4900, t, 1.244088e-06, KEe, 192680.832520, MEe, 6.422694417e+00, E, -210.000000, NP, 30000 3000
5000, t, 1.269478e-06, KEe, 192558.067003, MEe, 6.418602233e+00, E, -210.000000, NP, 30000 3000
5100, t, 1.294867e-06, KEe, 193263.421109, MEe, 6.442114037e+00, E, -210.000000, NP, 30000 3000
5200, t, 1.320257e-06, KEe, 193028.842719, MEe, 6.434294757e+00, E, -210.000000, NP, 30000 3000
5300, t, 1.345646e-06, KEe, 192043.601056, MEe, 6.401453369e+00, E, -210.000000, NP, 30000 3000
5400, t, 1.371036e-06, KEe, 192228.007911, MEe, 6.407600264e+00, E, -210.000000, NP, 30000 3000
5500, t, 1.396425e-06, KEe, 192517.175221, MEe, 6.417239174e+00, E, -210.000000, NP, 30000 3000
5600, t, 1.421815e-06, KEe, 192343.822878, MEe, 6.411460763e+00, E, -210.000000, NP, 30000 3000
5700, t, 1.447204e-06, KEe, 192903.401916, MEe, 6.430113397e+00, E, -210.000000, NP, 30000 3000
5800, t, 1.472594e-06, KEe, 193101.926965, MEe, 6.436730899e+00, E, -210.000000, NP, 30000 3000
5900, t, 1.497983e-06, KEe, 192150.162974, MEe, 6.405005432e+00, E, -210.000000, NP, 30000 3000
6000, t, 1.523373e-06, KEe, 193000.003010, MEe, 6.433333434e+00, E, -210.000000, NP, 30000 3000
6100, t, 1.548763e-06, KEe, 192737.892081, MEe, 6.424596403e+00, E, -210.000000, NP, 30000 3000
6200, t, 1.574152e-06, KEe, 193064.842214, MEe, 6.435494740e+00, E, -210.000000, NP, 30000 3000
6300, t, 1.599542e-06, KEe, 191926.907627, MEe, 6.397563588e+00, E, -210.000000, NP, 30000 3000
6400, t, 1.624931e-06, KEe, 192390.640071, MEe, 6.413021336e+00, E, -210.000000, NP, 30000 3000
6500, t, 1.650321e-06, KEe, 192314.358031, MEe, 6.410478601e+00, E, -210.000000, NP, 30000 3000
6600, t, 1.675710e-06, KEe, 192188.996275, MEe, 6.406299876e+00, E, -210.000000, NP, 30000 3000
6700, t, 1.701100e-06, KEe, 193577.161900, MEe, 6.452572063e+00, E, -210.000000, NP, 30000 3000
6800, t, 1.726489e-06, KEe, 193582.652532, MEe, 6.452755084e+00, E, -210.000000, NP, 30000 3000
6900, t, 1.751879e-06, KEe, 193972.242335, MEe, 6.465741411e+00, E, -210.000000, NP, 30000 3000
7000, t, 1.777269e-06, KEe, 193622.008416, MEe, 6.454066947e+00, E, -210.000000, NP, 30000 3000
7100, t, 1.802658e-06, KEe, 192588.298570, MEe, 6.419609952e+00, E, -210.000000, NP, 30000 3000
7200, t, 1.828048e-06, KEe, 193023.430554, MEe, 6.434114352e+00, E, -210.000000, NP, 30000 3000
7300, t, 1.853437e-06, KEe, 193349.165919, MEe, 6.444972197e+00, E, -210.000000, NP, 30000 3000
7400, t, 1.878827e-06, KEe, 193940.793332, MEe, 6.464693111e+00, E, -210.000000, NP, 30000 3000
7500, t, 1.904216e-06, KEe, 192976.157185, MEe, 6.432538573e+00, E, -210.000000, NP, 30000 3000
7600, t, 1.929606e-06, KEe, 193141.656459, MEe, 6.438055215e+00, E, -210.000000, NP, 30000 3000
7700, t, 1.954995e-06, KEe, 192917.234115, MEe, 6.430574471e+00, E, -210.000000, NP, 30000 3000
7800, t, 1.980385e-06, KEe, 192874.904042, MEe, 6.429163468e+00, E, -210.000000, NP, 30000 3000
7900, t, 2.005774e-06, KEe, 192833.144964, MEe, 6.427771499e+00, E, -210.000000, NP, 30000 3000
8000, t, 2.031164e-06, KEe, 193713.326789, MEe, 6.457110893e+00, E, -210.000000, NP, 30000 3000
8100, t, 2.056554e-06, KEe, 193920.549012, MEe, 6.464018300e+00, E, -210.000000, NP, 30000 3000
8200, t, 2.081943e-06, KEe, 193668.880718, MEe, 6.455629357e+00, E, -210.000000, NP, 30000 3000
8300, t, 2.107333e-06, KEe, 193730.405855, MEe, 6.457680195e+00, E, -210.000000, NP, 30000 3000
8400, t, 2.132722e-06, KEe, 193711.716617, MEe, 6.457057221e+00, E, -210.000000, NP, 30000 3000
8500, t, 2.158112e-06, KEe, 193062.913450, MEe, 6.435430448e+00, E, -210.000000, NP, 30000 3000
8600, t, 2.183501e-06, KEe, 193174.907258, MEe, 6.439163575e+00, E, -210.000000, NP, 30000 3000
8700, t, 2.208891e-06, KEe, 192934.382703, MEe, 6.431146090e+00, E, -210.000000, NP, 30000 3000
8800, t, 2.234280e-06, KEe, 193138.703925, MEe, 6.437956798e+00, E, -210.000000, NP, 30000 3000
8900, t, 2.259670e-06, KEe, 192947.675950, MEe, 6.431589198e+00, E, -210.000000, NP, 30000 3000
9000, t, 2.285060e-06, KEe, 193696.629851, MEe, 6.456554328e+00, E, -210.000000, NP, 30000 3000
9100, t, 2.310449e-06, KEe, 194058.326480, MEe, 6.468610883e+00, E, -210.000000, NP, 30000 3000
9200, t, 2.335839e-06, KEe, 193241.975534, MEe, 6.441399184e+00, E, -210.000000, NP, 30000 3000
9300, t, 2.361228e-06, KEe, 192907.858820, MEe, 6.430261961e+00, E, -210.000000, NP, 30000 3000
9400, t, 2.386618e-06, KEe, 192552.199212, MEe, 6.418406640e+00, E, -210.000000, NP, 30000 3000
9500, t, 2.412007e-06, KEe, 192726.909774, MEe, 6.424230326e+00, E, -210.000000, NP, 30000 3000
9600, t, 2.437397e-06, KEe, 193477.164407, MEe, 6.449238814e+00, E, -210.000000, NP, 30000 3000
9700, t, 2.462786e-06, KEe, 193613.715567, MEe, 6.453790519e+00, E, -210.000000, NP, 30000 3000
9800, t, 2.488176e-06, KEe, 193426.149566, MEe, 6.447538319e+00, E, -210.000000, NP, 30000 3000
9900, t, 2.513565e-06, KEe, 192254.324136, MEe, 6.408477471e+00, E, -210.000000, NP, 30000 3000
10000, t, 2.538955e-06, KEe, 192450.119355, MEe, 6.415003978e+00, E, -210.000000, NP, 30000 3000
10100, t, 2.564345e-06, KEe, 192281.176207, MEe, 6.409372540e+00, E, -210.000000, NP, 30000 3000
10200, t, 2.589734e-06, KEe, 193448.843985, MEe, 6.448294800e+00, E, -210.000000, NP, 30000 3000
10300, t, 2.615124e-06, KEe, 193643.135307, MEe, 6.454771177e+00, E, -210.000000, NP, 30000 3000
10400, t, 2.640513e-06, KEe, 193288.772769, MEe, 6.442959092e+00, E, -210.000000, NP, 30000 3000
10500, t, 2.665903e-06, KEe, 193588.627778, MEe, 6.452954259e+00, E, -210.000000, NP, 30000 3000
10600, t, 2.691292e-06, KEe, 193636.753268, MEe, 6.454558442e+00, E, -210.000000, NP, 30000 3000
10700, t, 2.716682e-06, KEe, 193193.199644, MEe, 6.439773321e+00, E, -210.000000, NP, 30000 3000
10800, t, 2.742071e-06, KEe, 192886.281441, MEe, 6.429542715e+00, E, -210.000000, NP, 30000 3000
10900, t, 2.767461e-06, KEe, 192553.977440, MEe, 6.418465915e+00, E, -210.000000, NP, 30000 3000
11000, t, 2.792851e-06, KEe, 193158.893357, MEe, 6.438629779e+00, E, -210.000000, NP, 30000 3000
11100, t, 2.818240e-06, KEe, 193485.470737, MEe, 6.449515691e+00, E, -210.000000, NP, 30000 3000
11200, t, 2.843630e-06, KEe, 192789.119485, MEe, 6.426303983e+00, E, -210.000000, NP, 30000 3000
11300, t, 2.869019e-06, KEe, 192510.788674, MEe, 6.417026289e+00, E, -210.000000, NP, 30000 3000
11400, t, 2.894409e-06, KEe, 192173.421442, MEe, 6.405780715e+00, E, -210.000000, NP, 30000 3000
11500, t, 2.919798e-06, KEe, 192778.453277, MEe, 6.425948443e+00, E, -210.000000, NP, 30000 3000
11600, t, 2.945188e-06, KEe, 193190.347072, MEe, 6.439678236e+00, E, -210.000000, NP, 30000 3000
11700, t, 2.970577e-06, KEe, 193380.580678, MEe, 6.446019356e+00, E, -210.000000, NP, 30000 3000
11800, t, 2.995967e-06, KEe, 193874.438156, MEe, 6.462481272e+00, E, -210.000000, NP, 30000 3000
11900, t, 3.021356e-06, KEe, 194013.801912, MEe, 6.467126730e+00, E, -210.000000, NP, 30000 3000
12000, t, 3.046746e-06, KEe, 194141.804960, MEe, 6.471393499e+00, E, -210.000000, NP, 30000 3000
12100, t, 3.072136e-06, KEe, 193955.310902, MEe, 6.465177030e+00, E, -210.000000, NP, 30000 3000
12200, t, 3.097525e-06, KEe, 194035.709728, MEe, 6.467856991e+00, E, -210.000000, NP, 30000 3000
12300, t, 3.122915e-06, KEe, 193352.632529, MEe, 6.445087751e+00, E, -210.000000, NP, 30000 3000
12400, t, 3.148304e-06, KEe, 192876.504679, MEe, 6.429216823e+00, E, -210.000000, NP, 30000 3000
12500, t, 3.173694e-06, KEe, 193023.798104, MEe, 6.434126603e+00, E, -210.000000, NP, 30000 3000
12600, t, 3.199083e-06, KEe, 193227.863324, MEe, 6.440928777e+00, E, -210.000000, NP, 30000 3000
12700, t, 3.224473e-06, KEe, 192609.339553, MEe, 6.420311318e+00, E, -210.000000, NP, 30000 3000
12800, t, 3.249862e-06, KEe, 192868.854552, MEe, 6.428961818e+00, E, -210.000000, NP, 30000 3000
12900, t, 3.275252e-06, KEe, 192470.098963, MEe, 6.415669965e+00, E, -210.000000, NP, 30000 3000
13000, t, 3.300642e-06, KEe, 193178.283086, MEe, 6.439276103e+00, E, -210.000000, NP, 30000 3000
13100, t, 3.326031e-06, KEe, 193344.197371, MEe, 6.444806579e+00, E, -210.000000, NP, 30000 3000
13200, t, 3.351421e-06, KEe, 192571.545042, MEe, 6.419051501e+00, E, -210.000000, NP, 30000 3000
13300, t, 3.376810e-06, KEe, 192532.153116, MEe, 6.417738437e+00, E, -210.000000, NP, 30000 3000
13400, t, 3.402200e-06, KEe, 192221.344041, MEe, 6.407378135e+00, E, -210.000000, NP, 30000 3000
13500, t, 3.427589e-06, KEe, 192679.017495, MEe, 6.422633916e+00, E, -210.000000, NP, 30000 3000
13600, t, 3.452979e-06, KEe, 193263.075134, MEe, 6.442102504e+00, E, -210.000000, NP, 30000 3000
13700, t, 3.478368e-06, KEe, 193438.745807, MEe, 6.447958194e+00, E, -210.000000, NP, 30000 3000
13800, t, 3.503758e-06, KEe, 193718.196029, MEe, 6.457273201e+00, E, -210.000000, NP, 30000 3000
13900, t, 3.529147e-06, KEe, 193834.578462, MEe, 6.461152615e+00, E, -210.000000, NP, 30000 3000
14000, t, 3.554537e-06, KEe, 193389.537835, MEe, 6.446317928e+00, E, -210.000000, NP, 30000 3000
14100, t, 3.579927e-06, KEe, 192829.639544, MEe, 6.427654651e+00, E, -210.000000, NP, 30000 3000
14200, t, 3.605316e-06, KEe, 192891.472726, MEe, 6.429715758e+00, E, -210.000000, NP, 30000 3000
14300, t, 3.630706e-06, KEe, 192737.407601, MEe, 6.424580253e+00, E, -210.000000, NP, 30000 3000
14400, t, 3.656095e-06, KEe, 192778.249204, MEe, 6.425941640e+00, E, -210.000000, NP, 30000 3000
14500, t, 3.681485e-06, KEe, 192574.619714, MEe, 6.419153990e+00, E, -210.000000, NP, 30000 3000
14600, t, 3.706874e-06, KEe, 192752.134293, MEe, 6.425071143e+00, E, -210.000000, NP, 30000 3000
14700, t, 3.732264e-06, KEe, 192876.586448, MEe, 6.429219548e+00, E, -210.000000, NP, 30000 3000
14800, t, 3.757653e-06, KEe, 193521.978253, MEe, 6.450732608e+00, E, -210.000000, NP, 30000 3000
14900, t, 3.783043e-06, KEe, 193180.061356, MEe, 6.439335379e+00, E, -210.000000, NP, 30000 3000
15000, t, 3.808433e-06, KEe, 193120.673710, MEe, 6.437355790e+00, E, -210.000000, NP, 30000 3000
15100, t, 3.833822e-06, KEe, 193186.337394, MEe, 6.439544580e+00, E, -210.000000, NP, 30000 3000
15200, t, 3.859212e-06, KEe, 192660.022507, MEe, 6.422000750e+00, E, -210.000000, NP, 30000 3000
15300, t, 3.884601e-06, KEe, 192086.173015, MEe, 6.402872434e+00, E, -210.000000, NP, 30000 3000
15400, t, 3.909991e-06, KEe, 192840.253724, MEe, 6.428008457e+00, E, -210.000000, NP, 30000 3000
15500, t, 3.935380e-06, KEe, 193168.641032, MEe, 6.438954701e+00, E, -210.000000, NP, 30000 3000
15600, t, 3.960770e-06, KEe, 193305.392243, MEe, 6.443513075e+00, E, -210.000000, NP, 30000 3000
15700, t, 3.986159e-06, KEe, 193580.750570, MEe, 6.452691686e+00, E, -210.000000, NP, 30000 3000
15800, t, 4.011549e-06, KEe, 193380.815514, MEe, 6.446027184e+00, E, -210.000000, NP, 30000 3000
15900, t, 4.036938e-06, KEe, 193578.926921, MEe, 6.452630897e+00, E, -210.000000, NP, 30000 3000
16000, t, 4.062328e-06, KEe, 194341.675374, MEe, 6.478055846e+00, E, -210.000000, NP, 30000 3000
16100, t, 4.087718e-06, KEe, 193674.718594, MEe, 6.455823953e+00, E, -210.000000, NP, 30000 3000
16200, t, 4.113107e-06, KEe, 193512.601608, MEe, 6.450420054e+00, E, -210.000000, NP, 30000 3000
16300, t, 4.138497e-06, KEe, 193471.096164, MEe, 6.449036539e+00, E, -210.000000, NP, 30000 3000
16400, t, 4.163886e-06, KEe, 192950.229531, MEe, 6.431674318e+00, E, -210.000000, NP, 30000 3000
16500, t, 4.189276e-06, KEe, 192431.319990, MEe, 6.414377333e+00, E, -210.000000, NP, 30000 3000
16600, t, 4.214665e-06, KEe, 192525.314162, MEe, 6.417510472e+00, E, -210.000000, NP, 30000 3000
16700, t, 4.240055e-06, KEe, 192886.987454, MEe, 6.429566248e+00, E, -210.000000, NP, 30000 3000
16800, t, 4.265444e-06, KEe, 193043.458189, MEe, 6.434781940e+00, E, -210.000000, NP, 30000 3000
16900, t, 4.290834e-06, KEe, 192373.475442, MEe, 6.412449181e+00, E, -210.000000, NP, 30000 3000
17000, t, 4.316224e-06, KEe, 192993.653909, MEe, 6.433121797e+00, E, -210.000000, NP, 30000 3000
17100, t, 4.341613e-06, KEe, 193404.192131, MEe, 6.446806404e+00, E, -210.000000, NP, 30000 3000
17200, t, 4.367003e-06, KEe, 193374.424185, MEe, 6.445814139e+00, E, -210.000000, NP, 30000 3000
17300, t, 4.392392e-06, KEe, 193787.179026, MEe, 6.459572634e+00, E, -210.000000, NP, 30000 3000
17400, t, 4.417782e-06, KEe, 194153.077659, MEe, 6.471769255e+00, E, -210.000000, NP, 30000 3000
17500, t, 4.443171e-06, KEe, 193665.759949, MEe, 6.455525332e+00, E, -210.000000, NP, 30000 3000
17600, t, 4.468561e-06, KEe, 193560.354262, MEe, 6.452011809e+00, E, -210.000000, NP, 30000 3000
17700, t, 4.493950e-06, KEe, 193520.672892, MEe, 6.450689096e+00, E, -210.000000, NP, 30000 3000
17800, t, 4.519340e-06, KEe, 193197.901699, MEe, 6.439930057e+00, E, -210.000000, NP, 30000 3000
17900, t, 4.544730e-06, KEe, 193455.842108, MEe, 6.448528070e+00, E, -210.000000, NP, 30000 3000
18000, t, 4.570119e-06, KEe, 193978.996816, MEe, 6.465966561e+00, E, -210.000000, NP, 30000 3000
18100, t, 4.595509e-06, KEe, 193682.718526, MEe, 6.456090618e+00, E, -210.000000, NP, 30000 3000
18200, t, 4.620898e-06, KEe, 194321.554717, MEe, 6.477385157e+00, E, -210.000000, NP, 30000 3000
18300, t, 4.646288e-06, KEe, 194242.565379, MEe, 6.474752179e+00, E, -210.000000, NP, 30000 3000
18400, t, 4.671677e-06, KEe, 193858.051296, MEe, 6.461935043e+00, E, -210.000000, NP, 30000 3000
18500, t, 4.697067e-06, KEe, 194081.779026, MEe, 6.469392634e+00, E, -210.000000, NP, 30000 3000
18600, t, 4.722456e-06, KEe, 193509.701517, MEe, 6.450323384e+00, E, -210.000000, NP, 30000 3000
18700, t, 4.747846e-06, KEe, 193834.801678, MEe, 6.461160056e+00, E, -210.000000, NP, 30000 3000
18800, t, 4.773235e-06, KEe, 193842.316990, MEe, 6.461410566e+00, E, -210.000000, NP, 30000 3000
18900, t, 4.798625e-06, KEe, 192827.843921, MEe, 6.427594797e+00, E, -210.000000, NP, 30000 3000
19000, t, 4.824015e-06, KEe, 192883.206088, MEe, 6.429440203e+00, E, -210.000000, NP, 30000 3000
19100, t, 4.849404e-06, KEe, 193168.871219, MEe, 6.438962374e+00, E, -210.000000, NP, 30000 3000
19200, t, 4.874794e-06, KEe, 193037.257322, MEe, 6.434575244e+00, E, -210.000000, NP, 30000 3000
19300, t, 4.900183e-06, KEe, 192589.010408, MEe, 6.419633680e+00, E, -210.000000, NP, 30000 3000
19400, t, 4.925573e-06, KEe, 192659.844328, MEe, 6.421994811e+00, E, -210.000000, NP, 30000 3000
19500, t, 4.950962e-06, KEe, 192158.487373, MEe, 6.405282912e+00, E, -210.000000, NP, 30000 3000
19600, t, 4.976352e-06, KEe, 192019.156215, MEe, 6.400638541e+00, E, -210.000000, NP, 30000 3000
19700, t, 5.001741e-06, KEe, 193104.029034, MEe, 6.436800968e+00, E, -210.000000, NP, 30000 3000
19800, t, 5.027131e-06, KEe, 193507.084510, MEe, 6.450236150e+00, E, -210.000000, NP, 30000 3000
19900, t, 5.052521e-06, KEe, 193793.849745, MEe, 6.459794992e+00, E, -210.000000, NP, 30000 3000
20000, t, 5.077910e-06, KEe, 194095.402614, MEe, 6.469846754e+00, E, -210.000000, NP, 30000 3000
20100, t, 5.103300e-06, KEe, 193628.284830, MEe, 6.454276161e+00, E, -210.000000, NP, 30000 3000
20200, t, 5.128689e-06, KEe, 194005.082714, MEe, 6.466836090e+00, E, -210.000000, NP, 30000 3000
20300, t, 5.154079e-06, KEe, 192938.677662, MEe, 6.431289255e+00, E, -210.000000, NP, 30000 3000
20400, t, 5.179468e-06, KEe, 193201.574492, MEe, 6.440052483e+00, E, -210.000000, NP, 30000 3000
20500, t, 5.204858e-06, KEe, 192437.024531, MEe, 6.414567484e+00, E, -210.000000, NP, 30000 3000
20600, t, 5.230247e-06, KEe, 192899.554299, MEe, 6.429985143e+00, E, -210.000000, NP, 30000 3000
20700, t, 5.255637e-06, KEe, 193207.943074, MEe, 6.440264769e+00, E, -210.000000, NP, 30000 3000
20800, t, 5.281026e-06, KEe, 193072.063072, MEe, 6.435735436e+00, E, -210.000000, NP, 30000 3000
20900, t, 5.306416e-06, KEe, 192764.689043, MEe, 6.425489635e+00, E, -210.000000, NP, 30000 3000
21000, t, 5.331806e-06, KEe, 193456.937836, MEe, 6.448564595e+00, E, -210.000000, NP, 30000 3000
21100, t, 5.357195e-06, KEe, 193269.810208, MEe, 6.442327007e+00, E, -210.000000, NP, 30000 3000
21200, t, 5.382585e-06, KEe, 193404.399476, MEe, 6.446813316e+00, E, -210.000000, NP, 30000 3000
21300, t, 5.407974e-06, KEe, 193335.915259, MEe, 6.444530509e+00, E, -210.000000, NP, 30000 3000
21400, t, 5.433364e-06, KEe, 192924.708408, MEe, 6.430823614e+00, E, -210.000000, NP, 30000 3000
21500, t, 5.458753e-06, KEe, 192549.795738, MEe, 6.418326525e+00, E, -210.000000, NP, 30000 3000
21600, t, 5.484143e-06, KEe, 192903.915007, MEe, 6.430130500e+00, E, -210.000000, NP, 30000 3000
21700, t, 5.509532e-06, KEe, 192745.803114, MEe, 6.424860104e+00, E, -210.000000, NP, 30000 3000
21800, t, 5.534922e-06, KEe, 193044.755637, MEe, 6.434825188e+00, E, -210.000000, NP, 30000 3000
21900, t, 5.560312e-06, KEe, 192787.916615, MEe, 6.426263887e+00, E, -210.000000, NP, 30000 3000
22000, t, 5.585701e-06, KEe, 193150.374108, MEe, 6.438345804e+00, E, -210.000000, NP, 30000 3000
22100, t, 5.611091e-06, KEe, 193170.277118, MEe, 6.439009237e+00, E, -210.000000, NP, 30000 3000
22200, t, 5.636480e-06, KEe, 193300.676669, MEe, 6.443355889e+00, E, -210.000000, NP, 30000 3000
22300, t, 5.661870e-06, KEe, 193392.078987, MEe, 6.446402633e+00, E, -210.000000, NP, 30000 3000
22400, t, 5.687259e-06, KEe, 194042.074119, MEe, 6.468069137e+00, E, -210.000000, NP, 30000 3000
22500, t, 5.712649e-06, KEe, 193698.931537, MEe, 6.456631051e+00, E, -210.000000, NP, 30000 3000
22600, t, 5.738038e-06, KEe, 193125.967773, MEe, 6.437532259e+00, E, -210.000000, NP, 30000 3000
22700, t, 5.763428e-06, KEe, 192904.028513, MEe, 6.430134284e+00, E, -210.000000, NP, 30000 3000
22800, t, 5.788817e-06, KEe, 192778.059246, MEe, 6.425935308e+00, E, -210.000000, NP, 30000 3000
22900, t, 5.814207e-06, KEe, 192985.532716, MEe, 6.432851091e+00, E, -210.000000, NP, 30000 3000
23000, t, 5.839597e-06, KEe, 192728.277854, MEe, 6.424275928e+00, E, -210.000000, NP, 30000 3000
23100, t, 5.864986e-06, KEe, 192864.516199, MEe, 6.428817207e+00, E, -210.000000, NP, 30000 3000
23200, t, 5.890376e-06, KEe, 192862.389460, MEe, 6.428746315e+00, E, -210.000000, NP, 30000 3000
23300, t, 5.915765e-06, KEe, 192984.381517, MEe, 6.432812717e+00, E, -210.000000, NP, 30000 3000
23400, t, 5.941155e-06, KEe, 193157.134009, MEe, 6.438571134e+00, E, -210.000000, NP, 30000 3000
23500, t, 5.966544e-06, KEe, 193378.804129, MEe, 6.445960138e+00, E, -210.000000, NP, 30000 3000
23600, t, 5.991934e-06, KEe, 193146.573221, MEe, 6.438219107e+00, E, -210.000000, NP, 30000 3000
23700, t, 6.017323e-06, KEe, 192697.097583, MEe, 6.423236586e+00, E, -210.000000, NP, 30000 3000
23800, t, 6.042713e-06, KEe, 193685.043825, MEe, 6.456168128e+00, E, -210.000000, NP, 30000 3000
23900, t, 6.068103e-06, KEe, 193597.295835, MEe, 6.453243195e+00, E, -210.000000, NP, 30000 3000
24000, t, 6.093492e-06, KEe, 193128.732656, MEe, 6.437624422e+00, E, -210.000000, NP, 30000 3000
24100, t, 6.118882e-06, KEe, 193338.291094, MEe, 6.444609703e+00, E, -210.000000, NP, 30000 3000
24200, t, 6.144271e-06, KEe, 192979.833714, MEe, 6.432661124e+00, E, -210.000000, NP, 30000 3000
24300, t, 6.169661e-06, KEe, 192426.859118, MEe, 6.414228637e+00, E, -210.000000, NP, 30000 3000
24400, t, 6.195050e-06, KEe, 192033.917185, MEe, 6.401130573e+00, E, -210.000000, NP, 30000 3000
24500, t, 6.220440e-06, KEe, 191605.503224, MEe, 6.386850107e+00, E, -210.000000, NP, 30000 3000
24600, t, 6.245829e-06, KEe, 192406.884655, MEe, 6.413562822e+00, E, -210.000000, NP, 30000 3000
24700, t, 6.271219e-06, KEe, 192562.430027, MEe, 6.418747668e+00, E, -210.000000, NP, 30000 3000
24800, t, 6.296608e-06, KEe, 192514.462433, MEe, 6.417148748e+00, E, -210.000000, NP, 30000 3000
24900, t, 6.321998e-06, KEe, 192881.796360, MEe, 6.429393212e+00, E, -210.000000, NP, 30000 3000
25000, t, 6.347388e-06, KEe, 192473.330887, MEe, 6.415777696e+00, E, -210.000000, NP, 30000 3000
25100, t, 6.372777e-06, KEe, 192896.573100, MEe, 6.429885770e+00, E, -210.000000, NP, 30000 3000
25200, t, 6.398167e-06, KEe, 192693.188916, MEe, 6.423106297e+00, E, -210.000000, NP, 30000 3000
25300, t, 6.423556e-06, KEe, 192872.337741, MEe, 6.429077925e+00, E, -210.000000, NP, 30000 3000
25400, t, 6.448946e-06, KEe, 192976.403398, MEe, 6.432546780e+00, E, -210.000000, NP, 30000 3000
25500, t, 6.474335e-06, KEe, 192823.408869, MEe, 6.427446962e+00, E, -210.000000, NP, 30000 3000
25600, t, 6.499725e-06, KEe, 192380.277272, MEe, 6.412675909e+00, E, -210.000000, NP, 30000 3000
25700, t, 6.525114e-06, KEe, 192939.032974, MEe, 6.431301099e+00, E, -210.000000, NP, 30000 3000
25800, t, 6.550504e-06, KEe, 192103.681250, MEe, 6.403456042e+00, E, -210.000000, NP, 30000 3000
25900, t, 6.575894e-06, KEe, 192492.690413, MEe, 6.416423014e+00, E, -210.000000, NP, 30000 3000
26000, t, 6.601283e-06, KEe, 191917.236766, MEe, 6.397241226e+00, E, -210.000000, NP, 30000 3000
26100, t, 6.626673e-06, KEe, 191546.668596, MEe, 6.384888953e+00, E, -210.000000, NP, 30000 3000
26200, t, 6.652062e-06, KEe, 192376.403300, MEe, 6.412546777e+00, E, -210.000000, NP, 30000 3000
26300, t, 6.677452e-06, KEe, 192375.265204, MEe, 6.412508840e+00, E, -210.000000, NP, 30000 3000
26400, t, 6.702841e-06, KEe, 192985.105450, MEe, 6.432836848e+00, E, -210.000000, NP, 30000 3000
26500, t, 6.728231e-06, KEe, 192354.228361, MEe, 6.411807612e+00, E, -210.000000, NP, 30000 3000
26600, t, 6.753620e-06, KEe, 192257.742986, MEe, 6.408591433e+00, E, -210.000000, NP, 30000 3000
26700, t, 6.779010e-06, KEe, 192357.163300, MEe, 6.411905443e+00, E, -210.000000, NP, 30000 3000
26800, t, 6.804399e-06, KEe, 192314.947780, MEe, 6.410498259e+00, E, -210.000000, NP, 30000 3000
26900, t, 6.829789e-06, KEe, 193416.750557, MEe, 6.447225019e+00, E, -210.000000, NP, 30000 3000
27000, t, 6.855179e-06, KEe, 193819.411803, MEe, 6.460647060e+00, E, -210.000000, NP, 30000 3000
27100, t, 6.880568e-06, KEe, 194135.249310, MEe, 6.471174977e+00, E, -210.000000, NP, 30000 3000
27200, t, 6.905958e-06, KEe, 194549.487705, MEe, 6.484982924e+00, E, -210.000000, NP, 30000 3000
27300, t, 6.931347e-06, KEe, 193720.399619, MEe, 6.457346654e+00, E, -210.000000, NP, 30000 3000
27400, t, 6.956737e-06, KEe, 194047.604547, MEe, 6.468253485e+00, E, -210.000000, NP, 30000 3000
27500, t, 6.982126e-06, KEe, 193010.333024, MEe, 6.433677767e+00, E, -210.000000, NP, 30000 3000
27600, t, 7.007516e-06, KEe, 192269.304926, MEe, 6.408976831e+00, E, -210.000000, NP, 30000 3000
27700, t, 7.032905e-06, KEe, 192127.823191, MEe, 6.404260773e+00, E, -210.000000, NP, 30000 3000
27800, t, 7.058295e-06, KEe, 191875.174714, MEe, 6.395839157e+00, E, -210.000000, NP, 30000 3000
27900, t, 7.083685e-06, KEe, 192001.098128, MEe, 6.400036604e+00, E, -210.000000, NP, 30000 3000
28000, t, 7.109074e-06, KEe, 192889.398679, MEe, 6.429646623e+00, E, -210.000000, NP, 30000 3000
28100, t, 7.134464e-06, KEe, 192443.434754, MEe, 6.414781158e+00, E, -210.000000, NP, 30000 3000
28200, t, 7.159853e-06, KEe, 192774.371282, MEe, 6.425812376e+00, E, -210.000000, NP, 30000 3000
28300, t, 7.185243e-06, KEe, 193360.118869, MEe, 6.445337296e+00, E, -210.000000, NP, 30000 3000
28400, t, 7.210632e-06, KEe, 193689.017544, MEe, 6.456300585e+00, E, -210.000000, NP, 30000 3000
28500, t, 7.236022e-06, KEe, 193207.095602, MEe, 6.440236520e+00, E, -210.000000, NP, 30000 3000
28600, t, 7.261411e-06, KEe, 193373.581594, MEe, 6.445786053e+00, E, -210.000000, NP, 30000 3000
28700, t, 7.286801e-06, KEe, 193668.633456, MEe, 6.455621115e+00, E, -210.000000, NP, 30000 3000
28800, t, 7.312190e-06, KEe, 193660.713834, MEe, 6.455357128e+00, E, -210.000000, NP, 30000 3000
28900, t, 7.337580e-06, KEe, 193837.197949, MEe, 6.461239932e+00, E, -210.000000, NP, 30000 3000
29000, t, 7.362970e-06, KEe, 193828.180816, MEe, 6.460939361e+00, E, -210.000000, NP, 30000 3000
29100, t, 7.388359e-06, KEe, 193799.412408, MEe, 6.459980414e+00, E, -210.000000, NP, 30000 3000
29200, t, 7.413749e-06, KEe, 193368.522947, MEe, 6.445617432e+00, E, -210.000000, NP, 30000 3000
29300, t, 7.439138e-06, KEe, 193344.273370, MEe, 6.444809112e+00, E, -210.000000, NP, 30000 3000
29400, t, 7.464528e-06, KEe, 193526.580471, MEe, 6.450886016e+00, E, -210.000000, NP, 30000 3000
29500, t, 7.489917e-06, KEe, 193926.667671, MEe, 6.464222256e+00, E, -210.000000, NP, 30000 3000
29600, t, 7.515307e-06, KEe, 193689.520852, MEe, 6.456317362e+00, E, -210.000000, NP, 30000 3000
29700, t, 7.540696e-06, KEe, 192856.125192, MEe, 6.428537506e+00, E, -210.000000, NP, 30000 3000
29800, t, 7.566086e-06, KEe, 192621.404375, MEe, 6.420713479e+00, E, -210.000000, NP, 30000 3000
29900, t, 7.591476e-06, KEe, 192839.277039, MEe, 6.427975901e+00, E, -210.000000, NP, 30000 3000
30000, t, 7.616865e-06, KEe, 192189.649429, MEe, 6.406321648e+00, E, -210.000000, NP, 30000 3000
