RandMax 2147483647
reading box length: 1.000000e-06 (m)
reading number of particle types: 2
reading number of particles of type 0: 30000
reading number of particles of type 1: 3000
reading temperature of particle type 0: 0.000000 (eV)
reading temperature of particle type 1: 0.025900 (eV)
reading flow velocity of particle type 0: 0.000000 (eV)
reading flow velocity of particle type 1: 0.000000 (eV)
reading charge of particle type 0: -1.000000 (elementary charge)
reading charge of particle type 1: 0.000000 (elementary charge)
reading mass of particle type 0: 0.000549 (amu)
reading mass of particle type 1: 28.000000 (amu)
reading number of time steps: 30000
reading vsigma max samples: 1000
reading time step dt: 8.886343e-11
reading electric field: -6.000000e+02 (V/m)
reading electric frequency: 0.000000e+00 (Hz)
reading magnetic field: 0.000000e+00 0.000000e+00 0.000000e+00 (Tesla)
reading vdf dump spec: 1000 1000000 0
reading extrapolation option: 0
reading memory allocation: 0.000000e+00 (GB)
reading auto dump spec: 0
reading output stride spec: 100
reading carry remainder spec: 0
found cross_sections/Ar.dat file for particle 0 with 1 in indeck, differential model found: Aubin
found cross_sections/Ar->Ar(3d'[3/2]1).dat file for particle 0 with 1 in indeck
found cross_sections/Ar->Ar(3d'[3/2]2).dat file for particle 0 with 1 in indeck
found cross_sections/Ar->Ar(3d'[5/2]2).dat file for particle 0 with 1 in indeck
found cross_sections/Ar->Ar(3d'[5/2]3).dat file for particle 0 with 1 in indeck
found cross_sections/Ar->Ar(3d[1/2]0).dat file for particle 0 with 1 in indeck
found cross_sections/Ar->Ar(3d[1/2]1).dat file for particle 0 with 1 in indeck
found cross_sections/Ar->Ar(3d[3/2]1).dat file for particle 0 with 1 in indeck
found cross_sections/Ar->Ar(3d[3/2]2).dat file for particle 0 with 1 in indeck
found cross_sections/Ar->Ar(3d[5/2]2).dat file for particle 0 with 1 in indeck
found cross_sections/Ar->Ar(3d[5/2]3).dat file for particle 0 with 1 in indeck
found cross_sections/Ar->Ar(3d[7/2]3).dat file for particle 0 with 1 in indeck
found cross_sections/Ar->Ar(3d[7/2]4).dat file for particle 0 with 1 in indeck
found cross_sections/Ar->Ar(4p'[1/2]0).dat file for particle 0 with 1 in indeck
found cross_sections/Ar->Ar(4p'[1/2]1).dat file for particle 0 with 1 in indeck
found cross_sections/Ar->Ar(4p'[3/2]1).dat file for particle 0 with 1 in indeck
found cross_sections/Ar->Ar(4p'[3/2]2).dat file for particle 0 with 1 in indeck
found cross_sections/Ar->Ar(4p[1/2]0).dat file for particle 0 with 1 in indeck
found cross_sections/Ar->Ar(4p[1/2]1).dat file for particle 0 with 1 in indeck
found cross_sections/Ar->Ar(4p[3/2]1).dat file for particle 0 with 1 in indeck
found cross_sections/Ar->Ar(4p[3/2]2).dat file for particle 0 with 1 in indeck
found cross_sections/Ar->Ar(4p[5/2]2).dat file for particle 0 with 1 in indeck
found cross_sections/Ar->Ar(4p[5/2]3).dat file for particle 0 with 1 in indeck
found cross_sections/Ar->Ar(4s'[1/2]0).dat file for particle 0 with 1 in indeck
found cross_sections/Ar->Ar(4s'[1/2]1).dat file for particle 0 with 1 in indeck
found cross_sections/Ar->Ar(4s[3/2]1).dat file for particle 0 with 1 in indeck
found cross_sections/Ar->Ar(4s[3/2]2).dat file for particle 0 with 1 in indeck
found cross_sections/Ar->Ar(5s'[1/2]0).dat file for particle 0 with 1 in indeck
found cross_sections/Ar->Ar(5s'[1/2]1).dat file for particle 0 with 1 in indeck
found cross_sections/Ar->Ar(5s[3/2]1).dat file for particle 0 with 1 in indeck
found cross_sections/Ar->Ar(5s[3/2]2).dat file for particle 0 with 1 in indeck
found cross_sections/Ar->Ar(Rydberg).dat file for particle 0 with 1 in indeck
found cross_sections/Ar->Ar^+.dat file for particle 0 with 1 in indeck, differential model found: Uniform
reading cross_sections/Ar.dat
reading cross_sections/Ar->Ar(3d'[3/2]1).dat
reading cross_sections/Ar->Ar(3d'[3/2]2).dat
reading cross_sections/Ar->Ar(3d'[5/2]2).dat
reading cross_sections/Ar->Ar(3d'[5/2]3).dat
reading cross_sections/Ar->Ar(3d[1/2]0).dat
reading cross_sections/Ar->Ar(3d[1/2]1).dat
reading cross_sections/Ar->Ar(3d[3/2]1).dat
reading cross_sections/Ar->Ar(3d[3/2]2).dat
reading cross_sections/Ar->Ar(3d[5/2]2).dat
reading cross_sections/Ar->Ar(3d[5/2]3).dat
reading cross_sections/Ar->Ar(3d[7/2]3).dat
reading cross_sections/Ar->Ar(3d[7/2]4).dat
reading cross_sections/Ar->Ar(4p'[1/2]0).dat
reading cross_sections/Ar->Ar(4p'[1/2]1).dat
reading cross_sections/Ar->Ar(4p'[3/2]1).dat
reading cross_sections/Ar->Ar(4p'[3/2]2).dat
reading cross_sections/Ar->Ar(4p[1/2]0).dat
reading cross_sections/Ar->Ar(4p[1/2]1).dat
reading cross_sections/Ar->Ar(4p[3/2]1).dat
reading cross_sections/Ar->Ar(4p[3/2]2).dat
reading cross_sections/Ar->Ar(4p[5/2]2).dat
reading cross_sections/Ar->Ar(4p[5/2]3).dat
reading cross_sections/Ar->Ar(4s'[1/2]0).dat
reading cross_sections/Ar->Ar(4s'[1/2]1).dat
reading cross_sections/Ar->Ar(4s[3/2]1).dat
reading cross_sections/Ar->Ar(4s[3/2]2).dat
reading cross_sections/Ar->Ar(5s'[1/2]0).dat
reading cross_sections/Ar->Ar(5s'[1/2]1).dat
reading cross_sections/Ar->Ar(5s[3/2]1).dat
reading cross_sections/Ar->Ar(5s[3/2]2).dat
reading cross_sections/Ar->Ar(Rydberg).dat
reading cross_sections/Ar->Ar^+.dat
Memory per particle: 72 bytes
Memory for all initial particles: 2.213e-03 GB
Allocating space for 132000 particles
------------------------------------
0, t, 0.000000e+00, KEe, 0.000000, MEe, 0.000000000e+00, E, -600.000000, NP, 30000 3000
100, t, 8.886343e-09, KEe, 70431.474709, MEe, 2.347715824e+00, E, -600.000000, NP, 30000 3000
200, t, 1.777269e-08, KEe, 162361.541803, MEe, 5.412051393e+00, E, -600.000000, NP, 30000 3000
300, t, 2.665903e-08, KEe, 187530.181398, MEe, 6.251006047e+00, E, -600.000000, NP, 30000 3000
400, t, 3.554537e-08, KEe, 207390.691500, MEe, 6.913023050e+00, E, -600.000000, NP, 30000 3000
500, t, 4.443171e-08, KEe, 223032.401194, MEe, 7.434413373e+00, E, -600.000000, NP, 30000 3000
600, t, 5.331806e-08, KEe, 233409.515691, MEe, 7.780317190e+00, E, -600.000000, NP, 30000 3000
700, t, 6.220440e-08, KEe, 240322.294766, MEe, 8.010743159e+00, E, -600.000000, NP, 30000 3000
800, t, 7.109074e-08, KEe, 243648.031440, MEe, 8.121601048e+00, E, -600.000000, NP, 30000 3000
900, t, 7.997708e-08, KEe, 246089.598017, MEe, 8.202986601e+00, E, -600.000000, NP, 30000 3000
1000, t, 8.886343e-08, KEe, 247536.398263, MEe, 8.251213275e+00, E, -600.000000, NP, 30000 3000
1100, t, 9.774977e-08, KEe, 247252.016379, MEe, 8.241733879e+00, E, -600.000000, NP, 30000 3000
1200, t, 1.066361e-07, KEe, 248015.140193, MEe, 8.267171340e+00, E, -600.000000, NP, 30000 3000
1300, t, 1.155225e-07, KEe, 249386.767545, MEe, 8.312892251e+00, E, -600.000000, NP, 30000 3000
1400, t, 1.244088e-07, KEe, 249884.305383, MEe, 8.329476846e+00, E, -600.000000, NP, 30000 3000
1500, t, 1.332951e-07, KEe, 250395.441847, MEe, 8.346514728e+00, E, -600.000000, NP, 30000 3000
1600, t, 1.421815e-07, KEe, 249738.092004, MEe, 8.324603067e+00, E, -600.000000, NP, 30000 3000
1700, t, 1.510678e-07, KEe, 250260.488019, MEe, 8.342016267e+00, E, -600.000000, NP, 30000 3000
1800, t, 1.599542e-07, KEe, 249534.419868, MEe, 8.317813996e+00, E, -600.000000, NP, 30000 3000
1900, t, 1.688405e-07, KEe, 249669.856788, MEe, 8.322328560e+00, E, -600.000000, NP, 30000 3000
2000, t, 1.777269e-07, KEe, 248912.002928, MEe, 8.297066764e+00, E, -600.000000, NP, 30000 3000
2100, t, 1.866132e-07, KEe, 249552.179838, MEe, 8.318405995e+00, E, -600.000000, NP, 30000 3000
2200, t, 1.954995e-07, KEe, 249423.548186, MEe, 8.314118273e+00, E, -600.000000, NP, 30000 3000
2300, t, 2.043859e-07, KEe, 249702.999855, MEe, 8.323433328e+00, E, -600.000000, NP, 30000 3000
2400, t, 2.132722e-07, KEe, 248891.628801, MEe, 8.296387627e+00, E, -600.000000, NP, 30000 3000
2500, t, 2.221586e-07, KEe, 248557.395931, MEe, 8.285246531e+00, E, -600.000000, NP, 30000 3000
2600, t, 2.310449e-07, KEe, 249904.014939, MEe, 8.330133831e+00, E, -600.000000, NP, 30000 3000
2700, t, 2.399313e-07, KEe, 249343.383994, MEe, 8.311446133e+00, E, -600.000000, NP, 30000 3000
2800, t, 2.488176e-07, KEe, 250138.931340, MEe, 8.337964378e+00, E, -600.000000, NP, 30000 3000
2900, t, 2.577039e-07, KEe, 250070.013920, MEe, 8.335667131e+00, E, -600.000000, NP, 30000 3000
3000, t, 2.665903e-07, KEe, 250614.760922, MEe, 8.353825364e+00, E, -600.000000, NP, 30000 3000
3100, t, 2.754766e-07, KEe, 249266.377586, MEe, 8.308879253e+00, E, -600.000000, NP, 30000 3000
3200, t, 2.843630e-07, KEe, 249683.817755, MEe, 8.322793925e+00, E, -600.000000, NP, 30000 3000
3300, t, 2.932493e-07, KEe, 249526.847994, MEe, 8.317561600e+00, E, -600.000000, NP, 30000 3000
3400, t, 3.021356e-07, KEe, 250054.363454, MEe, 8.335145448e+00, E, -600.000000, NP, 30000 3000
3500, t, 3.110220e-07, KEe, 250490.812328, MEe, 8.349693744e+00, E, -600.000000, NP, 30000 3000
3600, t, 3.199083e-07, KEe, 250174.305862, MEe, 8.339143529e+00, E, -600.000000, NP, 30000 3000
3700, t, 3.287947e-07, KEe, 249326.535071, MEe, 8.310884502e+00, E, -600.000000, NP, 30000 3000
3800, t, 3.376810e-07, KEe, 249849.521164, MEe, 8.328317372e+00, E, -600.000000, NP, 30000 3000
3900, t, 3.465674e-07, KEe, 250309.663802, MEe, 8.343655460e+00, E, -600.000000, NP, 30000 3000
4000, t, 3.554537e-07, KEe, 248735.459833, MEe, 8.291181994e+00, E, -600.000000, NP, 30000 3000
4100, t, 3.643400e-07, KEe, 249060.093656, MEe, 8.302003122e+00, E, -600.000000, NP, 30000 3000
4200, t, 3.732264e-07, KEe, 248838.355015, MEe, 8.294611834e+00, E, -600.000000, NP, 30000 3000
4300, t, 3.821127e-07, KEe, 249286.482236, MEe, 8.309549408e+00, E, -600.000000, NP, 30000 3000
4400, t, 3.909991e-07, KEe, 249352.707051, MEe, 8.311756902e+00, E, -600.000000, NP, 30000 3000
4500, t, 3.998854e-07, KEe, 249122.630572, MEe, 8.304087686e+00, E, -600.000000, NP, 30000 3000
4600, t, 4.087718e-07, KEe, 248854.180240, MEe, 8.295139341e+00, E, -600.000000, NP, 30000 3000
4700, t, 4.176581e-07, KEe, 249609.451958, MEe, 8.320315065e+00, E, -600.000000, NP, 30000 3000
4800, t, 4.265444e-07, KEe, 250573.203697, MEe, 8.352440123e+00, E, -600.000000, NP, 30000 3000
4900, t, 4.354308e-07, KEe, 251024.556270, MEe, 8.367485209e+00, E, -600.000000, NP, 30000 3000
5000, t, 4.443171e-07, KEe, 250388.983644, MEe, 8.346299455e+00, E, -600.000000, NP, 30000 3000
5100, t, 4.532035e-07, KEe, 251020.910551, MEe, 8.367363685e+00, E, -600.000000, NP, 30000 3000
5200, t, 4.620898e-07, KEe, 251378.307780, MEe, 8.379276926e+00, E, -600.000000, NP, 30000 3000
5300, t, 4.709762e-07, KEe, 251969.079552, MEe, 8.398969318e+00, E, -600.000000, NP, 30000 3000
5400, t, 4.798625e-07, KEe, 252142.993833, MEe, 8.404766461e+00, E, -600.000000, NP, 30000 3000
5500, t, 4.887488e-07, KEe, 250616.680984, MEe, 8.353889366e+00, E, -600.000000, NP, 30000 3000
5600, t, 4.976352e-07, KEe, 250048.022245, MEe, 8.334934075e+00, E, -600.000000, NP, 30000 3000
5700, t, 5.065215e-07, KEe, 251627.736302, MEe, 8.387591210e+00, E, -600.000000, NP, 30000 3000
5800, t, 5.154079e-07, KEe, 252366.481234, MEe, 8.412216041e+00, E, -600.000000, NP, 30000 3000
5900, t, 5.242942e-07, KEe, 252098.222998, MEe, 8.403274100e+00, E, -600.000000, NP, 30000 3000
6000, t, 5.331806e-07, KEe, 250756.044324, MEe, 8.358534811e+00, E, -600.000000, NP, 30000 3000
6100, t, 5.420669e-07, KEe, 251062.236598, MEe, 8.368741220e+00, E, -600.000000, NP, 30000 3000
6200, t, 5.509532e-07, KEe, 250895.999894, MEe, 8.363199996e+00, E, -600.000000, NP, 30000 3000
6300, t, 5.598396e-07, KEe, 250424.173091, MEe, 8.347472436e+00, E, -600.000000, NP, 30000 3000
6400, t, 5.687259e-07, KEe, 249600.430323, MEe, 8.320014344e+00, E, -600.000000, NP, 30000 3000
6500, t, 5.776123e-07, KEe, 249596.161569, MEe, 8.319872052e+00, E, -600.000000, NP, 30000 3000
6600, t, 5.864986e-07, KEe, 249422.564595, MEe, 8.314085486e+00, E, -600.000000, NP, 30000 3000
6700, t, 5.953850e-07, KEe, 249997.539163, MEe, 8.333251305e+00, E, -600.000000, NP, 30000 3000
6800, t, 6.042713e-07, KEe, 248237.859167, MEe, 8.274595306e+00, E, -600.000000, NP, 30000 3000
6900, t, 6.131576e-07, KEe, 248135.780650, MEe, 8.271192688e+00, E, -600.000000, NP, 30000 3000
7000, t, 6.220440e-07, KEe, 250068.970702, MEe, 8.335632357e+00, E, -600.000000, NP, 30000 3000
7100, t, 6.309303e-07, KEe, 249590.905134, MEe, 8.319696838e+00, E, -600.000000, NP, 30000 3000
7200, t, 6.398167e-07, KEe, 248638.041709, MEe, 8.287934724e+00, E, -600.000000, NP, 30000 3000
7300, t, 6.487030e-07, KEe, 248543.103884, MEe, 8.284770129e+00, E, -600.000000, NP, 30000 3000
7400, t, 6.575894e-07, KEe, 249746.150080, MEe, 8.324871669e+00, E, -600.000000, NP, 30000 3000
7500, t, 6.664757e-07, KEe, 250177.163333, MEe, 8.339238778e+00, E, -600.000000, NP, 30000 3000
7600, t, 6.753620e-07, KEe, 249819.546473, MEe, 8.327318216e+00, E, -600.000000, NP, 30000 3000
7700, t, 6.842484e-07, KEe, 249794.103484, MEe, 8.326470116e+00, E, -600.000000, NP, 30000 3000
7800, t, 6.931347e-07, KEe, 250235.255229, MEe, 8.341175174e+00, E, -600.000000, NP, 30000 3000
7900, t, 7.020211e-07, KEe, 250465.468076, MEe, 8.348848936e+00, E, -600.000000, NP, 30000 3000
8000, t, 7.109074e-07, KEe, 249507.107165, MEe, 8.316903572e+00, E, -600.000000, NP, 30000 3000
8100, t, 7.197938e-07, KEe, 249753.121007, MEe, 8.325104034e+00, E, -600.000000, NP, 30000 3000
8200, t, 7.286801e-07, KEe, 250167.142652, MEe, 8.338904755e+00, E, -600.000000, NP, 30000 3000
8300, t, 7.375664e-07, KEe, 249927.719940, MEe, 8.330923998e+00, E, -600.000000, NP, 30000 3000
8400, t, 7.464528e-07, KEe, 249077.332850, MEe, 8.302577762e+00, E, -600.000000, NP, 30000 3000
8500, t, 7.553391e-07, KEe, 248966.123906, MEe, 8.298870797e+00, E, -600.000000, NP, 30000 3000
8600, t, 7.642255e-07, KEe, 249328.983440, MEe, 8.310966115e+00, E, -600.000000, NP, 30000 3000
8700, t, 7.731118e-07, KEe, 249524.414053, MEe, 8.317480468e+00, E, -600.000000, NP, 30000 3000
8800, t, 7.819981e-07, KEe, 248688.564535, MEe, 8.289618818e+00, E, -600.000000, NP, 30000 3000
8900, t, 7.908845e-07, KEe, 248287.562414, MEe, 8.276252080e+00, E, -600.000000, NP, 30000 3000
9000, t, 7.997708e-07, KEe, 248519.245067, MEe, 8.283974836e+00, E, -600.000000, NP, 30000 3000
9100, t, 8.086572e-07, KEe, 248404.073328, MEe, 8.280135778e+00, E, -600.000000, NP, 30000 3000
9200, t, 8.175435e-07, KEe, 249217.818332, MEe, 8.307260611e+00, E, -600.000000, NP, 30000 3000
9300, t, 8.264299e-07, KEe, 249582.540426, MEe, 8.319418014e+00, E, -600.000000, NP, 30000 3000
9400, t, 8.353162e-07, KEe, 249470.648367, MEe, 8.315688279e+00, E, -600.000000, NP, 30000 3000
9500, t, 8.442025e-07, KEe, 247595.348919, MEe, 8.253178297e+00, E, -600.000000, NP, 30000 3000
9600, t, 8.530889e-07, KEe, 247495.667238, MEe, 8.249855575e+00, E, -600.000000, NP, 30000 3000
9700, t, 8.619752e-07, KEe, 249289.408883, MEe, 8.309646963e+00, E, -600.000000, NP, 30000 3000
9800, t, 8.708616e-07, KEe, 250789.134995, MEe, 8.359637833e+00, E, -600.000000, NP, 30000 3000
9900, t, 8.797479e-07, KEe, 250215.061365, MEe, 8.340502045e+00, E, -600.000000, NP, 30000 3000
10000, t, 8.886343e-07, KEe, 248619.900871, MEe, 8.287330029e+00, E, -600.000000, NP, 30000 3000
10100, t, 8.975206e-07, KEe, 248182.402461, MEe, 8.272746749e+00, E, -600.000000, NP, 30000 3000
10200, t, 9.064069e-07, KEe, 251156.540781, MEe, 8.371884693e+00, E, -600.000000, NP, 30000 3000
10300, t, 9.152933e-07, KEe, 250897.886859, MEe, 8.363262895e+00, E, -600.000000, NP, 30000 3000
10400, t, 9.241796e-07, KEe, 249524.203072, MEe, 8.317473436e+00, E, -600.000000, NP, 30000 3000
10500, t, 9.330660e-07, KEe, 248779.733393, MEe, 8.292657780e+00, E, -600.000000, NP, 30000 3000
10600, t, 9.419523e-07, KEe, 250630.316593, MEe, 8.354343886e+00, E, -600.000000, NP, 30000 3000
10700, t, 9.508387e-07, KEe, 249674.874629, MEe, 8.322495821e+00, E, -600.000000, NP, 30000 3000
10800, t, 9.597250e-07, KEe, 249833.529095, MEe, 8.327784303e+00, E, -600.000000, NP, 30000 3000
10900, t, 9.686113e-07, KEe, 250021.934388, MEe, 8.334064480e+00, E, -600.000000, NP, 30000 3000
11000, t, 9.774977e-07, KEe, 250872.450963, MEe, 8.362415032e+00, E, -600.000000, NP, 30000 3000
11100, t, 9.863840e-07, KEe, 250102.734486, MEe, 8.336757816e+00, E, -600.000000, NP, 30000 3000
11200, t, 9.952704e-07, KEe, 250010.178386, MEe, 8.333672613e+00, E, -600.000000, NP, 30000 3000
11300, t, 1.004157e-06, KEe, 251035.740655, MEe, 8.367858022e+00, E, -600.000000, NP, 30000 3000
11400, t, 1.013043e-06, KEe, 250395.063308, MEe, 8.346502110e+00, E, -600.000000, NP, 30000 3000
11500, t, 1.021929e-06, KEe, 250851.206445, MEe, 8.361706881e+00, E, -600.000000, NP, 30000 3000
11600, t, 1.030816e-06, KEe, 250391.772795, MEe, 8.346392427e+00, E, -600.000000, NP, 30000 3000
11700, t, 1.039702e-06, KEe, 250530.048093, MEe, 8.351001603e+00, E, -600.000000, NP, 30000 3000
11800, t, 1.048588e-06, KEe, 250438.003958, MEe, 8.347933465e+00, E, -600.000000, NP, 30000 3000
11900, t, 1.057475e-06, KEe, 249940.196775, MEe, 8.331339892e+00, E, -600.000000, NP, 30000 3000
12000, t, 1.066361e-06, KEe, 248717.395742, MEe, 8.290579858e+00, E, -600.000000, NP, 30000 3000
12100, t, 1.075247e-06, KEe, 249840.353393, MEe, 8.328011780e+00, E, -600.000000, NP, 30000 3000
12200, t, 1.084134e-06, KEe, 249349.806717, MEe, 8.311660224e+00, E, -600.000000, NP, 30000 3000
12300, t, 1.093020e-06, KEe, 250408.059589, MEe, 8.346935320e+00, E, -600.000000, NP, 30000 3000
12400, t, 1.101906e-06, KEe, 249524.189551, MEe, 8.317472985e+00, E, -600.000000, NP, 30000 3000
12500, t, 1.110793e-06, KEe, 248711.075906, MEe, 8.290369197e+00, E, -600.000000, NP, 30000 3000
12600, t, 1.119679e-06, KEe, 249465.422757, MEe, 8.315514092e+00, E, -600.000000, NP, 30000 3000
12700, t, 1.128566e-06, KEe, 249885.158941, MEe, 8.329505298e+00, E, -600.000000, NP, 30000 3000
12800, t, 1.137452e-06, KEe, 250930.669094, MEe, 8.364355636e+00, E, -600.000000, NP, 30000 3000
12900, t, 1.146338e-06, KEe, 251954.394627, MEe, 8.398479821e+00, E, -600.000000, NP, 30000 3000
13000, t, 1.155225e-06, KEe, 250042.890707, MEe, 8.334763024e+00, E, -600.000000, NP, 30000 3000
13100, t, 1.164111e-06, KEe, 249378.044036, MEe, 8.312601468e+00, E, -600.000000, NP, 30000 3000
13200, t, 1.172997e-06, KEe, 249732.726736, MEe, 8.324424225e+00, E, -600.000000, NP, 30000 3000
13300, t, 1.181884e-06, KEe, 249619.466132, MEe, 8.320648871e+00, E, -600.000000, NP, 30000 3000
13400, t, 1.190770e-06, KEe, 249949.661677, MEe, 8.331655389e+00, E, -600.000000, NP, 30000 3000
13500, t, 1.199656e-06, KEe, 250973.702937, MEe, 8.365790098e+00, E, -600.000000, NP, 30000 3000
13600, t, 1.208543e-06, KEe, 250553.527014, MEe, 8.351784234e+00, E, -600.000000, NP, 30000 3000
13700, t, 1.217429e-06, KEe, 249726.468650, MEe, 8.324215622e+00, E, -600.000000, NP, 30000 3000
13800, t, 1.226315e-06, KEe, 249544.813497, MEe, 8.318160450e+00, E, -600.000000, NP, 30000 3000
13900, t, 1.235202e-06, KEe, 249416.793047, MEe, 8.313893102e+00, E, -600.000000, NP, 30000 3000
14000, t, 1.244088e-06, KEe, 248921.052959, MEe, 8.297368432e+00, E, -600.000000, NP, 30000 3000
14100, t, 1.252974e-06, KEe, 250055.592277, MEe, 8.335186409e+00, E, -600.000000, NP, 30000 3000
14200, t, 1.261861e-06, KEe, 250167.975265, MEe, 8.338932509e+00, E, -600.000000, NP, 30000 3000
14300, t, 1.270747e-06, KEe, 249663.724803, MEe, 8.322124160e+00, E, -600.000000, NP, 30000 3000
14400, t, 1.279633e-06, KEe, 249535.095412, MEe, 8.317836514e+00, E, -600.000000, NP, 30000 3000
14500, t, 1.288520e-06, KEe, 250199.090894, MEe, 8.339969696e+00, E, -600.000000, NP, 30000 3000
14600, t, 1.297406e-06, KEe, 250920.429263, MEe, 8.364014309e+00, E, -600.000000, NP, 30000 3000
14700, t, 1.306292e-06, KEe, 250766.248423, MEe, 8.358874947e+00, E, -600.000000, NP, 30000 3000
14800, t, 1.315179e-06, KEe, 250013.589975, MEe, 8.333786332e+00, E, -600.000000, NP, 30000 3000
14900, t, 1.324065e-06, KEe, 249653.321324, MEe, 8.321777377e+00, E, -600.000000, NP, 30000 3000
15000, t, 1.332951e-06, KEe, 249403.198511, MEe, 8.313439950e+00, E, -600.000000, NP, 30000 3000
15100, t, 1.341838e-06, KEe, 250484.467254, MEe, 8.349482242e+00, E, -600.000000, NP, 30000 3000
15200, t, 1.350724e-06, KEe, 250695.287371, MEe, 8.356509579e+00, E, -600.000000, NP, 30000 3000
15300, t, 1.359610e-06, KEe, 249604.546924, MEe, 8.320151564e+00, E, -600.000000, NP, 30000 3000
15400, t, 1.368497e-06, KEe, 249550.696285, MEe, 8.318356543e+00, E, -600.000000, NP, 30000 3000
15500, t, 1.377383e-06, KEe, 248618.933454, MEe, 8.287297782e+00, E, -600.000000, NP, 30000 3000
15600, t, 1.386269e-06, KEe, 248542.793627, MEe, 8.284759788e+00, E, -600.000000, NP, 30000 3000
15700, t, 1.395156e-06, KEe, 249095.889700, MEe, 8.303196323e+00, E, -600.000000, NP, 30000 3000
15800, t, 1.404042e-06, KEe, 249387.151017, MEe, 8.312905034e+00, E, -600.000000, NP, 30000 3000
15900, t, 1.412928e-06, KEe, 250390.818007, MEe, 8.346360600e+00, E, -600.000000, NP, 30000 3000
16000, t, 1.421815e-06, KEe, 249937.839918, MEe, 8.331261331e+00, E, -600.000000, NP, 30000 3000
16100, t, 1.430701e-06, KEe, 249766.649178, MEe, 8.325554973e+00, E, -600.000000, NP, 30000 3000
16200, t, 1.439588e-06, KEe, 250013.626320, MEe, 8.333787544e+00, E, -600.000000, NP, 30000 3000
16300, t, 1.448474e-06, KEe, 248821.785533, MEe, 8.294059518e+00, E, -600.000000, NP, 30000 3000
16400, t, 1.457360e-06, KEe, 249630.737115, MEe, 8.321024570e+00, E, -600.000000, NP, 30000 3000
16500, t, 1.466247e-06, KEe, 250091.179437, MEe, 8.336372648e+00, E, -600.000000, NP, 30000 3000
16600, t, 1.475133e-06, KEe, 250197.768840, MEe, 8.339925628e+00, E, -600.000000, NP, 30000 3000
16700, t, 1.484019e-06, KEe, 250825.687747, MEe, 8.360856258e+00, E, -600.000000, NP, 30000 3000
16800, t, 1.492906e-06, KEe, 250466.343431, MEe, 8.348878114e+00, E, -600.000000, NP, 30000 3000
16900, t, 1.501792e-06, KEe, 249959.495187, MEe, 8.331983173e+00, E, -600.000000, NP, 30000 3000
17000, t, 1.510678e-06, KEe, 248846.440161, MEe, 8.294881339e+00, E, -600.000000, NP, 30000 3000
17100, t, 1.519565e-06, KEe, 249333.269908, MEe, 8.311108997e+00, E, -600.000000, NP, 30000 3000
17200, t, 1.528451e-06, KEe, 249195.711672, MEe, 8.306523722e+00, E, -600.000000, NP, 30000 3000
17300, t, 1.537337e-06, KEe, 250041.353282, MEe, 8.334711776e+00, E, -600.000000, NP, 30000 3000
17400, t, 1.546224e-06, KEe, 250757.007435, MEe, 8.358566914e+00, E, -600.000000, NP, 30000 3000
17500, t, 1.555110e-06, KEe, 250380.862820, MEe, 8.346028761e+00, E, -600.000000, NP, 30000 3000
17600, t, 1.563996e-06, KEe, 250209.520542, MEe, 8.340317351e+00, E, -600.000000, NP, 30000 3000
17700, t, 1.572883e-06, KEe, 250670.636305, MEe, 8.355687877e+00, E, -600.000000, NP, 30000 3000
17800, t, 1.581769e-06, KEe, 250063.096783, MEe, 8.335436559e+00, E, -600.000000, NP, 30000 3000
17900, t, 1.590655e-06, KEe, 250984.880134, MEe, 8.366162671e+00, E, -600.000000, NP, 30000 3000
18000, t, 1.599542e-06, KEe, 249872.551638, MEe, 8.329085055e+00, E, -600.000000, NP, 30000 3000
18100, t, 1.608428e-06, KEe, 250319.405333, MEe, 8.343980178e+00, E, -600.000000, NP, 30000 3000
18200, t, 1.617314e-06, KEe, 250678.795418, MEe, 8.355959847e+00, E, -600.000000, NP, 30000 3000
18300, t, 1.626201e-06, KEe, 251565.404565, MEe, 8.385513486e+00, E, -600.000000, NP, 30000 3000
18400, t, 1.635087e-06, KEe, 250849.548161, MEe, 8.361651605e+00, E, -600.000000, NP, 30000 3000
18500, t, 1.643973e-06, KEe, 250989.766470, MEe, 8.366325549e+00, E, -600.000000, NP, 30000 3000
18600, t, 1.652860e-06, KEe, 251166.674745, MEe, 8.372222491e+00, E, -600.000000, NP, 30000 3000
18700, t, 1.661746e-06, KEe, 250953.164716, MEe, 8.365105491e+00, E, -600.000000, NP, 30000 3000
18800, t, 1.670632e-06, KEe, 249486.873210, MEe, 8.316229107e+00, E, -600.000000, NP, 30000 3000
18900, t, 1.679519e-06, KEe, 250886.444715, MEe, 8.362881490e+00, E, -600.000000, NP, 30000 3000
19000, t, 1.688405e-06, KEe, 250214.410998, MEe, 8.340480367e+00, E, -600.000000, NP, 30000 3000
19100, t, 1.697291e-06, KEe, 249607.429172, MEe, 8.320247639e+00, E, -600.000000, NP, 30000 3000
19200, t, 1.706178e-06, KEe, 250152.545509, MEe, 8.338418184e+00, E, -600.000000, NP, 30000 3000
19300, t, 1.715064e-06, KEe, 250365.692614, MEe, 8.345523087e+00, E, -600.000000, NP, 30000 3000
19400, t, 1.723950e-06, KEe, 250181.222479, MEe, 8.339374083e+00, E, -600.000000, NP, 30000 3000
19500, t, 1.732837e-06, KEe, 250410.945041, MEe, 8.347031501e+00, E, -600.000000, NP, 30000 3000
19600, t, 1.741723e-06, KEe, 249898.136295, MEe, 8.329937877e+00, E, -600.000000, NP, 30000 3000
19700, t, 1.750609e-06, KEe, 249475.712706, MEe, 8.315857090e+00, E, -600.000000, NP, 30000 3000
19800, t, 1.759496e-06, KEe, 249497.363695, MEe, 8.316578790e+00, E, -600.000000, NP, 30000 3000
19900, t, 1.768382e-06, KEe, 249563.573565, MEe, 8.318785786e+00, E, -600.000000, NP, 30000 3000
20000, t, 1.777269e-06, KEe, 250595.926601, MEe, 8.353197553e+00, E, -600.000000, NP, 30000 3000
20100, t, 1.786155e-06, KEe, 251076.831121, MEe, 8.369227704e+00, E, -600.000000, NP, 30000 3000
20200, t, 1.795041e-06, KEe, 250388.238921, MEe, 8.346274631e+00, E, -600.000000, NP, 30000 3000
20300, t, 1.803928e-06, KEe, 249897.491412, MEe, 8.329916380e+00, E, -600.000000, NP, 30000 3000
20400, t, 1.812814e-06, KEe, 249697.442148, MEe, 8.323248072e+00, E, -600.000000, NP, 30000 3000
20500, t, 1.821700e-06, KEe, 250904.528668, MEe, 8.363484289e+00, E, -600.000000, NP, 30000 3000
20600, t, 1.830587e-06, KEe, 250015.812842, MEe, 8.333860428e+00, E, -600.000000, NP, 30000 3000
20700, t, 1.839473e-06, KEe, 250927.360085, MEe, 8.364245336e+00, E, -600.000000, NP, 30000 3000
20800, t, 1.848359e-06, KEe, 250546.264844, MEe, 8.351542161e+00, E, -600.000000, NP, 30000 3000
20900, t, 1.857246e-06, KEe, 251740.027504, MEe, 8.391334250e+00, E, -600.000000, NP, 30000 3000
21000, t, 1.866132e-06, KEe, 251012.366610, MEe, 8.367078887e+00, E, -600.000000, NP, 30000 3000
21100, t, 1.875018e-06, KEe, 250663.899342, MEe, 8.355463311e+00, E, -600.000000, NP, 30000 3000
21200, t, 1.883905e-06, KEe, 251237.639074, MEe, 8.374587969e+00, E, -600.000000, NP, 30000 3000
21300, t, 1.892791e-06, KEe, 250076.022984, MEe, 8.335867433e+00, E, -600.000000, NP, 30000 3000
21400, t, 1.901677e-06, KEe, 249969.048054, MEe, 8.332301602e+00, E, -600.000000, NP, 30000 3000
21500, t, 1.910564e-06, KEe, 249993.813215, MEe, 8.333127107e+00, E, -600.000000, NP, 30000 3000
21600, t, 1.919450e-06, KEe, 248998.763143, MEe, 8.299958771e+00, E, -600.000000, NP, 30000 3000
21700, t, 1.928336e-06, KEe, 248954.705125, MEe, 8.298490171e+00, E, -600.000000, NP, 30000 3000
21800, t, 1.937223e-06, KEe, 250054.122038, MEe, 8.335137401e+00, E, -600.000000, NP, 30000 3000
21900, t, 1.946109e-06, KEe, 249811.651996, MEe, 8.327055067e+00, E, -600.000000, NP, 30000 3000
22000, t, 1.954995e-06, KEe, 250147.911559, MEe, 8.338263719e+00, E, -600.000000, NP, 30000 3000
22100, t, 1.963882e-06, KEe, 250250.010278, MEe, 8.341667009e+00, E, -600.000000, NP, 30000 3000
22200, t, 1.972768e-06, KEe, 249678.093913, MEe, 8.322603130e+00, E, -600.000000, NP, 30000 3000
22300, t, 1.981654e-06, KEe, 249164.178464, MEe, 8.305472615e+00, E, -600.000000, NP, 30000 3000
22400, t, 1.990541e-06, KEe, 249633.118368, MEe, 8.321103946e+00, E, -600.000000, NP, 30000 3000
22500, t, 1.999427e-06, KEe, 250380.984347, MEe, 8.346032812e+00, E, -600.000000, NP, 30000 3000
22600, t, 2.008313e-06, KEe, 250340.984107, MEe, 8.344699470e+00, E, -600.000000, NP, 30000 3000
22700, t, 2.017200e-06, KEe, 250032.434609, MEe, 8.334414487e+00, E, -600.000000, NP, 30000 3000
22800, t, 2.026086e-06, KEe, 250200.621503, MEe, 8.340020717e+00, E, -600.000000, NP, 30000 3000
22900, t, 2.034972e-06, KEe, 250730.541772, MEe, 8.357684726e+00, E, -600.000000, NP, 30000 3000
23000, t, 2.043859e-06, KEe, 251808.254014, MEe, 8.393608467e+00, E, -600.000000, NP, 30000 3000
23100, t, 2.052745e-06, KEe, 251820.331351, MEe, 8.394011045e+00, E, -600.000000, NP, 30000 3000
23200, t, 2.061631e-06, KEe, 249795.985227, MEe, 8.326532841e+00, E, -600.000000, NP, 30000 3000
23300, t, 2.070518e-06, KEe, 250206.557199, MEe, 8.340218573e+00, E, -600.000000, NP, 30000 3000
23400, t, 2.079404e-06, KEe, 249524.778752, MEe, 8.317492625e+00, E, -600.000000, NP, 30000 3000
23500, t, 2.088291e-06, KEe, 249027.583795, MEe, 8.300919460e+00, E, -600.000000, NP, 30000 3000
23600, t, 2.097177e-06, KEe, 250664.399100, MEe, 8.355479970e+00, E, -600.000000, NP, 30000 3000
23700, t, 2.106063e-06, KEe, 250323.098847, MEe, 8.344103295e+00, E, -600.000000, NP, 30000 3000
23800, t, 2.114950e-06, KEe, 249330.569178, MEe, 8.311018973e+00, E, -600.000000, NP, 30000 3000
23900, t, 2.123836e-06, KEe, 249379.458112, MEe, 8.312648604e+00, E, -600.000000, NP, 30000 3000
24000, t, 2.132722e-06, KEe, 249043.033355, MEe, 8.301434445e+00, E, -600.000000, NP, 30000 3000
24100, t, 2.141609e-06, KEe, 249735.008227, MEe, 8.324500274e+00, E, -600.000000, NP, 30000 3000
24200, t, 2.150495e-06, KEe, 250138.031957, MEe, 8.337934399e+00, E, -600.000000, NP, 30000 3000
24300, t, 2.159381e-06, KEe, 248209.489844, MEe, 8.273649661e+00, E, -600.000000, NP, 30000 3000
24400, t, 2.168268e-06, KEe, 248254.204114, MEe, 8.275140137e+00, E, -600.000000, NP, 30000 3000
24500, t, 2.177154e-06, KEe, 248663.831512, MEe, 8.288794384e+00, E, -600.000000, NP, 30000 3000
24600, t, 2.186040e-06, KEe, 249591.100716, MEe, 8.319703357e+00, E, -600.000000, NP, 30000 3000
24700, t, 2.194927e-06, KEe, 249804.359929, MEe, 8.326811998e+00, E, -600.000000, NP, 30000 3000
24800, t, 2.203813e-06, KEe, 250254.022490, MEe, 8.341800750e+00, E, -600.000000, NP, 30000 3000
24900, t, 2.212699e-06, KEe, 250181.724148, MEe, 8.339390805e+00, E, -600.000000, NP, 30000 3000
25000, t, 2.221586e-06, KEe, 249359.104615, MEe, 8.311970154e+00, E, -600.000000, NP, 30000 3000
25100, t, 2.230472e-06, KEe, 249357.995914, MEe, 8.311933197e+00, E, -600.000000, NP, 30000 3000
25200, t, 2.239358e-06, KEe, 249091.250533, MEe, 8.303041684e+00, E, -600.000000, NP, 30000 3000
25300, t, 2.248245e-06, KEe, 249819.650100, MEe, 8.327321670e+00, E, -600.000000, NP, 30000 3000
25400, t, 2.257131e-06, KEe, 250170.551745, MEe, 8.339018391e+00, E, -600.000000, NP, 30000 3000
25500, t, 2.266017e-06, KEe, 250421.048980, MEe, 8.347368299e+00, E, -600.000000, NP, 30000 3000
25600, t, 2.274904e-06, KEe, 250028.750250, MEe, 8.334291675e+00, E, -600.000000, NP, 30000 3000
25700, t, 2.283790e-06, KEe, 248110.502830, MEe, 8.270350094e+00, E, -600.000000, NP, 30000 3000
25800, t, 2.292676e-06, KEe, 248696.677573, MEe, 8.289889252e+00, E, -600.000000, NP, 30000 3000
25900, t, 2.301563e-06, KEe, 249485.035049, MEe, 8.316167835e+00, E, -600.000000, NP, 30000 3000
26000, t, 2.310449e-06, KEe, 250488.542574, MEe, 8.349618086e+00, E, -600.000000, NP, 30000 3000
26100, t, 2.319335e-06, KEe, 251497.909992, MEe, 8.383263666e+00, E, -600.000000, NP, 30000 3000
26200, t, 2.328222e-06, KEe, 250215.074465, MEe, 8.340502482e+00, E, -600.000000, NP, 30000 3000
26300, t, 2.337108e-06, KEe, 250136.210573, MEe, 8.337873686e+00, E, -600.000000, NP, 30000 3000
26400, t, 2.345994e-06, KEe, 250620.607548, MEe, 8.354020252e+00, E, -600.000000, NP, 30000 3000
26500, t, 2.354881e-06, KEe, 250720.560503, MEe, 8.357352017e+00, E, -600.000000, NP, 30000 3000
26600, t, 2.363767e-06, KEe, 251225.723990, MEe, 8.374190800e+00, E, -600.000000, NP, 30000 3000
26700, t, 2.372653e-06, KEe, 250330.776845, MEe, 8.344359228e+00, E, -600.000000, NP, 30000 3000
26800, t, 2.381540e-06, KEe, 250021.528010, MEe, 8.334050934e+00, E, -600.000000, NP, 30000 3000
26900, t, 2.390426e-06, KEe, 250092.438465, MEe, 8.336414616e+00, E, -600.000000, NP, 30000 3000
27000, t, 2.399313e-06, KEe, 249471.751975, MEe, 8.315725066e+00, E, -600.000000, NP, 30000 3000
27100, t, 2.408199e-06, KEe, 248529.496385, MEe, 8.284316546e+00, E, -600.000000, NP, 30000 3000
27200, t, 2.417085e-06, KEe, 249219.327898, MEe, 8.307310930e+00, E, -600.000000, NP, 30000 3000
27300, t, 2.425972e-06, KEe, 250300.673776, MEe, 8.343355793e+00, E, -600.000000, NP, 30000 3000
27400, t, 2.434858e-06, KEe, 249948.367925, MEe, 8.331612264e+00, E, -600.000000, NP, 30000 3000
27500, t, 2.443744e-06, KEe, 249743.709164, MEe, 8.324790305e+00, E, -600.000000, NP, 30000 3000
27600, t, 2.452631e-06, KEe, 250311.763357, MEe, 8.343725445e+00, E, -600.000000, NP, 30000 3000
27700, t, 2.461517e-06, KEe, 250190.826271, MEe, 8.339694209e+00, E, -600.000000, NP, 30000 3000
27800, t, 2.470403e-06, KEe, 249167.036541, MEe, 8.305567885e+00, E, -600.000000, NP, 30000 3000
27900, t, 2.479290e-06, KEe, 249093.798825, MEe, 8.303126628e+00, E, -600.000000, NP, 30000 3000
28000, t, 2.488176e-06, KEe, 249965.056807, MEe, 8.332168560e+00, E, -600.000000, NP, 30000 3000
28100, t, 2.497062e-06, KEe, 248497.708645, MEe, 8.283256955e+00, E, -600.000000, NP, 30000 3000
28200, t, 2.505949e-06, KEe, 248661.299439, MEe, 8.288709981e+00, E, -600.000000, NP, 30000 3000
28300, t, 2.514835e-06, KEe, 249177.961092, MEe, 8.305932036e+00, E, -600.000000, NP, 30000 3000
28400, t, 2.523721e-06, KEe, 250074.305810, MEe, 8.335810194e+00, E, -600.000000, NP, 30000 3000
28500, t, 2.532608e-06, KEe, 248930.058356, MEe, 8.297668612e+00, E, -600.000000, NP, 30000 3000
28600, t, 2.541494e-06, KEe, 248243.975436, MEe, 8.274799181e+00, E, -600.000000, NP, 30000 3000
28700, t, 2.550380e-06, KEe, 248997.383084, MEe, 8.299912769e+00, E, -600.000000, NP, 30000 3000
28800, t, 2.559267e-06, KEe, 249430.547406, MEe, 8.314351580e+00, E, -600.000000, NP, 30000 3000
28900, t, 2.568153e-06, KEe, 249164.031368, MEe, 8.305467712e+00, E, -600.000000, NP, 30000 3000
29000, t, 2.577039e-06, KEe, 249339.628121, MEe, 8.311320937e+00, E, -600.000000, NP, 30000 3000
29100, t, 2.585926e-06, KEe, 249868.044845, MEe, 8.328934828e+00, E, -600.000000, NP, 30000 3000
29200, t, 2.594812e-06, KEe, 250506.820884, MEe, 8.350227363e+00, E, -600.000000, NP, 30000 3000
29300, t, 2.603698e-06, KEe, 250666.973279, MEe, 8.355565776e+00, E, -600.000000, NP, 30000 3000
29400, t, 2.612585e-06, KEe, 250416.895975, MEe, 8.347229866e+00, E, -600.000000, NP, 30000 3000
29500, t, 2.621471e-06, KEe, 249104.628793, MEe, 8.303487626e+00, E, -600.000000, NP, 30000 3000
29600, t, 2.630357e-06, KEe, 250420.108675, MEe, 8.347336956e+00, E, -600.000000, NP, 30000 3000
29700, t, 2.639244e-06, KEe, 250615.012019, MEe, 8.353833734e+00, E, -600.000000, NP, 30000 3000
29800, t, 2.648130e-06, KEe, 249551.017774, MEe, 8.318367259e+00, E, -600.000000, NP, 30000 3000
29900, t, 2.657016e-06, KEe, 249778.591861, MEe, 8.325953062e+00, E, -600.000000, NP, 30000 3000
30000, t, 2.665903e-06, KEe, 249357.050932, MEe, 8.311901698e+00, E, -600.000000, NP, 30000 3000
