RandMax 2147483647
reading box length: 1.000000e-06 (m)
reading number of particle types: 2
reading number of particles of type 0: 30000
reading number of particles of type 1: 3000
reading temperature of particle type 0: 0.000000 (eV)
reading temperature of particle type 1: 0.025900 (eV)
reading flow velocity of particle type 0: 0.000000 (eV)
reading flow velocity of particle type 1: 0.000000 (eV)
reading charge of particle type 0: -1.000000 (elementary charge)
reading charge of particle type 1: 0.000000 (elementary charge)
reading mass of particle type 0: 0.000549 (amu)
reading mass of particle type 1: 28.000000 (amu)
reading number of time steps: 30000
reading vsigma max samples: 1000
reading time step dt: 2.962114e-10
reading electric field: -1.800000e+02 (V/m)
reading electric frequency: 0.000000e+00 (Hz)
reading magnetic field: 0.000000e+00 0.000000e+00 0.000000e+00 (Tesla)
reading vdf dump spec: 1000 1000000 0
reading extrapolation option: 0
reading memory allocation: 0.000000e+00 (GB)
reading auto dump spec: 0
reading output stride spec: 100
reading carry remainder spec: 0
found cross_sections/Ar.dat file for particle 0 with 1 in indeck, differential model found: Aubin
found cross_sections/Ar->Ar(3d'[3/2]1).dat file for particle 0 with 1 in indeck
found cross_sections/Ar->Ar(3d'[3/2]2).dat file for particle 0 with 1 in indeck
found cross_sections/Ar->Ar(3d'[5/2]2).dat file for particle 0 with 1 in indeck
found cross_sections/Ar->Ar(3d'[5/2]3).dat file for particle 0 with 1 in indeck
found cross_sections/Ar->Ar(3d[1/2]0).dat file for particle 0 with 1 in indeck
found cross_sections/Ar->Ar(3d[1/2]1).dat file for particle 0 with 1 in indeck
found cross_sections/Ar->Ar(3d[3/2]1).dat file for particle 0 with 1 in indeck
found cross_sections/Ar->Ar(3d[3/2]2).dat file for particle 0 with 1 in indeck
found cross_sections/Ar->Ar(3d[5/2]2).dat file for particle 0 with 1 in indeck
found cross_sections/Ar->Ar(3d[5/2]3).dat file for particle 0 with 1 in indeck
found cross_sections/Ar->Ar(3d[7/2]3).dat file for particle 0 with 1 in indeck
found cross_sections/Ar->Ar(3d[7/2]4).dat file for particle 0 with 1 in indeck
found cross_sections/Ar->Ar(4p'[1/2]0).dat file for particle 0 with 1 in indeck
found cross_sections/Ar->Ar(4p'[1/2]1).dat file for particle 0 with 1 in indeck
found cross_sections/Ar->Ar(4p'[3/2]1).dat file for particle 0 with 1 in indeck
found cross_sections/Ar->Ar(4p'[3/2]2).dat file for particle 0 with 1 in indeck
found cross_sections/Ar->Ar(4p[1/2]0).dat file for particle 0 with 1 in indeck
found cross_sections/Ar->Ar(4p[1/2]1).dat file for particle 0 with 1 in indeck
found cross_sections/Ar->Ar(4p[3/2]1).dat file for particle 0 with 1 in indeck
found cross_sections/Ar->Ar(4p[3/2]2).dat file for particle 0 with 1 in indeck
found cross_sections/Ar->Ar(4p[5/2]2).dat file for particle 0 with 1 in indeck
found cross_sections/Ar->Ar(4p[5/2]3).dat file for particle 0 with 1 in indeck
found cross_sections/Ar->Ar(4s'[1/2]0).dat file for particle 0 with 1 in indeck
found cross_sections/Ar->Ar(4s'[1/2]1).dat file for particle 0 with 1 in indeck
found cross_sections/Ar->Ar(4s[3/2]1).dat file for particle 0 with 1 in indeck
found cross_sections/Ar->Ar(4s[3/2]2).dat file for particle 0 with 1 in indeck
found cross_sections/Ar->Ar(5s'[1/2]0).dat file for particle 0 with 1 in indeck
found cross_sections/Ar->Ar(5s'[1/2]1).dat file for particle 0 with 1 in indeck
found cross_sections/Ar->Ar(5s[3/2]1).dat file for particle 0 with 1 in indeck
found cross_sections/Ar->Ar(5s[3/2]2).dat file for particle 0 with 1 in indeck
found cross_sections/Ar->Ar(Rydberg).dat file for particle 0 with 1 in indeck
found cross_sections/Ar->Ar^+.dat file for particle 0 with 1 in indeck, differential model found: Uniform
reading cross_sections/Ar.dat
reading cross_sections/Ar->Ar(3d'[3/2]1).dat
reading cross_sections/Ar->Ar(3d'[3/2]2).dat
reading cross_sections/Ar->Ar(3d'[5/2]2).dat
reading cross_sections/Ar->Ar(3d'[5/2]3).dat
reading cross_sections/Ar->Ar(3d[1/2]0).dat
reading cross_sections/Ar->Ar(3d[1/2]1).dat
reading cross_sections/Ar->Ar(3d[3/2]1).dat
reading cross_sections/Ar->Ar(3d[3/2]2).dat
reading cross_sections/Ar->Ar(3d[5/2]2).dat
reading cross_sections/Ar->Ar(3d[5/2]3).dat
reading cross_sections/Ar->Ar(3d[7/2]3).dat
reading cross_sections/Ar->Ar(3d[7/2]4).dat
reading cross_sections/Ar->Ar(4p'[1/2]0).dat
reading cross_sections/Ar->Ar(4p'[1/2]1).dat
reading cross_sections/Ar->Ar(4p'[3/2]1).dat
reading cross_sections/Ar->Ar(4p'[3/2]2).dat
reading cross_sections/Ar->Ar(4p[1/2]0).dat
reading cross_sections/Ar->Ar(4p[1/2]1).dat
reading cross_sections/Ar->Ar(4p[3/2]1).dat
reading cross_sections/Ar->Ar(4p[3/2]2).dat
reading cross_sections/Ar->Ar(4p[5/2]2).dat
reading cross_sections/Ar->Ar(4p[5/2]3).dat
reading cross_sections/Ar->Ar(4s'[1/2]0).dat
reading cross_sections/Ar->Ar(4s'[1/2]1).dat
reading cross_sections/Ar->Ar(4s[3/2]1).dat
reading cross_sections/Ar->Ar(4s[3/2]2).dat
reading cross_sections/Ar->Ar(5s'[1/2]0).dat
reading cross_sections/Ar->Ar(5s'[1/2]1).dat
reading cross_sections/Ar->Ar(5s[3/2]1).dat
reading cross_sections/Ar->Ar(5s[3/2]2).dat
reading cross_sections/Ar->Ar(Rydberg).dat
reading cross_sections/Ar->Ar^+.dat
Memory per particle: 72 bytes
Memory for all initial particles: 2.213e-03 GB
Allocating space for 132000 particles
------------------------------------
0, t, 0.000000e+00, KEe, 0.000000, MEe, 0.000000000e+00, E, -180.000000, NP, 30000 3000
100, t, 2.962114e-08, KEe, 61838.664797, MEe, 2.061288827e+00, E, -180.000000, NP, 30000 3000
200, t, 5.924228e-08, KEe, 100855.367563, MEe, 3.361845585e+00, E, -180.000000, NP, 30000 3000
300, t, 8.886343e-08, KEe, 115572.342528, MEe, 3.852411418e+00, E, -180.000000, NP, 30000 3000
400, t, 1.184846e-07, KEe, 129232.303894, MEe, 4.307743463e+00, E, -180.000000, NP, 30000 3000
500, t, 1.481057e-07, KEe, 141050.624303, MEe, 4.701687477e+00, E, -180.000000, NP, 30000 3000
600, t, 1.777269e-07, KEe, 150700.887249, MEe, 5.023362908e+00, E, -180.000000, NP, 30000 3000
700, t, 2.073480e-07, KEe, 159094.386507, MEe, 5.303146217e+00, E, -180.000000, NP, 30000 3000
800, t, 2.369691e-07, KEe, 165561.068406, MEe, 5.518702280e+00, E, -180.000000, NP, 30000 3000
900, t, 2.665903e-07, KEe, 170764.204399, MEe, 5.692140147e+00, E, -180.000000, NP, 30000 3000
1000, t, 2.962114e-07, KEe, 175392.359298, MEe, 5.846411977e+00, E, -180.000000, NP, 30000 3000
1100, t, 3.258326e-07, KEe, 178383.552617, MEe, 5.946118421e+00, E, -180.000000, NP, 30000 3000
1200, t, 3.554537e-07, KEe, 181000.109314, MEe, 6.033336977e+00, E, -180.000000, NP, 30000 3000
1300, t, 3.850748e-07, KEe, 183197.917905, MEe, 6.106597264e+00, E, -180.000000, NP, 30000 3000
1400, t, 4.146960e-07, KEe, 184205.156751, MEe, 6.140171892e+00, E, -180.000000, NP, 30000 3000
1500, t, 4.443171e-07, KEe, 184743.513796, MEe, 6.158117127e+00, E, -180.000000, NP, 30000 3000
1600, t, 4.739383e-07, KEe, 185565.490700, MEe, 6.185516357e+00, E, -180.000000, NP, 30000 3000
1700, t, 5.035594e-07, KEe, 186076.411138, MEe, 6.202547038e+00, E, -180.000000, NP, 30000 3000
1800, t, 5.331806e-07, KEe, 185918.593381, MEe, 6.197286446e+00, E, -180.000000, NP, 30000 3000
1900, t, 5.628017e-07, KEe, 186116.693963, MEe, 6.203889799e+00, E, -180.000000, NP, 30000 3000
2000, t, 5.924228e-07, KEe, 187083.307146, MEe, 6.236110238e+00, E, -180.000000, NP, 30000 3000
2100, t, 6.220440e-07, KEe, 186602.668575, MEe, 6.220088953e+00, E, -180.000000, NP, 30000 3000
2200, t, 6.516651e-07, KEe, 187177.201725, MEe, 6.239240057e+00, E, -180.000000, NP, 30000 3000
2300, t, 6.812863e-07, KEe, 187002.626059, MEe, 6.233420869e+00, E, -180.000000, NP, 30000 3000
2400, t, 7.109074e-07, KEe, 188083.609540, MEe, 6.269453651e+00, E, -180.000000, NP, 30000 3000
2500, t, 7.405286e-07, KEe, 188136.255536, MEe, 6.271208518e+00, E, -180.000000, NP, 30000 3000
2600, t, 7.701497e-07, KEe, 187865.172175, MEe, 6.262172406e+00, E, -180.000000, NP, 30000 3000
2700, t, 7.997708e-07, KEe, 187294.280044, MEe, 6.243142668e+00, E, -180.000000, NP, 30000 3000
2800, t, 8.293920e-07, KEe, 187136.247434, MEe, 6.237874914e+00, E, -180.000000, NP, 30000 3000
2900, t, 8.590131e-07, KEe, 187224.980534, MEe, 6.240832684e+00, E, -180.000000, NP, 30000 3000
3000, t, 8.886343e-07, KEe, 186992.509591, MEe, 6.233083653e+00, E, -180.000000, NP, 30000 3000
3100, t, 9.182554e-07, KEe, 186773.842386, MEe, 6.225794746e+00, E, -180.000000, NP, 30000 3000
3200, t, 9.478765e-07, KEe, 187517.714592, MEe, 6.250590486e+00, E, -180.000000, NP, 30000 3000
3300, t, 9.774977e-07, KEe, 187025.350700, MEe, 6.234178357e+00, E, -180.000000, NP, 30000 3000
3400, t, 1.007119e-06, KEe, 187097.245064, MEe, 6.236574835e+00, E, -180.000000, NP, 30000 3000
3500, t, 1.036740e-06, KEe, 187502.786112, MEe, 6.250092870e+00, E, -180.000000, NP, 30000 3000
3600, t, 1.066361e-06, KEe, 187313.128786, MEe, 6.243770960e+00, E, -180.000000, NP, 30000 3000
3700, t, 1.095982e-06, KEe, 187003.646640, MEe, 6.233454888e+00, E, -180.000000, NP, 30000 3000
3800, t, 1.125603e-06, KEe, 187122.100027, MEe, 6.237403334e+00, E, -180.000000, NP, 30000 3000
3900, t, 1.155225e-06, KEe, 187505.469332, MEe, 6.250182311e+00, E, -180.000000, NP, 30000 3000
4000, t, 1.184846e-06, KEe, 187975.959621, MEe, 6.265865321e+00, E, -180.000000, NP, 30000 3000
4100, t, 1.214467e-06, KEe, 187777.696707, MEe, 6.259256557e+00, E, -180.000000, NP, 30000 3000
4200, t, 1.244088e-06, KEe, 187867.508619, MEe, 6.262250287e+00, E, -180.000000, NP, 30000 3000
4300, t, 1.273709e-06, KEe, 187044.214908, MEe, 6.234807164e+00, E, -180.000000, NP, 30000 3000
4400, t, 1.303330e-06, KEe, 187678.869460, MEe, 6.255962315e+00, E, -180.000000, NP, 30000 3000
4500, t, 1.332951e-06, KEe, 188177.433011, MEe, 6.272581100e+00, E, -180.000000, NP, 30000 3000
4600, t, 1.362573e-06, KEe, 188078.672043, MEe, 6.269289068e+00, E, -180.000000, NP, 30000 3000
4700, t, 1.392194e-06, KEe, 187473.911764, MEe, 6.249130392e+00, E, -180.000000, NP, 30000 3000
4800, t, 1.421815e-06, KEe, 187827.437050, MEe, 6.260914568e+00, E, -180.000000, NP, 30000 3000
4900, t, 1.451436e-06, KEe, 187992.981874, MEe, 6.266432729e+00, E, -180.000000, NP, 30000 3000
5000, t, 1.481057e-06, KEe, 188069.894848, MEe, 6.268996495e+00, E, -180.000000, NP, 30000 3000
5100, t, 1.510678e-06, KEe, 188552.263909, MEe, 6.285075464e+00, E, -180.000000, NP, 30000 3000
5200, t, 1.540299e-06, KEe, 188120.438803, MEe, 6.270681293e+00, E, -180.000000, NP, 30000 3000
5300, t, 1.569921e-06, KEe, 187794.237925, MEe, 6.259807931e+00, E, -180.000000, NP, 30000 3000
5400, t, 1.599542e-06, KEe, 187584.357646, MEe, 6.252811922e+00, E, -180.000000, NP, 30000 3000
5500, t, 1.629163e-06, KEe, 187977.270339, MEe, 6.265909011e+00, E, -180.000000, NP, 30000 3000
5600, t, 1.658784e-06, KEe, 188160.437644, MEe, 6.272014588e+00, E, -180.000000, NP, 30000 3000
5700, t, 1.688405e-06, KEe, 188083.866844, MEe, 6.269462228e+00, E, -180.000000, NP, 30000 3000
5800, t, 1.718026e-06, KEe, 187498.872131, MEe, 6.249962404e+00, E, -180.000000, NP, 30000 3000
5900, t, 1.747647e-06, KEe, 187334.102599, MEe, 6.244470087e+00, E, -180.000000, NP, 30000 3000
6000, t, 1.777269e-06, KEe, 186632.079419, MEe, 6.221069314e+00, E, -180.000000, NP, 30000 3000
6100, t, 1.806890e-06, KEe, 186354.737040, MEe, 6.211824568e+00, E, -180.000000, NP, 30000 3000
6200, t, 1.836511e-06, KEe, 186486.092922, MEe, 6.216203097e+00, E, -180.000000, NP, 30000 3000
6300, t, 1.866132e-06, KEe, 186213.957439, MEe, 6.207131915e+00, E, -180.000000, NP, 30000 3000
6400, t, 1.895753e-06, KEe, 186139.672768, MEe, 6.204655759e+00, E, -180.000000, NP, 30000 3000
6500, t, 1.925374e-06, KEe, 185971.418471, MEe, 6.199047282e+00, E, -180.000000, NP, 30000 3000
6600, t, 1.954995e-06, KEe, 186645.790604, MEe, 6.221526353e+00, E, -180.000000, NP, 30000 3000
6700, t, 1.984617e-06, KEe, 186787.818078, MEe, 6.226260603e+00, E, -180.000000, NP, 30000 3000
6800, t, 2.014238e-06, KEe, 187674.696427, MEe, 6.255823214e+00, E, -180.000000, NP, 30000 3000
6900, t, 2.043859e-06, KEe, 187654.624929, MEe, 6.255154164e+00, E, -180.000000, NP, 30000 3000
7000, t, 2.073480e-06, KEe, 187638.065413, MEe, 6.254602180e+00, E, -180.000000, NP, 30000 3000
7100, t, 2.103101e-06, KEe, 188120.574030, MEe, 6.270685801e+00, E, -180.000000, NP, 30000 3000
7200, t, 2.132722e-06, KEe, 187910.949140, MEe, 6.263698305e+00, E, -180.000000, NP, 30000 3000
7300, t, 2.162343e-06, KEe, 187811.261825, MEe, 6.260375394e+00, E, -180.000000, NP, 30000 3000
7400, t, 2.191965e-06, KEe, 188125.439648, MEe, 6.270847988e+00, E, -180.000000, NP, 30000 3000
7500, t, 2.221586e-06, KEe, 188845.266261, MEe, 6.294842209e+00, E, -180.000000, NP, 30000 3000
7600, t, 2.251207e-06, KEe, 188575.899334, MEe, 6.285863311e+00, E, -180.000000, NP, 30000 3000
7700, t, 2.280828e-06, KEe, 188893.099543, MEe, 6.296436651e+00, E, -180.000000, NP, 30000 3000
7800, t, 2.310449e-06, KEe, 188920.424441, MEe, 6.297347481e+00, E, -180.000000, NP, 30000 3000
7900, t, 2.340070e-06, KEe, 188350.948173, MEe, 6.278364939e+00, E, -180.000000, NP, 30000 3000
8000, t, 2.369691e-06, KEe, 188649.010281, MEe, 6.288300343e+00, E, -180.000000, NP, 30000 3000
8100, t, 2.399313e-06, KEe, 188591.189637, MEe, 6.286372988e+00, E, -180.000000, NP, 30000 3000
8200, t, 2.428934e-06, KEe, 188480.307869, MEe, 6.282676929e+00, E, -180.000000, NP, 30000 3000
8300, t, 2.458555e-06, KEe, 187835.303793, MEe, 6.261176793e+00, E, -180.000000, NP, 30000 3000
8400, t, 2.488176e-06, KEe, 187921.073099, MEe, 6.264035770e+00, E, -180.000000, NP, 30000 3000
8500, t, 2.517797e-06, KEe, 188492.396775, MEe, 6.283079893e+00, E, -180.000000, NP, 30000 3000
8600, t, 2.547418e-06, KEe, 188447.358774, MEe, 6.281578626e+00, E, -180.000000, NP, 30000 3000
8700, t, 2.577039e-06, KEe, 188320.504306, MEe, 6.277350144e+00, E, -180.000000, NP, 30000 3000
8800, t, 2.606660e-06, KEe, 188200.061064, MEe, 6.273335369e+00, E, -180.000000, NP, 30000 3000
8900, t, 2.636282e-06, KEe, 187882.733062, MEe, 6.262757769e+00, E, -180.000000, NP, 30000 3000
9000, t, 2.665903e-06, KEe, 188361.797246, MEe, 6.278726575e+00, E, -180.000000, NP, 30000 3000
9100, t, 2.695524e-06, KEe, 188848.974659, MEe, 6.294965822e+00, E, -180.000000, NP, 30000 3000
9200, t, 2.725145e-06, KEe, 188535.591606, MEe, 6.284519720e+00, E, -180.000000, NP, 30000 3000
9300, t, 2.754766e-06, KEe, 189021.489971, MEe, 6.300716332e+00, E, -180.000000, NP, 30000 3000
9400, t, 2.784387e-06, KEe, 188870.187518, MEe, 6.295672917e+00, E, -180.000000, NP, 30000 3000
9500, t, 2.814008e-06, KEe, 188603.042596, MEe, 6.286768087e+00, E, -180.000000, NP, 30000 3000
9600, t, 2.843630e-06, KEe, 188175.175271, MEe, 6.272505842e+00, E, -180.000000, NP, 30000 3000
9700, t, 2.873251e-06, KEe, 188371.403969, MEe, 6.279046799e+00, E, -180.000000, NP, 30000 3000
9800, t, 2.902872e-06, KEe, 187789.426864, MEe, 6.259647562e+00, E, -180.000000, NP, 30000 3000
9900, t, 2.932493e-06, KEe, 188146.324023, MEe, 6.271544134e+00, E, -180.000000, NP, 30000 3000
10000, t, 2.962114e-06, KEe, 188221.068291, MEe, 6.274035610e+00, E, -180.000000, NP, 30000 3000
10100, t, 2.991735e-06, KEe, 188012.976393, MEe, 6.267099213e+00, E, -180.000000, NP, 30000 3000
10200, t, 3.021356e-06, KEe, 188192.257228, MEe, 6.273075241e+00, E, -180.000000, NP, 30000 3000
10300, t, 3.050978e-06, KEe, 188117.652292, MEe, 6.270588410e+00, E, -180.000000, NP, 30000 3000
10400, t, 3.080599e-06, KEe, 187850.872700, MEe, 6.261695757e+00, E, -180.000000, NP, 30000 3000
10500, t, 3.110220e-06, KEe, 188355.149490, MEe, 6.278504983e+00, E, -180.000000, NP, 30000 3000
10600, t, 3.139841e-06, KEe, 188630.318221, MEe, 6.287677274e+00, E, -180.000000, NP, 30000 3000
10700, t, 3.169462e-06, KEe, 188818.169751, MEe, 6.293938992e+00, E, -180.000000, NP, 30000 3000
10800, t, 3.199083e-06, KEe, 188964.463044, MEe, 6.298815435e+00, E, -180.000000, NP, 30000 3000
10900, t, 3.228704e-06, KEe, 188556.688630, MEe, 6.285222954e+00, E, -180.000000, NP, 30000 3000
11000, t, 3.258326e-06, KEe, 187777.266815, MEe, 6.259242227e+00, E, -180.000000, NP, 30000 3000
11100, t, 3.287947e-06, KEe, 188065.725430, MEe, 6.268857514e+00, E, -180.000000, NP, 30000 3000
11200, t, 3.317568e-06, KEe, 188144.885720, MEe, 6.271496191e+00, E, -180.000000, NP, 30000 3000
11300, t, 3.347189e-06, KEe, 187376.065053, MEe, 6.245868835e+00, E, -180.000000, NP, 30000 3000
11400, t, 3.376810e-06, KEe, 187078.925818, MEe, 6.235964194e+00, E, -180.000000, NP, 30000 3000
11500, t, 3.406431e-06, KEe, 187309.765027, MEe, 6.243658834e+00, E, -180.000000, NP, 30000 3000
11600, t, 3.436052e-06, KEe, 187053.156957, MEe, 6.235105232e+00, E, -180.000000, NP, 30000 3000
11700, t, 3.465674e-06, KEe, 186869.125755, MEe, 6.228970859e+00, E, -180.000000, NP, 30000 3000
11800, t, 3.495295e-06, KEe, 186813.072504, MEe, 6.227102417e+00, E, -180.000000, NP, 30000 3000
11900, t, 3.524916e-06, KEe, 186974.554928, MEe, 6.232485164e+00, E, -180.000000, NP, 30000 3000
12000, t, 3.554537e-06, KEe, 187323.088655, MEe, 6.244102955e+00, E, -180.000000, NP, 30000 3000
12100, t, 3.584158e-06, KEe, 186433.778858, MEe, 6.214459295e+00, E, -180.000000, NP, 30000 3000
12200, t, 3.613779e-06, KEe, 186338.364265, MEe, 6.211278809e+00, E, -180.000000, NP, 30000 3000
12300, t, 3.643400e-06, KEe, 186362.873314, MEe, 6.212095777e+00, E, -180.000000, NP, 30000 3000
12400, t, 3.673022e-06, KEe, 186688.206749, MEe, 6.222940225e+00, E, -180.000000, NP, 30000 3000
12500, t, 3.702643e-06, KEe, 186902.284248, MEe, 6.230076142e+00, E, -180.000000, NP, 30000 3000
12600, t, 3.732264e-06, KEe, 186578.144955, MEe, 6.219271499e+00, E, -180.000000, NP, 30000 3000
12700, t, 3.761885e-06, KEe, 186879.242554, MEe, 6.229308085e+00, E, -180.000000, NP, 30000 3000
12800, t, 3.791506e-06, KEe, 187179.322354, MEe, 6.239310745e+00, E, -180.000000, NP, 30000 3000
12900, t, 3.821127e-06, KEe, 187814.184802, MEe, 6.260472827e+00, E, -180.000000, NP, 30000 3000
13000, t, 3.850748e-06, KEe, 187752.276348, MEe, 6.258409212e+00, E, -180.000000, NP, 30000 3000
13100, t, 3.880370e-06, KEe, 188022.588121, MEe, 6.267419604e+00, E, -180.000000, NP, 30000 3000
13200, t, 3.909991e-06, KEe, 187935.614445, MEe, 6.264520482e+00, E, -180.000000, NP, 30000 3000
13300, t, 3.939612e-06, KEe, 188094.694023, MEe, 6.269823134e+00, E, -180.000000, NP, 30000 3000
13400, t, 3.969233e-06, KEe, 188427.501271, MEe, 6.280916709e+00, E, -180.000000, NP, 30000 3000
13500, t, 3.998854e-06, KEe, 188929.493613, MEe, 6.297649787e+00, E, -180.000000, NP, 30000 3000
13600, t, 4.028475e-06, KEe, 188179.056390, MEe, 6.272635213e+00, E, -180.000000, NP, 30000 3000
13700, t, 4.058096e-06, KEe, 187874.513942, MEe, 6.262483798e+00, E, -180.000000, NP, 30000 3000
13800, t, 4.087718e-06, KEe, 187312.142214, MEe, 6.243738074e+00, E, -180.000000, NP, 30000 3000
13900, t, 4.117339e-06, KEe, 187157.065579, MEe, 6.238568853e+00, E, -180.000000, NP, 30000 3000
14000, t, 4.146960e-06, KEe, 187100.801536, MEe, 6.236693385e+00, E, -180.000000, NP, 30000 3000
14100, t, 4.176581e-06, KEe, 187287.642620, MEe, 6.242921421e+00, E, -180.000000, NP, 30000 3000
14200, t, 4.206202e-06, KEe, 187565.851750, MEe, 6.252195058e+00, E, -180.000000, NP, 30000 3000
14300, t, 4.235823e-06, KEe, 188336.369318, MEe, 6.277878977e+00, E, -180.000000, NP, 30000 3000
14400, t, 4.265444e-06, KEe, 188031.359944, MEe, 6.267711998e+00, E, -180.000000, NP, 30000 3000
14500, t, 4.295066e-06, KEe, 188011.156538, MEe, 6.267038551e+00, E, -180.000000, NP, 30000 3000
14600, t, 4.324687e-06, KEe, 188527.731130, MEe, 6.284257704e+00, E, -180.000000, NP, 30000 3000
14700, t, 4.354308e-06, KEe, 188306.302824, MEe, 6.276876761e+00, E, -180.000000, NP, 30000 3000
14800, t, 4.383929e-06, KEe, 188214.712230, MEe, 6.273823741e+00, E, -180.000000, NP, 30000 3000
14900, t, 4.413550e-06, KEe, 187565.583971, MEe, 6.252186132e+00, E, -180.000000, NP, 30000 3000
15000, t, 4.443171e-06, KEe, 187692.176563, MEe, 6.256405885e+00, E, -180.000000, NP, 30000 3000
15100, t, 4.472792e-06, KEe, 187576.549711, MEe, 6.252551657e+00, E, -180.000000, NP, 30000 3000
15200, t, 4.502414e-06, KEe, 187774.634022, MEe, 6.259154467e+00, E, -180.000000, NP, 30000 3000
15300, t, 4.532035e-06, KEe, 188240.082882, MEe, 6.274669429e+00, E, -180.000000, NP, 30000 3000
15400, t, 4.561656e-06, KEe, 187741.368374, MEe, 6.258045612e+00, E, -180.000000, NP, 30000 3000
15500, t, 4.591277e-06, KEe, 187571.675958, MEe, 6.252389199e+00, E, -180.000000, NP, 30000 3000
15600, t, 4.620898e-06, KEe, 187824.254275, MEe, 6.260808476e+00, E, -180.000000, NP, 30000 3000
15700, t, 4.650519e-06, KEe, 188027.541286, MEe, 6.267584710e+00, E, -180.000000, NP, 30000 3000
15800, t, 4.680140e-06, KEe, 187912.235594, MEe, 6.263741186e+00, E, -180.000000, NP, 30000 3000
15900, t, 4.709762e-06, KEe, 187388.288374, MEe, 6.246276279e+00, E, -180.000000, NP, 30000 3000
16000, t, 4.739383e-06, KEe, 187786.707639, MEe, 6.259556921e+00, E, -180.000000, NP, 30000 3000
16100, t, 4.769004e-06, KEe, 187085.061846, MEe, 6.236168728e+00, E, -180.000000, NP, 30000 3000
16200, t, 4.798625e-06, KEe, 187824.832493, MEe, 6.260827750e+00, E, -180.000000, NP, 30000 3000
16300, t, 4.828246e-06, KEe, 187526.593772, MEe, 6.250886459e+00, E, -180.000000, NP, 30000 3000
16400, t, 4.857867e-06, KEe, 187032.087355, MEe, 6.234402912e+00, E, -180.000000, NP, 30000 3000
16500, t, 4.887488e-06, KEe, 186261.566862, MEe, 6.208718895e+00, E, -180.000000, NP, 30000 3000
16600, t, 4.917110e-06, KEe, 186137.843352, MEe, 6.204594778e+00, E, -180.000000, NP, 30000 3000
16700, t, 4.946731e-06, KEe, 186813.156171, MEe, 6.227105206e+00, E, -180.000000, NP, 30000 3000
16800, t, 4.976352e-06, KEe, 187711.170396, MEe, 6.257039013e+00, E, -180.000000, NP, 30000 3000
16900, t, 5.005973e-06, KEe, 187851.001291, MEe, 6.261700043e+00, E, -180.000000, NP, 30000 3000
17000, t, 5.035594e-06, KEe, 187505.107046, MEe, 6.250170235e+00, E, -180.000000, NP, 30000 3000
17100, t, 5.065215e-06, KEe, 187629.095798, MEe, 6.254303193e+00, E, -180.000000, NP, 30000 3000
17200, t, 5.094836e-06, KEe, 187562.343953, MEe, 6.252078132e+00, E, -180.000000, NP, 30000 3000
17300, t, 5.124458e-06, KEe, 187462.007277, MEe, 6.248733576e+00, E, -180.000000, NP, 30000 3000
17400, t, 5.154079e-06, KEe, 187712.390705, MEe, 6.257079690e+00, E, -180.000000, NP, 30000 3000
17500, t, 5.183700e-06, KEe, 187942.117473, MEe, 6.264737249e+00, E, -180.000000, NP, 30000 3000
17600, t, 5.213321e-06, KEe, 188296.390239, MEe, 6.276546341e+00, E, -180.000000, NP, 30000 3000
17700, t, 5.242942e-06, KEe, 187789.051585, MEe, 6.259635053e+00, E, -180.000000, NP, 30000 3000
17800, t, 5.272563e-06, KEe, 188161.085408, MEe, 6.272036180e+00, E, -180.000000, NP, 30000 3000
17900, t, 5.302184e-06, KEe, 187981.043790, MEe, 6.266034793e+00, E, -180.000000, NP, 30000 3000
18000, t, 5.331806e-06, KEe, 187979.074255, MEe, 6.265969142e+00, E, -180.000000, NP, 30000 3000
18100, t, 5.361427e-06, KEe, 188101.135017, MEe, 6.270037834e+00, E, -180.000000, NP, 30000 3000
18200, t, 5.391048e-06, KEe, 188324.311526, MEe, 6.277477051e+00, E, -180.000000, NP, 30000 3000
18300, t, 5.420669e-06, KEe, 188268.671798, MEe, 6.275622393e+00, E, -180.000000, NP, 30000 3000
18400, t, 5.450290e-06, KEe, 187481.812010, MEe, 6.249393734e+00, E, -180.000000, NP, 30000 3000
18500, t, 5.479911e-06, KEe, 187090.222135, MEe, 6.236340738e+00, E, -180.000000, NP, 30000 3000
18600, t, 5.509532e-06, KEe, 187194.484403, MEe, 6.239816147e+00, E, -180.000000, NP, 30000 3000
18700, t, 5.539154e-06, KEe, 187827.081286, MEe, 6.260902710e+00, E, -180.000000, NP, 30000 3000
18800, t, 5.568775e-06, KEe, 187493.839267, MEe, 6.249794642e+00, E, -180.000000, NP, 30000 3000
18900, t, 5.598396e-06, KEe, 186848.344900, MEe, 6.228278163e+00, E, -180.000000, NP, 30000 3000
19000, t, 5.628017e-06, KEe, 187575.706614, MEe, 6.252523554e+00, E, -180.000000, NP, 30000 3000
19100, t, 5.657638e-06, KEe, 186811.691642, MEe, 6.227056388e+00, E, -180.000000, NP, 30000 3000
19200, t, 5.687259e-06, KEe, 186707.090089, MEe, 6.223569670e+00, E, -180.000000, NP, 30000 3000
19300, t, 5.716880e-06, KEe, 186465.163354, MEe, 6.215505445e+00, E, -180.000000, NP, 30000 3000
19400, t, 5.746502e-06, KEe, 186521.975872, MEe, 6.217399196e+00, E, -180.000000, NP, 30000 3000
19500, t, 5.776123e-06, KEe, 186561.232592, MEe, 6.218707753e+00, E, -180.000000, NP, 30000 3000
19600, t, 5.805744e-06, KEe, 187408.831634, MEe, 6.246961054e+00, E, -180.000000, NP, 30000 3000
19700, t, 5.835365e-06, KEe, 186761.857396, MEe, 6.225395247e+00, E, -180.000000, NP, 30000 3000
19800, t, 5.864986e-06, KEe, 186644.060812, MEe, 6.221468694e+00, E, -180.000000, NP, 30000 3000
19900, t, 5.894607e-06, KEe, 186787.252154, MEe, 6.226241738e+00, E, -180.000000, NP, 30000 3000
20000, t, 5.924228e-06, KEe, 187160.176584, MEe, 6.238672553e+00, E, -180.000000, NP, 30000 3000
20100, t, 5.953850e-06, KEe, 187524.159323, MEe, 6.250805311e+00, E, -180.000000, NP, 30000 3000
20200, t, 5.983471e-06, KEe, 188096.026885, MEe, 6.269867563e+00, E, -180.000000, NP, 30000 3000
20300, t, 6.013092e-06, KEe, 188342.585775, MEe, 6.278086192e+00, E, -180.000000, NP, 30000 3000
20400, t, 6.042713e-06, KEe, 188495.488009, MEe, 6.283182934e+00, E, -180.000000, NP, 30000 3000
20500, t, 6.072334e-06, KEe, 188195.024248, MEe, 6.273167475e+00, E, -180.000000, NP, 30000 3000
20600, t, 6.101955e-06, KEe, 188296.125386, MEe, 6.276537513e+00, E, -180.000000, NP, 30000 3000
20700, t, 6.131576e-06, KEe, 187562.277085, MEe, 6.252075903e+00, E, -180.000000, NP, 30000 3000
20800, t, 6.161198e-06, KEe, 187486.790745, MEe, 6.249559691e+00, E, -180.000000, NP, 30000 3000
20900, t, 6.190819e-06, KEe, 187575.027189, MEe, 6.252500906e+00, E, -180.000000, NP, 30000 3000
21000, t, 6.220440e-06, KEe, 186765.198469, MEe, 6.225506616e+00, E, -180.000000, NP, 30000 3000
21100, t, 6.250061e-06, KEe, 186279.979359, MEe, 6.209332645e+00, E, -180.000000, NP, 30000 3000
21200, t, 6.279682e-06, KEe, 186570.497886, MEe, 6.219016596e+00, E, -180.000000, NP, 30000 3000
21300, t, 6.309303e-06, KEe, 186540.138826, MEe, 6.218004628e+00, E, -180.000000, NP, 30000 3000
21400, t, 6.338924e-06, KEe, 186732.259647, MEe, 6.224408655e+00, E, -180.000000, NP, 30000 3000
21500, t, 6.368546e-06, KEe, 187235.171714, MEe, 6.241172390e+00, E, -180.000000, NP, 30000 3000
21600, t, 6.398167e-06, KEe, 187400.919152, MEe, 6.246697305e+00, E, -180.000000, NP, 30000 3000
21700, t, 6.427788e-06, KEe, 187113.493133, MEe, 6.237116438e+00, E, -180.000000, NP, 30000 3000
21800, t, 6.457409e-06, KEe, 187680.855275, MEe, 6.256028509e+00, E, -180.000000, NP, 30000 3000
21900, t, 6.487030e-06, KEe, 187065.518333, MEe, 6.235517278e+00, E, -180.000000, NP, 30000 3000
22000, t, 6.516651e-06, KEe, 187276.739632, MEe, 6.242557988e+00, E, -180.000000, NP, 30000 3000
22100, t, 6.546272e-06, KEe, 187124.624507, MEe, 6.237487484e+00, E, -180.000000, NP, 30000 3000
22200, t, 6.575894e-06, KEe, 188035.095414, MEe, 6.267836514e+00, E, -180.000000, NP, 30000 3000
22300, t, 6.605515e-06, KEe, 187643.022631, MEe, 6.254767421e+00, E, -180.000000, NP, 30000 3000
22400, t, 6.635136e-06, KEe, 187423.655252, MEe, 6.247455175e+00, E, -180.000000, NP, 30000 3000
22500, t, 6.664757e-06, KEe, 187177.141949, MEe, 6.239238065e+00, E, -180.000000, NP, 30000 3000
22600, t, 6.694378e-06, KEe, 187252.884209, MEe, 6.241762807e+00, E, -180.000000, NP, 30000 3000
22700, t, 6.723999e-06, KEe, 187146.173046, MEe, 6.238205768e+00, E, -180.000000, NP, 30000 3000
22800, t, 6.753620e-06, KEe, 186580.875383, MEe, 6.219362513e+00, E, -180.000000, NP, 30000 3000
22900, t, 6.783242e-06, KEe, 186961.421606, MEe, 6.232047387e+00, E, -180.000000, NP, 30000 3000
23000, t, 6.812863e-06, KEe, 186547.634280, MEe, 6.218254476e+00, E, -180.000000, NP, 30000 3000
23100, t, 6.842484e-06, KEe, 187870.199201, MEe, 6.262339973e+00, E, -180.000000, NP, 30000 3000
23200, t, 6.872105e-06, KEe, 187387.988188, MEe, 6.246266273e+00, E, -180.000000, NP, 30000 3000
23300, t, 6.901726e-06, KEe, 186753.823903, MEe, 6.225127463e+00, E, -180.000000, NP, 30000 3000
23400, t, 6.931347e-06, KEe, 186297.421876, MEe, 6.209914063e+00, E, -180.000000, NP, 30000 3000
23500, t, 6.960968e-06, KEe, 186630.708452, MEe, 6.221023615e+00, E, -180.000000, NP, 30000 3000
23600, t, 6.990590e-06, KEe, 187185.851275, MEe, 6.239528376e+00, E, -180.000000, NP, 30000 3000
23700, t, 7.020211e-06, KEe, 187799.826563, MEe, 6.259994219e+00, E, -180.000000, NP, 30000 3000
23800, t, 7.049832e-06, KEe, 187296.182544, MEe, 6.243206085e+00, E, -180.000000, NP, 30000 3000
23900, t, 7.079453e-06, KEe, 187292.815964, MEe, 6.243093865e+00, E, -180.000000, NP, 30000 3000
24000, t, 7.109074e-06, KEe, 187257.435363, MEe, 6.241914512e+00, E, -180.000000, NP, 30000 3000
24100, t, 7.138695e-06, KEe, 186941.229997, MEe, 6.231374333e+00, E, -180.000000, NP, 30000 3000
24200, t, 7.168316e-06, KEe, 187432.129288, MEe, 6.247737643e+00, E, -180.000000, NP, 30000 3000
24300, t, 7.197938e-06, KEe, 187294.272966, MEe, 6.243142432e+00, E, -180.000000, NP, 30000 3000
24400, t, 7.227559e-06, KEe, 187287.746062, MEe, 6.242924869e+00, E, -180.000000, NP, 30000 3000
24500, t, 7.257180e-06, KEe, 186868.961440, MEe, 6.228965381e+00, E, -180.000000, NP, 30000 3000
24600, t, 7.286801e-06, KEe, 186872.105962, MEe, 6.229070199e+00, E, -180.000000, NP, 30000 3000
24700, t, 7.316422e-06, KEe, 187299.066348, MEe, 6.243302212e+00, E, -180.000000, NP, 30000 3000
24800, t, 7.346043e-06, KEe, 187448.002238, MEe, 6.248266741e+00, E, -180.000000, NP, 30000 3000
24900, t, 7.375664e-06, KEe, 187778.608698, MEe, 6.259286957e+00, E, -180.000000, NP, 30000 3000
25000, t, 7.405286e-06, KEe, 187222.807326, MEe, 6.240760244e+00, E, -180.000000, NP, 30000 3000
25100, t, 7.434907e-06, KEe, 187295.685044, MEe, 6.243189501e+00, E, -180.000000, NP, 30000 3000
25200, t, 7.464528e-06, KEe, 187400.197139, MEe, 6.246673238e+00, E, -180.000000, NP, 30000 3000
25300, t, 7.494149e-06, KEe, 187814.660831, MEe, 6.260488694e+00, E, -180.000000, NP, 30000 3000
25400, t, 7.523770e-06, KEe, 187819.839812, MEe, 6.260661327e+00, E, -180.000000, NP, 30000 3000
25500, t, 7.553391e-06, KEe, 187673.179259, MEe, 6.255772642e+00, E, -180.000000, NP, 30000 3000
25600, t, 7.583012e-06, KEe, 186670.982360, MEe, 6.222366079e+00, E, -180.000000, NP, 30000 3000
25700, t, 7.612634e-06, KEe, 186754.994719, MEe, 6.225166491e+00, E, -180.000000, NP, 30000 3000
25800, t, 7.642255e-06, KEe, 186393.949450, MEe, 6.213131648e+00, E, -180.000000, NP, 30000 3000
25900, t, 7.671876e-06, KEe, 185969.471053, MEe, 6.198982368e+00, E, -180.000000, NP, 30000 3000
26000, t, 7.701497e-06, KEe, 186319.995261, MEe, 6.210666509e+00, E, -180.000000, NP, 30000 3000
26100, t, 7.731118e-06, KEe, 186736.978025, MEe, 6.224565934e+00, E, -180.000000, NP, 30000 3000
26200, t, 7.760739e-06, KEe, 186838.112356, MEe, 6.227937079e+00, E, -180.000000, NP, 30000 3000
26300, t, 7.790360e-06, KEe, 186596.698027, MEe, 6.219889934e+00, E, -180.000000, NP, 30000 3000
26400, t, 7.819981e-06, KEe, 186870.172619, MEe, 6.229005754e+00, E, -180.000000, NP, 30000 3000
26500, t, 7.849603e-06, KEe, 186852.243350, MEe, 6.228408112e+00, E, -180.000000, NP, 30000 3000
26600, t, 7.879224e-06, KEe, 187149.359655, MEe, 6.238311989e+00, E, -180.000000, NP, 30000 3000
26700, t, 7.908845e-06, KEe, 186907.662567, MEe, 6.230255419e+00, E, -180.000000, NP, 30000 3000
26800, t, 7.938466e-06, KEe, 186265.555105, MEe, 6.208851837e+00, E, -180.000000, NP, 30000 3000
26900, t, 7.968087e-06, KEe, 186829.421074, MEe, 6.227647369e+00, E, -180.000000, NP, 30000 3000
27000, t, 7.997708e-06, KEe, 186734.485544, MEe, 6.224482851e+00, E, -180.000000, NP, 30000 3000
27100, t, 8.027329e-06, KEe, 187383.211855, MEe, 6.246107062e+00, E, -180.000000, NP, 30000 3000
27200, t, 8.056951e-06, KEe, 187322.077479, MEe, 6.244069249e+00, E, -180.000000, NP, 30000 3000
27300, t, 8.086572e-06, KEe, 187719.419326, MEe, 6.257313978e+00, E, -180.000000, NP, 30000 3000
27400, t, 8.116193e-06, KEe, 187610.737019, MEe, 6.253691234e+00, E, -180.000000, NP, 30000 3000
27500, t, 8.145814e-06, KEe, 186951.122069, MEe, 6.231704069e+00, E, -180.000000, NP, 30000 3000
27600, t, 8.175435e-06, KEe, 187873.530085, MEe, 6.262451003e+00, E, -180.000000, NP, 30000 3000
27700, t, 8.205056e-06, KEe, 187614.770575, MEe, 6.253825686e+00, E, -180.000000, NP, 30000 3000
27800, t, 8.234677e-06, KEe, 187345.983991, MEe, 6.244866133e+00, E, -180.000000, NP, 30000 3000
27900, t, 8.264299e-06, KEe, 187227.846920, MEe, 6.240928231e+00, E, -180.000000, NP, 30000 3000
28000, t, 8.293920e-06, KEe, 187518.051680, MEe, 6.250601723e+00, E, -180.000000, NP, 30000 3000
28100, t, 8.323541e-06, KEe, 187983.676022, MEe, 6.266122534e+00, E, -180.000000, NP, 30000 3000
28200, t, 8.353162e-06, KEe, 187472.107124, MEe, 6.249070237e+00, E, -180.000000, NP, 30000 3000
28300, t, 8.382783e-06, KEe, 187919.562903, MEe, 6.263985430e+00, E, -180.000000, NP, 30000 3000
28400, t, 8.412404e-06, KEe, 187893.295114, MEe, 6.263109837e+00, E, -180.000000, NP, 30000 3000
28500, t, 8.442025e-06, KEe, 187973.306332, MEe, 6.265776878e+00, E, -180.000000, NP, 30000 3000
28600, t, 8.471647e-06, KEe, 188215.602377, MEe, 6.273853413e+00, E, -180.000000, NP, 30000 3000
28700, t, 8.501268e-06, KEe, 188020.343294, MEe, 6.267344776e+00, E, -180.000000, NP, 30000 3000
28800, t, 8.530889e-06, KEe, 187673.675965, MEe, 6.255789199e+00, E, -180.000000, NP, 30000 3000
28900, t, 8.560510e-06, KEe, 187423.945093, MEe, 6.247464836e+00, E, -180.000000, NP, 30000 3000
29000, t, 8.590131e-06, KEe, 187250.285801, MEe, 6.241676193e+00, E, -180.000000, NP, 30000 3000
29100, t, 8.619752e-06, KEe, 187174.800610, MEe, 6.239160020e+00, E, -180.000000, NP, 30000 3000
29200, t, 8.649373e-06, KEe, 186675.515819, MEe, 6.222517194e+00, E, -180.000000, NP, 30000 3000
29300, t, 8.678995e-06, KEe, 187079.254888, MEe, 6.235975163e+00, E, -180.000000, NP, 30000 3000
29400, t, 8.708616e-06, KEe, 187215.357827, MEe, 6.240511928e+00, E, -180.000000, NP, 30000 3000
29500, t, 8.738237e-06, KEe, 187860.140057, MEe, 6.262004669e+00, E, -180.000000, NP, 30000 3000
29600, t, 8.767858e-06, KEe, 187711.113393, MEe, 6.257037113e+00, E, -180.000000, NP, 30000 3000
29700, t, 8.797479e-06, KEe, 187778.310934, MEe, 6.259277031e+00, E, -180.000000, NP, 30000 3000
29800, t, 8.827100e-06, KEe, 187860.451981, MEe, 6.262015066e+00, E, -180.000000, NP, 30000 3000
29900, t, 8.856721e-06, KEe, 187613.494050, MEe, 6.253783135e+00, E, -180.000000, NP, 30000 3000
30000, t, 8.886343e-06, KEe, 187531.517052, MEe, 6.251050568e+00, E, -180.000000, NP, 30000 3000
